/home/sfg/.m2/repository/republic/republic/0.6/republic-0.6.jar:/home/sfg/.m2/repository/castor/castor/0.9.5.3/castor-0.9.5.3.jar:/home/sfg/.m2/repository/xerces/xercesImpl/2.6.2/xercesImpl-2.6.2.jar:/home/sfg/.m2/repository/jdom/jdom/1.0/jdom-1.0.jar:/home/sfg/.m2/repository/jaxen/jaxen/1.1-beta-8/jaxen-1.1-beta-8.jar
Removing previous copy of output Spreadsheet TestData/dbpollrp.p.2.ods
15/02/2006 11:42:20 org.republic.ParseFile executeParseFile
INFO: ODS Template:src/conf/template.ods
15/02/2006 11:42:21 org.republic.OoUtil unravelOoFile
INFO: Extracting file: mimetype
15/02/2006 11:42:21 org.republic.OoUtil unravelOoFile
INFO: Extracting directory: Configurations2/
15/02/2006 11:42:21 org.republic.OoUtil unravelOoFile
INFO: Extracting file: content.xml
15/02/2006 11:42:21 org.republic.OoUtil unravelOoFile
INFO: Extracting file: styles.xml
15/02/2006 11:42:21 org.republic.OoUtil unravelOoFile
INFO: Extracting file: meta.xml
15/02/2006 11:42:21 org.republic.OoUtil unravelOoFile
INFO: Creating Dir even though zip class failed to report it: Thumbnails/thumbnail.png
15/02/2006 11:42:21 org.republic.OoUtil unravelOoFile
INFO: Mkdirs: /tmp/ooOut/Thumbnails
15/02/2006 11:42:21 org.republic.OoUtil unravelOoFile
INFO: Extracting file: Thumbnails/thumbnail.png
15/02/2006 11:42:21 org.republic.OoUtil unravelOoFile
INFO: Extracting file: settings.xml
15/02/2006 11:42:21 org.republic.OoUtil unravelOoFile
INFO: Creating Dir even though zip class failed to report it: META-INF/manifest.xml
15/02/2006 11:42:21 org.republic.OoUtil unravelOoFile
INFO: Mkdirs: /tmp/ooOut/META-INF
15/02/2006 11:42:21 org.republic.OoUtil unravelOoFile
INFO: Extracting file: META-INF/manifest.xml
15/02/2006 11:42:21 org.republic.ParseFileSheet setColumnNames
INFO: Column Names, IgnoreNewPageUntil ParseType:IgnoreNewPageUntil
15/02/2006 11:42:21 org.republic.ParseFileSheet setColumnNames
INFO: Column Names, NewRowIf ParseType:NewRowIf
15/02/2006 11:42:21 org.republic.ParseFileSheet setColumnNames
INFO: Column Names, SelectFieldData ParseType:SelectFieldData
15/02/2006 11:42:21 org.republic.ParseFileSheet setColumnNames
INFO: Adding Col Name:PO
15/02/2006 11:42:21 org.republic.ParseFileSheet setColumnNames
INFO: Column Names, SelectFieldData ParseType:SelectFieldData
15/02/2006 11:42:21 org.republic.ParseFileSheet setColumnNames
INFO: Adding Col Name:Ln
15/02/2006 11:42:21 org.republic.ParseFileSheet setColumnNames
INFO: Column Names, SelectFieldData ParseType:SelectFieldData
15/02/2006 11:42:21 org.republic.ParseFileSheet setColumnNames
INFO: Adding Col Name:Receiver
15/02/2006 11:42:21 org.republic.ParseFileSheet setColumnNames
INFO: Column Names, SelectFieldData ParseType:SelectFieldData
15/02/2006 11:42:21 org.republic.ParseFileSheet setColumnNames
INFO: Adding Col Name:Supplier
15/02/2006 11:42:21 org.republic.ParseFileSheet setColumnNames
INFO: Column Names, SelectFieldData ParseType:SelectFieldData
15/02/2006 11:42:21 org.republic.ParseFileSheet setColumnNames
INFO: Adding Col Name:Receipt
15/02/2006 11:42:21 org.republic.ParseFileSheet setColumnNames
INFO: Column Names, SelectFieldData ParseType:SelectFieldData
15/02/2006 11:42:21 org.republic.ParseFileSheet setColumnNames
INFO: Adding Col Name:Site
15/02/2006 11:42:21 org.republic.ParseFileSheet setColumnNames
INFO: Column Names, SelectFieldData ParseType:SelectFieldData
15/02/2006 11:42:21 org.republic.ParseFileSheet setColumnNames
INFO: Adding Col Name:Item Number
15/02/2006 11:42:21 org.republic.ParseFileSheet setColumnNames
INFO: Column Names, SelectFieldData ParseType:SelectFieldData
15/02/2006 11:42:21 org.republic.ParseFileSheet setColumnNames
INFO: Adding Col Name:Qty Open
15/02/2006 11:42:21 org.republic.ParseFileSheet setColumnNames
INFO: Column Names, SelectFieldData ParseType:SelectFieldData
15/02/2006 11:42:21 org.republic.ParseFileSheet setColumnNames
INFO: Adding Col Name:UM
15/02/2006 11:42:21 org.republic.ParseFileSheet setColumnNames
INFO: Column Names, SelectFieldData ParseType:SelectFieldData
15/02/2006 11:42:21 org.republic.ParseFileSheet setColumnNames
INFO: Adding Col Name:PO Cost
15/02/2006 11:42:21 org.republic.ParseFileSheet setColumnNames
INFO: Column Names, SelectFieldData ParseType:SelectFieldData
15/02/2006 11:42:21 org.republic.ParseFileSheet setColumnNames
INFO: Adding Col Name:Ext PO Cost
15/02/2006 11:42:21 org.republic.ParseFileSheet setColumnNames
INFO: Column Names, SelectFieldData ParseType:SelectFieldData
15/02/2006 11:42:21 org.republic.ParseFileSheet setColumnNames
INFO: Adding Col Name:Ext PO Cost Ex GST
15/02/2006 11:42:21 org.republic.ParseFileSheet setColumnNames
INFO: Column Names, SelectFieldData ParseType:SelectFieldData
15/02/2006 11:42:21 org.republic.ParseFileSheet setColumnNames
INFO: Adding Col Name:GST Amount
15/02/2006 11:42:21 org.republic.ParseFileSheet setColumnNames
INFO: Column Names, SelectFieldData ParseType:SelectFieldData
15/02/2006 11:42:21 org.republic.ParseFileSheet setColumnNames
INFO: Adding Col Name:Tax In
15/02/2006 11:42:21 org.republic.ParseFileSheet setColumnNames
INFO: Column Names, SelectFieldData ParseType:SelectFieldData
15/02/2006 11:42:21 org.republic.ParseFileSheet setColumnNames
INFO: Adding Col Name:Voucher Eff Date
15/02/2006 11:42:21 org.republic.ParseFileSheet setColumnNames
INFO: Column Names, SelectFieldData ParseType:SelectFieldData
15/02/2006 11:42:21 org.republic.ParseFileSheet setColumnNames
INFO: Adding Col Name:Inv Cost
15/02/2006 11:42:21 org.republic.ParseFileSheet setColumnNames
INFO: Column Names, SelectFieldData ParseType:SelectFieldData
15/02/2006 11:42:21 org.republic.ParseFileSheet setColumnNames
INFO: Adding Col Name:Ext Inv Cost
15/02/2006 11:42:21 org.republic.ParseFileSheet setColumnNames
INFO: Column Names, SelectFieldData ParseType:SelectFieldData
15/02/2006 11:42:21 org.republic.ParseFileSheet setColumnNames
INFO: Adding Col Name:Project
15/02/2006 11:42:21 org.republic.ParseFileSheet setColumnNames
INFO: Column Names, SelectFieldData ParseType:SelectFieldData
15/02/2006 11:42:21 org.republic.ParseFileSheet setColumnNames
INFO: Adding Col Name:Lot/Serial
15/02/2006 11:42:21 org.republic.ParseFileSheet setColumnNames
INFO: Column Names, SelectFieldData ParseType:SelectFieldData
15/02/2006 11:42:21 org.republic.ParseFileSheet setColumnNames
INFO: Adding Col Name:H
15/02/2006 11:42:21 org.republic.ParseFileSheet setColumnNames
INFO: Column Names, SelectFieldData ParseType:SelectFieldData
15/02/2006 11:42:21 org.republic.ParseFileSheet setColumnNames
INFO: Adding Col Name:Voucher
15/02/2006 11:42:21 org.republic.ParseFileSheet parseInputFile
INFO: inputReport:/home/sfg/javadev/republic-0.6/TestData/dbpollrp.p.txt
15/02/2006 11:42:21 org.republic.ParseFileSheet parseInputFile
INFO: inputReport 2:java.io.BufferedReader@73a34b
15/02/2006 11:42:21 org.republic.ParseFileSheet parseInputFile
INFO: line:1 , line length() 132
15/02/2006 11:42:21 org.republic.ParseFileSheet parseInputFile
INFO: >>>>First char:100 new page?: false
15/02/2006 11:42:21 org.republic.ParseFileSheet parseInputFile
INFO: File Line:1, report page pos 1 , line:dbpollrp.p f                                   5.12.3 +*DBW PUR RECEIPTS LEDGER LISTIN                                Date: 21/12/05
15/02/2006 11:42:21 org.republic.ParseFileSheet ruleMatchesReportLine
INFO: rule matches FAILS
15/02/2006 11:42:21 org.republic.ParseFileSheet checkReportLine
INFO: IgnoreNewPageUntil1ReportLine:dbpollrp.p f                                   5.12.3 +*DBW PUR RECEIPTS LEDGER LISTIN                                Date: 21/12/05
15/02/2006 11:42:21 org.republic.ParseFileSheet parseInputFile
INFO: line:2 , line length() 132
15/02/2006 11:42:21 org.republic.ParseFileSheet parseInputFile
INFO: >>>>First char:80 new page?: false
15/02/2006 11:42:21 org.republic.ParseFileSheet parseInputFile
INFO: File Line:2, report page pos 2 , line:Page:    1                                           TEST SYSTEM, CLONED:21/12/05                                     Time: 10:55:58
15/02/2006 11:42:21 org.republic.ParseFileSheet ruleMatchesReportLine
INFO: rule matches FAILS
15/02/2006 11:42:21 org.republic.ParseFileSheet checkReportLine
INFO: IgnoreNewPageUntil2ReportLine:Page:    1                                           TEST SYSTEM, CLONED:21/12/05                                     Time: 10:55:58
15/02/2006 11:42:21 org.republic.ParseFileSheet parseInputFile
INFO: line:3 , line length() 150
15/02/2006 11:42:21 org.republic.ParseFileSheet parseInputFile
INFO: >>>>First char:32 new page?: false
15/02/2006 11:42:21 org.republic.ParseFileSheet parseInputFile
INFO: File Line:3, report page pos 3 , line:                                                                                                                      Ext PO                   Voucher
15/02/2006 11:42:21 org.republic.ParseFileSheet ruleMatchesReportLine
INFO: rule matches FAILS
15/02/2006 11:42:21 org.republic.ParseFileSheet checkReportLine
INFO: IgnoreNewPageUntil3ReportLine:                                                                                                                      Ext PO                   Voucher
15/02/2006 11:42:21 org.republic.ParseFileSheet parseInputFile
INFO: line:4 , line length() 179
15/02/2006 11:42:21 org.republic.ParseFileSheet parseInputFile
INFO: >>>>First char:32 new page?: false
15/02/2006 11:42:21 org.republic.ParseFileSheet parseInputFile
INFO: File Line:4, report page pos 4 , line:                                                                                                      Ext PO            Cost               Tax Eff              Inv         Ext Inv
15/02/2006 11:42:21 org.republic.ParseFileSheet ruleMatchesReportLine
INFO: rule matches FAILS
15/02/2006 11:42:21 org.republic.ParseFileSheet checkReportLine
INFO: IgnoreNewPageUntil4ReportLine:                                                                                                      Ext PO            Cost               Tax Eff              Inv         Ext Inv
15/02/2006 11:42:21 org.republic.ParseFileSheet parseInputFile
INFO: line:5 , line length() 217
15/02/2006 11:42:21 org.republic.ParseFileSheet parseInputFile
INFO: >>>>First char:80 new page?: false
15/02/2006 11:42:21 org.republic.ParseFileSheet parseInputFile
INFO: File Line:5, report page pos 5 , line:PO        Ln Receiver Supplier Receipt  Site Item Number             Qty Open UM     PO Cost            Cost          Ex GST    GST Amount In  Date            Cost            Cost Project  Lot/Serial         H Voucher
15/02/2006 11:42:21 org.republic.ParseFileSheet ruleMatchesReportLine
INFO: rule matches FAILS
15/02/2006 11:42:21 org.republic.ParseFileSheet checkReportLine
INFO: IgnoreNewPageUntil5ReportLine:PO        Ln Receiver Supplier Receipt  Site Item Number             Qty Open UM     PO Cost            Cost          Ex GST    GST Amount In  Date            Cost            Cost Project  Lot/Serial         H Voucher
15/02/2006 11:42:21 org.republic.ParseFileSheet parseInputFile
INFO: line:6 , line length() 217
15/02/2006 11:42:21 org.republic.ParseFileSheet parseInputFile
INFO: >>>>First char:45 new page?: false
15/02/2006 11:42:21 org.republic.ParseFileSheet parseInputFile
INFO: File Line:6, report page pos 6 , line:-------- --- -------- -------- -------- ---- ------------------ ------------- -- ----------- --------------- --------------- ------------- --- -------- ----------- --------------- -------- ------------------ - -------
15/02/2006 11:42:21 org.republic.ParseFileSheet parseInputFile
INFO: line:7 , line length() 212
15/02/2006 11:42:21 org.republic.ParseFileSheet parseInputFile
INFO: >>>>First char:80 new page?: false
15/02/2006 11:42:21 org.republic.ParseFileSheet parseInputFile
INFO: File Line:7, report page pos 7 , line:PO78354    1 RC43908  AMC000   08/12/05 10   341-01002512             -134.00 EA     0.59616          -79.89          -79.89         -7.99 no                                                No Glue              no
15/02/2006 11:42:21 org.republic.ParseFileSheet checkReportLine
INFO: NewRowIf
15/02/2006 11:42:21 org.republic.ParseFileSheet ruleMatchesReportLine
INFO: comparing: 'PO78354 ' with '        '
15/02/2006 11:42:21 org.republic.ParseFileSheet ruleMatchesReportLine
INFO: not blank: true
15/02/2006 11:42:21 org.republic.ParseFileSheet ruleMatchesReportLine
INFO: not blank Len: '8'
15/02/2006 11:42:21 org.republic.ParseFileSheet checkReportLine
INFO: SelectFieldData
15/02/2006 11:42:21 org.republic.ParseFileSheet makeNewDataColumn
INFO: Output Data: 1 end: 8
15/02/2006 11:42:21 org.republic.ParseFileSheet makeNewDataColumn
INFO: Report Line: PO78354    1 RC43908  AMC000   08/12/05 10   341-01002512             -134.00 EA     0.59616          -79.89          -79.89         -7.99 no                                                No Glue              no, Value Extracted: PO78354 
15/02/2006 11:42:21 org.republic.ParseFileSheet checkReportLine
INFO: SelectFieldData
15/02/2006 11:42:21 org.republic.ParseFileSheet makeNewDataColumn
INFO: Output Data: 10 end: 12
15/02/2006 11:42:21 org.republic.ParseFileSheet makeNewDataColumn
INFO: Report Line: PO78354    1 RC43908  AMC000   08/12/05 10   341-01002512             -134.00 EA     0.59616          -79.89          -79.89         -7.99 no                                                No Glue              no, Value Extracted:   1
15/02/2006 11:42:21 org.republic.ParseFileSheet checkReportLine
INFO: SelectFieldData
15/02/2006 11:42:21 org.republic.ParseFileSheet makeNewDataColumn
INFO: Output Data: 14 end: 21
15/02/2006 11:42:21 org.republic.ParseFileSheet makeNewDataColumn
INFO: Report Line: PO78354    1 RC43908  AMC000   08/12/05 10   341-01002512             -134.00 EA     0.59616          -79.89          -79.89         -7.99 no                                                No Glue              no, Value Extracted: RC43908 
15/02/2006 11:42:21 org.republic.ParseFileSheet checkReportLine
INFO: SelectFieldData
15/02/2006 11:42:21 org.republic.ParseFileSheet makeNewDataColumn
INFO: Output Data: 23 end: 30
15/02/2006 11:42:21 org.republic.ParseFileSheet makeNewDataColumn
INFO: Report Line: PO78354    1 RC43908  AMC000   08/12/05 10   341-01002512             -134.00 EA     0.59616          -79.89          -79.89         -7.99 no                                                No Glue              no, Value Extracted: AMC000  
15/02/2006 11:42:21 org.republic.ParseFileSheet checkReportLine
INFO: SelectFieldData
15/02/2006 11:42:21 org.republic.ParseFileSheet makeNewDataColumn
INFO: Output Data: 32 end: 39
15/02/2006 11:42:21 org.republic.ParseFileSheet makeNewDataColumn
INFO: Report Line: PO78354    1 RC43908  AMC000   08/12/05 10   341-01002512             -134.00 EA     0.59616          -79.89          -79.89         -7.99 no                                                No Glue              no, Value Extracted: 08/12/05
15/02/2006 11:42:21 org.republic.ParseFileSheet checkReportLine
INFO: SelectFieldData
15/02/2006 11:42:21 org.republic.ParseFileSheet makeNewDataColumn
INFO: Output Data: 41 end: 44
15/02/2006 11:42:21 org.republic.ParseFileSheet makeNewDataColumn
INFO: Report Line: PO78354    1 RC43908  AMC000   08/12/05 10   341-01002512             -134.00 EA     0.59616          -79.89          -79.89         -7.99 no                                                No Glue              no, Value Extracted: 10  
15/02/2006 11:42:21 org.republic.ParseFileSheet checkReportLine
INFO: SelectFieldData
15/02/2006 11:42:21 org.republic.ParseFileSheet makeNewDataColumn
INFO: Output Data: 46 end: 63
15/02/2006 11:42:21 org.republic.ParseFileSheet makeNewDataColumn
INFO: Report Line: PO78354    1 RC43908  AMC000   08/12/05 10   341-01002512             -134.00 EA     0.59616          -79.89          -79.89         -7.99 no                                                No Glue              no, Value Extracted: 341-01002512      
15/02/2006 11:42:21 org.republic.ParseFileSheet checkReportLine
INFO: SelectFieldData
15/02/2006 11:42:21 org.republic.ParseFileSheet makeNewDataColumn
INFO: Output Data: 65 end: 77
15/02/2006 11:42:21 org.republic.ParseFileSheet makeNewDataColumn
INFO: Report Line: PO78354    1 RC43908  AMC000   08/12/05 10   341-01002512             -134.00 EA     0.59616          -79.89          -79.89         -7.99 no                                                No Glue              no, Value Extracted:       -134.00
15/02/2006 11:42:21 org.republic.ParseFileSheet checkReportLine
INFO: SelectFieldData
15/02/2006 11:42:21 org.republic.ParseFileSheet makeNewDataColumn
INFO: Output Data: 79 end: 80
15/02/2006 11:42:21 org.republic.ParseFileSheet makeNewDataColumn
INFO: Report Line: PO78354    1 RC43908  AMC000   08/12/05 10   341-01002512             -134.00 EA     0.59616          -79.89          -79.89         -7.99 no                                                No Glue              no, Value Extracted: EA
15/02/2006 11:42:21 org.republic.ParseFileSheet checkReportLine
INFO: SelectFieldData
15/02/2006 11:42:21 org.republic.ParseFileSheet makeNewDataColumn
INFO: Output Data: 82 end: 92
15/02/2006 11:42:21 org.republic.ParseFileSheet makeNewDataColumn
INFO: Report Line: PO78354    1 RC43908  AMC000   08/12/05 10   341-01002512             -134.00 EA     0.59616          -79.89          -79.89         -7.99 no                                                No Glue              no, Value Extracted:     0.59616
15/02/2006 11:42:21 org.republic.ParseFileSheet checkReportLine
INFO: SelectFieldData
15/02/2006 11:42:21 org.republic.ParseFileSheet makeNewDataColumn
INFO: Output Data: 94 end: 108
15/02/2006 11:42:21 org.republic.ParseFileSheet makeNewDataColumn
INFO: Report Line: PO78354    1 RC43908  AMC000   08/12/05 10   341-01002512             -134.00 EA     0.59616          -79.89          -79.89         -7.99 no                                                No Glue              no, Value Extracted:          -79.89
15/02/2006 11:42:21 org.republic.ParseFileSheet checkReportLine
INFO: SelectFieldData
15/02/2006 11:42:21 org.republic.ParseFileSheet makeNewDataColumn
INFO: Output Data: 110 end: 124
15/02/2006 11:42:21 org.republic.ParseFileSheet makeNewDataColumn
INFO: Report Line: PO78354    1 RC43908  AMC000   08/12/05 10   341-01002512             -134.00 EA     0.59616          -79.89          -79.89         -7.99 no                                                No Glue              no, Value Extracted:          -79.89
15/02/2006 11:42:21 org.republic.ParseFileSheet checkReportLine
INFO: SelectFieldData
15/02/2006 11:42:21 org.republic.ParseFileSheet makeNewDataColumn
INFO: Output Data: 126 end: 138
15/02/2006 11:42:21 org.republic.ParseFileSheet makeNewDataColumn
INFO: Report Line: PO78354    1 RC43908  AMC000   08/12/05 10   341-01002512             -134.00 EA     0.59616          -79.89          -79.89         -7.99 no                                                No Glue              no, Value Extracted:         -7.99
15/02/2006 11:42:21 org.republic.ParseFileSheet checkReportLine
INFO: SelectFieldData
15/02/2006 11:42:21 org.republic.ParseFileSheet makeNewDataColumn
INFO: Output Data: 140 end: 142
15/02/2006 11:42:21 org.republic.ParseFileSheet makeNewDataColumn
INFO: Report Line: PO78354    1 RC43908  AMC000   08/12/05 10   341-01002512             -134.00 EA     0.59616          -79.89          -79.89         -7.99 no                                                No Glue              no, Value Extracted: no 
15/02/2006 11:42:21 org.republic.ParseFileSheet checkReportLine
INFO: SelectFieldData
15/02/2006 11:42:21 org.republic.ParseFileSheet makeNewDataColumn
INFO: Output Data: 144 end: 151
15/02/2006 11:42:21 org.republic.ParseFileSheet makeNewDataColumn
INFO: Report Line: PO78354    1 RC43908  AMC000   08/12/05 10   341-01002512             -134.00 EA     0.59616          -79.89          -79.89         -7.99 no                                                No Glue              no, Value Extracted:         
15/02/2006 11:42:21 org.republic.ParseFileSheet checkReportLine
INFO: SelectFieldData
15/02/2006 11:42:21 org.republic.ParseFileSheet makeNewDataColumn
INFO: Output Data: 153 end: 163
15/02/2006 11:42:21 org.republic.ParseFileSheet makeNewDataColumn
INFO: Report Line: PO78354    1 RC43908  AMC000   08/12/05 10   341-01002512             -134.00 EA     0.59616          -79.89          -79.89         -7.99 no                                                No Glue              no, Value Extracted:            
15/02/2006 11:42:21 org.republic.ParseFileSheet checkReportLine
INFO: SelectFieldData
15/02/2006 11:42:21 org.republic.ParseFileSheet makeNewDataColumn
INFO: Output Data: 165 end: 179
15/02/2006 11:42:21 org.republic.ParseFileSheet makeNewDataColumn
INFO: Report Line: PO78354    1 RC43908  AMC000   08/12/05 10   341-01002512             -134.00 EA     0.59616          -79.89          -79.89         -7.99 no                                                No Glue              no, Value Extracted:                
15/02/2006 11:42:21 org.republic.ParseFileSheet checkReportLine
INFO: SelectFieldData
15/02/2006 11:42:21 org.republic.ParseFileSheet makeNewDataColumn
INFO: Output Data: 181 end: 188
15/02/2006 11:42:21 org.republic.ParseFileSheet makeNewDataColumn
INFO: Report Line: PO78354    1 RC43908  AMC000   08/12/05 10   341-01002512             -134.00 EA     0.59616          -79.89          -79.89         -7.99 no                                                No Glue              no, Value Extracted:         
15/02/2006 11:42:21 org.republic.ParseFileSheet checkReportLine
INFO: SelectFieldData
15/02/2006 11:42:21 org.republic.ParseFileSheet makeNewDataColumn
INFO: Output Data: 190 end: 207
15/02/2006 11:42:21 org.republic.ParseFileSheet makeNewDataColumn
INFO: Report Line: PO78354    1 RC43908  AMC000   08/12/05 10   341-01002512             -134.00 EA     0.59616          -79.89          -79.89         -7.99 no                                                No Glue              no, Value Extracted: No Glue           
15/02/2006 11:42:21 org.republic.ParseFileSheet checkReportLine
INFO: SelectFieldData
15/02/2006 11:42:21 org.republic.ParseFileSheet makeNewDataColumn
INFO: Output Data: 209 end: 209
15/02/2006 11:42:21 org.republic.ParseFileSheet makeNewDataColumn
INFO: Report Line: PO78354    1 RC43908  AMC000   08/12/05 10   341-01002512             -134.00 EA     0.59616          -79.89          -79.89         -7.99 no                                                No Glue              no, Value Extracted:  
15/02/2006 11:42:21 org.republic.ParseFileSheet checkReportLine
INFO: SelectFieldData
15/02/2006 11:42:21 org.republic.ParseFileSheet makeNewDataColumn
INFO: Output Data: 211 end: 213
15/02/2006 11:42:21 org.republic.ParseFileSheet makeNewDataColumn
INFO: Report Line: PO78354    1 RC43908  AMC000   08/12/05 10   341-01002512             -134.00 EA     0.59616          -79.89          -79.89         -7.99 no                                                No Glue              no, Value Extracted: no
15/02/2006 11:42:21 org.republic.ParseFileSheet parseInputFile
INFO: line:8 , line length() 212
15/02/2006 11:42:21 org.republic.ParseFileSheet parseInputFile
INFO: >>>>First char:80 new page?: false
15/02/2006 11:42:21 org.republic.ParseFileSheet parseInputFile
INFO: File Line:8, report page pos 8 , line:PO78952    1 RC42125  AMC000   23/08/05 10   35-11                  30,240.00 EA     0.12713        3,844.41        3,844.41        384.44 no                                                                     no
15/02/2006 11:42:21 org.republic.ParseFileSheet checkReportLine
INFO: NewRowIf
15/02/2006 11:42:21 org.republic.ParseFileSheet ruleMatchesReportLine
INFO: comparing: 'PO78952 ' with '        '
15/02/2006 11:42:21 org.republic.ParseFileSheet ruleMatchesReportLine
INFO: not blank: true
15/02/2006 11:42:21 org.republic.ParseFileSheet ruleMatchesReportLine
INFO: not blank Len: '8'
15/02/2006 11:42:21 org.republic.ParseFileSheet checkReportLine
INFO: SelectFieldData
15/02/2006 11:42:21 org.republic.ParseFileSheet makeNewDataColumn
INFO: Output Data: 1 end: 8
15/02/2006 11:42:21 org.republic.ParseFileSheet makeNewDataColumn
INFO: Report Line: PO78952    1 RC42125  AMC000   23/08/05 10   35-11                  30,240.00 EA     0.12713        3,844.41        3,844.41        384.44 no                                                                     no, Value Extracted: PO78952 
15/02/2006 11:42:21 org.republic.ParseFileSheet checkReportLine
INFO: SelectFieldData
15/02/2006 11:42:21 org.republic.ParseFileSheet makeNewDataColumn
INFO: Output Data: 10 end: 12
15/02/2006 11:42:21 org.republic.ParseFileSheet makeNewDataColumn
INFO: Report Line: PO78952    1 RC42125  AMC000   23/08/05 10   35-11                  30,240.00 EA     0.12713        3,844.41        3,844.41        384.44 no                                                                     no, Value Extracted:   1
15/02/2006 11:42:21 org.republic.ParseFileSheet checkReportLine
INFO: SelectFieldData
15/02/2006 11:42:21 org.republic.ParseFileSheet makeNewDataColumn
INFO: Output Data: 14 end: 21
15/02/2006 11:42:21 org.republic.ParseFileSheet makeNewDataColumn
INFO: Report Line: PO78952    1 RC42125  AMC000   23/08/05 10   35-11                  30,240.00 EA     0.12713        3,844.41        3,844.41        384.44 no                                                                     no, Value Extracted: RC42125 
15/02/2006 11:42:21 org.republic.ParseFileSheet checkReportLine
INFO: SelectFieldData
15/02/2006 11:42:21 org.republic.ParseFileSheet makeNewDataColumn
INFO: Output Data: 23 end: 30
15/02/2006 11:42:21 org.republic.ParseFileSheet makeNewDataColumn
INFO: Report Line: PO78952    1 RC42125  AMC000   23/08/05 10   35-11                  30,240.00 EA     0.12713        3,844.41        3,844.41        384.44 no                                                                     no, Value Extracted: AMC000  
15/02/2006 11:42:21 org.republic.ParseFileSheet checkReportLine
INFO: SelectFieldData
15/02/2006 11:42:21 org.republic.ParseFileSheet makeNewDataColumn
INFO: Output Data: 32 end: 39
15/02/2006 11:42:21 org.republic.ParseFileSheet makeNewDataColumn
INFO: Report Line: PO78952    1 RC42125  AMC000   23/08/05 10   35-11                  30,240.00 EA     0.12713        3,844.41        3,844.41        384.44 no                                                                     no, Value Extracted: 23/08/05
15/02/2006 11:42:21 org.republic.ParseFileSheet checkReportLine
INFO: SelectFieldData
15/02/2006 11:42:21 org.republic.ParseFileSheet makeNewDataColumn
INFO: Output Data: 41 end: 44
15/02/2006 11:42:21 org.republic.ParseFileSheet makeNewDataColumn
INFO: Report Line: PO78952    1 RC42125  AMC000   23/08/05 10   35-11                  30,240.00 EA     0.12713        3,844.41        3,844.41        384.44 no                                                                     no, Value Extracted: 10  
15/02/2006 11:42:21 org.republic.ParseFileSheet checkReportLine
INFO: SelectFieldData
15/02/2006 11:42:21 org.republic.ParseFileSheet makeNewDataColumn
INFO: Output Data: 46 end: 63
15/02/2006 11:42:21 org.republic.ParseFileSheet makeNewDataColumn
INFO: Report Line: PO78952    1 RC42125  AMC000   23/08/05 10   35-11                  30,240.00 EA     0.12713        3,844.41        3,844.41        384.44 no                                                                     no, Value Extracted: 35-11             
15/02/2006 11:42:21 org.republic.ParseFileSheet checkReportLine
INFO: SelectFieldData
15/02/2006 11:42:21 org.republic.ParseFileSheet makeNewDataColumn
INFO: Output Data: 65 end: 77
15/02/2006 11:42:21 org.republic.ParseFileSheet makeNewDataColumn
INFO: Report Line: PO78952    1 RC42125  AMC000   23/08/05 10   35-11                  30,240.00 EA     0.12713        3,844.41        3,844.41        384.44 no                                                                     no, Value Extracted:     30,240.00
15/02/2006 11:42:21 org.republic.ParseFileSheet checkReportLine
INFO: SelectFieldData
15/02/2006 11:42:21 org.republic.ParseFileSheet makeNewDataColumn
INFO: Output Data: 79 end: 80
15/02/2006 11:42:21 org.republic.ParseFileSheet makeNewDataColumn
INFO: Report Line: PO78952    1 RC42125  AMC000   23/08/05 10   35-11                  30,240.00 EA     0.12713        3,844.41        3,844.41        384.44 no                                                                     no, Value Extracted: EA
15/02/2006 11:42:21 org.republic.ParseFileSheet checkReportLine
INFO: SelectFieldData
15/02/2006 11:42:21 org.republic.ParseFileSheet makeNewDataColumn
INFO: Output Data: 82 end: 92
15/02/2006 11:42:21 org.republic.ParseFileSheet makeNewDataColumn
INFO: Report Line: PO78952    1 RC42125  AMC000   23/08/05 10   35-11                  30,240.00 EA     0.12713        3,844.41        3,844.41        384.44 no                                                                     no, Value Extracted:     0.12713
15/02/2006 11:42:21 org.republic.ParseFileSheet checkReportLine
INFO: SelectFieldData
15/02/2006 11:42:21 org.republic.ParseFileSheet makeNewDataColumn
INFO: Output Data: 94 end: 108
15/02/2006 11:42:21 org.republic.ParseFileSheet makeNewDataColumn
INFO: Report Line: PO78952    1 RC42125  AMC000   23/08/05 10   35-11                  30,240.00 EA     0.12713        3,844.41        3,844.41        384.44 no                                                                     no, Value Extracted:        3,844.41
15/02/2006 11:42:21 org.republic.ParseFileSheet checkReportLine
INFO: SelectFieldData
15/02/2006 11:42:21 org.republic.ParseFileSheet makeNewDataColumn
INFO: Output Data: 110 end: 124
15/02/2006 11:42:21 org.republic.ParseFileSheet makeNewDataColumn
INFO: Report Line: PO78952    1 RC42125  AMC000   23/08/05 10   35-11                  30,240.00 EA     0.12713        3,844.41        3,844.41        384.44 no                                                                     no, Value Extracted:        3,844.41
15/02/2006 11:42:21 org.republic.ParseFileSheet checkReportLine
INFO: SelectFieldData
15/02/2006 11:42:21 org.republic.ParseFileSheet makeNewDataColumn
INFO: Output Data: 126 end: 138
15/02/2006 11:42:21 org.republic.ParseFileSheet makeNewDataColumn
INFO: Report Line: PO78952    1 RC42125  AMC000   23/08/05 10   35-11                  30,240.00 EA     0.12713        3,844.41        3,844.41        384.44 no                                                                     no, Value Extracted:        384.44
15/02/2006 11:42:21 org.republic.ParseFileSheet checkReportLine
INFO: SelectFieldData
15/02/2006 11:42:21 org.republic.ParseFileSheet makeNewDataColumn
INFO: Output Data: 140 end: 142
15/02/2006 11:42:21 org.republic.ParseFileSheet makeNewDataColumn
INFO: Report Line: PO78952    1 RC42125  AMC000   23/08/05 10   35-11                  30,240.00 EA     0.12713        3,844.41        3,844.41        384.44 no                                                                     no, Value Extracted: no 
15/02/2006 11:42:21 org.republic.ParseFileSheet checkReportLine
INFO: SelectFieldData
15/02/2006 11:42:21 org.republic.ParseFileSheet makeNewDataColumn
INFO: Output Data: 144 end: 151
15/02/2006 11:42:21 org.republic.ParseFileSheet makeNewDataColumn
INFO: Report Line: PO78952    1 RC42125  AMC000   23/08/05 10   35-11                  30,240.00 EA     0.12713        3,844.41        3,844.41        384.44 no                                                                     no, Value Extracted:         
15/02/2006 11:42:21 org.republic.ParseFileSheet checkReportLine
INFO: SelectFieldData
15/02/2006 11:42:21 org.republic.ParseFileSheet makeNewDataColumn
INFO: Output Data: 153 end: 163
15/02/2006 11:42:21 org.republic.ParseFileSheet makeNewDataColumn
INFO: Report Line: PO78952    1 RC42125  AMC000   23/08/05 10   35-11                  30,240.00 EA     0.12713        3,844.41        3,844.41        384.44 no                                                                     no, Value Extracted:            
15/02/2006 11:42:21 org.republic.ParseFileSheet checkReportLine
INFO: SelectFieldData
15/02/2006 11:42:21 org.republic.ParseFileSheet makeNewDataColumn
INFO: Output Data: 165 end: 179
15/02/2006 11:42:21 org.republic.ParseFileSheet makeNewDataColumn
INFO: Report Line: PO78952    1 RC42125  AMC000   23/08/05 10   35-11                  30,240.00 EA     0.12713        3,844.41        3,844.41        384.44 no                                                                     no, Value Extracted:                
15/02/2006 11:42:21 org.republic.ParseFileSheet checkReportLine
INFO: SelectFieldData
15/02/2006 11:42:21 org.republic.ParseFileSheet makeNewDataColumn
INFO: Output Data: 181 end: 188
15/02/2006 11:42:21 org.republic.ParseFileSheet makeNewDataColumn
INFO: Report Line: PO78952    1 RC42125  AMC000   23/08/05 10   35-11                  30,240.00 EA     0.12713        3,844.41        3,844.41        384.44 no                                                                     no, Value Extracted:         
15/02/2006 11:42:21 org.republic.ParseFileSheet checkReportLine
INFO: SelectFieldData
15/02/2006 11:42:21 org.republic.ParseFileSheet makeNewDataColumn
INFO: Output Data: 190 end: 207
15/02/2006 11:42:21 org.republic.ParseFileSheet makeNewDataColumn
INFO: Report Line: PO78952    1 RC42125  AMC000   23/08/05 10   35-11                  30,240.00 EA     0.12713        3,844.41        3,844.41        384.44 no                                                                     no, Value Extracted:                   
15/02/2006 11:42:21 org.republic.ParseFileSheet checkReportLine
INFO: SelectFieldData
15/02/2006 11:42:21 org.republic.ParseFileSheet makeNewDataColumn
INFO: Output Data: 209 end: 209
15/02/2006 11:42:21 org.republic.ParseFileSheet makeNewDataColumn
INFO: Report Line: PO78952    1 RC42125  AMC000   23/08/05 10   35-11                  30,240.00 EA     0.12713        3,844.41        3,844.41        384.44 no                                                                     no, Value Extracted:  
15/02/2006 11:42:21 org.republic.ParseFileSheet checkReportLine
INFO: SelectFieldData
15/02/2006 11:42:21 org.republic.ParseFileSheet makeNewDataColumn
INFO: Output Data: 211 end: 213
15/02/2006 11:42:21 org.republic.ParseFileSheet makeNewDataColumn
INFO: Report Line: PO78952    1 RC42125  AMC000   23/08/05 10   35-11                  30,240.00 EA     0.12713        3,844.41        3,844.41        384.44 no                                                                     no, Value Extracted: no
15/02/2006 11:42:21 org.republic.ParseFileSheet parseInputFile
INFO: line:9 , line length() 212
15/02/2006 11:42:21 org.republic.ParseFileSheet parseInputFile
INFO: >>>>First char:80 new page?: false
15/02/2006 11:42:21 org.republic.ParseFileSheet parseInputFile
INFO: File Line:9, report page pos 9 , line:PO78952    1 RC42493  AMC000   14/09/05 10   35-11                  22,680.00 EA     0.12713        2,883.31        2,883.31        288.33 no                                                                     no
15/02/2006 11:42:21 org.republic.ParseFileSheet checkReportLine
INFO: NewRowIf
15/02/2006 11:42:21 org.republic.ParseFileSheet ruleMatchesReportLine
INFO: comparing: 'PO78952 ' with '        '
15/02/2006 11:42:21 org.republic.ParseFileSheet ruleMatchesReportLine
INFO: not blank: true
15/02/2006 11:42:21 org.republic.ParseFileSheet ruleMatchesReportLine
INFO: not blank Len: '8'
15/02/2006 11:42:21 org.republic.ParseFileSheet checkReportLine
INFO: SelectFieldData
15/02/2006 11:42:21 org.republic.ParseFileSheet makeNewDataColumn
INFO: Output Data: 1 end: 8
15/02/2006 11:42:21 org.republic.ParseFileSheet makeNewDataColumn
INFO: Report Line: PO78952    1 RC42493  AMC000   14/09/05 10   35-11                  22,680.00 EA     0.12713        2,883.31        2,883.31        288.33 no                                                                     no, Value Extracted: PO78952 
15/02/2006 11:42:21 org.republic.ParseFileSheet checkReportLine
INFO: SelectFieldData
15/02/2006 11:42:21 org.republic.ParseFileSheet makeNewDataColumn
INFO: Output Data: 10 end: 12
15/02/2006 11:42:21 org.republic.ParseFileSheet makeNewDataColumn
INFO: Report Line: PO78952    1 RC42493  AMC000   14/09/05 10   35-11                  22,680.00 EA     0.12713        2,883.31        2,883.31        288.33 no                                                                     no, Value Extracted:   1
15/02/2006 11:42:21 org.republic.ParseFileSheet checkReportLine
INFO: SelectFieldData
15/02/2006 11:42:21 org.republic.ParseFileSheet makeNewDataColumn
INFO: Output Data: 14 end: 21
15/02/2006 11:42:21 org.republic.ParseFileSheet makeNewDataColumn
INFO: Report Line: PO78952    1 RC42493  AMC000   14/09/05 10   35-11                  22,680.00 EA     0.12713        2,883.31        2,883.31        288.33 no                                                                     no, Value Extracted: RC42493 
15/02/2006 11:42:21 org.republic.ParseFileSheet checkReportLine
INFO: SelectFieldData
15/02/2006 11:42:21 org.republic.ParseFileSheet makeNewDataColumn
INFO: Output Data: 23 end: 30
15/02/2006 11:42:21 org.republic.ParseFileSheet makeNewDataColumn
INFO: Report Line: PO78952    1 RC42493  AMC000   14/09/05 10   35-11                  22,680.00 EA     0.12713        2,883.31        2,883.31        288.33 no                                                                     no, Value Extracted: AMC000  
15/02/2006 11:42:21 org.republic.ParseFileSheet checkReportLine
INFO: SelectFieldData
15/02/2006 11:42:21 org.republic.ParseFileSheet makeNewDataColumn
INFO: Output Data: 32 end: 39
15/02/2006 11:42:21 org.republic.ParseFileSheet makeNewDataColumn
INFO: Report Line: PO78952    1 RC42493  AMC000   14/09/05 10   35-11                  22,680.00 EA     0.12713        2,883.31        2,883.31        288.33 no                                                                     no, Value Extracted: 14/09/05
15/02/2006 11:42:21 org.republic.ParseFileSheet checkReportLine
INFO: SelectFieldData
15/02/2006 11:42:21 org.republic.ParseFileSheet makeNewDataColumn
INFO: Output Data: 41 end: 44
15/02/2006 11:42:21 org.republic.ParseFileSheet makeNewDataColumn
INFO: Report Line: PO78952    1 RC42493  AMC000   14/09/05 10   35-11                  22,680.00 EA     0.12713        2,883.31        2,883.31        288.33 no                                                                     no, Value Extracted: 10  
15/02/2006 11:42:21 org.republic.ParseFileSheet checkReportLine
INFO: SelectFieldData
15/02/2006 11:42:21 org.republic.ParseFileSheet makeNewDataColumn
INFO: Output Data: 46 end: 63
15/02/2006 11:42:21 org.republic.ParseFileSheet makeNewDataColumn
INFO: Report Line: PO78952    1 RC42493  AMC000   14/09/05 10   35-11                  22,680.00 EA     0.12713        2,883.31        2,883.31        288.33 no                                                                     no, Value Extracted: 35-11             
15/02/2006 11:42:21 org.republic.ParseFileSheet checkReportLine
INFO: SelectFieldData
15/02/2006 11:42:21 org.republic.ParseFileSheet makeNewDataColumn
INFO: Output Data: 65 end: 77
15/02/2006 11:42:21 org.republic.ParseFileSheet makeNewDataColumn
INFO: Report Line: PO78952    1 RC42493  AMC000   14/09/05 10   35-11                  22,680.00 EA     0.12713        2,883.31        2,883.31        288.33 no                                                                     no, Value Extracted:     22,680.00
15/02/2006 11:42:21 org.republic.ParseFileSheet checkReportLine
INFO: SelectFieldData
15/02/2006 11:42:21 org.republic.ParseFileSheet makeNewDataColumn
INFO: Output Data: 79 end: 80
15/02/2006 11:42:21 org.republic.ParseFileSheet makeNewDataColumn
INFO: Report Line: PO78952    1 RC42493  AMC000   14/09/05 10   35-11                  22,680.00 EA     0.12713        2,883.31        2,883.31        288.33 no                                                                     no, Value Extracted: EA
15/02/2006 11:42:21 org.republic.ParseFileSheet checkReportLine
INFO: SelectFieldData
15/02/2006 11:42:21 org.republic.ParseFileSheet makeNewDataColumn
INFO: Output Data: 82 end: 92
15/02/2006 11:42:21 org.republic.ParseFileSheet makeNewDataColumn
INFO: Report Line: PO78952    1 RC42493  AMC000   14/09/05 10   35-11                  22,680.00 EA     0.12713        2,883.31        2,883.31        288.33 no                                                                     no, Value Extracted:     0.12713
15/02/2006 11:42:21 org.republic.ParseFileSheet checkReportLine
INFO: SelectFieldData
15/02/2006 11:42:21 org.republic.ParseFileSheet makeNewDataColumn
INFO: Output Data: 94 end: 108
15/02/2006 11:42:21 org.republic.ParseFileSheet makeNewDataColumn
INFO: Report Line: PO78952    1 RC42493  AMC000   14/09/05 10   35-11                  22,680.00 EA     0.12713        2,883.31        2,883.31        288.33 no                                                                     no, Value Extracted:        2,883.31
15/02/2006 11:42:21 org.republic.ParseFileSheet checkReportLine
INFO: SelectFieldData
15/02/2006 11:42:21 org.republic.ParseFileSheet makeNewDataColumn
INFO: Output Data: 110 end: 124
15/02/2006 11:42:21 org.republic.ParseFileSheet makeNewDataColumn
INFO: Report Line: PO78952    1 RC42493  AMC000   14/09/05 10   35-11                  22,680.00 EA     0.12713        2,883.31        2,883.31        288.33 no                                                                     no, Value Extracted:        2,883.31
15/02/2006 11:42:21 org.republic.ParseFileSheet checkReportLine
INFO: SelectFieldData
15/02/2006 11:42:21 org.republic.ParseFileSheet makeNewDataColumn
INFO: Output Data: 126 end: 138
15/02/2006 11:42:21 org.republic.ParseFileSheet makeNewDataColumn
INFO: Report Line: PO78952    1 RC42493  AMC000   14/09/05 10   35-11                  22,680.00 EA     0.12713        2,883.31        2,883.31        288.33 no                                                                     no, Value Extracted:        288.33
15/02/2006 11:42:21 org.republic.ParseFileSheet checkReportLine
INFO: SelectFieldData
15/02/2006 11:42:21 org.republic.ParseFileSheet makeNewDataColumn
INFO: Output Data: 140 end: 142
15/02/2006 11:42:21 org.republic.ParseFileSheet makeNewDataColumn
INFO: Report Line: PO78952    1 RC42493  AMC000   14/09/05 10   35-11                  22,680.00 EA     0.12713        2,883.31        2,883.31        288.33 no                                                                     no, Value Extracted: no 
15/02/2006 11:42:21 org.republic.ParseFileSheet checkReportLine
INFO: SelectFieldData
15/02/2006 11:42:21 org.republic.ParseFileSheet makeNewDataColumn
INFO: Output Data: 144 end: 151
15/02/2006 11:42:21 org.republic.ParseFileSheet makeNewDataColumn
INFO: Report Line: PO78952    1 RC42493  AMC000   14/09/05 10   35-11                  22,680.00 EA     0.12713        2,883.31        2,883.31        288.33 no                                                                     no, Value Extracted:         
15/02/2006 11:42:21 org.republic.ParseFileSheet checkReportLine
INFO: SelectFieldData
15/02/2006 11:42:21 org.republic.ParseFileSheet makeNewDataColumn
INFO: Output Data: 153 end: 163
15/02/2006 11:42:21 org.republic.ParseFileSheet makeNewDataColumn
INFO: Report Line: PO78952    1 RC42493  AMC000   14/09/05 10   35-11                  22,680.00 EA     0.12713        2,883.31        2,883.31        288.33 no                                                                     no, Value Extracted:            
15/02/2006 11:42:21 org.republic.ParseFileSheet checkReportLine
INFO: SelectFieldData
15/02/2006 11:42:21 org.republic.ParseFileSheet makeNewDataColumn
INFO: Output Data: 165 end: 179
15/02/2006 11:42:21 org.republic.ParseFileSheet makeNewDataColumn
INFO: Report Line: PO78952    1 RC42493  AMC000   14/09/05 10   35-11                  22,680.00 EA     0.12713        2,883.31        2,883.31        288.33 no                                                                     no, Value Extracted:                
15/02/2006 11:42:21 org.republic.ParseFileSheet checkReportLine
INFO: SelectFieldData
15/02/2006 11:42:21 org.republic.ParseFileSheet makeNewDataColumn
INFO: Output Data: 181 end: 188
15/02/2006 11:42:21 org.republic.ParseFileSheet makeNewDataColumn
INFO: Report Line: PO78952    1 RC42493  AMC000   14/09/05 10   35-11                  22,680.00 EA     0.12713        2,883.31        2,883.31        288.33 no                                                                     no, Value Extracted:         
15/02/2006 11:42:21 org.republic.ParseFileSheet checkReportLine
INFO: SelectFieldData
15/02/2006 11:42:21 org.republic.ParseFileSheet makeNewDataColumn
INFO: Output Data: 190 end: 207
15/02/2006 11:42:21 org.republic.ParseFileSheet makeNewDataColumn
INFO: Report Line: PO78952    1 RC42493  AMC000   14/09/05 10   35-11                  22,680.00 EA     0.12713        2,883.31        2,883.31        288.33 no                                                                     no, Value Extracted:                   
15/02/2006 11:42:21 org.republic.ParseFileSheet checkReportLine
INFO: SelectFieldData
15/02/2006 11:42:21 org.republic.ParseFileSheet makeNewDataColumn
INFO: Output Data: 209 end: 209
15/02/2006 11:42:21 org.republic.ParseFileSheet makeNewDataColumn
INFO: Report Line: PO78952    1 RC42493  AMC000   14/09/05 10   35-11                  22,680.00 EA     0.12713        2,883.31        2,883.31        288.33 no                                                                     no, Value Extracted:  
15/02/2006 11:42:21 org.republic.ParseFileSheet checkReportLine
INFO: SelectFieldData
15/02/2006 11:42:21 org.republic.ParseFileSheet makeNewDataColumn
INFO: Output Data: 211 end: 213
15/02/2006 11:42:21 org.republic.ParseFileSheet makeNewDataColumn
INFO: Report Line: PO78952    1 RC42493  AMC000   14/09/05 10   35-11                  22,680.00 EA     0.12713        2,883.31        2,883.31        288.33 no                                                                     no, Value Extracted: no
15/02/2006 11:42:21 org.republic.ParseFileSheet parseInputFile
INFO: line:10 , line length() 212
15/02/2006 11:42:21 org.republic.ParseFileSheet parseInputFile
INFO: >>>>First char:80 new page?: false
15/02/2006 11:42:21 org.republic.ParseFileSheet parseInputFile
INFO: File Line:10, report page pos 10 , line:PO79129    1 RC42922  AUS000   07/10/05 10   312-3144080400         11,280.00 EA       0.102        1,150.56        1,150.56        115.06 no                                                                     no
15/02/2006 11:42:21 org.republic.ParseFileSheet checkReportLine
INFO: NewRowIf
15/02/2006 11:42:21 org.republic.ParseFileSheet ruleMatchesReportLine
INFO: comparing: 'PO79129 ' with '        '
15/02/2006 11:42:21 org.republic.ParseFileSheet ruleMatchesReportLine
INFO: not blank: true
15/02/2006 11:42:21 org.republic.ParseFileSheet ruleMatchesReportLine
INFO: not blank Len: '8'
15/02/2006 11:42:21 org.republic.ParseFileSheet checkReportLine
INFO: SelectFieldData
15/02/2006 11:42:21 org.republic.ParseFileSheet makeNewDataColumn
INFO: Output Data: 1 end: 8
15/02/2006 11:42:21 org.republic.ParseFileSheet makeNewDataColumn
INFO: Report Line: PO79129    1 RC42922  AUS000   07/10/05 10   312-3144080400         11,280.00 EA       0.102        1,150.56        1,150.56        115.06 no                                                                     no, Value Extracted: PO79129 
15/02/2006 11:42:21 org.republic.ParseFileSheet checkReportLine
INFO: SelectFieldData
15/02/2006 11:42:21 org.republic.ParseFileSheet makeNewDataColumn
INFO: Output Data: 10 end: 12
15/02/2006 11:42:21 org.republic.ParseFileSheet makeNewDataColumn
INFO: Report Line: PO79129    1 RC42922  AUS000   07/10/05 10   312-3144080400         11,280.00 EA       0.102        1,150.56        1,150.56        115.06 no                                                                     no, Value Extracted:   1
15/02/2006 11:42:21 org.republic.ParseFileSheet checkReportLine
INFO: SelectFieldData
15/02/2006 11:42:21 org.republic.ParseFileSheet makeNewDataColumn
INFO: Output Data: 14 end: 21
15/02/2006 11:42:21 org.republic.ParseFileSheet makeNewDataColumn
INFO: Report Line: PO79129    1 RC42922  AUS000   07/10/05 10   312-3144080400         11,280.00 EA       0.102        1,150.56        1,150.56        115.06 no                                                                     no, Value Extracted: RC42922 
15/02/2006 11:42:21 org.republic.ParseFileSheet checkReportLine
INFO: SelectFieldData
15/02/2006 11:42:21 org.republic.ParseFileSheet makeNewDataColumn
INFO: Output Data: 23 end: 30
15/02/2006 11:42:21 org.republic.ParseFileSheet makeNewDataColumn
INFO: Report Line: PO79129    1 RC42922  AUS000   07/10/05 10   312-3144080400         11,280.00 EA       0.102        1,150.56        1,150.56        115.06 no                                                                     no, Value Extracted: AUS000  
15/02/2006 11:42:21 org.republic.ParseFileSheet checkReportLine
INFO: SelectFieldData
15/02/2006 11:42:21 org.republic.ParseFileSheet makeNewDataColumn
INFO: Output Data: 32 end: 39
15/02/2006 11:42:21 org.republic.ParseFileSheet makeNewDataColumn
INFO: Report Line: PO79129    1 RC42922  AUS000   07/10/05 10   312-3144080400         11,280.00 EA       0.102        1,150.56        1,150.56        115.06 no                                                                     no, Value Extracted: 07/10/05
15/02/2006 11:42:21 org.republic.ParseFileSheet checkReportLine
INFO: SelectFieldData
15/02/2006 11:42:21 org.republic.ParseFileSheet makeNewDataColumn
INFO: Output Data: 41 end: 44
15/02/2006 11:42:21 org.republic.ParseFileSheet makeNewDataColumn
INFO: Report Line: PO79129    1 RC42922  AUS000   07/10/05 10   312-3144080400         11,280.00 EA       0.102        1,150.56        1,150.56        115.06 no                                                                     no, Value Extracted: 10  
15/02/2006 11:42:21 org.republic.ParseFileSheet checkReportLine
INFO: SelectFieldData
15/02/2006 11:42:21 org.republic.ParseFileSheet makeNewDataColumn
INFO: Output Data: 46 end: 63
15/02/2006 11:42:21 org.republic.ParseFileSheet makeNewDataColumn
INFO: Report Line: PO79129    1 RC42922  AUS000   07/10/05 10   312-3144080400         11,280.00 EA       0.102        1,150.56        1,150.56        115.06 no                                                                     no, Value Extracted: 312-3144080400    
15/02/2006 11:42:21 org.republic.ParseFileSheet checkReportLine
INFO: SelectFieldData
15/02/2006 11:42:21 org.republic.ParseFileSheet makeNewDataColumn
INFO: Output Data: 65 end: 77
15/02/2006 11:42:21 org.republic.ParseFileSheet makeNewDataColumn
INFO: Report Line: PO79129    1 RC42922  AUS000   07/10/05 10   312-3144080400         11,280.00 EA       0.102        1,150.56        1,150.56        115.06 no                                                                     no, Value Extracted:     11,280.00
15/02/2006 11:42:21 org.republic.ParseFileSheet checkReportLine
INFO: SelectFieldData
15/02/2006 11:42:21 org.republic.ParseFileSheet makeNewDataColumn
INFO: Output Data: 79 end: 80
15/02/2006 11:42:21 org.republic.ParseFileSheet makeNewDataColumn
INFO: Report Line: PO79129    1 RC42922  AUS000   07/10/05 10   312-3144080400         11,280.00 EA       0.102        1,150.56        1,150.56        115.06 no                                                                     no, Value Extracted: EA
15/02/2006 11:42:21 org.republic.ParseFileSheet checkReportLine
INFO: SelectFieldData
15/02/2006 11:42:21 org.republic.ParseFileSheet makeNewDataColumn
INFO: Output Data: 82 end: 92
15/02/2006 11:42:21 org.republic.ParseFileSheet makeNewDataColumn
INFO: Report Line: PO79129    1 RC42922  AUS000   07/10/05 10   312-3144080400         11,280.00 EA       0.102        1,150.56        1,150.56        115.06 no                                                                     no, Value Extracted:       0.102
15/02/2006 11:42:21 org.republic.ParseFileSheet checkReportLine
INFO: SelectFieldData
15/02/2006 11:42:21 org.republic.ParseFileSheet makeNewDataColumn
INFO: Output Data: 94 end: 108
15/02/2006 11:42:21 org.republic.ParseFileSheet makeNewDataColumn
INFO: Report Line: PO79129    1 RC42922  AUS000   07/10/05 10   312-3144080400         11,280.00 EA       0.102        1,150.56        1,150.56        115.06 no                                                                     no, Value Extracted:        1,150.56
15/02/2006 11:42:21 org.republic.ParseFileSheet checkReportLine
INFO: SelectFieldData
15/02/2006 11:42:21 org.republic.ParseFileSheet makeNewDataColumn
INFO: Output Data: 110 end: 124
15/02/2006 11:42:21 org.republic.ParseFileSheet makeNewDataColumn
INFO: Report Line: PO79129    1 RC42922  AUS000   07/10/05 10   312-3144080400         11,280.00 EA       0.102        1,150.56        1,150.56        115.06 no                                                                     no, Value Extracted:        1,150.56
15/02/2006 11:42:21 org.republic.ParseFileSheet checkReportLine
INFO: SelectFieldData
15/02/2006 11:42:21 org.republic.ParseFileSheet makeNewDataColumn
INFO: Output Data: 126 end: 138
15/02/2006 11:42:21 org.republic.ParseFileSheet makeNewDataColumn
INFO: Report Line: PO79129    1 RC42922  AUS000   07/10/05 10   312-3144080400         11,280.00 EA       0.102        1,150.56        1,150.56        115.06 no                                                                     no, Value Extracted:        115.06
15/02/2006 11:42:21 org.republic.ParseFileSheet checkReportLine
INFO: SelectFieldData
15/02/2006 11:42:21 org.republic.ParseFileSheet makeNewDataColumn
INFO: Output Data: 140 end: 142
15/02/2006 11:42:21 org.republic.ParseFileSheet makeNewDataColumn
INFO: Report Line: PO79129    1 RC42922  AUS000   07/10/05 10   312-3144080400         11,280.00 EA       0.102        1,150.56        1,150.56        115.06 no                                                                     no, Value Extracted: no 
15/02/2006 11:42:21 org.republic.ParseFileSheet checkReportLine
INFO: SelectFieldData
15/02/2006 11:42:21 org.republic.ParseFileSheet makeNewDataColumn
INFO: Output Data: 144 end: 151
15/02/2006 11:42:21 org.republic.ParseFileSheet makeNewDataColumn
INFO: Report Line: PO79129    1 RC42922  AUS000   07/10/05 10   312-3144080400         11,280.00 EA       0.102        1,150.56        1,150.56        115.06 no                                                                     no, Value Extracted:         
15/02/2006 11:42:21 org.republic.ParseFileSheet checkReportLine
INFO: SelectFieldData
15/02/2006 11:42:21 org.republic.ParseFileSheet makeNewDataColumn
INFO: Output Data: 153 end: 163
15/02/2006 11:42:21 org.republic.ParseFileSheet makeNewDataColumn
INFO: Report Line: PO79129    1 RC42922  AUS000   07/10/05 10   312-3144080400         11,280.00 EA       0.102        1,150.56        1,150.56        115.06 no                                                                     no, Value Extracted:            
15/02/2006 11:42:21 org.republic.ParseFileSheet checkReportLine
INFO: SelectFieldData
15/02/2006 11:42:21 org.republic.ParseFileSheet makeNewDataColumn
INFO: Output Data: 165 end: 179
15/02/2006 11:42:21 org.republic.ParseFileSheet makeNewDataColumn
INFO: Report Line: PO79129    1 RC42922  AUS000   07/10/05 10   312-3144080400         11,280.00 EA       0.102        1,150.56        1,150.56        115.06 no                                                                     no, Value Extracted:                
15/02/2006 11:42:21 org.republic.ParseFileSheet checkReportLine
INFO: SelectFieldData
15/02/2006 11:42:21 org.republic.ParseFileSheet makeNewDataColumn
INFO: Output Data: 181 end: 188
15/02/2006 11:42:21 org.republic.ParseFileSheet makeNewDataColumn
INFO: Report Line: PO79129    1 RC42922  AUS000   07/10/05 10   312-3144080400         11,280.00 EA       0.102        1,150.56        1,150.56        115.06 no                                                                     no, Value Extracted:         
15/02/2006 11:42:21 org.republic.ParseFileSheet checkReportLine
INFO: SelectFieldData
15/02/2006 11:42:21 org.republic.ParseFileSheet makeNewDataColumn
INFO: Output Data: 190 end: 207
15/02/2006 11:42:21 org.republic.ParseFileSheet makeNewDataColumn
INFO: Report Line: PO79129    1 RC42922  AUS000   07/10/05 10   312-3144080400         11,280.00 EA       0.102        1,150.56        1,150.56        115.06 no                                                                     no, Value Extracted:                   
15/02/2006 11:42:21 org.republic.ParseFileSheet checkReportLine
INFO: SelectFieldData
15/02/2006 11:42:21 org.republic.ParseFileSheet makeNewDataColumn
INFO: Output Data: 209 end: 209
15/02/2006 11:42:21 org.republic.ParseFileSheet makeNewDataColumn
INFO: Report Line: PO79129    1 RC42922  AUS000   07/10/05 10   312-3144080400         11,280.00 EA       0.102        1,150.56        1,150.56        115.06 no                                                                     no, Value Extracted:  
15/02/2006 11:42:21 org.republic.ParseFileSheet checkReportLine
INFO: SelectFieldData
15/02/2006 11:42:21 org.republic.ParseFileSheet makeNewDataColumn
INFO: Output Data: 211 end: 213
15/02/2006 11:42:21 org.republic.ParseFileSheet makeNewDataColumn
INFO: Report Line: PO79129    1 RC42922  AUS000   07/10/05 10   312-3144080400         11,280.00 EA       0.102        1,150.56        1,150.56        115.06 no                                                                     no, Value Extracted: no
15/02/2006 11:42:21 org.republic.ParseFileSheet parseInputFile
INFO: line:11 , line length() 212
15/02/2006 11:42:21 org.republic.ParseFileSheet parseInputFile
INFO: >>>>First char:80 new page?: false
15/02/2006 11:42:21 org.republic.ParseFileSheet parseInputFile
INFO: File Line:11, report page pos 11 , line:PO79334    3 RC44047  GLA000   16/12/05 10   342-0451302            10,800.00 EA        0.34        3,672.00        3,672.00        367.20 no                                                                     no
15/02/2006 11:42:21 org.republic.ParseFileSheet checkReportLine
INFO: NewRowIf
15/02/2006 11:42:21 org.republic.ParseFileSheet ruleMatchesReportLine
INFO: comparing: 'PO79334 ' with '        '
15/02/2006 11:42:21 org.republic.ParseFileSheet ruleMatchesReportLine
INFO: not blank: true
15/02/2006 11:42:21 org.republic.ParseFileSheet ruleMatchesReportLine
INFO: not blank Len: '8'
15/02/2006 11:42:21 org.republic.ParseFileSheet checkReportLine
INFO: SelectFieldData
15/02/2006 11:42:21 org.republic.ParseFileSheet makeNewDataColumn
INFO: Output Data: 1 end: 8
15/02/2006 11:42:21 org.republic.ParseFileSheet makeNewDataColumn
INFO: Report Line: PO79334    3 RC44047  GLA000   16/12/05 10   342-0451302            10,800.00 EA        0.34        3,672.00        3,672.00        367.20 no                                                                     no, Value Extracted: PO79334 
15/02/2006 11:42:21 org.republic.ParseFileSheet checkReportLine
INFO: SelectFieldData
15/02/2006 11:42:21 org.republic.ParseFileSheet makeNewDataColumn
INFO: Output Data: 10 end: 12
15/02/2006 11:42:21 org.republic.ParseFileSheet makeNewDataColumn
INFO: Report Line: PO79334    3 RC44047  GLA000   16/12/05 10   342-0451302            10,800.00 EA        0.34        3,672.00        3,672.00        367.20 no                                                                     no, Value Extracted:   3
15/02/2006 11:42:21 org.republic.ParseFileSheet checkReportLine
INFO: SelectFieldData
15/02/2006 11:42:21 org.republic.ParseFileSheet makeNewDataColumn
INFO: Output Data: 14 end: 21
15/02/2006 11:42:21 org.republic.ParseFileSheet makeNewDataColumn
INFO: Report Line: PO79334    3 RC44047  GLA000   16/12/05 10   342-0451302            10,800.00 EA        0.34        3,672.00        3,672.00        367.20 no                                                                     no, Value Extracted: RC44047 
15/02/2006 11:42:21 org.republic.ParseFileSheet checkReportLine
INFO: SelectFieldData
15/02/2006 11:42:21 org.republic.ParseFileSheet makeNewDataColumn
INFO: Output Data: 23 end: 30
15/02/2006 11:42:21 org.republic.ParseFileSheet makeNewDataColumn
INFO: Report Line: PO79334    3 RC44047  GLA000   16/12/05 10   342-0451302            10,800.00 EA        0.34        3,672.00        3,672.00        367.20 no                                                                     no, Value Extracted: GLA000  
15/02/2006 11:42:21 org.republic.ParseFileSheet checkReportLine
INFO: SelectFieldData
15/02/2006 11:42:21 org.republic.ParseFileSheet makeNewDataColumn
INFO: Output Data: 32 end: 39
15/02/2006 11:42:21 org.republic.ParseFileSheet makeNewDataColumn
INFO: Report Line: PO79334    3 RC44047  GLA000   16/12/05 10   342-0451302            10,800.00 EA        0.34        3,672.00        3,672.00        367.20 no                                                                     no, Value Extracted: 16/12/05
15/02/2006 11:42:21 org.republic.ParseFileSheet checkReportLine
INFO: SelectFieldData
15/02/2006 11:42:21 org.republic.ParseFileSheet makeNewDataColumn
INFO: Output Data: 41 end: 44
15/02/2006 11:42:21 org.republic.ParseFileSheet makeNewDataColumn
INFO: Report Line: PO79334    3 RC44047  GLA000   16/12/05 10   342-0451302            10,800.00 EA        0.34        3,672.00        3,672.00        367.20 no                                                                     no, Value Extracted: 10  
15/02/2006 11:42:21 org.republic.ParseFileSheet checkReportLine
INFO: SelectFieldData
15/02/2006 11:42:21 org.republic.ParseFileSheet makeNewDataColumn
INFO: Output Data: 46 end: 63
15/02/2006 11:42:21 org.republic.ParseFileSheet makeNewDataColumn
INFO: Report Line: PO79334    3 RC44047  GLA000   16/12/05 10   342-0451302            10,800.00 EA        0.34        3,672.00        3,672.00        367.20 no                                                                     no, Value Extracted: 342-0451302       
15/02/2006 11:42:21 org.republic.ParseFileSheet checkReportLine
INFO: SelectFieldData
15/02/2006 11:42:21 org.republic.ParseFileSheet makeNewDataColumn
INFO: Output Data: 65 end: 77
15/02/2006 11:42:21 org.republic.ParseFileSheet makeNewDataColumn
INFO: Report Line: PO79334    3 RC44047  GLA000   16/12/05 10   342-0451302            10,800.00 EA        0.34        3,672.00        3,672.00        367.20 no                                                                     no, Value Extracted:     10,800.00
15/02/2006 11:42:21 org.republic.ParseFileSheet checkReportLine
INFO: SelectFieldData
15/02/2006 11:42:21 org.republic.ParseFileSheet makeNewDataColumn
INFO: Output Data: 79 end: 80
15/02/2006 11:42:21 org.republic.ParseFileSheet makeNewDataColumn
INFO: Report Line: PO79334    3 RC44047  GLA000   16/12/05 10   342-0451302            10,800.00 EA        0.34        3,672.00        3,672.00        367.20 no                                                                     no, Value Extracted: EA
15/02/2006 11:42:21 org.republic.ParseFileSheet checkReportLine
INFO: SelectFieldData
15/02/2006 11:42:21 org.republic.ParseFileSheet makeNewDataColumn
INFO: Output Data: 82 end: 92
15/02/2006 11:42:21 org.republic.ParseFileSheet makeNewDataColumn
INFO: Report Line: PO79334    3 RC44047  GLA000   16/12/05 10   342-0451302            10,800.00 EA        0.34        3,672.00        3,672.00        367.20 no                                                                     no, Value Extracted:        0.34
15/02/2006 11:42:21 org.republic.ParseFileSheet checkReportLine
INFO: SelectFieldData
15/02/2006 11:42:21 org.republic.ParseFileSheet makeNewDataColumn
INFO: Output Data: 94 end: 108
15/02/2006 11:42:21 org.republic.ParseFileSheet makeNewDataColumn
INFO: Report Line: PO79334    3 RC44047  GLA000   16/12/05 10   342-0451302            10,800.00 EA        0.34        3,672.00        3,672.00        367.20 no                                                                     no, Value Extracted:        3,672.00
15/02/2006 11:42:21 org.republic.ParseFileSheet checkReportLine
INFO: SelectFieldData
15/02/2006 11:42:21 org.republic.ParseFileSheet makeNewDataColumn
INFO: Output Data: 110 end: 124
15/02/2006 11:42:21 org.republic.ParseFileSheet makeNewDataColumn
INFO: Report Line: PO79334    3 RC44047  GLA000   16/12/05 10   342-0451302            10,800.00 EA        0.34        3,672.00        3,672.00        367.20 no                                                                     no, Value Extracted:        3,672.00
15/02/2006 11:42:21 org.republic.ParseFileSheet checkReportLine
INFO: SelectFieldData
15/02/2006 11:42:21 org.republic.ParseFileSheet makeNewDataColumn
INFO: Output Data: 126 end: 138
15/02/2006 11:42:21 org.republic.ParseFileSheet makeNewDataColumn
INFO: Report Line: PO79334    3 RC44047  GLA000   16/12/05 10   342-0451302            10,800.00 EA        0.34        3,672.00        3,672.00        367.20 no                                                                     no, Value Extracted:        367.20
15/02/2006 11:42:21 org.republic.ParseFileSheet checkReportLine
INFO: SelectFieldData
15/02/2006 11:42:21 org.republic.ParseFileSheet makeNewDataColumn
INFO: Output Data: 140 end: 142
15/02/2006 11:42:21 org.republic.ParseFileSheet makeNewDataColumn
INFO: Report Line: PO79334    3 RC44047  GLA000   16/12/05 10   342-0451302            10,800.00 EA        0.34        3,672.00        3,672.00        367.20 no                                                                     no, Value Extracted: no 
15/02/2006 11:42:21 org.republic.ParseFileSheet checkReportLine
INFO: SelectFieldData
15/02/2006 11:42:21 org.republic.ParseFileSheet makeNewDataColumn
INFO: Output Data: 144 end: 151
15/02/2006 11:42:21 org.republic.ParseFileSheet makeNewDataColumn
INFO: Report Line: PO79334    3 RC44047  GLA000   16/12/05 10   342-0451302            10,800.00 EA        0.34        3,672.00        3,672.00        367.20 no                                                                     no, Value Extracted:         
15/02/2006 11:42:21 org.republic.ParseFileSheet checkReportLine
INFO: SelectFieldData
15/02/2006 11:42:21 org.republic.ParseFileSheet makeNewDataColumn
INFO: Output Data: 153 end: 163
15/02/2006 11:42:21 org.republic.ParseFileSheet makeNewDataColumn
INFO: Report Line: PO79334    3 RC44047  GLA000   16/12/05 10   342-0451302            10,800.00 EA        0.34        3,672.00        3,672.00        367.20 no                                                                     no, Value Extracted:            
15/02/2006 11:42:21 org.republic.ParseFileSheet checkReportLine
INFO: SelectFieldData
15/02/2006 11:42:21 org.republic.ParseFileSheet makeNewDataColumn
INFO: Output Data: 165 end: 179
15/02/2006 11:42:21 org.republic.ParseFileSheet makeNewDataColumn
INFO: Report Line: PO79334    3 RC44047  GLA000   16/12/05 10   342-0451302            10,800.00 EA        0.34        3,672.00        3,672.00        367.20 no                                                                     no, Value Extracted:                
15/02/2006 11:42:21 org.republic.ParseFileSheet checkReportLine
INFO: SelectFieldData
15/02/2006 11:42:21 org.republic.ParseFileSheet makeNewDataColumn
INFO: Output Data: 181 end: 188
15/02/2006 11:42:21 org.republic.ParseFileSheet makeNewDataColumn
INFO: Report Line: PO79334    3 RC44047  GLA000   16/12/05 10   342-0451302            10,800.00 EA        0.34        3,672.00        3,672.00        367.20 no                                                                     no, Value Extracted:         
15/02/2006 11:42:21 org.republic.ParseFileSheet checkReportLine
INFO: SelectFieldData
15/02/2006 11:42:21 org.republic.ParseFileSheet makeNewDataColumn
INFO: Output Data: 190 end: 207
15/02/2006 11:42:21 org.republic.ParseFileSheet makeNewDataColumn
INFO: Report Line: PO79334    3 RC44047  GLA000   16/12/05 10   342-0451302            10,800.00 EA        0.34        3,672.00        3,672.00        367.20 no                                                                     no, Value Extracted:                   
15/02/2006 11:42:21 org.republic.ParseFileSheet checkReportLine
INFO: SelectFieldData
15/02/2006 11:42:21 org.republic.ParseFileSheet makeNewDataColumn
INFO: Output Data: 209 end: 209
15/02/2006 11:42:21 org.republic.ParseFileSheet makeNewDataColumn
INFO: Report Line: PO79334    3 RC44047  GLA000   16/12/05 10   342-0451302            10,800.00 EA        0.34        3,672.00        3,672.00        367.20 no                                                                     no, Value Extracted:  
15/02/2006 11:42:21 org.republic.ParseFileSheet checkReportLine
INFO: SelectFieldData
15/02/2006 11:42:21 org.republic.ParseFileSheet makeNewDataColumn
INFO: Output Data: 211 end: 213
15/02/2006 11:42:21 org.republic.ParseFileSheet makeNewDataColumn
INFO: Report Line: PO79334    3 RC44047  GLA000   16/12/05 10   342-0451302            10,800.00 EA        0.34        3,672.00        3,672.00        367.20 no                                                                     no, Value Extracted: no
15/02/2006 11:42:21 org.republic.ParseFileSheet parseInputFile
INFO: line:12 , line length() 212
15/02/2006 11:42:21 org.republic.ParseFileSheet parseInputFile
INFO: >>>>First char:112 new page?: false
15/02/2006 11:42:21 org.republic.ParseFileSheet parseInputFile
INFO: File Line:12, report page pos 12 , line:po79347    6 RC43953  VIS000   09/12/05 10   342-0401104              -670.00 EA       0.295         -197.65         -197.65        -19.77 no                                                                     no
15/02/2006 11:42:21 org.republic.ParseFileSheet checkReportLine
INFO: NewRowIf
15/02/2006 11:42:21 org.republic.ParseFileSheet ruleMatchesReportLine
INFO: comparing: 'po79347 ' with '        '
15/02/2006 11:42:21 org.republic.ParseFileSheet ruleMatchesReportLine
INFO: not blank: true
15/02/2006 11:42:21 org.republic.ParseFileSheet ruleMatchesReportLine
INFO: not blank Len: '8'
15/02/2006 11:42:21 org.republic.ParseFileSheet checkReportLine
INFO: SelectFieldData
15/02/2006 11:42:21 org.republic.ParseFileSheet makeNewDataColumn
INFO: Output Data: 1 end: 8
15/02/2006 11:42:21 org.republic.ParseFileSheet makeNewDataColumn
INFO: Report Line: po79347    6 RC43953  VIS000   09/12/05 10   342-0401104              -670.00 EA       0.295         -197.65         -197.65        -19.77 no                                                                     no, Value Extracted: po79347 
15/02/2006 11:42:21 org.republic.ParseFileSheet checkReportLine
INFO: SelectFieldData
15/02/2006 11:42:21 org.republic.ParseFileSheet makeNewDataColumn
INFO: Output Data: 10 end: 12
15/02/2006 11:42:21 org.republic.ParseFileSheet makeNewDataColumn
INFO: Report Line: po79347    6 RC43953  VIS000   09/12/05 10   342-0401104              -670.00 EA       0.295         -197.65         -197.65        -19.77 no                                                                     no, Value Extracted:   6
15/02/2006 11:42:21 org.republic.ParseFileSheet checkReportLine
INFO: SelectFieldData
15/02/2006 11:42:21 org.republic.ParseFileSheet makeNewDataColumn
INFO: Output Data: 14 end: 21
15/02/2006 11:42:21 org.republic.ParseFileSheet makeNewDataColumn
INFO: Report Line: po79347    6 RC43953  VIS000   09/12/05 10   342-0401104              -670.00 EA       0.295         -197.65         -197.65        -19.77 no                                                                     no, Value Extracted: RC43953 
15/02/2006 11:42:21 org.republic.ParseFileSheet checkReportLine
INFO: SelectFieldData
15/02/2006 11:42:21 org.republic.ParseFileSheet makeNewDataColumn
INFO: Output Data: 23 end: 30
15/02/2006 11:42:21 org.republic.ParseFileSheet makeNewDataColumn
INFO: Report Line: po79347    6 RC43953  VIS000   09/12/05 10   342-0401104              -670.00 EA       0.295         -197.65         -197.65        -19.77 no                                                                     no, Value Extracted: VIS000  
15/02/2006 11:42:21 org.republic.ParseFileSheet checkReportLine
INFO: SelectFieldData
15/02/2006 11:42:21 org.republic.ParseFileSheet makeNewDataColumn
INFO: Output Data: 32 end: 39
15/02/2006 11:42:21 org.republic.ParseFileSheet makeNewDataColumn
INFO: Report Line: po79347    6 RC43953  VIS000   09/12/05 10   342-0401104              -670.00 EA       0.295         -197.65         -197.65        -19.77 no                                                                     no, Value Extracted: 09/12/05
15/02/2006 11:42:21 org.republic.ParseFileSheet checkReportLine
INFO: SelectFieldData
15/02/2006 11:42:21 org.republic.ParseFileSheet makeNewDataColumn
INFO: Output Data: 41 end: 44
15/02/2006 11:42:21 org.republic.ParseFileSheet makeNewDataColumn
INFO: Report Line: po79347    6 RC43953  VIS000   09/12/05 10   342-0401104              -670.00 EA       0.295         -197.65         -197.65        -19.77 no                                                                     no, Value Extracted: 10  
15/02/2006 11:42:21 org.republic.ParseFileSheet checkReportLine
INFO: SelectFieldData
15/02/2006 11:42:21 org.republic.ParseFileSheet makeNewDataColumn
INFO: Output Data: 46 end: 63
15/02/2006 11:42:21 org.republic.ParseFileSheet makeNewDataColumn
INFO: Report Line: po79347    6 RC43953  VIS000   09/12/05 10   342-0401104              -670.00 EA       0.295         -197.65         -197.65        -19.77 no                                                                     no, Value Extracted: 342-0401104       
15/02/2006 11:42:21 org.republic.ParseFileSheet checkReportLine
INFO: SelectFieldData
15/02/2006 11:42:21 org.republic.ParseFileSheet makeNewDataColumn
INFO: Output Data: 65 end: 77
15/02/2006 11:42:21 org.republic.ParseFileSheet makeNewDataColumn
INFO: Report Line: po79347    6 RC43953  VIS000   09/12/05 10   342-0401104              -670.00 EA       0.295         -197.65         -197.65        -19.77 no                                                                     no, Value Extracted:       -670.00
15/02/2006 11:42:21 org.republic.ParseFileSheet checkReportLine
INFO: SelectFieldData
15/02/2006 11:42:21 org.republic.ParseFileSheet makeNewDataColumn
INFO: Output Data: 79 end: 80
15/02/2006 11:42:21 org.republic.ParseFileSheet makeNewDataColumn
INFO: Report Line: po79347    6 RC43953  VIS000   09/12/05 10   342-0401104              -670.00 EA       0.295         -197.65         -197.65        -19.77 no                                                                     no, Value Extracted: EA
15/02/2006 11:42:21 org.republic.ParseFileSheet checkReportLine
INFO: SelectFieldData
15/02/2006 11:42:21 org.republic.ParseFileSheet makeNewDataColumn
INFO: Output Data: 82 end: 92
15/02/2006 11:42:21 org.republic.ParseFileSheet makeNewDataColumn
INFO: Report Line: po79347    6 RC43953  VIS000   09/12/05 10   342-0401104              -670.00 EA       0.295         -197.65         -197.65        -19.77 no                                                                     no, Value Extracted:       0.295
15/02/2006 11:42:21 org.republic.ParseFileSheet checkReportLine
INFO: SelectFieldData
15/02/2006 11:42:21 org.republic.ParseFileSheet makeNewDataColumn
INFO: Output Data: 94 end: 108
15/02/2006 11:42:21 org.republic.ParseFileSheet makeNewDataColumn
INFO: Report Line: po79347    6 RC43953  VIS000   09/12/05 10   342-0401104              -670.00 EA       0.295         -197.65         -197.65        -19.77 no                                                                     no, Value Extracted:         -197.65
15/02/2006 11:42:21 org.republic.ParseFileSheet checkReportLine
INFO: SelectFieldData
15/02/2006 11:42:21 org.republic.ParseFileSheet makeNewDataColumn
INFO: Output Data: 110 end: 124
15/02/2006 11:42:21 org.republic.ParseFileSheet makeNewDataColumn
INFO: Report Line: po79347    6 RC43953  VIS000   09/12/05 10   342-0401104              -670.00 EA       0.295         -197.65         -197.65        -19.77 no                                                                     no, Value Extracted:         -197.65
15/02/2006 11:42:21 org.republic.ParseFileSheet checkReportLine
INFO: SelectFieldData
15/02/2006 11:42:21 org.republic.ParseFileSheet makeNewDataColumn
INFO: Output Data: 126 end: 138
15/02/2006 11:42:21 org.republic.ParseFileSheet makeNewDataColumn
INFO: Report Line: po79347    6 RC43953  VIS000   09/12/05 10   342-0401104              -670.00 EA       0.295         -197.65         -197.65        -19.77 no                                                                     no, Value Extracted:        -19.77
15/02/2006 11:42:21 org.republic.ParseFileSheet checkReportLine
INFO: SelectFieldData
15/02/2006 11:42:21 org.republic.ParseFileSheet makeNewDataColumn
INFO: Output Data: 140 end: 142
15/02/2006 11:42:21 org.republic.ParseFileSheet makeNewDataColumn
INFO: Report Line: po79347    6 RC43953  VIS000   09/12/05 10   342-0401104              -670.00 EA       0.295         -197.65         -197.65        -19.77 no                                                                     no, Value Extracted: no 
15/02/2006 11:42:21 org.republic.ParseFileSheet checkReportLine
INFO: SelectFieldData
15/02/2006 11:42:21 org.republic.ParseFileSheet makeNewDataColumn
INFO: Output Data: 144 end: 151
15/02/2006 11:42:21 org.republic.ParseFileSheet makeNewDataColumn
INFO: Report Line: po79347    6 RC43953  VIS000   09/12/05 10   342-0401104              -670.00 EA       0.295         -197.65         -197.65        -19.77 no                                                                     no, Value Extracted:         
15/02/2006 11:42:21 org.republic.ParseFileSheet checkReportLine
INFO: SelectFieldData
15/02/2006 11:42:21 org.republic.ParseFileSheet makeNewDataColumn
INFO: Output Data: 153 end: 163
15/02/2006 11:42:21 org.republic.ParseFileSheet makeNewDataColumn
INFO: Report Line: po79347    6 RC43953  VIS000   09/12/05 10   342-0401104              -670.00 EA       0.295         -197.65         -197.65        -19.77 no                                                                     no, Value Extracted:            
15/02/2006 11:42:21 org.republic.ParseFileSheet checkReportLine
INFO: SelectFieldData
15/02/2006 11:42:21 org.republic.ParseFileSheet makeNewDataColumn
INFO: Output Data: 165 end: 179
15/02/2006 11:42:21 org.republic.ParseFileSheet makeNewDataColumn
INFO: Report Line: po79347    6 RC43953  VIS000   09/12/05 10   342-0401104              -670.00 EA       0.295         -197.65         -197.65        -19.77 no                                                                     no, Value Extracted:                
15/02/2006 11:42:21 org.republic.ParseFileSheet checkReportLine
INFO: SelectFieldData
15/02/2006 11:42:21 org.republic.ParseFileSheet makeNewDataColumn
INFO: Output Data: 181 end: 188
15/02/2006 11:42:21 org.republic.ParseFileSheet makeNewDataColumn
INFO: Report Line: po79347    6 RC43953  VIS000   09/12/05 10   342-0401104              -670.00 EA       0.295         -197.65         -197.65        -19.77 no                                                                     no, Value Extracted:         
15/02/2006 11:42:21 org.republic.ParseFileSheet checkReportLine
INFO: SelectFieldData
15/02/2006 11:42:21 org.republic.ParseFileSheet makeNewDataColumn
INFO: Output Data: 190 end: 207
15/02/2006 11:42:21 org.republic.ParseFileSheet makeNewDataColumn
INFO: Report Line: po79347    6 RC43953  VIS000   09/12/05 10   342-0401104              -670.00 EA       0.295         -197.65         -197.65        -19.77 no                                                                     no, Value Extracted:                   
15/02/2006 11:42:21 org.republic.ParseFileSheet checkReportLine
INFO: SelectFieldData
15/02/2006 11:42:21 org.republic.ParseFileSheet makeNewDataColumn
INFO: Output Data: 209 end: 209
15/02/2006 11:42:21 org.republic.ParseFileSheet makeNewDataColumn
INFO: Report Line: po79347    6 RC43953  VIS000   09/12/05 10   342-0401104              -670.00 EA       0.295         -197.65         -197.65        -19.77 no                                                                     no, Value Extracted:  
15/02/2006 11:42:21 org.republic.ParseFileSheet checkReportLine
INFO: SelectFieldData
15/02/2006 11:42:21 org.republic.ParseFileSheet makeNewDataColumn
INFO: Output Data: 211 end: 213
15/02/2006 11:42:21 org.republic.ParseFileSheet makeNewDataColumn
INFO: Report Line: po79347    6 RC43953  VIS000   09/12/05 10   342-0401104              -670.00 EA       0.295         -197.65         -197.65        -19.77 no                                                                     no, Value Extracted: no
15/02/2006 11:42:21 org.republic.ParseFileSheet parseInputFile
INFO: line:13 , line length() 212
15/02/2006 11:42:21 org.republic.ParseFileSheet parseInputFile
INFO: >>>>First char:112 new page?: false
15/02/2006 11:42:21 org.republic.ParseFileSheet parseInputFile
INFO: File Line:13, report page pos 13 , line:po79347    8 RC43954  VIS000   09/12/05 10   342-0403154            -2,030.00 EA       0.295         -598.85         -598.85        -59.89 no                                                Faulty               no
15/02/2006 11:42:21 org.republic.ParseFileSheet checkReportLine
INFO: NewRowIf
15/02/2006 11:42:21 org.republic.ParseFileSheet ruleMatchesReportLine
INFO: comparing: 'po79347 ' with '        '
15/02/2006 11:42:21 org.republic.ParseFileSheet ruleMatchesReportLine
INFO: not blank: true
15/02/2006 11:42:21 org.republic.ParseFileSheet ruleMatchesReportLine
INFO: not blank Len: '8'
15/02/2006 11:42:21 org.republic.ParseFileSheet checkReportLine
INFO: SelectFieldData
15/02/2006 11:42:21 org.republic.ParseFileSheet makeNewDataColumn
INFO: Output Data: 1 end: 8
15/02/2006 11:42:21 org.republic.ParseFileSheet makeNewDataColumn
INFO: Report Line: po79347    8 RC43954  VIS000   09/12/05 10   342-0403154            -2,030.00 EA       0.295         -598.85         -598.85        -59.89 no                                                Faulty               no, Value Extracted: po79347 
15/02/2006 11:42:21 org.republic.ParseFileSheet checkReportLine
INFO: SelectFieldData
15/02/2006 11:42:21 org.republic.ParseFileSheet makeNewDataColumn
INFO: Output Data: 10 end: 12
15/02/2006 11:42:21 org.republic.ParseFileSheet makeNewDataColumn
INFO: Report Line: po79347    8 RC43954  VIS000   09/12/05 10   342-0403154            -2,030.00 EA       0.295         -598.85         -598.85        -59.89 no                                                Faulty               no, Value Extracted:   8
15/02/2006 11:42:21 org.republic.ParseFileSheet checkReportLine
INFO: SelectFieldData
15/02/2006 11:42:21 org.republic.ParseFileSheet makeNewDataColumn
INFO: Output Data: 14 end: 21
15/02/2006 11:42:21 org.republic.ParseFileSheet makeNewDataColumn
INFO: Report Line: po79347    8 RC43954  VIS000   09/12/05 10   342-0403154            -2,030.00 EA       0.295         -598.85         -598.85        -59.89 no                                                Faulty               no, Value Extracted: RC43954 
15/02/2006 11:42:21 org.republic.ParseFileSheet checkReportLine
INFO: SelectFieldData
15/02/2006 11:42:21 org.republic.ParseFileSheet makeNewDataColumn
INFO: Output Data: 23 end: 30
15/02/2006 11:42:21 org.republic.ParseFileSheet makeNewDataColumn
INFO: Report Line: po79347    8 RC43954  VIS000   09/12/05 10   342-0403154            -2,030.00 EA       0.295         -598.85         -598.85        -59.89 no                                                Faulty               no, Value Extracted: VIS000  
15/02/2006 11:42:21 org.republic.ParseFileSheet checkReportLine
INFO: SelectFieldData
15/02/2006 11:42:21 org.republic.ParseFileSheet makeNewDataColumn
INFO: Output Data: 32 end: 39
15/02/2006 11:42:21 org.republic.ParseFileSheet makeNewDataColumn
INFO: Report Line: po79347    8 RC43954  VIS000   09/12/05 10   342-0403154            -2,030.00 EA       0.295         -598.85         -598.85        -59.89 no                                                Faulty               no, Value Extracted: 09/12/05
15/02/2006 11:42:21 org.republic.ParseFileSheet checkReportLine
INFO: SelectFieldData
15/02/2006 11:42:21 org.republic.ParseFileSheet makeNewDataColumn
INFO: Output Data: 41 end: 44
15/02/2006 11:42:21 org.republic.ParseFileSheet makeNewDataColumn
INFO: Report Line: po79347    8 RC43954  VIS000   09/12/05 10   342-0403154            -2,030.00 EA       0.295         -598.85         -598.85        -59.89 no                                                Faulty               no, Value Extracted: 10  
15/02/2006 11:42:21 org.republic.ParseFileSheet checkReportLine
INFO: SelectFieldData
15/02/2006 11:42:21 org.republic.ParseFileSheet makeNewDataColumn
INFO: Output Data: 46 end: 63
15/02/2006 11:42:21 org.republic.ParseFileSheet makeNewDataColumn
INFO: Report Line: po79347    8 RC43954  VIS000   09/12/05 10   342-0403154            -2,030.00 EA       0.295         -598.85         -598.85        -59.89 no                                                Faulty               no, Value Extracted: 342-0403154       
15/02/2006 11:42:21 org.republic.ParseFileSheet checkReportLine
INFO: SelectFieldData
15/02/2006 11:42:21 org.republic.ParseFileSheet makeNewDataColumn
INFO: Output Data: 65 end: 77
15/02/2006 11:42:21 org.republic.ParseFileSheet makeNewDataColumn
INFO: Report Line: po79347    8 RC43954  VIS000   09/12/05 10   342-0403154            -2,030.00 EA       0.295         -598.85         -598.85        -59.89 no                                                Faulty               no, Value Extracted:     -2,030.00
15/02/2006 11:42:21 org.republic.ParseFileSheet checkReportLine
INFO: SelectFieldData
15/02/2006 11:42:21 org.republic.ParseFileSheet makeNewDataColumn
INFO: Output Data: 79 end: 80
15/02/2006 11:42:21 org.republic.ParseFileSheet makeNewDataColumn
INFO: Report Line: po79347    8 RC43954  VIS000   09/12/05 10   342-0403154            -2,030.00 EA       0.295         -598.85         -598.85        -59.89 no                                                Faulty               no, Value Extracted: EA
15/02/2006 11:42:21 org.republic.ParseFileSheet checkReportLine
INFO: SelectFieldData
15/02/2006 11:42:21 org.republic.ParseFileSheet makeNewDataColumn
INFO: Output Data: 82 end: 92
15/02/2006 11:42:21 org.republic.ParseFileSheet makeNewDataColumn
INFO: Report Line: po79347    8 RC43954  VIS000   09/12/05 10   342-0403154            -2,030.00 EA       0.295         -598.85         -598.85        -59.89 no                                                Faulty               no, Value Extracted:       0.295
15/02/2006 11:42:21 org.republic.ParseFileSheet checkReportLine
INFO: SelectFieldData
15/02/2006 11:42:21 org.republic.ParseFileSheet makeNewDataColumn
INFO: Output Data: 94 end: 108
15/02/2006 11:42:21 org.republic.ParseFileSheet makeNewDataColumn
INFO: Report Line: po79347    8 RC43954  VIS000   09/12/05 10   342-0403154            -2,030.00 EA       0.295         -598.85         -598.85        -59.89 no                                                Faulty               no, Value Extracted:         -598.85
15/02/2006 11:42:21 org.republic.ParseFileSheet checkReportLine
INFO: SelectFieldData
15/02/2006 11:42:21 org.republic.ParseFileSheet makeNewDataColumn
INFO: Output Data: 110 end: 124
15/02/2006 11:42:21 org.republic.ParseFileSheet makeNewDataColumn
INFO: Report Line: po79347    8 RC43954  VIS000   09/12/05 10   342-0403154            -2,030.00 EA       0.295         -598.85         -598.85        -59.89 no                                                Faulty               no, Value Extracted:         -598.85
15/02/2006 11:42:21 org.republic.ParseFileSheet checkReportLine
INFO: SelectFieldData
15/02/2006 11:42:21 org.republic.ParseFileSheet makeNewDataColumn
INFO: Output Data: 126 end: 138
15/02/2006 11:42:21 org.republic.ParseFileSheet makeNewDataColumn
INFO: Report Line: po79347    8 RC43954  VIS000   09/12/05 10   342-0403154            -2,030.00 EA       0.295         -598.85         -598.85        -59.89 no                                                Faulty               no, Value Extracted:        -59.89
15/02/2006 11:42:21 org.republic.ParseFileSheet checkReportLine
INFO: SelectFieldData
15/02/2006 11:42:21 org.republic.ParseFileSheet makeNewDataColumn
INFO: Output Data: 140 end: 142
15/02/2006 11:42:21 org.republic.ParseFileSheet makeNewDataColumn
INFO: Report Line: po79347    8 RC43954  VIS000   09/12/05 10   342-0403154            -2,030.00 EA       0.295         -598.85         -598.85        -59.89 no                                                Faulty               no, Value Extracted: no 
15/02/2006 11:42:21 org.republic.ParseFileSheet checkReportLine
INFO: SelectFieldData
15/02/2006 11:42:21 org.republic.ParseFileSheet makeNewDataColumn
INFO: Output Data: 144 end: 151
15/02/2006 11:42:21 org.republic.ParseFileSheet makeNewDataColumn
INFO: Report Line: po79347    8 RC43954  VIS000   09/12/05 10   342-0403154            -2,030.00 EA       0.295         -598.85         -598.85        -59.89 no                                                Faulty               no, Value Extracted:         
15/02/2006 11:42:21 org.republic.ParseFileSheet checkReportLine
INFO: SelectFieldData
15/02/2006 11:42:21 org.republic.ParseFileSheet makeNewDataColumn
INFO: Output Data: 153 end: 163
15/02/2006 11:42:21 org.republic.ParseFileSheet makeNewDataColumn
INFO: Report Line: po79347    8 RC43954  VIS000   09/12/05 10   342-0403154            -2,030.00 EA       0.295         -598.85         -598.85        -59.89 no                                                Faulty               no, Value Extracted:            
15/02/2006 11:42:21 org.republic.ParseFileSheet checkReportLine
INFO: SelectFieldData
15/02/2006 11:42:21 org.republic.ParseFileSheet makeNewDataColumn
INFO: Output Data: 165 end: 179
15/02/2006 11:42:21 org.republic.ParseFileSheet makeNewDataColumn
INFO: Report Line: po79347    8 RC43954  VIS000   09/12/05 10   342-0403154            -2,030.00 EA       0.295         -598.85         -598.85        -59.89 no                                                Faulty               no, Value Extracted:                
15/02/2006 11:42:21 org.republic.ParseFileSheet checkReportLine
INFO: SelectFieldData
15/02/2006 11:42:21 org.republic.ParseFileSheet makeNewDataColumn
INFO: Output Data: 181 end: 188
15/02/2006 11:42:21 org.republic.ParseFileSheet makeNewDataColumn
INFO: Report Line: po79347    8 RC43954  VIS000   09/12/05 10   342-0403154            -2,030.00 EA       0.295         -598.85         -598.85        -59.89 no                                                Faulty               no, Value Extracted:         
15/02/2006 11:42:21 org.republic.ParseFileSheet checkReportLine
INFO: SelectFieldData
15/02/2006 11:42:21 org.republic.ParseFileSheet makeNewDataColumn
INFO: Output Data: 190 end: 207
15/02/2006 11:42:21 org.republic.ParseFileSheet makeNewDataColumn
INFO: Report Line: po79347    8 RC43954  VIS000   09/12/05 10   342-0403154            -2,030.00 EA       0.295         -598.85         -598.85        -59.89 no                                                Faulty               no, Value Extracted: Faulty            
15/02/2006 11:42:21 org.republic.ParseFileSheet checkReportLine
INFO: SelectFieldData
15/02/2006 11:42:21 org.republic.ParseFileSheet makeNewDataColumn
INFO: Output Data: 209 end: 209
15/02/2006 11:42:21 org.republic.ParseFileSheet makeNewDataColumn
INFO: Report Line: po79347    8 RC43954  VIS000   09/12/05 10   342-0403154            -2,030.00 EA       0.295         -598.85         -598.85        -59.89 no                                                Faulty               no, Value Extracted:  
15/02/2006 11:42:21 org.republic.ParseFileSheet checkReportLine
INFO: SelectFieldData
15/02/2006 11:42:21 org.republic.ParseFileSheet makeNewDataColumn
INFO: Output Data: 211 end: 213
15/02/2006 11:42:21 org.republic.ParseFileSheet makeNewDataColumn
INFO: Report Line: po79347    8 RC43954  VIS000   09/12/05 10   342-0403154            -2,030.00 EA       0.295         -598.85         -598.85        -59.89 no                                                Faulty               no, Value Extracted: no
15/02/2006 11:42:21 org.republic.ParseFileSheet parseInputFile
INFO: line:14 , line length() 212
15/02/2006 11:42:21 org.republic.ParseFileSheet parseInputFile
INFO: >>>>First char:112 new page?: false
15/02/2006 11:42:21 org.republic.ParseFileSheet parseInputFile
INFO: File Line:14, report page pos 14 , line:po79348    6 RC44059  VIS000   16/12/05 10   342-0401254            43,715.00 EA       0.295       12,895.93       12,895.93      1,289.59 no                                                                     no
15/02/2006 11:42:21 org.republic.ParseFileSheet checkReportLine
INFO: NewRowIf
15/02/2006 11:42:21 org.republic.ParseFileSheet ruleMatchesReportLine
INFO: comparing: 'po79348 ' with '        '
15/02/2006 11:42:21 org.republic.ParseFileSheet ruleMatchesReportLine
INFO: not blank: true
15/02/2006 11:42:21 org.republic.ParseFileSheet ruleMatchesReportLine
INFO: not blank Len: '8'
15/02/2006 11:42:21 org.republic.ParseFileSheet checkReportLine
INFO: SelectFieldData
15/02/2006 11:42:21 org.republic.ParseFileSheet makeNewDataColumn
INFO: Output Data: 1 end: 8
15/02/2006 11:42:21 org.republic.ParseFileSheet makeNewDataColumn
INFO: Report Line: po79348    6 RC44059  VIS000   16/12/05 10   342-0401254            43,715.00 EA       0.295       12,895.93       12,895.93      1,289.59 no                                                                     no, Value Extracted: po79348 
15/02/2006 11:42:21 org.republic.ParseFileSheet checkReportLine
INFO: SelectFieldData
15/02/2006 11:42:21 org.republic.ParseFileSheet makeNewDataColumn
INFO: Output Data: 10 end: 12
15/02/2006 11:42:21 org.republic.ParseFileSheet makeNewDataColumn
INFO: Report Line: po79348    6 RC44059  VIS000   16/12/05 10   342-0401254            43,715.00 EA       0.295       12,895.93       12,895.93      1,289.59 no                                                                     no, Value Extracted:   6
15/02/2006 11:42:21 org.republic.ParseFileSheet checkReportLine
INFO: SelectFieldData
15/02/2006 11:42:21 org.republic.ParseFileSheet makeNewDataColumn
INFO: Output Data: 14 end: 21
15/02/2006 11:42:21 org.republic.ParseFileSheet makeNewDataColumn
INFO: Report Line: po79348    6 RC44059  VIS000   16/12/05 10   342-0401254            43,715.00 EA       0.295       12,895.93       12,895.93      1,289.59 no                                                                     no, Value Extracted: RC44059 
15/02/2006 11:42:21 org.republic.ParseFileSheet checkReportLine
INFO: SelectFieldData
15/02/2006 11:42:21 org.republic.ParseFileSheet makeNewDataColumn
INFO: Output Data: 23 end: 30
15/02/2006 11:42:21 org.republic.ParseFileSheet makeNewDataColumn
INFO: Report Line: po79348    6 RC44059  VIS000   16/12/05 10   342-0401254            43,715.00 EA       0.295       12,895.93       12,895.93      1,289.59 no                                                                     no, Value Extracted: VIS000  
15/02/2006 11:42:21 org.republic.ParseFileSheet checkReportLine
INFO: SelectFieldData
15/02/2006 11:42:21 org.republic.ParseFileSheet makeNewDataColumn
INFO: Output Data: 32 end: 39
15/02/2006 11:42:21 org.republic.ParseFileSheet makeNewDataColumn
INFO: Report Line: po79348    6 RC44059  VIS000   16/12/05 10   342-0401254            43,715.00 EA       0.295       12,895.93       12,895.93      1,289.59 no                                                                     no, Value Extracted: 16/12/05
15/02/2006 11:42:21 org.republic.ParseFileSheet checkReportLine
INFO: SelectFieldData
15/02/2006 11:42:21 org.republic.ParseFileSheet makeNewDataColumn
INFO: Output Data: 41 end: 44
15/02/2006 11:42:21 org.republic.ParseFileSheet makeNewDataColumn
INFO: Report Line: po79348    6 RC44059  VIS000   16/12/05 10   342-0401254            43,715.00 EA       0.295       12,895.93       12,895.93      1,289.59 no                                                                     no, Value Extracted: 10  
15/02/2006 11:42:21 org.republic.ParseFileSheet checkReportLine
INFO: SelectFieldData
15/02/2006 11:42:21 org.republic.ParseFileSheet makeNewDataColumn
INFO: Output Data: 46 end: 63
15/02/2006 11:42:21 org.republic.ParseFileSheet makeNewDataColumn
INFO: Report Line: po79348    6 RC44059  VIS000   16/12/05 10   342-0401254            43,715.00 EA       0.295       12,895.93       12,895.93      1,289.59 no                                                                     no, Value Extracted: 342-0401254       
15/02/2006 11:42:21 org.republic.ParseFileSheet checkReportLine
INFO: SelectFieldData
15/02/2006 11:42:21 org.republic.ParseFileSheet makeNewDataColumn
INFO: Output Data: 65 end: 77
15/02/2006 11:42:21 org.republic.ParseFileSheet makeNewDataColumn
INFO: Report Line: po79348    6 RC44059  VIS000   16/12/05 10   342-0401254            43,715.00 EA       0.295       12,895.93       12,895.93      1,289.59 no                                                                     no, Value Extracted:     43,715.00
15/02/2006 11:42:21 org.republic.ParseFileSheet checkReportLine
INFO: SelectFieldData
15/02/2006 11:42:21 org.republic.ParseFileSheet makeNewDataColumn
INFO: Output Data: 79 end: 80
15/02/2006 11:42:21 org.republic.ParseFileSheet makeNewDataColumn
INFO: Report Line: po79348    6 RC44059  VIS000   16/12/05 10   342-0401254            43,715.00 EA       0.295       12,895.93       12,895.93      1,289.59 no                                                                     no, Value Extracted: EA
15/02/2006 11:42:21 org.republic.ParseFileSheet checkReportLine
INFO: SelectFieldData
15/02/2006 11:42:21 org.republic.ParseFileSheet makeNewDataColumn
INFO: Output Data: 82 end: 92
15/02/2006 11:42:21 org.republic.ParseFileSheet makeNewDataColumn
INFO: Report Line: po79348    6 RC44059  VIS000   16/12/05 10   342-0401254            43,715.00 EA       0.295       12,895.93       12,895.93      1,289.59 no                                                                     no, Value Extracted:       0.295
15/02/2006 11:42:21 org.republic.ParseFileSheet checkReportLine
INFO: SelectFieldData
15/02/2006 11:42:21 org.republic.ParseFileSheet makeNewDataColumn
INFO: Output Data: 94 end: 108
15/02/2006 11:42:21 org.republic.ParseFileSheet makeNewDataColumn
INFO: Report Line: po79348    6 RC44059  VIS000   16/12/05 10   342-0401254            43,715.00 EA       0.295       12,895.93       12,895.93      1,289.59 no                                                                     no, Value Extracted:       12,895.93
15/02/2006 11:42:21 org.republic.ParseFileSheet checkReportLine
INFO: SelectFieldData
15/02/2006 11:42:21 org.republic.ParseFileSheet makeNewDataColumn
INFO: Output Data: 110 end: 124
15/02/2006 11:42:21 org.republic.ParseFileSheet makeNewDataColumn
INFO: Report Line: po79348    6 RC44059  VIS000   16/12/05 10   342-0401254            43,715.00 EA       0.295       12,895.93       12,895.93      1,289.59 no                                                                     no, Value Extracted:       12,895.93
15/02/2006 11:42:21 org.republic.ParseFileSheet checkReportLine
INFO: SelectFieldData
15/02/2006 11:42:21 org.republic.ParseFileSheet makeNewDataColumn
INFO: Output Data: 126 end: 138
15/02/2006 11:42:21 org.republic.ParseFileSheet makeNewDataColumn
INFO: Report Line: po79348    6 RC44059  VIS000   16/12/05 10   342-0401254            43,715.00 EA       0.295       12,895.93       12,895.93      1,289.59 no                                                                     no, Value Extracted:      1,289.59
15/02/2006 11:42:21 org.republic.ParseFileSheet checkReportLine
INFO: SelectFieldData
15/02/2006 11:42:21 org.republic.ParseFileSheet makeNewDataColumn
INFO: Output Data: 140 end: 142
15/02/2006 11:42:21 org.republic.ParseFileSheet makeNewDataColumn
INFO: Report Line: po79348    6 RC44059  VIS000   16/12/05 10   342-0401254            43,715.00 EA       0.295       12,895.93       12,895.93      1,289.59 no                                                                     no, Value Extracted: no 
15/02/2006 11:42:21 org.republic.ParseFileSheet checkReportLine
INFO: SelectFieldData
15/02/2006 11:42:21 org.republic.ParseFileSheet makeNewDataColumn
INFO: Output Data: 144 end: 151
15/02/2006 11:42:21 org.republic.ParseFileSheet makeNewDataColumn
INFO: Report Line: po79348    6 RC44059  VIS000   16/12/05 10   342-0401254            43,715.00 EA       0.295       12,895.93       12,895.93      1,289.59 no                                                                     no, Value Extracted:         
15/02/2006 11:42:21 org.republic.ParseFileSheet checkReportLine
INFO: SelectFieldData
15/02/2006 11:42:21 org.republic.ParseFileSheet makeNewDataColumn
INFO: Output Data: 153 end: 163
15/02/2006 11:42:21 org.republic.ParseFileSheet makeNewDataColumn
INFO: Report Line: po79348    6 RC44059  VIS000   16/12/05 10   342-0401254            43,715.00 EA       0.295       12,895.93       12,895.93      1,289.59 no                                                                     no, Value Extracted:            
15/02/2006 11:42:21 org.republic.ParseFileSheet checkReportLine
INFO: SelectFieldData
15/02/2006 11:42:21 org.republic.ParseFileSheet makeNewDataColumn
INFO: Output Data: 165 end: 179
15/02/2006 11:42:21 org.republic.ParseFileSheet makeNewDataColumn
INFO: Report Line: po79348    6 RC44059  VIS000   16/12/05 10   342-0401254            43,715.00 EA       0.295       12,895.93       12,895.93      1,289.59 no                                                                     no, Value Extracted:                
15/02/2006 11:42:21 org.republic.ParseFileSheet checkReportLine
INFO: SelectFieldData
15/02/2006 11:42:21 org.republic.ParseFileSheet makeNewDataColumn
INFO: Output Data: 181 end: 188
15/02/2006 11:42:21 org.republic.ParseFileSheet makeNewDataColumn
INFO: Report Line: po79348    6 RC44059  VIS000   16/12/05 10   342-0401254            43,715.00 EA       0.295       12,895.93       12,895.93      1,289.59 no                                                                     no, Value Extracted:         
15/02/2006 11:42:21 org.republic.ParseFileSheet checkReportLine
INFO: SelectFieldData
15/02/2006 11:42:21 org.republic.ParseFileSheet makeNewDataColumn
INFO: Output Data: 190 end: 207
15/02/2006 11:42:21 org.republic.ParseFileSheet makeNewDataColumn
INFO: Report Line: po79348    6 RC44059  VIS000   16/12/05 10   342-0401254            43,715.00 EA       0.295       12,895.93       12,895.93      1,289.59 no                                                                     no, Value Extracted:                   
15/02/2006 11:42:21 org.republic.ParseFileSheet checkReportLine
INFO: SelectFieldData
15/02/2006 11:42:21 org.republic.ParseFileSheet makeNewDataColumn
INFO: Output Data: 209 end: 209
15/02/2006 11:42:21 org.republic.ParseFileSheet makeNewDataColumn
INFO: Report Line: po79348    6 RC44059  VIS000   16/12/05 10   342-0401254            43,715.00 EA       0.295       12,895.93       12,895.93      1,289.59 no                                                                     no, Value Extracted:  
15/02/2006 11:42:21 org.republic.ParseFileSheet checkReportLine
INFO: SelectFieldData
15/02/2006 11:42:21 org.republic.ParseFileSheet makeNewDataColumn
INFO: Output Data: 211 end: 213
15/02/2006 11:42:21 org.republic.ParseFileSheet makeNewDataColumn
INFO: Report Line: po79348    6 RC44059  VIS000   16/12/05 10   342-0401254            43,715.00 EA       0.295       12,895.93       12,895.93      1,289.59 no                                                                     no, Value Extracted: no
15/02/2006 11:42:21 org.republic.ParseFileSheet parseInputFile
INFO: line:15 , line length() 212
15/02/2006 11:42:21 org.republic.ParseFileSheet parseInputFile
INFO: >>>>First char:112 new page?: false
15/02/2006 11:42:21 org.republic.ParseFileSheet parseInputFile
INFO: File Line:15, report page pos 15 , line:po79348    7 RC43964  VIS000   12/12/05 10   342-0403154            32,130.00 EA       0.295        9,478.35        9,478.35        947.84 no                                                                     no
15/02/2006 11:42:21 org.republic.ParseFileSheet checkReportLine
INFO: NewRowIf
15/02/2006 11:42:21 org.republic.ParseFileSheet ruleMatchesReportLine
INFO: comparing: 'po79348 ' with '        '
15/02/2006 11:42:21 org.republic.ParseFileSheet ruleMatchesReportLine
INFO: not blank: true
15/02/2006 11:42:21 org.republic.ParseFileSheet ruleMatchesReportLine
INFO: not blank Len: '8'
15/02/2006 11:42:21 org.republic.ParseFileSheet checkReportLine
INFO: SelectFieldData
15/02/2006 11:42:21 org.republic.ParseFileSheet makeNewDataColumn
INFO: Output Data: 1 end: 8
15/02/2006 11:42:21 org.republic.ParseFileSheet makeNewDataColumn
INFO: Report Line: po79348    7 RC43964  VIS000   12/12/05 10   342-0403154            32,130.00 EA       0.295        9,478.35        9,478.35        947.84 no                                                                     no, Value Extracted: po79348 
15/02/2006 11:42:21 org.republic.ParseFileSheet checkReportLine
INFO: SelectFieldData
15/02/2006 11:42:21 org.republic.ParseFileSheet makeNewDataColumn
INFO: Output Data: 10 end: 12
15/02/2006 11:42:21 org.republic.ParseFileSheet makeNewDataColumn
INFO: Report Line: po79348    7 RC43964  VIS000   12/12/05 10   342-0403154            32,130.00 EA       0.295        9,478.35        9,478.35        947.84 no                                                                     no, Value Extracted:   7
15/02/2006 11:42:21 org.republic.ParseFileSheet checkReportLine
INFO: SelectFieldData
15/02/2006 11:42:21 org.republic.ParseFileSheet makeNewDataColumn
INFO: Output Data: 14 end: 21
15/02/2006 11:42:21 org.republic.ParseFileSheet makeNewDataColumn
INFO: Report Line: po79348    7 RC43964  VIS000   12/12/05 10   342-0403154            32,130.00 EA       0.295        9,478.35        9,478.35        947.84 no                                                                     no, Value Extracted: RC43964 
15/02/2006 11:42:21 org.republic.ParseFileSheet checkReportLine
INFO: SelectFieldData
15/02/2006 11:42:21 org.republic.ParseFileSheet makeNewDataColumn
INFO: Output Data: 23 end: 30
15/02/2006 11:42:21 org.republic.ParseFileSheet makeNewDataColumn
INFO: Report Line: po79348    7 RC43964  VIS000   12/12/05 10   342-0403154            32,130.00 EA       0.295        9,478.35        9,478.35        947.84 no                                                                     no, Value Extracted: VIS000  
15/02/2006 11:42:21 org.republic.ParseFileSheet checkReportLine
INFO: SelectFieldData
15/02/2006 11:42:21 org.republic.ParseFileSheet makeNewDataColumn
INFO: Output Data: 32 end: 39
15/02/2006 11:42:21 org.republic.ParseFileSheet makeNewDataColumn
INFO: Report Line: po79348    7 RC43964  VIS000   12/12/05 10   342-0403154            32,130.00 EA       0.295        9,478.35        9,478.35        947.84 no                                                                     no, Value Extracted: 12/12/05
15/02/2006 11:42:21 org.republic.ParseFileSheet checkReportLine
INFO: SelectFieldData
15/02/2006 11:42:21 org.republic.ParseFileSheet makeNewDataColumn
INFO: Output Data: 41 end: 44
15/02/2006 11:42:21 org.republic.ParseFileSheet makeNewDataColumn
INFO: Report Line: po79348    7 RC43964  VIS000   12/12/05 10   342-0403154            32,130.00 EA       0.295        9,478.35        9,478.35        947.84 no                                                                     no, Value Extracted: 10  
15/02/2006 11:42:21 org.republic.ParseFileSheet checkReportLine
INFO: SelectFieldData
15/02/2006 11:42:21 org.republic.ParseFileSheet makeNewDataColumn
INFO: Output Data: 46 end: 63
15/02/2006 11:42:21 org.republic.ParseFileSheet makeNewDataColumn
INFO: Report Line: po79348    7 RC43964  VIS000   12/12/05 10   342-0403154            32,130.00 EA       0.295        9,478.35        9,478.35        947.84 no                                                                     no, Value Extracted: 342-0403154       
15/02/2006 11:42:21 org.republic.ParseFileSheet checkReportLine
INFO: SelectFieldData
15/02/2006 11:42:21 org.republic.ParseFileSheet makeNewDataColumn
INFO: Output Data: 65 end: 77
15/02/2006 11:42:21 org.republic.ParseFileSheet makeNewDataColumn
INFO: Report Line: po79348    7 RC43964  VIS000   12/12/05 10   342-0403154            32,130.00 EA       0.295        9,478.35        9,478.35        947.84 no                                                                     no, Value Extracted:     32,130.00
15/02/2006 11:42:21 org.republic.ParseFileSheet checkReportLine
INFO: SelectFieldData
15/02/2006 11:42:21 org.republic.ParseFileSheet makeNewDataColumn
INFO: Output Data: 79 end: 80
15/02/2006 11:42:21 org.republic.ParseFileSheet makeNewDataColumn
INFO: Report Line: po79348    7 RC43964  VIS000   12/12/05 10   342-0403154            32,130.00 EA       0.295        9,478.35        9,478.35        947.84 no                                                                     no, Value Extracted: EA
15/02/2006 11:42:21 org.republic.ParseFileSheet checkReportLine
INFO: SelectFieldData
15/02/2006 11:42:21 org.republic.ParseFileSheet makeNewDataColumn
INFO: Output Data: 82 end: 92
15/02/2006 11:42:21 org.republic.ParseFileSheet makeNewDataColumn
INFO: Report Line: po79348    7 RC43964  VIS000   12/12/05 10   342-0403154            32,130.00 EA       0.295        9,478.35        9,478.35        947.84 no                                                                     no, Value Extracted:       0.295
15/02/2006 11:42:21 org.republic.ParseFileSheet checkReportLine
INFO: SelectFieldData
15/02/2006 11:42:21 org.republic.ParseFileSheet makeNewDataColumn
INFO: Output Data: 94 end: 108
15/02/2006 11:42:21 org.republic.ParseFileSheet makeNewDataColumn
INFO: Report Line: po79348    7 RC43964  VIS000   12/12/05 10   342-0403154            32,130.00 EA       0.295        9,478.35        9,478.35        947.84 no                                                                     no, Value Extracted:        9,478.35
15/02/2006 11:42:21 org.republic.ParseFileSheet checkReportLine
INFO: SelectFieldData
15/02/2006 11:42:21 org.republic.ParseFileSheet makeNewDataColumn
INFO: Output Data: 110 end: 124
15/02/2006 11:42:21 org.republic.ParseFileSheet makeNewDataColumn
INFO: Report Line: po79348    7 RC43964  VIS000   12/12/05 10   342-0403154            32,130.00 EA       0.295        9,478.35        9,478.35        947.84 no                                                                     no, Value Extracted:        9,478.35
15/02/2006 11:42:21 org.republic.ParseFileSheet checkReportLine
INFO: SelectFieldData
15/02/2006 11:42:21 org.republic.ParseFileSheet makeNewDataColumn
INFO: Output Data: 126 end: 138
15/02/2006 11:42:21 org.republic.ParseFileSheet makeNewDataColumn
INFO: Report Line: po79348    7 RC43964  VIS000   12/12/05 10   342-0403154            32,130.00 EA       0.295        9,478.35        9,478.35        947.84 no                                                                     no, Value Extracted:        947.84
15/02/2006 11:42:21 org.republic.ParseFileSheet checkReportLine
INFO: SelectFieldData
15/02/2006 11:42:21 org.republic.ParseFileSheet makeNewDataColumn
INFO: Output Data: 140 end: 142
15/02/2006 11:42:21 org.republic.ParseFileSheet makeNewDataColumn
INFO: Report Line: po79348    7 RC43964  VIS000   12/12/05 10   342-0403154            32,130.00 EA       0.295        9,478.35        9,478.35        947.84 no                                                                     no, Value Extracted: no 
15/02/2006 11:42:21 org.republic.ParseFileSheet checkReportLine
INFO: SelectFieldData
15/02/2006 11:42:21 org.republic.ParseFileSheet makeNewDataColumn
INFO: Output Data: 144 end: 151
15/02/2006 11:42:21 org.republic.ParseFileSheet makeNewDataColumn
INFO: Report Line: po79348    7 RC43964  VIS000   12/12/05 10   342-0403154            32,130.00 EA       0.295        9,478.35        9,478.35        947.84 no                                                                     no, Value Extracted:         
15/02/2006 11:42:21 org.republic.ParseFileSheet checkReportLine
INFO: SelectFieldData
15/02/2006 11:42:21 org.republic.ParseFileSheet makeNewDataColumn
INFO: Output Data: 153 end: 163
15/02/2006 11:42:21 org.republic.ParseFileSheet makeNewDataColumn
INFO: Report Line: po79348    7 RC43964  VIS000   12/12/05 10   342-0403154            32,130.00 EA       0.295        9,478.35        9,478.35        947.84 no                                                                     no, Value Extracted:            
15/02/2006 11:42:21 org.republic.ParseFileSheet checkReportLine
INFO: SelectFieldData
15/02/2006 11:42:21 org.republic.ParseFileSheet makeNewDataColumn
INFO: Output Data: 165 end: 179
15/02/2006 11:42:21 org.republic.ParseFileSheet makeNewDataColumn
INFO: Report Line: po79348    7 RC43964  VIS000   12/12/05 10   342-0403154            32,130.00 EA       0.295        9,478.35        9,478.35        947.84 no                                                                     no, Value Extracted:                
15/02/2006 11:42:21 org.republic.ParseFileSheet checkReportLine
INFO: SelectFieldData
15/02/2006 11:42:21 org.republic.ParseFileSheet makeNewDataColumn
INFO: Output Data: 181 end: 188
15/02/2006 11:42:21 org.republic.ParseFileSheet makeNewDataColumn
INFO: Report Line: po79348    7 RC43964  VIS000   12/12/05 10   342-0403154            32,130.00 EA       0.295        9,478.35        9,478.35        947.84 no                                                                     no, Value Extracted:         
15/02/2006 11:42:21 org.republic.ParseFileSheet checkReportLine
INFO: SelectFieldData
15/02/2006 11:42:21 org.republic.ParseFileSheet makeNewDataColumn
INFO: Output Data: 190 end: 207
15/02/2006 11:42:21 org.republic.ParseFileSheet makeNewDataColumn
INFO: Report Line: po79348    7 RC43964  VIS000   12/12/05 10   342-0403154            32,130.00 EA       0.295        9,478.35        9,478.35        947.84 no                                                                     no, Value Extracted:                   
15/02/2006 11:42:21 org.republic.ParseFileSheet checkReportLine
INFO: SelectFieldData
15/02/2006 11:42:21 org.republic.ParseFileSheet makeNewDataColumn
INFO: Output Data: 209 end: 209
15/02/2006 11:42:21 org.republic.ParseFileSheet makeNewDataColumn
INFO: Report Line: po79348    7 RC43964  VIS000   12/12/05 10   342-0403154            32,130.00 EA       0.295        9,478.35        9,478.35        947.84 no                                                                     no, Value Extracted:  
15/02/2006 11:42:21 org.republic.ParseFileSheet checkReportLine
INFO: SelectFieldData
15/02/2006 11:42:21 org.republic.ParseFileSheet makeNewDataColumn
INFO: Output Data: 211 end: 213
15/02/2006 11:42:21 org.republic.ParseFileSheet makeNewDataColumn
INFO: Report Line: po79348    7 RC43964  VIS000   12/12/05 10   342-0403154            32,130.00 EA       0.295        9,478.35        9,478.35        947.84 no                                                                     no, Value Extracted: no
15/02/2006 11:42:21 org.republic.ParseFileSheet parseInputFile
INFO: line:16 , line length() 212
15/02/2006 11:42:21 org.republic.ParseFileSheet parseInputFile
INFO: >>>>First char:112 new page?: false
15/02/2006 11:42:21 org.republic.ParseFileSheet parseInputFile
INFO: File Line:16, report page pos 16 , line:po79348    7 RC44060  VIS000   16/12/05 10   342-0403154             6,300.00 EA       0.295        1,858.50        1,858.50        185.85 no                                                                     no
15/02/2006 11:42:21 org.republic.ParseFileSheet checkReportLine
INFO: NewRowIf
15/02/2006 11:42:21 org.republic.ParseFileSheet ruleMatchesReportLine
INFO: comparing: 'po79348 ' with '        '
15/02/2006 11:42:21 org.republic.ParseFileSheet ruleMatchesReportLine
INFO: not blank: true
15/02/2006 11:42:21 org.republic.ParseFileSheet ruleMatchesReportLine
INFO: not blank Len: '8'
15/02/2006 11:42:21 org.republic.ParseFileSheet checkReportLine
INFO: SelectFieldData
15/02/2006 11:42:21 org.republic.ParseFileSheet makeNewDataColumn
INFO: Output Data: 1 end: 8
15/02/2006 11:42:21 org.republic.ParseFileSheet makeNewDataColumn
INFO: Report Line: po79348    7 RC44060  VIS000   16/12/05 10   342-0403154             6,300.00 EA       0.295        1,858.50        1,858.50        185.85 no                                                                     no, Value Extracted: po79348 
15/02/2006 11:42:21 org.republic.ParseFileSheet checkReportLine
INFO: SelectFieldData
15/02/2006 11:42:21 org.republic.ParseFileSheet makeNewDataColumn
INFO: Output Data: 10 end: 12
15/02/2006 11:42:21 org.republic.ParseFileSheet makeNewDataColumn
INFO: Report Line: po79348    7 RC44060  VIS000   16/12/05 10   342-0403154             6,300.00 EA       0.295        1,858.50        1,858.50        185.85 no                                                                     no, Value Extracted:   7
15/02/2006 11:42:21 org.republic.ParseFileSheet checkReportLine
INFO: SelectFieldData
15/02/2006 11:42:21 org.republic.ParseFileSheet makeNewDataColumn
INFO: Output Data: 14 end: 21
15/02/2006 11:42:21 org.republic.ParseFileSheet makeNewDataColumn
INFO: Report Line: po79348    7 RC44060  VIS000   16/12/05 10   342-0403154             6,300.00 EA       0.295        1,858.50        1,858.50        185.85 no                                                                     no, Value Extracted: RC44060 
15/02/2006 11:42:21 org.republic.ParseFileSheet checkReportLine
INFO: SelectFieldData
15/02/2006 11:42:21 org.republic.ParseFileSheet makeNewDataColumn
INFO: Output Data: 23 end: 30
15/02/2006 11:42:21 org.republic.ParseFileSheet makeNewDataColumn
INFO: Report Line: po79348    7 RC44060  VIS000   16/12/05 10   342-0403154             6,300.00 EA       0.295        1,858.50        1,858.50        185.85 no                                                                     no, Value Extracted: VIS000  
15/02/2006 11:42:21 org.republic.ParseFileSheet checkReportLine
INFO: SelectFieldData
15/02/2006 11:42:21 org.republic.ParseFileSheet makeNewDataColumn
INFO: Output Data: 32 end: 39
15/02/2006 11:42:21 org.republic.ParseFileSheet makeNewDataColumn
INFO: Report Line: po79348    7 RC44060  VIS000   16/12/05 10   342-0403154             6,300.00 EA       0.295        1,858.50        1,858.50        185.85 no                                                                     no, Value Extracted: 16/12/05
15/02/2006 11:42:21 org.republic.ParseFileSheet checkReportLine
INFO: SelectFieldData
15/02/2006 11:42:21 org.republic.ParseFileSheet makeNewDataColumn
INFO: Output Data: 41 end: 44
15/02/2006 11:42:21 org.republic.ParseFileSheet makeNewDataColumn
INFO: Report Line: po79348    7 RC44060  VIS000   16/12/05 10   342-0403154             6,300.00 EA       0.295        1,858.50        1,858.50        185.85 no                                                                     no, Value Extracted: 10  
15/02/2006 11:42:21 org.republic.ParseFileSheet checkReportLine
INFO: SelectFieldData
15/02/2006 11:42:21 org.republic.ParseFileSheet makeNewDataColumn
INFO: Output Data: 46 end: 63
15/02/2006 11:42:21 org.republic.ParseFileSheet makeNewDataColumn
INFO: Report Line: po79348    7 RC44060  VIS000   16/12/05 10   342-0403154             6,300.00 EA       0.295        1,858.50        1,858.50        185.85 no                                                                     no, Value Extracted: 342-0403154       
15/02/2006 11:42:21 org.republic.ParseFileSheet checkReportLine
INFO: SelectFieldData
15/02/2006 11:42:21 org.republic.ParseFileSheet makeNewDataColumn
INFO: Output Data: 65 end: 77
15/02/2006 11:42:21 org.republic.ParseFileSheet makeNewDataColumn
INFO: Report Line: po79348    7 RC44060  VIS000   16/12/05 10   342-0403154             6,300.00 EA       0.295        1,858.50        1,858.50        185.85 no                                                                     no, Value Extracted:      6,300.00
15/02/2006 11:42:21 org.republic.ParseFileSheet checkReportLine
INFO: SelectFieldData
15/02/2006 11:42:21 org.republic.ParseFileSheet makeNewDataColumn
INFO: Output Data: 79 end: 80
15/02/2006 11:42:21 org.republic.ParseFileSheet makeNewDataColumn
INFO: Report Line: po79348    7 RC44060  VIS000   16/12/05 10   342-0403154             6,300.00 EA       0.295        1,858.50        1,858.50        185.85 no                                                                     no, Value Extracted: EA
15/02/2006 11:42:21 org.republic.ParseFileSheet checkReportLine
INFO: SelectFieldData
15/02/2006 11:42:21 org.republic.ParseFileSheet makeNewDataColumn
INFO: Output Data: 82 end: 92
15/02/2006 11:42:21 org.republic.ParseFileSheet makeNewDataColumn
INFO: Report Line: po79348    7 RC44060  VIS000   16/12/05 10   342-0403154             6,300.00 EA       0.295        1,858.50        1,858.50        185.85 no                                                                     no, Value Extracted:       0.295
15/02/2006 11:42:21 org.republic.ParseFileSheet checkReportLine
INFO: SelectFieldData
15/02/2006 11:42:21 org.republic.ParseFileSheet makeNewDataColumn
INFO: Output Data: 94 end: 108
15/02/2006 11:42:21 org.republic.ParseFileSheet makeNewDataColumn
INFO: Report Line: po79348    7 RC44060  VIS000   16/12/05 10   342-0403154             6,300.00 EA       0.295        1,858.50        1,858.50        185.85 no                                                                     no, Value Extracted:        1,858.50
15/02/2006 11:42:21 org.republic.ParseFileSheet checkReportLine
INFO: SelectFieldData
15/02/2006 11:42:21 org.republic.ParseFileSheet makeNewDataColumn
INFO: Output Data: 110 end: 124
15/02/2006 11:42:21 org.republic.ParseFileSheet makeNewDataColumn
INFO: Report Line: po79348    7 RC44060  VIS000   16/12/05 10   342-0403154             6,300.00 EA       0.295        1,858.50        1,858.50        185.85 no                                                                     no, Value Extracted:        1,858.50
15/02/2006 11:42:21 org.republic.ParseFileSheet checkReportLine
INFO: SelectFieldData
15/02/2006 11:42:21 org.republic.ParseFileSheet makeNewDataColumn
INFO: Output Data: 126 end: 138
15/02/2006 11:42:21 org.republic.ParseFileSheet makeNewDataColumn
INFO: Report Line: po79348    7 RC44060  VIS000   16/12/05 10   342-0403154             6,300.00 EA       0.295        1,858.50        1,858.50        185.85 no                                                                     no, Value Extracted:        185.85
15/02/2006 11:42:21 org.republic.ParseFileSheet checkReportLine
INFO: SelectFieldData
15/02/2006 11:42:21 org.republic.ParseFileSheet makeNewDataColumn
INFO: Output Data: 140 end: 142
15/02/2006 11:42:21 org.republic.ParseFileSheet makeNewDataColumn
INFO: Report Line: po79348    7 RC44060  VIS000   16/12/05 10   342-0403154             6,300.00 EA       0.295        1,858.50        1,858.50        185.85 no                                                                     no, Value Extracted: no 
15/02/2006 11:42:21 org.republic.ParseFileSheet checkReportLine
INFO: SelectFieldData
15/02/2006 11:42:21 org.republic.ParseFileSheet makeNewDataColumn
INFO: Output Data: 144 end: 151
15/02/2006 11:42:21 org.republic.ParseFileSheet makeNewDataColumn
INFO: Report Line: po79348    7 RC44060  VIS000   16/12/05 10   342-0403154             6,300.00 EA       0.295        1,858.50        1,858.50        185.85 no                                                                     no, Value Extracted:         
15/02/2006 11:42:21 org.republic.ParseFileSheet checkReportLine
INFO: SelectFieldData
15/02/2006 11:42:21 org.republic.ParseFileSheet makeNewDataColumn
INFO: Output Data: 153 end: 163
15/02/2006 11:42:21 org.republic.ParseFileSheet makeNewDataColumn
INFO: Report Line: po79348    7 RC44060  VIS000   16/12/05 10   342-0403154             6,300.00 EA       0.295        1,858.50        1,858.50        185.85 no                                                                     no, Value Extracted:            
15/02/2006 11:42:21 org.republic.ParseFileSheet checkReportLine
INFO: SelectFieldData
15/02/2006 11:42:21 org.republic.ParseFileSheet makeNewDataColumn
INFO: Output Data: 165 end: 179
15/02/2006 11:42:21 org.republic.ParseFileSheet makeNewDataColumn
INFO: Report Line: po79348    7 RC44060  VIS000   16/12/05 10   342-0403154             6,300.00 EA       0.295        1,858.50        1,858.50        185.85 no                                                                     no, Value Extracted:                
15/02/2006 11:42:21 org.republic.ParseFileSheet checkReportLine
INFO: SelectFieldData
15/02/2006 11:42:21 org.republic.ParseFileSheet makeNewDataColumn
INFO: Output Data: 181 end: 188
15/02/2006 11:42:21 org.republic.ParseFileSheet makeNewDataColumn
INFO: Report Line: po79348    7 RC44060  VIS000   16/12/05 10   342-0403154             6,300.00 EA       0.295        1,858.50        1,858.50        185.85 no                                                                     no, Value Extracted:         
15/02/2006 11:42:21 org.republic.ParseFileSheet checkReportLine
INFO: SelectFieldData
15/02/2006 11:42:21 org.republic.ParseFileSheet makeNewDataColumn
INFO: Output Data: 190 end: 207
15/02/2006 11:42:21 org.republic.ParseFileSheet makeNewDataColumn
INFO: Report Line: po79348    7 RC44060  VIS000   16/12/05 10   342-0403154             6,300.00 EA       0.295        1,858.50        1,858.50        185.85 no                                                                     no, Value Extracted:                   
15/02/2006 11:42:21 org.republic.ParseFileSheet checkReportLine
INFO: SelectFieldData
15/02/2006 11:42:21 org.republic.ParseFileSheet makeNewDataColumn
INFO: Output Data: 209 end: 209
15/02/2006 11:42:21 org.republic.ParseFileSheet makeNewDataColumn
INFO: Report Line: po79348    7 RC44060  VIS000   16/12/05 10   342-0403154             6,300.00 EA       0.295        1,858.50        1,858.50        185.85 no                                                                     no, Value Extracted:  
15/02/2006 11:42:21 org.republic.ParseFileSheet checkReportLine
INFO: SelectFieldData
15/02/2006 11:42:21 org.republic.ParseFileSheet makeNewDataColumn
INFO: Output Data: 211 end: 213
15/02/2006 11:42:21 org.republic.ParseFileSheet makeNewDataColumn
INFO: Report Line: po79348    7 RC44060  VIS000   16/12/05 10   342-0403154             6,300.00 EA       0.295        1,858.50        1,858.50        185.85 no                                                                     no, Value Extracted: no
15/02/2006 11:42:21 org.republic.ParseFileSheet parseInputFile
INFO: line:17 , line length() 212
15/02/2006 11:42:21 org.republic.ParseFileSheet parseInputFile
INFO: >>>>First char:112 new page?: false
15/02/2006 11:42:21 org.republic.ParseFileSheet parseInputFile
INFO: File Line:17, report page pos 17 , line:po79348    8 RC43964  VIS000   12/12/05 10   342-0430804            19,320.00 EA       0.295        5,699.40        5,699.40        569.94 no                                                                     no
15/02/2006 11:42:21 org.republic.ParseFileSheet checkReportLine
INFO: NewRowIf
15/02/2006 11:42:21 org.republic.ParseFileSheet ruleMatchesReportLine
INFO: comparing: 'po79348 ' with '        '
15/02/2006 11:42:21 org.republic.ParseFileSheet ruleMatchesReportLine
INFO: not blank: true
15/02/2006 11:42:21 org.republic.ParseFileSheet ruleMatchesReportLine
INFO: not blank Len: '8'
15/02/2006 11:42:21 org.republic.ParseFileSheet checkReportLine
INFO: SelectFieldData
15/02/2006 11:42:21 org.republic.ParseFileSheet makeNewDataColumn
INFO: Output Data: 1 end: 8
15/02/2006 11:42:21 org.republic.ParseFileSheet makeNewDataColumn
INFO: Report Line: po79348    8 RC43964  VIS000   12/12/05 10   342-0430804            19,320.00 EA       0.295        5,699.40        5,699.40        569.94 no                                                                     no, Value Extracted: po79348 
15/02/2006 11:42:21 org.republic.ParseFileSheet checkReportLine
INFO: SelectFieldData
15/02/2006 11:42:21 org.republic.ParseFileSheet makeNewDataColumn
INFO: Output Data: 10 end: 12
15/02/2006 11:42:21 org.republic.ParseFileSheet makeNewDataColumn
INFO: Report Line: po79348    8 RC43964  VIS000   12/12/05 10   342-0430804            19,320.00 EA       0.295        5,699.40        5,699.40        569.94 no                                                                     no, Value Extracted:   8
15/02/2006 11:42:21 org.republic.ParseFileSheet checkReportLine
INFO: SelectFieldData
15/02/2006 11:42:21 org.republic.ParseFileSheet makeNewDataColumn
INFO: Output Data: 14 end: 21
15/02/2006 11:42:21 org.republic.ParseFileSheet makeNewDataColumn
INFO: Report Line: po79348    8 RC43964  VIS000   12/12/05 10   342-0430804            19,320.00 EA       0.295        5,699.40        5,699.40        569.94 no                                                                     no, Value Extracted: RC43964 
15/02/2006 11:42:21 org.republic.ParseFileSheet checkReportLine
INFO: SelectFieldData
15/02/2006 11:42:21 org.republic.ParseFileSheet makeNewDataColumn
INFO: Output Data: 23 end: 30
15/02/2006 11:42:21 org.republic.ParseFileSheet makeNewDataColumn
INFO: Report Line: po79348    8 RC43964  VIS000   12/12/05 10   342-0430804            19,320.00 EA       0.295        5,699.40        5,699.40        569.94 no                                                                     no, Value Extracted: VIS000  
15/02/2006 11:42:21 org.republic.ParseFileSheet checkReportLine
INFO: SelectFieldData
15/02/2006 11:42:21 org.republic.ParseFileSheet makeNewDataColumn
INFO: Output Data: 32 end: 39
15/02/2006 11:42:21 org.republic.ParseFileSheet makeNewDataColumn
INFO: Report Line: po79348    8 RC43964  VIS000   12/12/05 10   342-0430804            19,320.00 EA       0.295        5,699.40        5,699.40        569.94 no                                                                     no, Value Extracted: 12/12/05
15/02/2006 11:42:21 org.republic.ParseFileSheet checkReportLine
INFO: SelectFieldData
15/02/2006 11:42:21 org.republic.ParseFileSheet makeNewDataColumn
INFO: Output Data: 41 end: 44
15/02/2006 11:42:21 org.republic.ParseFileSheet makeNewDataColumn
INFO: Report Line: po79348    8 RC43964  VIS000   12/12/05 10   342-0430804            19,320.00 EA       0.295        5,699.40        5,699.40        569.94 no                                                                     no, Value Extracted: 10  
15/02/2006 11:42:21 org.republic.ParseFileSheet checkReportLine
INFO: SelectFieldData
15/02/2006 11:42:21 org.republic.ParseFileSheet makeNewDataColumn
INFO: Output Data: 46 end: 63
15/02/2006 11:42:21 org.republic.ParseFileSheet makeNewDataColumn
INFO: Report Line: po79348    8 RC43964  VIS000   12/12/05 10   342-0430804            19,320.00 EA       0.295        5,699.40        5,699.40        569.94 no                                                                     no, Value Extracted: 342-0430804       
15/02/2006 11:42:21 org.republic.ParseFileSheet checkReportLine
INFO: SelectFieldData
15/02/2006 11:42:21 org.republic.ParseFileSheet makeNewDataColumn
INFO: Output Data: 65 end: 77
15/02/2006 11:42:21 org.republic.ParseFileSheet makeNewDataColumn
INFO: Report Line: po79348    8 RC43964  VIS000   12/12/05 10   342-0430804            19,320.00 EA       0.295        5,699.40        5,699.40        569.94 no                                                                     no, Value Extracted:     19,320.00
15/02/2006 11:42:21 org.republic.ParseFileSheet checkReportLine
INFO: SelectFieldData
15/02/2006 11:42:21 org.republic.ParseFileSheet makeNewDataColumn
INFO: Output Data: 79 end: 80
15/02/2006 11:42:21 org.republic.ParseFileSheet makeNewDataColumn
INFO: Report Line: po79348    8 RC43964  VIS000   12/12/05 10   342-0430804            19,320.00 EA       0.295        5,699.40        5,699.40        569.94 no                                                                     no, Value Extracted: EA
15/02/2006 11:42:21 org.republic.ParseFileSheet checkReportLine
INFO: SelectFieldData
15/02/2006 11:42:21 org.republic.ParseFileSheet makeNewDataColumn
INFO: Output Data: 82 end: 92
15/02/2006 11:42:21 org.republic.ParseFileSheet makeNewDataColumn
INFO: Report Line: po79348    8 RC43964  VIS000   12/12/05 10   342-0430804            19,320.00 EA       0.295        5,699.40        5,699.40        569.94 no                                                                     no, Value Extracted:       0.295
15/02/2006 11:42:21 org.republic.ParseFileSheet checkReportLine
INFO: SelectFieldData
15/02/2006 11:42:21 org.republic.ParseFileSheet makeNewDataColumn
INFO: Output Data: 94 end: 108
15/02/2006 11:42:21 org.republic.ParseFileSheet makeNewDataColumn
INFO: Report Line: po79348    8 RC43964  VIS000   12/12/05 10   342-0430804            19,320.00 EA       0.295        5,699.40        5,699.40        569.94 no                                                                     no, Value Extracted:        5,699.40
15/02/2006 11:42:21 org.republic.ParseFileSheet checkReportLine
INFO: SelectFieldData
15/02/2006 11:42:21 org.republic.ParseFileSheet makeNewDataColumn
INFO: Output Data: 110 end: 124
15/02/2006 11:42:21 org.republic.ParseFileSheet makeNewDataColumn
INFO: Report Line: po79348    8 RC43964  VIS000   12/12/05 10   342-0430804            19,320.00 EA       0.295        5,699.40        5,699.40        569.94 no                                                                     no, Value Extracted:        5,699.40
15/02/2006 11:42:21 org.republic.ParseFileSheet checkReportLine
INFO: SelectFieldData
15/02/2006 11:42:21 org.republic.ParseFileSheet makeNewDataColumn
INFO: Output Data: 126 end: 138
15/02/2006 11:42:21 org.republic.ParseFileSheet makeNewDataColumn
INFO: Report Line: po79348    8 RC43964  VIS000   12/12/05 10   342-0430804            19,320.00 EA       0.295        5,699.40        5,699.40        569.94 no                                                                     no, Value Extracted:        569.94
15/02/2006 11:42:21 org.republic.ParseFileSheet checkReportLine
INFO: SelectFieldData
15/02/2006 11:42:21 org.republic.ParseFileSheet makeNewDataColumn
INFO: Output Data: 140 end: 142
15/02/2006 11:42:21 org.republic.ParseFileSheet makeNewDataColumn
INFO: Report Line: po79348    8 RC43964  VIS000   12/12/05 10   342-0430804            19,320.00 EA       0.295        5,699.40        5,699.40        569.94 no                                                                     no, Value Extracted: no 
15/02/2006 11:42:21 org.republic.ParseFileSheet checkReportLine
INFO: SelectFieldData
15/02/2006 11:42:21 org.republic.ParseFileSheet makeNewDataColumn
INFO: Output Data: 144 end: 151
15/02/2006 11:42:21 org.republic.ParseFileSheet makeNewDataColumn
INFO: Report Line: po79348    8 RC43964  VIS000   12/12/05 10   342-0430804            19,320.00 EA       0.295        5,699.40        5,699.40        569.94 no                                                                     no, Value Extracted:         
15/02/2006 11:42:21 org.republic.ParseFileSheet checkReportLine
INFO: SelectFieldData
15/02/2006 11:42:21 org.republic.ParseFileSheet makeNewDataColumn
INFO: Output Data: 153 end: 163
15/02/2006 11:42:21 org.republic.ParseFileSheet makeNewDataColumn
INFO: Report Line: po79348    8 RC43964  VIS000   12/12/05 10   342-0430804            19,320.00 EA       0.295        5,699.40        5,699.40        569.94 no                                                                     no, Value Extracted:            
15/02/2006 11:42:21 org.republic.ParseFileSheet checkReportLine
INFO: SelectFieldData
15/02/2006 11:42:21 org.republic.ParseFileSheet makeNewDataColumn
INFO: Output Data: 165 end: 179
15/02/2006 11:42:21 org.republic.ParseFileSheet makeNewDataColumn
INFO: Report Line: po79348    8 RC43964  VIS000   12/12/05 10   342-0430804            19,320.00 EA       0.295        5,699.40        5,699.40        569.94 no                                                                     no, Value Extracted:                
15/02/2006 11:42:21 org.republic.ParseFileSheet checkReportLine
INFO: SelectFieldData
15/02/2006 11:42:21 org.republic.ParseFileSheet makeNewDataColumn
INFO: Output Data: 181 end: 188
15/02/2006 11:42:21 org.republic.ParseFileSheet makeNewDataColumn
INFO: Report Line: po79348    8 RC43964  VIS000   12/12/05 10   342-0430804            19,320.00 EA       0.295        5,699.40        5,699.40        569.94 no                                                                     no, Value Extracted:         
15/02/2006 11:42:21 org.republic.ParseFileSheet checkReportLine
INFO: SelectFieldData
15/02/2006 11:42:21 org.republic.ParseFileSheet makeNewDataColumn
INFO: Output Data: 190 end: 207
15/02/2006 11:42:21 org.republic.ParseFileSheet makeNewDataColumn
INFO: Report Line: po79348    8 RC43964  VIS000   12/12/05 10   342-0430804            19,320.00 EA       0.295        5,699.40        5,699.40        569.94 no                                                                     no, Value Extracted:                   
15/02/2006 11:42:21 org.republic.ParseFileSheet checkReportLine
INFO: SelectFieldData
15/02/2006 11:42:21 org.republic.ParseFileSheet makeNewDataColumn
INFO: Output Data: 209 end: 209
15/02/2006 11:42:21 org.republic.ParseFileSheet makeNewDataColumn
INFO: Report Line: po79348    8 RC43964  VIS000   12/12/05 10   342-0430804            19,320.00 EA       0.295        5,699.40        5,699.40        569.94 no                                                                     no, Value Extracted:  
15/02/2006 11:42:21 org.republic.ParseFileSheet checkReportLine
INFO: SelectFieldData
15/02/2006 11:42:21 org.republic.ParseFileSheet makeNewDataColumn
INFO: Output Data: 211 end: 213
15/02/2006 11:42:21 org.republic.ParseFileSheet makeNewDataColumn
INFO: Report Line: po79348    8 RC43964  VIS000   12/12/05 10   342-0430804            19,320.00 EA       0.295        5,699.40        5,699.40        569.94 no                                                                     no, Value Extracted: no
15/02/2006 11:42:21 org.republic.ParseFileSheet parseInputFile
INFO: line:18 , line length() 212
15/02/2006 11:42:21 org.republic.ParseFileSheet parseInputFile
INFO: >>>>First char:112 new page?: false
15/02/2006 11:42:21 org.republic.ParseFileSheet parseInputFile
INFO: File Line:18, report page pos 18 , line:po79348    9 RC43964  VIS000   12/12/05 10   342-0430854            19,530.00 EA       0.295        5,761.35        5,761.35        576.14 no                                                                     no
15/02/2006 11:42:21 org.republic.ParseFileSheet checkReportLine
INFO: NewRowIf
15/02/2006 11:42:21 org.republic.ParseFileSheet ruleMatchesReportLine
INFO: comparing: 'po79348 ' with '        '
15/02/2006 11:42:21 org.republic.ParseFileSheet ruleMatchesReportLine
INFO: not blank: true
15/02/2006 11:42:21 org.republic.ParseFileSheet ruleMatchesReportLine
INFO: not blank Len: '8'
15/02/2006 11:42:21 org.republic.ParseFileSheet checkReportLine
INFO: SelectFieldData
15/02/2006 11:42:21 org.republic.ParseFileSheet makeNewDataColumn
INFO: Output Data: 1 end: 8
15/02/2006 11:42:21 org.republic.ParseFileSheet makeNewDataColumn
INFO: Report Line: po79348    9 RC43964  VIS000   12/12/05 10   342-0430854            19,530.00 EA       0.295        5,761.35        5,761.35        576.14 no                                                                     no, Value Extracted: po79348 
15/02/2006 11:42:21 org.republic.ParseFileSheet checkReportLine
INFO: SelectFieldData
15/02/2006 11:42:21 org.republic.ParseFileSheet makeNewDataColumn
INFO: Output Data: 10 end: 12
15/02/2006 11:42:21 org.republic.ParseFileSheet makeNewDataColumn
INFO: Report Line: po79348    9 RC43964  VIS000   12/12/05 10   342-0430854            19,530.00 EA       0.295        5,761.35        5,761.35        576.14 no                                                                     no, Value Extracted:   9
15/02/2006 11:42:21 org.republic.ParseFileSheet checkReportLine
INFO: SelectFieldData
15/02/2006 11:42:21 org.republic.ParseFileSheet makeNewDataColumn
INFO: Output Data: 14 end: 21
15/02/2006 11:42:21 org.republic.ParseFileSheet makeNewDataColumn
INFO: Report Line: po79348    9 RC43964  VIS000   12/12/05 10   342-0430854            19,530.00 EA       0.295        5,761.35        5,761.35        576.14 no                                                                     no, Value Extracted: RC43964 
15/02/2006 11:42:21 org.republic.ParseFileSheet checkReportLine
INFO: SelectFieldData
15/02/2006 11:42:21 org.republic.ParseFileSheet makeNewDataColumn
INFO: Output Data: 23 end: 30
15/02/2006 11:42:21 org.republic.ParseFileSheet makeNewDataColumn
INFO: Report Line: po79348    9 RC43964  VIS000   12/12/05 10   342-0430854            19,530.00 EA       0.295        5,761.35        5,761.35        576.14 no                                                                     no, Value Extracted: VIS000  
15/02/2006 11:42:21 org.republic.ParseFileSheet checkReportLine
INFO: SelectFieldData
15/02/2006 11:42:21 org.republic.ParseFileSheet makeNewDataColumn
INFO: Output Data: 32 end: 39
15/02/2006 11:42:21 org.republic.ParseFileSheet makeNewDataColumn
INFO: Report Line: po79348    9 RC43964  VIS000   12/12/05 10   342-0430854            19,530.00 EA       0.295        5,761.35        5,761.35        576.14 no                                                                     no, Value Extracted: 12/12/05
15/02/2006 11:42:21 org.republic.ParseFileSheet checkReportLine
INFO: SelectFieldData
15/02/2006 11:42:21 org.republic.ParseFileSheet makeNewDataColumn
INFO: Output Data: 41 end: 44
15/02/2006 11:42:21 org.republic.ParseFileSheet makeNewDataColumn
INFO: Report Line: po79348    9 RC43964  VIS000   12/12/05 10   342-0430854            19,530.00 EA       0.295        5,761.35        5,761.35        576.14 no                                                                     no, Value Extracted: 10  
15/02/2006 11:42:21 org.republic.ParseFileSheet checkReportLine
INFO: SelectFieldData
15/02/2006 11:42:21 org.republic.ParseFileSheet makeNewDataColumn
INFO: Output Data: 46 end: 63
15/02/2006 11:42:21 org.republic.ParseFileSheet makeNewDataColumn
INFO: Report Line: po79348    9 RC43964  VIS000   12/12/05 10   342-0430854            19,530.00 EA       0.295        5,761.35        5,761.35        576.14 no                                                                     no, Value Extracted: 342-0430854       
15/02/2006 11:42:21 org.republic.ParseFileSheet checkReportLine
INFO: SelectFieldData
15/02/2006 11:42:21 org.republic.ParseFileSheet makeNewDataColumn
INFO: Output Data: 65 end: 77
15/02/2006 11:42:21 org.republic.ParseFileSheet makeNewDataColumn
INFO: Report Line: po79348    9 RC43964  VIS000   12/12/05 10   342-0430854            19,530.00 EA       0.295        5,761.35        5,761.35        576.14 no                                                                     no, Value Extracted:     19,530.00
15/02/2006 11:42:21 org.republic.ParseFileSheet checkReportLine
INFO: SelectFieldData
15/02/2006 11:42:21 org.republic.ParseFileSheet makeNewDataColumn
INFO: Output Data: 79 end: 80
15/02/2006 11:42:21 org.republic.ParseFileSheet makeNewDataColumn
INFO: Report Line: po79348    9 RC43964  VIS000   12/12/05 10   342-0430854            19,530.00 EA       0.295        5,761.35        5,761.35        576.14 no                                                                     no, Value Extracted: EA
15/02/2006 11:42:21 org.republic.ParseFileSheet checkReportLine
INFO: SelectFieldData
15/02/2006 11:42:21 org.republic.ParseFileSheet makeNewDataColumn
INFO: Output Data: 82 end: 92
15/02/2006 11:42:21 org.republic.ParseFileSheet makeNewDataColumn
INFO: Report Line: po79348    9 RC43964  VIS000   12/12/05 10   342-0430854            19,530.00 EA       0.295        5,761.35        5,761.35        576.14 no                                                                     no, Value Extracted:       0.295
15/02/2006 11:42:21 org.republic.ParseFileSheet checkReportLine
INFO: SelectFieldData
15/02/2006 11:42:21 org.republic.ParseFileSheet makeNewDataColumn
INFO: Output Data: 94 end: 108
15/02/2006 11:42:21 org.republic.ParseFileSheet makeNewDataColumn
INFO: Report Line: po79348    9 RC43964  VIS000   12/12/05 10   342-0430854            19,530.00 EA       0.295        5,761.35        5,761.35        576.14 no                                                                     no, Value Extracted:        5,761.35
15/02/2006 11:42:21 org.republic.ParseFileSheet checkReportLine
INFO: SelectFieldData
15/02/2006 11:42:21 org.republic.ParseFileSheet makeNewDataColumn
INFO: Output Data: 110 end: 124
15/02/2006 11:42:21 org.republic.ParseFileSheet makeNewDataColumn
INFO: Report Line: po79348    9 RC43964  VIS000   12/12/05 10   342-0430854            19,530.00 EA       0.295        5,761.35        5,761.35        576.14 no                                                                     no, Value Extracted:        5,761.35
15/02/2006 11:42:21 org.republic.ParseFileSheet checkReportLine
INFO: SelectFieldData
15/02/2006 11:42:21 org.republic.ParseFileSheet makeNewDataColumn
INFO: Output Data: 126 end: 138
15/02/2006 11:42:21 org.republic.ParseFileSheet makeNewDataColumn
INFO: Report Line: po79348    9 RC43964  VIS000   12/12/05 10   342-0430854            19,530.00 EA       0.295        5,761.35        5,761.35        576.14 no                                                                     no, Value Extracted:        576.14
15/02/2006 11:42:21 org.republic.ParseFileSheet checkReportLine
INFO: SelectFieldData
15/02/2006 11:42:21 org.republic.ParseFileSheet makeNewDataColumn
INFO: Output Data: 140 end: 142
15/02/2006 11:42:21 org.republic.ParseFileSheet makeNewDataColumn
INFO: Report Line: po79348    9 RC43964  VIS000   12/12/05 10   342-0430854            19,530.00 EA       0.295        5,761.35        5,761.35        576.14 no                                                                     no, Value Extracted: no 
15/02/2006 11:42:21 org.republic.ParseFileSheet checkReportLine
INFO: SelectFieldData
15/02/2006 11:42:21 org.republic.ParseFileSheet makeNewDataColumn
INFO: Output Data: 144 end: 151
15/02/2006 11:42:21 org.republic.ParseFileSheet makeNewDataColumn
INFO: Report Line: po79348    9 RC43964  VIS000   12/12/05 10   342-0430854            19,530.00 EA       0.295        5,761.35        5,761.35        576.14 no                                                                     no, Value Extracted:         
15/02/2006 11:42:21 org.republic.ParseFileSheet checkReportLine
INFO: SelectFieldData
15/02/2006 11:42:21 org.republic.ParseFileSheet makeNewDataColumn
INFO: Output Data: 153 end: 163
15/02/2006 11:42:21 org.republic.ParseFileSheet makeNewDataColumn
INFO: Report Line: po79348    9 RC43964  VIS000   12/12/05 10   342-0430854            19,530.00 EA       0.295        5,761.35        5,761.35        576.14 no                                                                     no, Value Extracted:            
15/02/2006 11:42:21 org.republic.ParseFileSheet checkReportLine
INFO: SelectFieldData
15/02/2006 11:42:21 org.republic.ParseFileSheet makeNewDataColumn
INFO: Output Data: 165 end: 179
15/02/2006 11:42:21 org.republic.ParseFileSheet makeNewDataColumn
INFO: Report Line: po79348    9 RC43964  VIS000   12/12/05 10   342-0430854            19,530.00 EA       0.295        5,761.35        5,761.35        576.14 no                                                                     no, Value Extracted:                
15/02/2006 11:42:21 org.republic.ParseFileSheet checkReportLine
INFO: SelectFieldData
15/02/2006 11:42:21 org.republic.ParseFileSheet makeNewDataColumn
INFO: Output Data: 181 end: 188
15/02/2006 11:42:21 org.republic.ParseFileSheet makeNewDataColumn
INFO: Report Line: po79348    9 RC43964  VIS000   12/12/05 10   342-0430854            19,530.00 EA       0.295        5,761.35        5,761.35        576.14 no                                                                     no, Value Extracted:         
15/02/2006 11:42:21 org.republic.ParseFileSheet checkReportLine
INFO: SelectFieldData
15/02/2006 11:42:21 org.republic.ParseFileSheet makeNewDataColumn
INFO: Output Data: 190 end: 207
15/02/2006 11:42:21 org.republic.ParseFileSheet makeNewDataColumn
INFO: Report Line: po79348    9 RC43964  VIS000   12/12/05 10   342-0430854            19,530.00 EA       0.295        5,761.35        5,761.35        576.14 no                                                                     no, Value Extracted:                   
15/02/2006 11:42:21 org.republic.ParseFileSheet checkReportLine
INFO: SelectFieldData
15/02/2006 11:42:21 org.republic.ParseFileSheet makeNewDataColumn
INFO: Output Data: 209 end: 209
15/02/2006 11:42:21 org.republic.ParseFileSheet makeNewDataColumn
INFO: Report Line: po79348    9 RC43964  VIS000   12/12/05 10   342-0430854            19,530.00 EA       0.295        5,761.35        5,761.35        576.14 no                                                                     no, Value Extracted:  
15/02/2006 11:42:21 org.republic.ParseFileSheet checkReportLine
INFO: SelectFieldData
15/02/2006 11:42:21 org.republic.ParseFileSheet makeNewDataColumn
INFO: Output Data: 211 end: 213
15/02/2006 11:42:21 org.republic.ParseFileSheet makeNewDataColumn
INFO: Report Line: po79348    9 RC43964  VIS000   12/12/05 10   342-0430854            19,530.00 EA       0.295        5,761.35        5,761.35        576.14 no                                                                     no, Value Extracted: no
15/02/2006 11:42:21 org.republic.ParseFileSheet parseInputFile
INFO: line:19 , line length() 212
15/02/2006 11:42:21 org.republic.ParseFileSheet parseInputFile
INFO: >>>>First char:80 new page?: false
15/02/2006 11:42:21 org.republic.ParseFileSheet parseInputFile
INFO: File Line:19, report page pos 19 , line:PO79384    1 RC42093  BOO004   19/08/05 34   799100                 17,500.00 EA       0.018          315.00          315.00         31.50 no                                                B424928              no
15/02/2006 11:42:21 org.republic.ParseFileSheet checkReportLine
INFO: NewRowIf
15/02/2006 11:42:21 org.republic.ParseFileSheet ruleMatchesReportLine
INFO: comparing: 'PO79384 ' with '        '
15/02/2006 11:42:21 org.republic.ParseFileSheet ruleMatchesReportLine
INFO: not blank: true
15/02/2006 11:42:21 org.republic.ParseFileSheet ruleMatchesReportLine
INFO: not blank Len: '8'
15/02/2006 11:42:21 org.republic.ParseFileSheet checkReportLine
INFO: SelectFieldData
15/02/2006 11:42:21 org.republic.ParseFileSheet makeNewDataColumn
INFO: Output Data: 1 end: 8
15/02/2006 11:42:21 org.republic.ParseFileSheet makeNewDataColumn
INFO: Report Line: PO79384    1 RC42093  BOO004   19/08/05 34   799100                 17,500.00 EA       0.018          315.00          315.00         31.50 no                                                B424928              no, Value Extracted: PO79384 
15/02/2006 11:42:21 org.republic.ParseFileSheet checkReportLine
INFO: SelectFieldData
15/02/2006 11:42:21 org.republic.ParseFileSheet makeNewDataColumn
INFO: Output Data: 10 end: 12
15/02/2006 11:42:21 org.republic.ParseFileSheet makeNewDataColumn
INFO: Report Line: PO79384    1 RC42093  BOO004   19/08/05 34   799100                 17,500.00 EA       0.018          315.00          315.00         31.50 no                                                B424928              no, Value Extracted:   1
15/02/2006 11:42:21 org.republic.ParseFileSheet checkReportLine
INFO: SelectFieldData
15/02/2006 11:42:21 org.republic.ParseFileSheet makeNewDataColumn
INFO: Output Data: 14 end: 21
15/02/2006 11:42:21 org.republic.ParseFileSheet makeNewDataColumn
INFO: Report Line: PO79384    1 RC42093  BOO004   19/08/05 34   799100                 17,500.00 EA       0.018          315.00          315.00         31.50 no                                                B424928              no, Value Extracted: RC42093 
15/02/2006 11:42:21 org.republic.ParseFileSheet checkReportLine
INFO: SelectFieldData
15/02/2006 11:42:21 org.republic.ParseFileSheet makeNewDataColumn
INFO: Output Data: 23 end: 30
15/02/2006 11:42:21 org.republic.ParseFileSheet makeNewDataColumn
INFO: Report Line: PO79384    1 RC42093  BOO004   19/08/05 34   799100                 17,500.00 EA       0.018          315.00          315.00         31.50 no                                                B424928              no, Value Extracted: BOO004  
15/02/2006 11:42:21 org.republic.ParseFileSheet checkReportLine
INFO: SelectFieldData
15/02/2006 11:42:21 org.republic.ParseFileSheet makeNewDataColumn
INFO: Output Data: 32 end: 39
15/02/2006 11:42:21 org.republic.ParseFileSheet makeNewDataColumn
INFO: Report Line: PO79384    1 RC42093  BOO004   19/08/05 34   799100                 17,500.00 EA       0.018          315.00          315.00         31.50 no                                                B424928              no, Value Extracted: 19/08/05
15/02/2006 11:42:21 org.republic.ParseFileSheet checkReportLine
INFO: SelectFieldData
15/02/2006 11:42:21 org.republic.ParseFileSheet makeNewDataColumn
INFO: Output Data: 41 end: 44
15/02/2006 11:42:21 org.republic.ParseFileSheet makeNewDataColumn
INFO: Report Line: PO79384    1 RC42093  BOO004   19/08/05 34   799100                 17,500.00 EA       0.018          315.00          315.00         31.50 no                                                B424928              no, Value Extracted: 34  
15/02/2006 11:42:21 org.republic.ParseFileSheet checkReportLine
INFO: SelectFieldData
15/02/2006 11:42:21 org.republic.ParseFileSheet makeNewDataColumn
INFO: Output Data: 46 end: 63
15/02/2006 11:42:21 org.republic.ParseFileSheet makeNewDataColumn
INFO: Report Line: PO79384    1 RC42093  BOO004   19/08/05 34   799100                 17,500.00 EA       0.018          315.00          315.00         31.50 no                                                B424928              no, Value Extracted: 799100            
15/02/2006 11:42:21 org.republic.ParseFileSheet checkReportLine
INFO: SelectFieldData
15/02/2006 11:42:21 org.republic.ParseFileSheet makeNewDataColumn
INFO: Output Data: 65 end: 77
15/02/2006 11:42:21 org.republic.ParseFileSheet makeNewDataColumn
INFO: Report Line: PO79384    1 RC42093  BOO004   19/08/05 34   799100                 17,500.00 EA       0.018          315.00          315.00         31.50 no                                                B424928              no, Value Extracted:     17,500.00
15/02/2006 11:42:21 org.republic.ParseFileSheet checkReportLine
INFO: SelectFieldData
15/02/2006 11:42:21 org.republic.ParseFileSheet makeNewDataColumn
INFO: Output Data: 79 end: 80
15/02/2006 11:42:21 org.republic.ParseFileSheet makeNewDataColumn
INFO: Report Line: PO79384    1 RC42093  BOO004   19/08/05 34   799100                 17,500.00 EA       0.018          315.00          315.00         31.50 no                                                B424928              no, Value Extracted: EA
15/02/2006 11:42:21 org.republic.ParseFileSheet checkReportLine
INFO: SelectFieldData
15/02/2006 11:42:21 org.republic.ParseFileSheet makeNewDataColumn
INFO: Output Data: 82 end: 92
15/02/2006 11:42:21 org.republic.ParseFileSheet makeNewDataColumn
INFO: Report Line: PO79384    1 RC42093  BOO004   19/08/05 34   799100                 17,500.00 EA       0.018          315.00          315.00         31.50 no                                                B424928              no, Value Extracted:       0.018
15/02/2006 11:42:21 org.republic.ParseFileSheet checkReportLine
INFO: SelectFieldData
15/02/2006 11:42:21 org.republic.ParseFileSheet makeNewDataColumn
INFO: Output Data: 94 end: 108
15/02/2006 11:42:21 org.republic.ParseFileSheet makeNewDataColumn
INFO: Report Line: PO79384    1 RC42093  BOO004   19/08/05 34   799100                 17,500.00 EA       0.018          315.00          315.00         31.50 no                                                B424928              no, Value Extracted:          315.00
15/02/2006 11:42:21 org.republic.ParseFileSheet checkReportLine
INFO: SelectFieldData
15/02/2006 11:42:21 org.republic.ParseFileSheet makeNewDataColumn
INFO: Output Data: 110 end: 124
15/02/2006 11:42:21 org.republic.ParseFileSheet makeNewDataColumn
INFO: Report Line: PO79384    1 RC42093  BOO004   19/08/05 34   799100                 17,500.00 EA       0.018          315.00          315.00         31.50 no                                                B424928              no, Value Extracted:          315.00
15/02/2006 11:42:21 org.republic.ParseFileSheet checkReportLine
INFO: SelectFieldData
15/02/2006 11:42:21 org.republic.ParseFileSheet makeNewDataColumn
INFO: Output Data: 126 end: 138
15/02/2006 11:42:21 org.republic.ParseFileSheet makeNewDataColumn
INFO: Report Line: PO79384    1 RC42093  BOO004   19/08/05 34   799100                 17,500.00 EA       0.018          315.00          315.00         31.50 no                                                B424928              no, Value Extracted:         31.50
15/02/2006 11:42:21 org.republic.ParseFileSheet checkReportLine
INFO: SelectFieldData
15/02/2006 11:42:21 org.republic.ParseFileSheet makeNewDataColumn
INFO: Output Data: 140 end: 142
15/02/2006 11:42:21 org.republic.ParseFileSheet makeNewDataColumn
INFO: Report Line: PO79384    1 RC42093  BOO004   19/08/05 34   799100                 17,500.00 EA       0.018          315.00          315.00         31.50 no                                                B424928              no, Value Extracted: no 
15/02/2006 11:42:21 org.republic.ParseFileSheet checkReportLine
INFO: SelectFieldData
15/02/2006 11:42:21 org.republic.ParseFileSheet makeNewDataColumn
INFO: Output Data: 144 end: 151
15/02/2006 11:42:21 org.republic.ParseFileSheet makeNewDataColumn
INFO: Report Line: PO79384    1 RC42093  BOO004   19/08/05 34   799100                 17,500.00 EA       0.018          315.00          315.00         31.50 no                                                B424928              no, Value Extracted:         
15/02/2006 11:42:21 org.republic.ParseFileSheet checkReportLine
INFO: SelectFieldData
15/02/2006 11:42:21 org.republic.ParseFileSheet makeNewDataColumn
INFO: Output Data: 153 end: 163
15/02/2006 11:42:21 org.republic.ParseFileSheet makeNewDataColumn
INFO: Report Line: PO79384    1 RC42093  BOO004   19/08/05 34   799100                 17,500.00 EA       0.018          315.00          315.00         31.50 no                                                B424928              no, Value Extracted:            
15/02/2006 11:42:21 org.republic.ParseFileSheet checkReportLine
INFO: SelectFieldData
15/02/2006 11:42:21 org.republic.ParseFileSheet makeNewDataColumn
INFO: Output Data: 165 end: 179
15/02/2006 11:42:21 org.republic.ParseFileSheet makeNewDataColumn
INFO: Report Line: PO79384    1 RC42093  BOO004   19/08/05 34   799100                 17,500.00 EA       0.018          315.00          315.00         31.50 no                                                B424928              no, Value Extracted:                
15/02/2006 11:42:21 org.republic.ParseFileSheet checkReportLine
INFO: SelectFieldData
15/02/2006 11:42:21 org.republic.ParseFileSheet makeNewDataColumn
INFO: Output Data: 181 end: 188
15/02/2006 11:42:21 org.republic.ParseFileSheet makeNewDataColumn
INFO: Report Line: PO79384    1 RC42093  BOO004   19/08/05 34   799100                 17,500.00 EA       0.018          315.00          315.00         31.50 no                                                B424928              no, Value Extracted:         
15/02/2006 11:42:21 org.republic.ParseFileSheet checkReportLine
INFO: SelectFieldData
15/02/2006 11:42:21 org.republic.ParseFileSheet makeNewDataColumn
INFO: Output Data: 190 end: 207
15/02/2006 11:42:21 org.republic.ParseFileSheet makeNewDataColumn
INFO: Report Line: PO79384    1 RC42093  BOO004   19/08/05 34   799100                 17,500.00 EA       0.018          315.00          315.00         31.50 no                                                B424928              no, Value Extracted: B424928           
15/02/2006 11:42:21 org.republic.ParseFileSheet checkReportLine
INFO: SelectFieldData
15/02/2006 11:42:21 org.republic.ParseFileSheet makeNewDataColumn
INFO: Output Data: 209 end: 209
15/02/2006 11:42:21 org.republic.ParseFileSheet makeNewDataColumn
INFO: Report Line: PO79384    1 RC42093  BOO004   19/08/05 34   799100                 17,500.00 EA       0.018          315.00          315.00         31.50 no                                                B424928              no, Value Extracted:  
15/02/2006 11:42:21 org.republic.ParseFileSheet checkReportLine
INFO: SelectFieldData
15/02/2006 11:42:21 org.republic.ParseFileSheet makeNewDataColumn
INFO: Output Data: 211 end: 213
15/02/2006 11:42:21 org.republic.ParseFileSheet makeNewDataColumn
INFO: Report Line: PO79384    1 RC42093  BOO004   19/08/05 34   799100                 17,500.00 EA       0.018          315.00          315.00         31.50 no                                                B424928              no, Value Extracted: no
15/02/2006 11:42:21 org.republic.ParseFileSheet parseInputFile
INFO: line:20 , line length() 212
15/02/2006 11:42:21 org.republic.ParseFileSheet parseInputFile
INFO: >>>>First char:80 new page?: false
15/02/2006 11:42:21 org.republic.ParseFileSheet parseInputFile
INFO: File Line:20, report page pos 20 , line:PO79489    1 RC44009  ANT001   14/12/05 10   310-138251           -115,000.00 EA       0.342      -39,330.00      -39,330.00     -3,933.00 no                                                ASA-100442           no
15/02/2006 11:42:21 org.republic.ParseFileSheet checkReportLine
INFO: NewRowIf
15/02/2006 11:42:21 org.republic.ParseFileSheet ruleMatchesReportLine
INFO: comparing: 'PO79489 ' with '        '
15/02/2006 11:42:21 org.republic.ParseFileSheet ruleMatchesReportLine
INFO: not blank: true
15/02/2006 11:42:21 org.republic.ParseFileSheet ruleMatchesReportLine
INFO: not blank Len: '8'
15/02/2006 11:42:21 org.republic.ParseFileSheet checkReportLine
INFO: SelectFieldData
15/02/2006 11:42:21 org.republic.ParseFileSheet makeNewDataColumn
INFO: Output Data: 1 end: 8
15/02/2006 11:42:21 org.republic.ParseFileSheet makeNewDataColumn
INFO: Report Line: PO79489    1 RC44009  ANT001   14/12/05 10   310-138251           -115,000.00 EA       0.342      -39,330.00      -39,330.00     -3,933.00 no                                                ASA-100442           no, Value Extracted: PO79489 
15/02/2006 11:42:21 org.republic.ParseFileSheet checkReportLine
INFO: SelectFieldData
15/02/2006 11:42:21 org.republic.ParseFileSheet makeNewDataColumn
INFO: Output Data: 10 end: 12
15/02/2006 11:42:21 org.republic.ParseFileSheet makeNewDataColumn
INFO: Report Line: PO79489    1 RC44009  ANT001   14/12/05 10   310-138251           -115,000.00 EA       0.342      -39,330.00      -39,330.00     -3,933.00 no                                                ASA-100442           no, Value Extracted:   1
15/02/2006 11:42:21 org.republic.ParseFileSheet checkReportLine
INFO: SelectFieldData
15/02/2006 11:42:21 org.republic.ParseFileSheet makeNewDataColumn
INFO: Output Data: 14 end: 21
15/02/2006 11:42:21 org.republic.ParseFileSheet makeNewDataColumn
INFO: Report Line: PO79489    1 RC44009  ANT001   14/12/05 10   310-138251           -115,000.00 EA       0.342      -39,330.00      -39,330.00     -3,933.00 no                                                ASA-100442           no, Value Extracted: RC44009 
15/02/2006 11:42:21 org.republic.ParseFileSheet checkReportLine
INFO: SelectFieldData
15/02/2006 11:42:21 org.republic.ParseFileSheet makeNewDataColumn
INFO: Output Data: 23 end: 30
15/02/2006 11:42:21 org.republic.ParseFileSheet makeNewDataColumn
INFO: Report Line: PO79489    1 RC44009  ANT001   14/12/05 10   310-138251           -115,000.00 EA       0.342      -39,330.00      -39,330.00     -3,933.00 no                                                ASA-100442           no, Value Extracted: ANT001  
15/02/2006 11:42:21 org.republic.ParseFileSheet checkReportLine
INFO: SelectFieldData
15/02/2006 11:42:21 org.republic.ParseFileSheet makeNewDataColumn
INFO: Output Data: 32 end: 39
15/02/2006 11:42:21 org.republic.ParseFileSheet makeNewDataColumn
INFO: Report Line: PO79489    1 RC44009  ANT001   14/12/05 10   310-138251           -115,000.00 EA       0.342      -39,330.00      -39,330.00     -3,933.00 no                                                ASA-100442           no, Value Extracted: 14/12/05
15/02/2006 11:42:21 org.republic.ParseFileSheet checkReportLine
INFO: SelectFieldData
15/02/2006 11:42:21 org.republic.ParseFileSheet makeNewDataColumn
INFO: Output Data: 41 end: 44
15/02/2006 11:42:21 org.republic.ParseFileSheet makeNewDataColumn
INFO: Report Line: PO79489    1 RC44009  ANT001   14/12/05 10   310-138251           -115,000.00 EA       0.342      -39,330.00      -39,330.00     -3,933.00 no                                                ASA-100442           no, Value Extracted: 10  
15/02/2006 11:42:21 org.republic.ParseFileSheet checkReportLine
INFO: SelectFieldData
15/02/2006 11:42:21 org.republic.ParseFileSheet makeNewDataColumn
INFO: Output Data: 46 end: 63
15/02/2006 11:42:21 org.republic.ParseFileSheet makeNewDataColumn
INFO: Report Line: PO79489    1 RC44009  ANT001   14/12/05 10   310-138251           -115,000.00 EA       0.342      -39,330.00      -39,330.00     -3,933.00 no                                                ASA-100442           no, Value Extracted: 310-138251        
15/02/2006 11:42:21 org.republic.ParseFileSheet checkReportLine
INFO: SelectFieldData
15/02/2006 11:42:21 org.republic.ParseFileSheet makeNewDataColumn
INFO: Output Data: 65 end: 77
15/02/2006 11:42:21 org.republic.ParseFileSheet makeNewDataColumn
INFO: Report Line: PO79489    1 RC44009  ANT001   14/12/05 10   310-138251           -115,000.00 EA       0.342      -39,330.00      -39,330.00     -3,933.00 no                                                ASA-100442           no, Value Extracted:   -115,000.00
15/02/2006 11:42:21 org.republic.ParseFileSheet checkReportLine
INFO: SelectFieldData
15/02/2006 11:42:21 org.republic.ParseFileSheet makeNewDataColumn
INFO: Output Data: 79 end: 80
15/02/2006 11:42:21 org.republic.ParseFileSheet makeNewDataColumn
INFO: Report Line: PO79489    1 RC44009  ANT001   14/12/05 10   310-138251           -115,000.00 EA       0.342      -39,330.00      -39,330.00     -3,933.00 no                                                ASA-100442           no, Value Extracted: EA
15/02/2006 11:42:21 org.republic.ParseFileSheet checkReportLine
INFO: SelectFieldData
15/02/2006 11:42:21 org.republic.ParseFileSheet makeNewDataColumn
INFO: Output Data: 82 end: 92
15/02/2006 11:42:21 org.republic.ParseFileSheet makeNewDataColumn
INFO: Report Line: PO79489    1 RC44009  ANT001   14/12/05 10   310-138251           -115,000.00 EA       0.342      -39,330.00      -39,330.00     -3,933.00 no                                                ASA-100442           no, Value Extracted:       0.342
15/02/2006 11:42:21 org.republic.ParseFileSheet checkReportLine
INFO: SelectFieldData
15/02/2006 11:42:21 org.republic.ParseFileSheet makeNewDataColumn
INFO: Output Data: 94 end: 108
15/02/2006 11:42:21 org.republic.ParseFileSheet makeNewDataColumn
INFO: Report Line: PO79489    1 RC44009  ANT001   14/12/05 10   310-138251           -115,000.00 EA       0.342      -39,330.00      -39,330.00     -3,933.00 no                                                ASA-100442           no, Value Extracted:      -39,330.00
15/02/2006 11:42:21 org.republic.ParseFileSheet checkReportLine
INFO: SelectFieldData
15/02/2006 11:42:21 org.republic.ParseFileSheet makeNewDataColumn
INFO: Output Data: 110 end: 124
15/02/2006 11:42:21 org.republic.ParseFileSheet makeNewDataColumn
INFO: Report Line: PO79489    1 RC44009  ANT001   14/12/05 10   310-138251           -115,000.00 EA       0.342      -39,330.00      -39,330.00     -3,933.00 no                                                ASA-100442           no, Value Extracted:      -39,330.00
15/02/2006 11:42:21 org.republic.ParseFileSheet checkReportLine
INFO: SelectFieldData
15/02/2006 11:42:21 org.republic.ParseFileSheet makeNewDataColumn
INFO: Output Data: 126 end: 138
15/02/2006 11:42:21 org.republic.ParseFileSheet makeNewDataColumn
INFO: Report Line: PO79489    1 RC44009  ANT001   14/12/05 10   310-138251           -115,000.00 EA       0.342      -39,330.00      -39,330.00     -3,933.00 no                                                ASA-100442           no, Value Extracted:     -3,933.00
15/02/2006 11:42:21 org.republic.ParseFileSheet checkReportLine
INFO: SelectFieldData
15/02/2006 11:42:21 org.republic.ParseFileSheet makeNewDataColumn
INFO: Output Data: 140 end: 142
15/02/2006 11:42:21 org.republic.ParseFileSheet makeNewDataColumn
INFO: Report Line: PO79489    1 RC44009  ANT001   14/12/05 10   310-138251           -115,000.00 EA       0.342      -39,330.00      -39,330.00     -3,933.00 no                                                ASA-100442           no, Value Extracted: no 
15/02/2006 11:42:21 org.republic.ParseFileSheet checkReportLine
INFO: SelectFieldData
15/02/2006 11:42:21 org.republic.ParseFileSheet makeNewDataColumn
INFO: Output Data: 144 end: 151
15/02/2006 11:42:21 org.republic.ParseFileSheet makeNewDataColumn
INFO: Report Line: PO79489    1 RC44009  ANT001   14/12/05 10   310-138251           -115,000.00 EA       0.342      -39,330.00      -39,330.00     -3,933.00 no                                                ASA-100442           no, Value Extracted:         
15/02/2006 11:42:21 org.republic.ParseFileSheet checkReportLine
INFO: SelectFieldData
15/02/2006 11:42:21 org.republic.ParseFileSheet makeNewDataColumn
INFO: Output Data: 153 end: 163
15/02/2006 11:42:21 org.republic.ParseFileSheet makeNewDataColumn
INFO: Report Line: PO79489    1 RC44009  ANT001   14/12/05 10   310-138251           -115,000.00 EA       0.342      -39,330.00      -39,330.00     -3,933.00 no                                                ASA-100442           no, Value Extracted:            
15/02/2006 11:42:21 org.republic.ParseFileSheet checkReportLine
INFO: SelectFieldData
15/02/2006 11:42:21 org.republic.ParseFileSheet makeNewDataColumn
INFO: Output Data: 165 end: 179
15/02/2006 11:42:21 org.republic.ParseFileSheet makeNewDataColumn
INFO: Report Line: PO79489    1 RC44009  ANT001   14/12/05 10   310-138251           -115,000.00 EA       0.342      -39,330.00      -39,330.00     -3,933.00 no                                                ASA-100442           no, Value Extracted:                
15/02/2006 11:42:21 org.republic.ParseFileSheet checkReportLine
INFO: SelectFieldData
15/02/2006 11:42:21 org.republic.ParseFileSheet makeNewDataColumn
INFO: Output Data: 181 end: 188
15/02/2006 11:42:21 org.republic.ParseFileSheet makeNewDataColumn
INFO: Report Line: PO79489    1 RC44009  ANT001   14/12/05 10   310-138251           -115,000.00 EA       0.342      -39,330.00      -39,330.00     -3,933.00 no                                                ASA-100442           no, Value Extracted:         
15/02/2006 11:42:21 org.republic.ParseFileSheet checkReportLine
INFO: SelectFieldData
15/02/2006 11:42:21 org.republic.ParseFileSheet makeNewDataColumn
INFO: Output Data: 190 end: 207
15/02/2006 11:42:21 org.republic.ParseFileSheet makeNewDataColumn
INFO: Report Line: PO79489    1 RC44009  ANT001   14/12/05 10   310-138251           -115,000.00 EA       0.342      -39,330.00      -39,330.00     -3,933.00 no                                                ASA-100442           no, Value Extracted: ASA-100442        
15/02/2006 11:42:21 org.republic.ParseFileSheet checkReportLine
INFO: SelectFieldData
15/02/2006 11:42:21 org.republic.ParseFileSheet makeNewDataColumn
INFO: Output Data: 209 end: 209
15/02/2006 11:42:21 org.republic.ParseFileSheet makeNewDataColumn
INFO: Report Line: PO79489    1 RC44009  ANT001   14/12/05 10   310-138251           -115,000.00 EA       0.342      -39,330.00      -39,330.00     -3,933.00 no                                                ASA-100442           no, Value Extracted:  
15/02/2006 11:42:21 org.republic.ParseFileSheet checkReportLine
INFO: SelectFieldData
15/02/2006 11:42:21 org.republic.ParseFileSheet makeNewDataColumn
INFO: Output Data: 211 end: 213
15/02/2006 11:42:21 org.republic.ParseFileSheet makeNewDataColumn
INFO: Report Line: PO79489    1 RC44009  ANT001   14/12/05 10   310-138251           -115,000.00 EA       0.342      -39,330.00      -39,330.00     -3,933.00 no                                                ASA-100442           no, Value Extracted: no
15/02/2006 11:42:21 org.republic.ParseFileSheet parseInputFile
INFO: line:21 , line length() 212
15/02/2006 11:42:21 org.republic.ParseFileSheet parseInputFile
INFO: >>>>First char:80 new page?: false
15/02/2006 11:42:21 org.republic.ParseFileSheet parseInputFile
INFO: File Line:21, report page pos 21 , line:PO79489    1 RC44011  ANT001   14/12/05 10   310-138251            115,000.00 EA      0.4232       48,668.00       48,668.00      4,866.80 no                                                ASA-100442           no
15/02/2006 11:42:21 org.republic.ParseFileSheet checkReportLine
INFO: NewRowIf
15/02/2006 11:42:21 org.republic.ParseFileSheet ruleMatchesReportLine
INFO: comparing: 'PO79489 ' with '        '
15/02/2006 11:42:21 org.republic.ParseFileSheet ruleMatchesReportLine
INFO: not blank: true
15/02/2006 11:42:21 org.republic.ParseFileSheet ruleMatchesReportLine
INFO: not blank Len: '8'
15/02/2006 11:42:21 org.republic.ParseFileSheet checkReportLine
INFO: SelectFieldData
15/02/2006 11:42:21 org.republic.ParseFileSheet makeNewDataColumn
INFO: Output Data: 1 end: 8
15/02/2006 11:42:21 org.republic.ParseFileSheet makeNewDataColumn
INFO: Report Line: PO79489    1 RC44011  ANT001   14/12/05 10   310-138251            115,000.00 EA      0.4232       48,668.00       48,668.00      4,866.80 no                                                ASA-100442           no, Value Extracted: PO79489 
15/02/2006 11:42:21 org.republic.ParseFileSheet checkReportLine
INFO: SelectFieldData
15/02/2006 11:42:21 org.republic.ParseFileSheet makeNewDataColumn
INFO: Output Data: 10 end: 12
15/02/2006 11:42:21 org.republic.ParseFileSheet makeNewDataColumn
INFO: Report Line: PO79489    1 RC44011  ANT001   14/12/05 10   310-138251            115,000.00 EA      0.4232       48,668.00       48,668.00      4,866.80 no                                                ASA-100442           no, Value Extracted:   1
15/02/2006 11:42:21 org.republic.ParseFileSheet checkReportLine
INFO: SelectFieldData
15/02/2006 11:42:21 org.republic.ParseFileSheet makeNewDataColumn
INFO: Output Data: 14 end: 21
15/02/2006 11:42:21 org.republic.ParseFileSheet makeNewDataColumn
INFO: Report Line: PO79489    1 RC44011  ANT001   14/12/05 10   310-138251            115,000.00 EA      0.4232       48,668.00       48,668.00      4,866.80 no                                                ASA-100442           no, Value Extracted: RC44011 
15/02/2006 11:42:21 org.republic.ParseFileSheet checkReportLine
INFO: SelectFieldData
15/02/2006 11:42:21 org.republic.ParseFileSheet makeNewDataColumn
INFO: Output Data: 23 end: 30
15/02/2006 11:42:21 org.republic.ParseFileSheet makeNewDataColumn
INFO: Report Line: PO79489    1 RC44011  ANT001   14/12/05 10   310-138251            115,000.00 EA      0.4232       48,668.00       48,668.00      4,866.80 no                                                ASA-100442           no, Value Extracted: ANT001  
15/02/2006 11:42:21 org.republic.ParseFileSheet checkReportLine
INFO: SelectFieldData
15/02/2006 11:42:21 org.republic.ParseFileSheet makeNewDataColumn
INFO: Output Data: 32 end: 39
15/02/2006 11:42:21 org.republic.ParseFileSheet makeNewDataColumn
INFO: Report Line: PO79489    1 RC44011  ANT001   14/12/05 10   310-138251            115,000.00 EA      0.4232       48,668.00       48,668.00      4,866.80 no                                                ASA-100442           no, Value Extracted: 14/12/05
15/02/2006 11:42:21 org.republic.ParseFileSheet checkReportLine
INFO: SelectFieldData
15/02/2006 11:42:21 org.republic.ParseFileSheet makeNewDataColumn
INFO: Output Data: 41 end: 44
15/02/2006 11:42:21 org.republic.ParseFileSheet makeNewDataColumn
INFO: Report Line: PO79489    1 RC44011  ANT001   14/12/05 10   310-138251            115,000.00 EA      0.4232       48,668.00       48,668.00      4,866.80 no                                                ASA-100442           no, Value Extracted: 10  
15/02/2006 11:42:21 org.republic.ParseFileSheet checkReportLine
INFO: SelectFieldData
15/02/2006 11:42:21 org.republic.ParseFileSheet makeNewDataColumn
INFO: Output Data: 46 end: 63
15/02/2006 11:42:21 org.republic.ParseFileSheet makeNewDataColumn
INFO: Report Line: PO79489    1 RC44011  ANT001   14/12/05 10   310-138251            115,000.00 EA      0.4232       48,668.00       48,668.00      4,866.80 no                                                ASA-100442           no, Value Extracted: 310-138251        
15/02/2006 11:42:21 org.republic.ParseFileSheet checkReportLine
INFO: SelectFieldData
15/02/2006 11:42:21 org.republic.ParseFileSheet makeNewDataColumn
INFO: Output Data: 65 end: 77
15/02/2006 11:42:21 org.republic.ParseFileSheet makeNewDataColumn
INFO: Report Line: PO79489    1 RC44011  ANT001   14/12/05 10   310-138251            115,000.00 EA      0.4232       48,668.00       48,668.00      4,866.80 no                                                ASA-100442           no, Value Extracted:    115,000.00
15/02/2006 11:42:21 org.republic.ParseFileSheet checkReportLine
INFO: SelectFieldData
15/02/2006 11:42:21 org.republic.ParseFileSheet makeNewDataColumn
INFO: Output Data: 79 end: 80
15/02/2006 11:42:21 org.republic.ParseFileSheet makeNewDataColumn
INFO: Report Line: PO79489    1 RC44011  ANT001   14/12/05 10   310-138251            115,000.00 EA      0.4232       48,668.00       48,668.00      4,866.80 no                                                ASA-100442           no, Value Extracted: EA
15/02/2006 11:42:21 org.republic.ParseFileSheet checkReportLine
INFO: SelectFieldData
15/02/2006 11:42:21 org.republic.ParseFileSheet makeNewDataColumn
INFO: Output Data: 82 end: 92
15/02/2006 11:42:21 org.republic.ParseFileSheet makeNewDataColumn
INFO: Report Line: PO79489    1 RC44011  ANT001   14/12/05 10   310-138251            115,000.00 EA      0.4232       48,668.00       48,668.00      4,866.80 no                                                ASA-100442           no, Value Extracted:      0.4232
15/02/2006 11:42:21 org.republic.ParseFileSheet checkReportLine
INFO: SelectFieldData
15/02/2006 11:42:21 org.republic.ParseFileSheet makeNewDataColumn
INFO: Output Data: 94 end: 108
15/02/2006 11:42:21 org.republic.ParseFileSheet makeNewDataColumn
INFO: Report Line: PO79489    1 RC44011  ANT001   14/12/05 10   310-138251            115,000.00 EA      0.4232       48,668.00       48,668.00      4,866.80 no                                                ASA-100442           no, Value Extracted:       48,668.00
15/02/2006 11:42:21 org.republic.ParseFileSheet checkReportLine
INFO: SelectFieldData
15/02/2006 11:42:21 org.republic.ParseFileSheet makeNewDataColumn
INFO: Output Data: 110 end: 124
15/02/2006 11:42:21 org.republic.ParseFileSheet makeNewDataColumn
INFO: Report Line: PO79489    1 RC44011  ANT001   14/12/05 10   310-138251            115,000.00 EA      0.4232       48,668.00       48,668.00      4,866.80 no                                                ASA-100442           no, Value Extracted:       48,668.00
15/02/2006 11:42:21 org.republic.ParseFileSheet checkReportLine
INFO: SelectFieldData
15/02/2006 11:42:21 org.republic.ParseFileSheet makeNewDataColumn
INFO: Output Data: 126 end: 138
15/02/2006 11:42:21 org.republic.ParseFileSheet makeNewDataColumn
INFO: Report Line: PO79489    1 RC44011  ANT001   14/12/05 10   310-138251            115,000.00 EA      0.4232       48,668.00       48,668.00      4,866.80 no                                                ASA-100442           no, Value Extracted:      4,866.80
15/02/2006 11:42:21 org.republic.ParseFileSheet checkReportLine
INFO: SelectFieldData
15/02/2006 11:42:21 org.republic.ParseFileSheet makeNewDataColumn
INFO: Output Data: 140 end: 142
15/02/2006 11:42:21 org.republic.ParseFileSheet makeNewDataColumn
INFO: Report Line: PO79489    1 RC44011  ANT001   14/12/05 10   310-138251            115,000.00 EA      0.4232       48,668.00       48,668.00      4,866.80 no                                                ASA-100442           no, Value Extracted: no 
15/02/2006 11:42:21 org.republic.ParseFileSheet checkReportLine
INFO: SelectFieldData
15/02/2006 11:42:21 org.republic.ParseFileSheet makeNewDataColumn
INFO: Output Data: 144 end: 151
15/02/2006 11:42:21 org.republic.ParseFileSheet makeNewDataColumn
INFO: Report Line: PO79489    1 RC44011  ANT001   14/12/05 10   310-138251            115,000.00 EA      0.4232       48,668.00       48,668.00      4,866.80 no                                                ASA-100442           no, Value Extracted:         
15/02/2006 11:42:21 org.republic.ParseFileSheet checkReportLine
INFO: SelectFieldData
15/02/2006 11:42:21 org.republic.ParseFileSheet makeNewDataColumn
INFO: Output Data: 153 end: 163
15/02/2006 11:42:21 org.republic.ParseFileSheet makeNewDataColumn
INFO: Report Line: PO79489    1 RC44011  ANT001   14/12/05 10   310-138251            115,000.00 EA      0.4232       48,668.00       48,668.00      4,866.80 no                                                ASA-100442           no, Value Extracted:            
15/02/2006 11:42:21 org.republic.ParseFileSheet checkReportLine
INFO: SelectFieldData
15/02/2006 11:42:21 org.republic.ParseFileSheet makeNewDataColumn
INFO: Output Data: 165 end: 179
15/02/2006 11:42:21 org.republic.ParseFileSheet makeNewDataColumn
INFO: Report Line: PO79489    1 RC44011  ANT001   14/12/05 10   310-138251            115,000.00 EA      0.4232       48,668.00       48,668.00      4,866.80 no                                                ASA-100442           no, Value Extracted:                
15/02/2006 11:42:21 org.republic.ParseFileSheet checkReportLine
INFO: SelectFieldData
15/02/2006 11:42:21 org.republic.ParseFileSheet makeNewDataColumn
INFO: Output Data: 181 end: 188
15/02/2006 11:42:21 org.republic.ParseFileSheet makeNewDataColumn
INFO: Report Line: PO79489    1 RC44011  ANT001   14/12/05 10   310-138251            115,000.00 EA      0.4232       48,668.00       48,668.00      4,866.80 no                                                ASA-100442           no, Value Extracted:         
15/02/2006 11:42:21 org.republic.ParseFileSheet checkReportLine
INFO: SelectFieldData
15/02/2006 11:42:21 org.republic.ParseFileSheet makeNewDataColumn
INFO: Output Data: 190 end: 207
15/02/2006 11:42:21 org.republic.ParseFileSheet makeNewDataColumn
INFO: Report Line: PO79489    1 RC44011  ANT001   14/12/05 10   310-138251            115,000.00 EA      0.4232       48,668.00       48,668.00      4,866.80 no                                                ASA-100442           no, Value Extracted: ASA-100442        
15/02/2006 11:42:21 org.republic.ParseFileSheet checkReportLine
INFO: SelectFieldData
15/02/2006 11:42:21 org.republic.ParseFileSheet makeNewDataColumn
INFO: Output Data: 209 end: 209
15/02/2006 11:42:21 org.republic.ParseFileSheet makeNewDataColumn
INFO: Report Line: PO79489    1 RC44011  ANT001   14/12/05 10   310-138251            115,000.00 EA      0.4232       48,668.00       48,668.00      4,866.80 no                                                ASA-100442           no, Value Extracted:  
15/02/2006 11:42:21 org.republic.ParseFileSheet checkReportLine
INFO: SelectFieldData
15/02/2006 11:42:21 org.republic.ParseFileSheet makeNewDataColumn
INFO: Output Data: 211 end: 213
15/02/2006 11:42:21 org.republic.ParseFileSheet makeNewDataColumn
INFO: Report Line: PO79489    1 RC44011  ANT001   14/12/05 10   310-138251            115,000.00 EA      0.4232       48,668.00       48,668.00      4,866.80 no                                                ASA-100442           no, Value Extracted: no
15/02/2006 11:42:21 org.republic.ParseFileSheet parseInputFile
INFO: line:22 , line length() 212
15/02/2006 11:42:21 org.republic.ParseFileSheet parseInputFile
INFO: >>>>First char:80 new page?: false
15/02/2006 11:42:21 org.republic.ParseFileSheet parseInputFile
INFO: File Line:22, report page pos 22 , line:PO79489    1 RC43915  ANT001   08/12/05 10   310-138251            115,000.00 EA       0.342       39,330.00       39,330.00      3,933.00 no                                                ASA-100442           no
15/02/2006 11:42:21 org.republic.ParseFileSheet checkReportLine
INFO: NewRowIf
15/02/2006 11:42:21 org.republic.ParseFileSheet ruleMatchesReportLine
INFO: comparing: 'PO79489 ' with '        '
15/02/2006 11:42:21 org.republic.ParseFileSheet ruleMatchesReportLine
INFO: not blank: true
15/02/2006 11:42:21 org.republic.ParseFileSheet ruleMatchesReportLine
INFO: not blank Len: '8'
15/02/2006 11:42:21 org.republic.ParseFileSheet checkReportLine
INFO: SelectFieldData
15/02/2006 11:42:21 org.republic.ParseFileSheet makeNewDataColumn
INFO: Output Data: 1 end: 8
15/02/2006 11:42:21 org.republic.ParseFileSheet makeNewDataColumn
INFO: Report Line: PO79489    1 RC43915  ANT001   08/12/05 10   310-138251            115,000.00 EA       0.342       39,330.00       39,330.00      3,933.00 no                                                ASA-100442           no, Value Extracted: PO79489 
15/02/2006 11:42:21 org.republic.ParseFileSheet checkReportLine
INFO: SelectFieldData
15/02/2006 11:42:21 org.republic.ParseFileSheet makeNewDataColumn
INFO: Output Data: 10 end: 12
15/02/2006 11:42:21 org.republic.ParseFileSheet makeNewDataColumn
INFO: Report Line: PO79489    1 RC43915  ANT001   08/12/05 10   310-138251            115,000.00 EA       0.342       39,330.00       39,330.00      3,933.00 no                                                ASA-100442           no, Value Extracted:   1
15/02/2006 11:42:21 org.republic.ParseFileSheet checkReportLine
INFO: SelectFieldData
15/02/2006 11:42:21 org.republic.ParseFileSheet makeNewDataColumn
INFO: Output Data: 14 end: 21
15/02/2006 11:42:21 org.republic.ParseFileSheet makeNewDataColumn
INFO: Report Line: PO79489    1 RC43915  ANT001   08/12/05 10   310-138251            115,000.00 EA       0.342       39,330.00       39,330.00      3,933.00 no                                                ASA-100442           no, Value Extracted: RC43915 
15/02/2006 11:42:21 org.republic.ParseFileSheet checkReportLine
INFO: SelectFieldData
15/02/2006 11:42:21 org.republic.ParseFileSheet makeNewDataColumn
INFO: Output Data: 23 end: 30
15/02/2006 11:42:21 org.republic.ParseFileSheet makeNewDataColumn
INFO: Report Line: PO79489    1 RC43915  ANT001   08/12/05 10   310-138251            115,000.00 EA       0.342       39,330.00       39,330.00      3,933.00 no                                                ASA-100442           no, Value Extracted: ANT001  
15/02/2006 11:42:21 org.republic.ParseFileSheet checkReportLine
INFO: SelectFieldData
15/02/2006 11:42:21 org.republic.ParseFileSheet makeNewDataColumn
INFO: Output Data: 32 end: 39
15/02/2006 11:42:21 org.republic.ParseFileSheet makeNewDataColumn
INFO: Report Line: PO79489    1 RC43915  ANT001   08/12/05 10   310-138251            115,000.00 EA       0.342       39,330.00       39,330.00      3,933.00 no                                                ASA-100442           no, Value Extracted: 08/12/05
15/02/2006 11:42:21 org.republic.ParseFileSheet checkReportLine
INFO: SelectFieldData
15/02/2006 11:42:21 org.republic.ParseFileSheet makeNewDataColumn
INFO: Output Data: 41 end: 44
15/02/2006 11:42:21 org.republic.ParseFileSheet makeNewDataColumn
INFO: Report Line: PO79489    1 RC43915  ANT001   08/12/05 10   310-138251            115,000.00 EA       0.342       39,330.00       39,330.00      3,933.00 no                                                ASA-100442           no, Value Extracted: 10  
15/02/2006 11:42:21 org.republic.ParseFileSheet checkReportLine
INFO: SelectFieldData
15/02/2006 11:42:21 org.republic.ParseFileSheet makeNewDataColumn
INFO: Output Data: 46 end: 63
15/02/2006 11:42:21 org.republic.ParseFileSheet makeNewDataColumn
INFO: Report Line: PO79489    1 RC43915  ANT001   08/12/05 10   310-138251            115,000.00 EA       0.342       39,330.00       39,330.00      3,933.00 no                                                ASA-100442           no, Value Extracted: 310-138251        
15/02/2006 11:42:21 org.republic.ParseFileSheet checkReportLine
INFO: SelectFieldData
15/02/2006 11:42:21 org.republic.ParseFileSheet makeNewDataColumn
INFO: Output Data: 65 end: 77
15/02/2006 11:42:21 org.republic.ParseFileSheet makeNewDataColumn
INFO: Report Line: PO79489    1 RC43915  ANT001   08/12/05 10   310-138251            115,000.00 EA       0.342       39,330.00       39,330.00      3,933.00 no                                                ASA-100442           no, Value Extracted:    115,000.00
15/02/2006 11:42:21 org.republic.ParseFileSheet checkReportLine
INFO: SelectFieldData
15/02/2006 11:42:21 org.republic.ParseFileSheet makeNewDataColumn
INFO: Output Data: 79 end: 80
15/02/2006 11:42:21 org.republic.ParseFileSheet makeNewDataColumn
INFO: Report Line: PO79489    1 RC43915  ANT001   08/12/05 10   310-138251            115,000.00 EA       0.342       39,330.00       39,330.00      3,933.00 no                                                ASA-100442           no, Value Extracted: EA
15/02/2006 11:42:21 org.republic.ParseFileSheet checkReportLine
INFO: SelectFieldData
15/02/2006 11:42:21 org.republic.ParseFileSheet makeNewDataColumn
INFO: Output Data: 82 end: 92
15/02/2006 11:42:21 org.republic.ParseFileSheet makeNewDataColumn
INFO: Report Line: PO79489    1 RC43915  ANT001   08/12/05 10   310-138251            115,000.00 EA       0.342       39,330.00       39,330.00      3,933.00 no                                                ASA-100442           no, Value Extracted:       0.342
15/02/2006 11:42:21 org.republic.ParseFileSheet checkReportLine
INFO: SelectFieldData
15/02/2006 11:42:21 org.republic.ParseFileSheet makeNewDataColumn
INFO: Output Data: 94 end: 108
15/02/2006 11:42:21 org.republic.ParseFileSheet makeNewDataColumn
INFO: Report Line: PO79489    1 RC43915  ANT001   08/12/05 10   310-138251            115,000.00 EA       0.342       39,330.00       39,330.00      3,933.00 no                                                ASA-100442           no, Value Extracted:       39,330.00
15/02/2006 11:42:21 org.republic.ParseFileSheet checkReportLine
INFO: SelectFieldData
15/02/2006 11:42:21 org.republic.ParseFileSheet makeNewDataColumn
INFO: Output Data: 110 end: 124
15/02/2006 11:42:21 org.republic.ParseFileSheet makeNewDataColumn
INFO: Report Line: PO79489    1 RC43915  ANT001   08/12/05 10   310-138251            115,000.00 EA       0.342       39,330.00       39,330.00      3,933.00 no                                                ASA-100442           no, Value Extracted:       39,330.00
15/02/2006 11:42:21 org.republic.ParseFileSheet checkReportLine
INFO: SelectFieldData
15/02/2006 11:42:21 org.republic.ParseFileSheet makeNewDataColumn
INFO: Output Data: 126 end: 138
15/02/2006 11:42:21 org.republic.ParseFileSheet makeNewDataColumn
INFO: Report Line: PO79489    1 RC43915  ANT001   08/12/05 10   310-138251            115,000.00 EA       0.342       39,330.00       39,330.00      3,933.00 no                                                ASA-100442           no, Value Extracted:      3,933.00
15/02/2006 11:42:21 org.republic.ParseFileSheet checkReportLine
INFO: SelectFieldData
15/02/2006 11:42:21 org.republic.ParseFileSheet makeNewDataColumn
INFO: Output Data: 140 end: 142
15/02/2006 11:42:21 org.republic.ParseFileSheet makeNewDataColumn
INFO: Report Line: PO79489    1 RC43915  ANT001   08/12/05 10   310-138251            115,000.00 EA       0.342       39,330.00       39,330.00      3,933.00 no                                                ASA-100442           no, Value Extracted: no 
15/02/2006 11:42:21 org.republic.ParseFileSheet checkReportLine
INFO: SelectFieldData
15/02/2006 11:42:21 org.republic.ParseFileSheet makeNewDataColumn
INFO: Output Data: 144 end: 151
15/02/2006 11:42:21 org.republic.ParseFileSheet makeNewDataColumn
INFO: Report Line: PO79489    1 RC43915  ANT001   08/12/05 10   310-138251            115,000.00 EA       0.342       39,330.00       39,330.00      3,933.00 no                                                ASA-100442           no, Value Extracted:         
15/02/2006 11:42:21 org.republic.ParseFileSheet checkReportLine
INFO: SelectFieldData
15/02/2006 11:42:21 org.republic.ParseFileSheet makeNewDataColumn
INFO: Output Data: 153 end: 163
15/02/2006 11:42:21 org.republic.ParseFileSheet makeNewDataColumn
INFO: Report Line: PO79489    1 RC43915  ANT001   08/12/05 10   310-138251            115,000.00 EA       0.342       39,330.00       39,330.00      3,933.00 no                                                ASA-100442           no, Value Extracted:            
15/02/2006 11:42:21 org.republic.ParseFileSheet checkReportLine
INFO: SelectFieldData
15/02/2006 11:42:21 org.republic.ParseFileSheet makeNewDataColumn
INFO: Output Data: 165 end: 179
15/02/2006 11:42:21 org.republic.ParseFileSheet makeNewDataColumn
INFO: Report Line: PO79489    1 RC43915  ANT001   08/12/05 10   310-138251            115,000.00 EA       0.342       39,330.00       39,330.00      3,933.00 no                                                ASA-100442           no, Value Extracted:                
15/02/2006 11:42:21 org.republic.ParseFileSheet checkReportLine
INFO: SelectFieldData
15/02/2006 11:42:21 org.republic.ParseFileSheet makeNewDataColumn
INFO: Output Data: 181 end: 188
15/02/2006 11:42:21 org.republic.ParseFileSheet makeNewDataColumn
INFO: Report Line: PO79489    1 RC43915  ANT001   08/12/05 10   310-138251            115,000.00 EA       0.342       39,330.00       39,330.00      3,933.00 no                                                ASA-100442           no, Value Extracted:         
15/02/2006 11:42:21 org.republic.ParseFileSheet checkReportLine
INFO: SelectFieldData
15/02/2006 11:42:21 org.republic.ParseFileSheet makeNewDataColumn
INFO: Output Data: 190 end: 207
15/02/2006 11:42:21 org.republic.ParseFileSheet makeNewDataColumn
INFO: Report Line: PO79489    1 RC43915  ANT001   08/12/05 10   310-138251            115,000.00 EA       0.342       39,330.00       39,330.00      3,933.00 no                                                ASA-100442           no, Value Extracted: ASA-100442        
15/02/2006 11:42:21 org.republic.ParseFileSheet checkReportLine
INFO: SelectFieldData
15/02/2006 11:42:21 org.republic.ParseFileSheet makeNewDataColumn
INFO: Output Data: 209 end: 209
15/02/2006 11:42:21 org.republic.ParseFileSheet makeNewDataColumn
INFO: Report Line: PO79489    1 RC43915  ANT001   08/12/05 10   310-138251            115,000.00 EA       0.342       39,330.00       39,330.00      3,933.00 no                                                ASA-100442           no, Value Extracted:  
15/02/2006 11:42:21 org.republic.ParseFileSheet checkReportLine
INFO: SelectFieldData
15/02/2006 11:42:21 org.republic.ParseFileSheet makeNewDataColumn
INFO: Output Data: 211 end: 213
15/02/2006 11:42:21 org.republic.ParseFileSheet makeNewDataColumn
INFO: Report Line: PO79489    1 RC43915  ANT001   08/12/05 10   310-138251            115,000.00 EA       0.342       39,330.00       39,330.00      3,933.00 no                                                ASA-100442           no, Value Extracted: no
15/02/2006 11:42:21 org.republic.ParseFileSheet parseInputFile
INFO: line:23 , line length() 212
15/02/2006 11:42:21 org.republic.ParseFileSheet parseInputFile
INFO: >>>>First char:80 new page?: false
15/02/2006 11:42:21 org.republic.ParseFileSheet parseInputFile
INFO: File Line:23, report page pos 23 , line:PO79762    1 RC42678  NIN000   27/09/05 10   0078065-0011            1,950.00 ea        0.60        1,170.00        1,170.00        117.00 no                                                                     no
15/02/2006 11:42:21 org.republic.ParseFileSheet checkReportLine
INFO: NewRowIf
15/02/2006 11:42:21 org.republic.ParseFileSheet ruleMatchesReportLine
INFO: comparing: 'PO79762 ' with '        '
15/02/2006 11:42:21 org.republic.ParseFileSheet ruleMatchesReportLine
INFO: not blank: true
15/02/2006 11:42:21 org.republic.ParseFileSheet ruleMatchesReportLine
INFO: not blank Len: '8'
15/02/2006 11:42:21 org.republic.ParseFileSheet checkReportLine
INFO: SelectFieldData
15/02/2006 11:42:21 org.republic.ParseFileSheet makeNewDataColumn
INFO: Output Data: 1 end: 8
15/02/2006 11:42:21 org.republic.ParseFileSheet makeNewDataColumn
INFO: Report Line: PO79762    1 RC42678  NIN000   27/09/05 10   0078065-0011            1,950.00 ea        0.60        1,170.00        1,170.00        117.00 no                                                                     no, Value Extracted: PO79762 
15/02/2006 11:42:21 org.republic.ParseFileSheet checkReportLine
INFO: SelectFieldData
15/02/2006 11:42:21 org.republic.ParseFileSheet makeNewDataColumn
INFO: Output Data: 10 end: 12
15/02/2006 11:42:21 org.republic.ParseFileSheet makeNewDataColumn
INFO: Report Line: PO79762    1 RC42678  NIN000   27/09/05 10   0078065-0011            1,950.00 ea        0.60        1,170.00        1,170.00        117.00 no                                                                     no, Value Extracted:   1
15/02/2006 11:42:21 org.republic.ParseFileSheet checkReportLine
INFO: SelectFieldData
15/02/2006 11:42:21 org.republic.ParseFileSheet makeNewDataColumn
INFO: Output Data: 14 end: 21
15/02/2006 11:42:21 org.republic.ParseFileSheet makeNewDataColumn
INFO: Report Line: PO79762    1 RC42678  NIN000   27/09/05 10   0078065-0011            1,950.00 ea        0.60        1,170.00        1,170.00        117.00 no                                                                     no, Value Extracted: RC42678 
15/02/2006 11:42:21 org.republic.ParseFileSheet checkReportLine
INFO: SelectFieldData
15/02/2006 11:42:21 org.republic.ParseFileSheet makeNewDataColumn
INFO: Output Data: 23 end: 30
15/02/2006 11:42:21 org.republic.ParseFileSheet makeNewDataColumn
INFO: Report Line: PO79762    1 RC42678  NIN000   27/09/05 10   0078065-0011            1,950.00 ea        0.60        1,170.00        1,170.00        117.00 no                                                                     no, Value Extracted: NIN000  
15/02/2006 11:42:21 org.republic.ParseFileSheet checkReportLine
INFO: SelectFieldData
15/02/2006 11:42:21 org.republic.ParseFileSheet makeNewDataColumn
INFO: Output Data: 32 end: 39
15/02/2006 11:42:21 org.republic.ParseFileSheet makeNewDataColumn
INFO: Report Line: PO79762    1 RC42678  NIN000   27/09/05 10   0078065-0011            1,950.00 ea        0.60        1,170.00        1,170.00        117.00 no                                                                     no, Value Extracted: 27/09/05
15/02/2006 11:42:21 org.republic.ParseFileSheet checkReportLine
INFO: SelectFieldData
15/02/2006 11:42:21 org.republic.ParseFileSheet makeNewDataColumn
INFO: Output Data: 41 end: 44
15/02/2006 11:42:21 org.republic.ParseFileSheet makeNewDataColumn
INFO: Report Line: PO79762    1 RC42678  NIN000   27/09/05 10   0078065-0011            1,950.00 ea        0.60        1,170.00        1,170.00        117.00 no                                                                     no, Value Extracted: 10  
15/02/2006 11:42:21 org.republic.ParseFileSheet checkReportLine
INFO: SelectFieldData
15/02/2006 11:42:21 org.republic.ParseFileSheet makeNewDataColumn
INFO: Output Data: 46 end: 63
15/02/2006 11:42:21 org.republic.ParseFileSheet makeNewDataColumn
INFO: Report Line: PO79762    1 RC42678  NIN000   27/09/05 10   0078065-0011            1,950.00 ea        0.60        1,170.00        1,170.00        117.00 no                                                                     no, Value Extracted: 0078065-0011      
15/02/2006 11:42:21 org.republic.ParseFileSheet checkReportLine
INFO: SelectFieldData
15/02/2006 11:42:21 org.republic.ParseFileSheet makeNewDataColumn
INFO: Output Data: 65 end: 77
15/02/2006 11:42:21 org.republic.ParseFileSheet makeNewDataColumn
INFO: Report Line: PO79762    1 RC42678  NIN000   27/09/05 10   0078065-0011            1,950.00 ea        0.60        1,170.00        1,170.00        117.00 no                                                                     no, Value Extracted:      1,950.00
15/02/2006 11:42:21 org.republic.ParseFileSheet checkReportLine
INFO: SelectFieldData
15/02/2006 11:42:21 org.republic.ParseFileSheet makeNewDataColumn
INFO: Output Data: 79 end: 80
15/02/2006 11:42:21 org.republic.ParseFileSheet makeNewDataColumn
INFO: Report Line: PO79762    1 RC42678  NIN000   27/09/05 10   0078065-0011            1,950.00 ea        0.60        1,170.00        1,170.00        117.00 no                                                                     no, Value Extracted: ea
15/02/2006 11:42:21 org.republic.ParseFileSheet checkReportLine
INFO: SelectFieldData
15/02/2006 11:42:21 org.republic.ParseFileSheet makeNewDataColumn
INFO: Output Data: 82 end: 92
15/02/2006 11:42:21 org.republic.ParseFileSheet makeNewDataColumn
INFO: Report Line: PO79762    1 RC42678  NIN000   27/09/05 10   0078065-0011            1,950.00 ea        0.60        1,170.00        1,170.00        117.00 no                                                                     no, Value Extracted:        0.60
15/02/2006 11:42:21 org.republic.ParseFileSheet checkReportLine
INFO: SelectFieldData
15/02/2006 11:42:21 org.republic.ParseFileSheet makeNewDataColumn
INFO: Output Data: 94 end: 108
15/02/2006 11:42:21 org.republic.ParseFileSheet makeNewDataColumn
INFO: Report Line: PO79762    1 RC42678  NIN000   27/09/05 10   0078065-0011            1,950.00 ea        0.60        1,170.00        1,170.00        117.00 no                                                                     no, Value Extracted:        1,170.00
15/02/2006 11:42:21 org.republic.ParseFileSheet checkReportLine
INFO: SelectFieldData
15/02/2006 11:42:21 org.republic.ParseFileSheet makeNewDataColumn
INFO: Output Data: 110 end: 124
15/02/2006 11:42:21 org.republic.ParseFileSheet makeNewDataColumn
INFO: Report Line: PO79762    1 RC42678  NIN000   27/09/05 10   0078065-0011            1,950.00 ea        0.60        1,170.00        1,170.00        117.00 no                                                                     no, Value Extracted:        1,170.00
15/02/2006 11:42:21 org.republic.ParseFileSheet checkReportLine
INFO: SelectFieldData
15/02/2006 11:42:21 org.republic.ParseFileSheet makeNewDataColumn
INFO: Output Data: 126 end: 138
15/02/2006 11:42:21 org.republic.ParseFileSheet makeNewDataColumn
INFO: Report Line: PO79762    1 RC42678  NIN000   27/09/05 10   0078065-0011            1,950.00 ea        0.60        1,170.00        1,170.00        117.00 no                                                                     no, Value Extracted:        117.00
15/02/2006 11:42:21 org.republic.ParseFileSheet checkReportLine
INFO: SelectFieldData
15/02/2006 11:42:21 org.republic.ParseFileSheet makeNewDataColumn
INFO: Output Data: 140 end: 142
15/02/2006 11:42:21 org.republic.ParseFileSheet makeNewDataColumn
INFO: Report Line: PO79762    1 RC42678  NIN000   27/09/05 10   0078065-0011            1,950.00 ea        0.60        1,170.00        1,170.00        117.00 no                                                                     no, Value Extracted: no 
15/02/2006 11:42:21 org.republic.ParseFileSheet checkReportLine
INFO: SelectFieldData
15/02/2006 11:42:21 org.republic.ParseFileSheet makeNewDataColumn
INFO: Output Data: 144 end: 151
15/02/2006 11:42:21 org.republic.ParseFileSheet makeNewDataColumn
INFO: Report Line: PO79762    1 RC42678  NIN000   27/09/05 10   0078065-0011            1,950.00 ea        0.60        1,170.00        1,170.00        117.00 no                                                                     no, Value Extracted:         
15/02/2006 11:42:21 org.republic.ParseFileSheet checkReportLine
INFO: SelectFieldData
15/02/2006 11:42:21 org.republic.ParseFileSheet makeNewDataColumn
INFO: Output Data: 153 end: 163
15/02/2006 11:42:21 org.republic.ParseFileSheet makeNewDataColumn
INFO: Report Line: PO79762    1 RC42678  NIN000   27/09/05 10   0078065-0011            1,950.00 ea        0.60        1,170.00        1,170.00        117.00 no                                                                     no, Value Extracted:            
15/02/2006 11:42:21 org.republic.ParseFileSheet checkReportLine
INFO: SelectFieldData
15/02/2006 11:42:21 org.republic.ParseFileSheet makeNewDataColumn
INFO: Output Data: 165 end: 179
15/02/2006 11:42:21 org.republic.ParseFileSheet makeNewDataColumn
INFO: Report Line: PO79762    1 RC42678  NIN000   27/09/05 10   0078065-0011            1,950.00 ea        0.60        1,170.00        1,170.00        117.00 no                                                                     no, Value Extracted:                
15/02/2006 11:42:21 org.republic.ParseFileSheet checkReportLine
INFO: SelectFieldData
15/02/2006 11:42:21 org.republic.ParseFileSheet makeNewDataColumn
INFO: Output Data: 181 end: 188
15/02/2006 11:42:21 org.republic.ParseFileSheet makeNewDataColumn
INFO: Report Line: PO79762    1 RC42678  NIN000   27/09/05 10   0078065-0011            1,950.00 ea        0.60        1,170.00        1,170.00        117.00 no                                                                     no, Value Extracted:         
15/02/2006 11:42:21 org.republic.ParseFileSheet checkReportLine
INFO: SelectFieldData
15/02/2006 11:42:21 org.republic.ParseFileSheet makeNewDataColumn
INFO: Output Data: 190 end: 207
15/02/2006 11:42:21 org.republic.ParseFileSheet makeNewDataColumn
INFO: Report Line: PO79762    1 RC42678  NIN000   27/09/05 10   0078065-0011            1,950.00 ea        0.60        1,170.00        1,170.00        117.00 no                                                                     no, Value Extracted:                   
15/02/2006 11:42:21 org.republic.ParseFileSheet checkReportLine
INFO: SelectFieldData
15/02/2006 11:42:21 org.republic.ParseFileSheet makeNewDataColumn
INFO: Output Data: 209 end: 209
15/02/2006 11:42:21 org.republic.ParseFileSheet makeNewDataColumn
INFO: Report Line: PO79762    1 RC42678  NIN000   27/09/05 10   0078065-0011            1,950.00 ea        0.60        1,170.00        1,170.00        117.00 no                                                                     no, Value Extracted:  
15/02/2006 11:42:21 org.republic.ParseFileSheet checkReportLine
INFO: SelectFieldData
15/02/2006 11:42:21 org.republic.ParseFileSheet makeNewDataColumn
INFO: Output Data: 211 end: 213
15/02/2006 11:42:21 org.republic.ParseFileSheet makeNewDataColumn
INFO: Report Line: PO79762    1 RC42678  NIN000   27/09/05 10   0078065-0011            1,950.00 ea        0.60        1,170.00        1,170.00        117.00 no                                                                     no, Value Extracted: no
15/02/2006 11:42:21 org.republic.ParseFileSheet parseInputFile
INFO: line:24 , line length() 212
15/02/2006 11:42:21 org.republic.ParseFileSheet parseInputFile
INFO: >>>>First char:80 new page?: false
15/02/2006 11:42:21 org.republic.ParseFileSheet parseInputFile
INFO: File Line:24, report page pos 24 , line:PO79784    1 RC44014  eve000   15/12/05 10   4006110-05100          31,500.00 EA       0.039        1,228.50        1,228.50        122.85 no                                                                     no
15/02/2006 11:42:21 org.republic.ParseFileSheet checkReportLine
INFO: NewRowIf
15/02/2006 11:42:21 org.republic.ParseFileSheet ruleMatchesReportLine
INFO: comparing: 'PO79784 ' with '        '
15/02/2006 11:42:21 org.republic.ParseFileSheet ruleMatchesReportLine
INFO: not blank: true
15/02/2006 11:42:21 org.republic.ParseFileSheet ruleMatchesReportLine
INFO: not blank Len: '8'
15/02/2006 11:42:21 org.republic.ParseFileSheet checkReportLine
INFO: SelectFieldData
15/02/2006 11:42:21 org.republic.ParseFileSheet makeNewDataColumn
INFO: Output Data: 1 end: 8
15/02/2006 11:42:21 org.republic.ParseFileSheet makeNewDataColumn
INFO: Report Line: PO79784    1 RC44014  eve000   15/12/05 10   4006110-05100          31,500.00 EA       0.039        1,228.50        1,228.50        122.85 no                                                                     no, Value Extracted: PO79784 
15/02/2006 11:42:21 org.republic.ParseFileSheet checkReportLine
INFO: SelectFieldData
15/02/2006 11:42:21 org.republic.ParseFileSheet makeNewDataColumn
INFO: Output Data: 10 end: 12
15/02/2006 11:42:21 org.republic.ParseFileSheet makeNewDataColumn
INFO: Report Line: PO79784    1 RC44014  eve000   15/12/05 10   4006110-05100          31,500.00 EA       0.039        1,228.50        1,228.50        122.85 no                                                                     no, Value Extracted:   1
15/02/2006 11:42:21 org.republic.ParseFileSheet checkReportLine
INFO: SelectFieldData
15/02/2006 11:42:21 org.republic.ParseFileSheet makeNewDataColumn
INFO: Output Data: 14 end: 21
15/02/2006 11:42:21 org.republic.ParseFileSheet makeNewDataColumn
INFO: Report Line: PO79784    1 RC44014  eve000   15/12/05 10   4006110-05100          31,500.00 EA       0.039        1,228.50        1,228.50        122.85 no                                                                     no, Value Extracted: RC44014 
15/02/2006 11:42:21 org.republic.ParseFileSheet checkReportLine
INFO: SelectFieldData
15/02/2006 11:42:21 org.republic.ParseFileSheet makeNewDataColumn
INFO: Output Data: 23 end: 30
15/02/2006 11:42:21 org.republic.ParseFileSheet makeNewDataColumn
INFO: Report Line: PO79784    1 RC44014  eve000   15/12/05 10   4006110-05100          31,500.00 EA       0.039        1,228.50        1,228.50        122.85 no                                                                     no, Value Extracted: eve000  
15/02/2006 11:42:21 org.republic.ParseFileSheet checkReportLine
INFO: SelectFieldData
15/02/2006 11:42:21 org.republic.ParseFileSheet makeNewDataColumn
INFO: Output Data: 32 end: 39
15/02/2006 11:42:21 org.republic.ParseFileSheet makeNewDataColumn
INFO: Report Line: PO79784    1 RC44014  eve000   15/12/05 10   4006110-05100          31,500.00 EA       0.039        1,228.50        1,228.50        122.85 no                                                                     no, Value Extracted: 15/12/05
15/02/2006 11:42:21 org.republic.ParseFileSheet checkReportLine
INFO: SelectFieldData
15/02/2006 11:42:21 org.republic.ParseFileSheet makeNewDataColumn
INFO: Output Data: 41 end: 44
15/02/2006 11:42:21 org.republic.ParseFileSheet makeNewDataColumn
INFO: Report Line: PO79784    1 RC44014  eve000   15/12/05 10   4006110-05100          31,500.00 EA       0.039        1,228.50        1,228.50        122.85 no                                                                     no, Value Extracted: 10  
15/02/2006 11:42:21 org.republic.ParseFileSheet checkReportLine
INFO: SelectFieldData
15/02/2006 11:42:21 org.republic.ParseFileSheet makeNewDataColumn
INFO: Output Data: 46 end: 63
15/02/2006 11:42:21 org.republic.ParseFileSheet makeNewDataColumn
INFO: Report Line: PO79784    1 RC44014  eve000   15/12/05 10   4006110-05100          31,500.00 EA       0.039        1,228.50        1,228.50        122.85 no                                                                     no, Value Extracted: 4006110-05100     
15/02/2006 11:42:21 org.republic.ParseFileSheet checkReportLine
INFO: SelectFieldData
15/02/2006 11:42:21 org.republic.ParseFileSheet makeNewDataColumn
INFO: Output Data: 65 end: 77
15/02/2006 11:42:21 org.republic.ParseFileSheet makeNewDataColumn
INFO: Report Line: PO79784    1 RC44014  eve000   15/12/05 10   4006110-05100          31,500.00 EA       0.039        1,228.50        1,228.50        122.85 no                                                                     no, Value Extracted:     31,500.00
15/02/2006 11:42:21 org.republic.ParseFileSheet checkReportLine
INFO: SelectFieldData
15/02/2006 11:42:21 org.republic.ParseFileSheet makeNewDataColumn
INFO: Output Data: 79 end: 80
15/02/2006 11:42:21 org.republic.ParseFileSheet makeNewDataColumn
INFO: Report Line: PO79784    1 RC44014  eve000   15/12/05 10   4006110-05100          31,500.00 EA       0.039        1,228.50        1,228.50        122.85 no                                                                     no, Value Extracted: EA
15/02/2006 11:42:21 org.republic.ParseFileSheet checkReportLine
INFO: SelectFieldData
15/02/2006 11:42:21 org.republic.ParseFileSheet makeNewDataColumn
INFO: Output Data: 82 end: 92
15/02/2006 11:42:21 org.republic.ParseFileSheet makeNewDataColumn
INFO: Report Line: PO79784    1 RC44014  eve000   15/12/05 10   4006110-05100          31,500.00 EA       0.039        1,228.50        1,228.50        122.85 no                                                                     no, Value Extracted:       0.039
15/02/2006 11:42:21 org.republic.ParseFileSheet checkReportLine
INFO: SelectFieldData
15/02/2006 11:42:21 org.republic.ParseFileSheet makeNewDataColumn
INFO: Output Data: 94 end: 108
15/02/2006 11:42:21 org.republic.ParseFileSheet makeNewDataColumn
INFO: Report Line: PO79784    1 RC44014  eve000   15/12/05 10   4006110-05100          31,500.00 EA       0.039        1,228.50        1,228.50        122.85 no                                                                     no, Value Extracted:        1,228.50
15/02/2006 11:42:21 org.republic.ParseFileSheet checkReportLine
INFO: SelectFieldData
15/02/2006 11:42:21 org.republic.ParseFileSheet makeNewDataColumn
INFO: Output Data: 110 end: 124
15/02/2006 11:42:21 org.republic.ParseFileSheet makeNewDataColumn
INFO: Report Line: PO79784    1 RC44014  eve000   15/12/05 10   4006110-05100          31,500.00 EA       0.039        1,228.50        1,228.50        122.85 no                                                                     no, Value Extracted:        1,228.50
15/02/2006 11:42:21 org.republic.ParseFileSheet checkReportLine
INFO: SelectFieldData
15/02/2006 11:42:21 org.republic.ParseFileSheet makeNewDataColumn
INFO: Output Data: 126 end: 138
15/02/2006 11:42:21 org.republic.ParseFileSheet makeNewDataColumn
INFO: Report Line: PO79784    1 RC44014  eve000   15/12/05 10   4006110-05100          31,500.00 EA       0.039        1,228.50        1,228.50        122.85 no                                                                     no, Value Extracted:        122.85
15/02/2006 11:42:21 org.republic.ParseFileSheet checkReportLine
INFO: SelectFieldData
15/02/2006 11:42:21 org.republic.ParseFileSheet makeNewDataColumn
INFO: Output Data: 140 end: 142
15/02/2006 11:42:21 org.republic.ParseFileSheet makeNewDataColumn
INFO: Report Line: PO79784    1 RC44014  eve000   15/12/05 10   4006110-05100          31,500.00 EA       0.039        1,228.50        1,228.50        122.85 no                                                                     no, Value Extracted: no 
15/02/2006 11:42:21 org.republic.ParseFileSheet checkReportLine
INFO: SelectFieldData
15/02/2006 11:42:21 org.republic.ParseFileSheet makeNewDataColumn
INFO: Output Data: 144 end: 151
15/02/2006 11:42:21 org.republic.ParseFileSheet makeNewDataColumn
INFO: Report Line: PO79784    1 RC44014  eve000   15/12/05 10   4006110-05100          31,500.00 EA       0.039        1,228.50        1,228.50        122.85 no                                                                     no, Value Extracted:         
15/02/2006 11:42:21 org.republic.ParseFileSheet checkReportLine
INFO: SelectFieldData
15/02/2006 11:42:21 org.republic.ParseFileSheet makeNewDataColumn
INFO: Output Data: 153 end: 163
15/02/2006 11:42:21 org.republic.ParseFileSheet makeNewDataColumn
INFO: Report Line: PO79784    1 RC44014  eve000   15/12/05 10   4006110-05100          31,500.00 EA       0.039        1,228.50        1,228.50        122.85 no                                                                     no, Value Extracted:            
15/02/2006 11:42:21 org.republic.ParseFileSheet checkReportLine
INFO: SelectFieldData
15/02/2006 11:42:21 org.republic.ParseFileSheet makeNewDataColumn
INFO: Output Data: 165 end: 179
15/02/2006 11:42:21 org.republic.ParseFileSheet makeNewDataColumn
INFO: Report Line: PO79784    1 RC44014  eve000   15/12/05 10   4006110-05100          31,500.00 EA       0.039        1,228.50        1,228.50        122.85 no                                                                     no, Value Extracted:                
15/02/2006 11:42:21 org.republic.ParseFileSheet checkReportLine
INFO: SelectFieldData
15/02/2006 11:42:21 org.republic.ParseFileSheet makeNewDataColumn
INFO: Output Data: 181 end: 188
15/02/2006 11:42:21 org.republic.ParseFileSheet makeNewDataColumn
INFO: Report Line: PO79784    1 RC44014  eve000   15/12/05 10   4006110-05100          31,500.00 EA       0.039        1,228.50        1,228.50        122.85 no                                                                     no, Value Extracted:         
15/02/2006 11:42:21 org.republic.ParseFileSheet checkReportLine
INFO: SelectFieldData
15/02/2006 11:42:21 org.republic.ParseFileSheet makeNewDataColumn
INFO: Output Data: 190 end: 207
15/02/2006 11:42:21 org.republic.ParseFileSheet makeNewDataColumn
INFO: Report Line: PO79784    1 RC44014  eve000   15/12/05 10   4006110-05100          31,500.00 EA       0.039        1,228.50        1,228.50        122.85 no                                                                     no, Value Extracted:                   
15/02/2006 11:42:21 org.republic.ParseFileSheet checkReportLine
INFO: SelectFieldData
15/02/2006 11:42:21 org.republic.ParseFileSheet makeNewDataColumn
INFO: Output Data: 209 end: 209
15/02/2006 11:42:21 org.republic.ParseFileSheet makeNewDataColumn
INFO: Report Line: PO79784    1 RC44014  eve000   15/12/05 10   4006110-05100          31,500.00 EA       0.039        1,228.50        1,228.50        122.85 no                                                                     no, Value Extracted:  
15/02/2006 11:42:21 org.republic.ParseFileSheet checkReportLine
INFO: SelectFieldData
15/02/2006 11:42:21 org.republic.ParseFileSheet makeNewDataColumn
INFO: Output Data: 211 end: 213
15/02/2006 11:42:21 org.republic.ParseFileSheet makeNewDataColumn
INFO: Report Line: PO79784    1 RC44014  eve000   15/12/05 10   4006110-05100          31,500.00 EA       0.039        1,228.50        1,228.50        122.85 no                                                                     no, Value Extracted: no
15/02/2006 11:42:21 org.republic.ParseFileSheet parseInputFile
INFO: line:25 , line length() 212
15/02/2006 11:42:21 org.republic.ParseFileSheet parseInputFile
INFO: >>>>First char:80 new page?: false
15/02/2006 11:42:21 org.republic.ParseFileSheet parseInputFile
INFO: File Line:25, report page pos 25 , line:PO79784    2 RC44014  eve000   15/12/05 10   4006110-05110          31,500.00 EA       0.039        1,228.50        1,228.50        122.85 no                                                                     no
15/02/2006 11:42:21 org.republic.ParseFileSheet checkReportLine
INFO: NewRowIf
15/02/2006 11:42:21 org.republic.ParseFileSheet ruleMatchesReportLine
INFO: comparing: 'PO79784 ' with '        '
15/02/2006 11:42:21 org.republic.ParseFileSheet ruleMatchesReportLine
INFO: not blank: true
15/02/2006 11:42:21 org.republic.ParseFileSheet ruleMatchesReportLine
INFO: not blank Len: '8'
15/02/2006 11:42:21 org.republic.ParseFileSheet checkReportLine
INFO: SelectFieldData
15/02/2006 11:42:21 org.republic.ParseFileSheet makeNewDataColumn
INFO: Output Data: 1 end: 8
15/02/2006 11:42:21 org.republic.ParseFileSheet makeNewDataColumn
INFO: Report Line: PO79784    2 RC44014  eve000   15/12/05 10   4006110-05110          31,500.00 EA       0.039        1,228.50        1,228.50        122.85 no                                                                     no, Value Extracted: PO79784 
15/02/2006 11:42:21 org.republic.ParseFileSheet checkReportLine
INFO: SelectFieldData
15/02/2006 11:42:21 org.republic.ParseFileSheet makeNewDataColumn
INFO: Output Data: 10 end: 12
15/02/2006 11:42:21 org.republic.ParseFileSheet makeNewDataColumn
INFO: Report Line: PO79784    2 RC44014  eve000   15/12/05 10   4006110-05110          31,500.00 EA       0.039        1,228.50        1,228.50        122.85 no                                                                     no, Value Extracted:   2
15/02/2006 11:42:21 org.republic.ParseFileSheet checkReportLine
INFO: SelectFieldData
15/02/2006 11:42:21 org.republic.ParseFileSheet makeNewDataColumn
INFO: Output Data: 14 end: 21
15/02/2006 11:42:21 org.republic.ParseFileSheet makeNewDataColumn
INFO: Report Line: PO79784    2 RC44014  eve000   15/12/05 10   4006110-05110          31,500.00 EA       0.039        1,228.50        1,228.50        122.85 no                                                                     no, Value Extracted: RC44014 
15/02/2006 11:42:21 org.republic.ParseFileSheet checkReportLine
INFO: SelectFieldData
15/02/2006 11:42:21 org.republic.ParseFileSheet makeNewDataColumn
INFO: Output Data: 23 end: 30
15/02/2006 11:42:21 org.republic.ParseFileSheet makeNewDataColumn
INFO: Report Line: PO79784    2 RC44014  eve000   15/12/05 10   4006110-05110          31,500.00 EA       0.039        1,228.50        1,228.50        122.85 no                                                                     no, Value Extracted: eve000  
15/02/2006 11:42:21 org.republic.ParseFileSheet checkReportLine
INFO: SelectFieldData
15/02/2006 11:42:21 org.republic.ParseFileSheet makeNewDataColumn
INFO: Output Data: 32 end: 39
15/02/2006 11:42:21 org.republic.ParseFileSheet makeNewDataColumn
INFO: Report Line: PO79784    2 RC44014  eve000   15/12/05 10   4006110-05110          31,500.00 EA       0.039        1,228.50        1,228.50        122.85 no                                                                     no, Value Extracted: 15/12/05
15/02/2006 11:42:21 org.republic.ParseFileSheet checkReportLine
INFO: SelectFieldData
15/02/2006 11:42:21 org.republic.ParseFileSheet makeNewDataColumn
INFO: Output Data: 41 end: 44
15/02/2006 11:42:21 org.republic.ParseFileSheet makeNewDataColumn
INFO: Report Line: PO79784    2 RC44014  eve000   15/12/05 10   4006110-05110          31,500.00 EA       0.039        1,228.50        1,228.50        122.85 no                                                                     no, Value Extracted: 10  
15/02/2006 11:42:21 org.republic.ParseFileSheet checkReportLine
INFO: SelectFieldData
15/02/2006 11:42:21 org.republic.ParseFileSheet makeNewDataColumn
INFO: Output Data: 46 end: 63
15/02/2006 11:42:21 org.republic.ParseFileSheet makeNewDataColumn
INFO: Report Line: PO79784    2 RC44014  eve000   15/12/05 10   4006110-05110          31,500.00 EA       0.039        1,228.50        1,228.50        122.85 no                                                                     no, Value Extracted: 4006110-05110     
15/02/2006 11:42:21 org.republic.ParseFileSheet checkReportLine
INFO: SelectFieldData
15/02/2006 11:42:21 org.republic.ParseFileSheet makeNewDataColumn
INFO: Output Data: 65 end: 77
15/02/2006 11:42:21 org.republic.ParseFileSheet makeNewDataColumn
INFO: Report Line: PO79784    2 RC44014  eve000   15/12/05 10   4006110-05110          31,500.00 EA       0.039        1,228.50        1,228.50        122.85 no                                                                     no, Value Extracted:     31,500.00
15/02/2006 11:42:21 org.republic.ParseFileSheet checkReportLine
INFO: SelectFieldData
15/02/2006 11:42:21 org.republic.ParseFileSheet makeNewDataColumn
INFO: Output Data: 79 end: 80
15/02/2006 11:42:21 org.republic.ParseFileSheet makeNewDataColumn
INFO: Report Line: PO79784    2 RC44014  eve000   15/12/05 10   4006110-05110          31,500.00 EA       0.039        1,228.50        1,228.50        122.85 no                                                                     no, Value Extracted: EA
15/02/2006 11:42:21 org.republic.ParseFileSheet checkReportLine
INFO: SelectFieldData
15/02/2006 11:42:21 org.republic.ParseFileSheet makeNewDataColumn
INFO: Output Data: 82 end: 92
15/02/2006 11:42:21 org.republic.ParseFileSheet makeNewDataColumn
INFO: Report Line: PO79784    2 RC44014  eve000   15/12/05 10   4006110-05110          31,500.00 EA       0.039        1,228.50        1,228.50        122.85 no                                                                     no, Value Extracted:       0.039
15/02/2006 11:42:21 org.republic.ParseFileSheet checkReportLine
INFO: SelectFieldData
15/02/2006 11:42:21 org.republic.ParseFileSheet makeNewDataColumn
INFO: Output Data: 94 end: 108
15/02/2006 11:42:21 org.republic.ParseFileSheet makeNewDataColumn
INFO: Report Line: PO79784    2 RC44014  eve000   15/12/05 10   4006110-05110          31,500.00 EA       0.039        1,228.50        1,228.50        122.85 no                                                                     no, Value Extracted:        1,228.50
15/02/2006 11:42:21 org.republic.ParseFileSheet checkReportLine
INFO: SelectFieldData
15/02/2006 11:42:21 org.republic.ParseFileSheet makeNewDataColumn
INFO: Output Data: 110 end: 124
15/02/2006 11:42:21 org.republic.ParseFileSheet makeNewDataColumn
INFO: Report Line: PO79784    2 RC44014  eve000   15/12/05 10   4006110-05110          31,500.00 EA       0.039        1,228.50        1,228.50        122.85 no                                                                     no, Value Extracted:        1,228.50
15/02/2006 11:42:21 org.republic.ParseFileSheet checkReportLine
INFO: SelectFieldData
15/02/2006 11:42:21 org.republic.ParseFileSheet makeNewDataColumn
INFO: Output Data: 126 end: 138
15/02/2006 11:42:21 org.republic.ParseFileSheet makeNewDataColumn
INFO: Report Line: PO79784    2 RC44014  eve000   15/12/05 10   4006110-05110          31,500.00 EA       0.039        1,228.50        1,228.50        122.85 no                                                                     no, Value Extracted:        122.85
15/02/2006 11:42:21 org.republic.ParseFileSheet checkReportLine
INFO: SelectFieldData
15/02/2006 11:42:21 org.republic.ParseFileSheet makeNewDataColumn
INFO: Output Data: 140 end: 142
15/02/2006 11:42:21 org.republic.ParseFileSheet makeNewDataColumn
INFO: Report Line: PO79784    2 RC44014  eve000   15/12/05 10   4006110-05110          31,500.00 EA       0.039        1,228.50        1,228.50        122.85 no                                                                     no, Value Extracted: no 
15/02/2006 11:42:21 org.republic.ParseFileSheet checkReportLine
INFO: SelectFieldData
15/02/2006 11:42:21 org.republic.ParseFileSheet makeNewDataColumn
INFO: Output Data: 144 end: 151
15/02/2006 11:42:21 org.republic.ParseFileSheet makeNewDataColumn
INFO: Report Line: PO79784    2 RC44014  eve000   15/12/05 10   4006110-05110          31,500.00 EA       0.039        1,228.50        1,228.50        122.85 no                                                                     no, Value Extracted:         
15/02/2006 11:42:21 org.republic.ParseFileSheet checkReportLine
INFO: SelectFieldData
15/02/2006 11:42:21 org.republic.ParseFileSheet makeNewDataColumn
INFO: Output Data: 153 end: 163
15/02/2006 11:42:21 org.republic.ParseFileSheet makeNewDataColumn
INFO: Report Line: PO79784    2 RC44014  eve000   15/12/05 10   4006110-05110          31,500.00 EA       0.039        1,228.50        1,228.50        122.85 no                                                                     no, Value Extracted:            
15/02/2006 11:42:21 org.republic.ParseFileSheet checkReportLine
INFO: SelectFieldData
15/02/2006 11:42:21 org.republic.ParseFileSheet makeNewDataColumn
INFO: Output Data: 165 end: 179
15/02/2006 11:42:21 org.republic.ParseFileSheet makeNewDataColumn
INFO: Report Line: PO79784    2 RC44014  eve000   15/12/05 10   4006110-05110          31,500.00 EA       0.039        1,228.50        1,228.50        122.85 no                                                                     no, Value Extracted:                
15/02/2006 11:42:21 org.republic.ParseFileSheet checkReportLine
INFO: SelectFieldData
15/02/2006 11:42:21 org.republic.ParseFileSheet makeNewDataColumn
INFO: Output Data: 181 end: 188
15/02/2006 11:42:21 org.republic.ParseFileSheet makeNewDataColumn
INFO: Report Line: PO79784    2 RC44014  eve000   15/12/05 10   4006110-05110          31,500.00 EA       0.039        1,228.50        1,228.50        122.85 no                                                                     no, Value Extracted:         
15/02/2006 11:42:21 org.republic.ParseFileSheet checkReportLine
INFO: SelectFieldData
15/02/2006 11:42:21 org.republic.ParseFileSheet makeNewDataColumn
INFO: Output Data: 190 end: 207
15/02/2006 11:42:21 org.republic.ParseFileSheet makeNewDataColumn
INFO: Report Line: PO79784    2 RC44014  eve000   15/12/05 10   4006110-05110          31,500.00 EA       0.039        1,228.50        1,228.50        122.85 no                                                                     no, Value Extracted:                   
15/02/2006 11:42:21 org.republic.ParseFileSheet checkReportLine
INFO: SelectFieldData
15/02/2006 11:42:21 org.republic.ParseFileSheet makeNewDataColumn
INFO: Output Data: 209 end: 209
15/02/2006 11:42:21 org.republic.ParseFileSheet makeNewDataColumn
INFO: Report Line: PO79784    2 RC44014  eve000   15/12/05 10   4006110-05110          31,500.00 EA       0.039        1,228.50        1,228.50        122.85 no                                                                     no, Value Extracted:  
15/02/2006 11:42:21 org.republic.ParseFileSheet checkReportLine
INFO: SelectFieldData
15/02/2006 11:42:21 org.republic.ParseFileSheet makeNewDataColumn
INFO: Output Data: 211 end: 213
15/02/2006 11:42:21 org.republic.ParseFileSheet makeNewDataColumn
INFO: Report Line: PO79784    2 RC44014  eve000   15/12/05 10   4006110-05110          31,500.00 EA       0.039        1,228.50        1,228.50        122.85 no                                                                     no, Value Extracted: no
15/02/2006 11:42:21 org.republic.ParseFileSheet parseInputFile
INFO: line:26 , line length() 212
15/02/2006 11:42:21 org.republic.ParseFileSheet parseInputFile
INFO: >>>>First char:80 new page?: false
15/02/2006 11:42:21 org.republic.ParseFileSheet parseInputFile
INFO: File Line:26, report page pos 26 , line:PO79828    1 RC43914  AUS000   08/12/05 10   312-30600031           38,250.00 EA       0.139        5,316.75        5,316.75        531.68 no                                                                     no
15/02/2006 11:42:21 org.republic.ParseFileSheet checkReportLine
INFO: NewRowIf
15/02/2006 11:42:21 org.republic.ParseFileSheet ruleMatchesReportLine
INFO: comparing: 'PO79828 ' with '        '
15/02/2006 11:42:21 org.republic.ParseFileSheet ruleMatchesReportLine
INFO: not blank: true
15/02/2006 11:42:21 org.republic.ParseFileSheet ruleMatchesReportLine
INFO: not blank Len: '8'
15/02/2006 11:42:21 org.republic.ParseFileSheet checkReportLine
INFO: SelectFieldData
15/02/2006 11:42:21 org.republic.ParseFileSheet makeNewDataColumn
INFO: Output Data: 1 end: 8
15/02/2006 11:42:21 org.republic.ParseFileSheet makeNewDataColumn
INFO: Report Line: PO79828    1 RC43914  AUS000   08/12/05 10   312-30600031           38,250.00 EA       0.139        5,316.75        5,316.75        531.68 no                                                                     no, Value Extracted: PO79828 
15/02/2006 11:42:21 org.republic.ParseFileSheet checkReportLine
INFO: SelectFieldData
15/02/2006 11:42:21 org.republic.ParseFileSheet makeNewDataColumn
INFO: Output Data: 10 end: 12
15/02/2006 11:42:21 org.republic.ParseFileSheet makeNewDataColumn
INFO: Report Line: PO79828    1 RC43914  AUS000   08/12/05 10   312-30600031           38,250.00 EA       0.139        5,316.75        5,316.75        531.68 no                                                                     no, Value Extracted:   1
15/02/2006 11:42:21 org.republic.ParseFileSheet checkReportLine
INFO: SelectFieldData
15/02/2006 11:42:21 org.republic.ParseFileSheet makeNewDataColumn
INFO: Output Data: 14 end: 21
15/02/2006 11:42:21 org.republic.ParseFileSheet makeNewDataColumn
INFO: Report Line: PO79828    1 RC43914  AUS000   08/12/05 10   312-30600031           38,250.00 EA       0.139        5,316.75        5,316.75        531.68 no                                                                     no, Value Extracted: RC43914 
15/02/2006 11:42:21 org.republic.ParseFileSheet checkReportLine
INFO: SelectFieldData
15/02/2006 11:42:21 org.republic.ParseFileSheet makeNewDataColumn
INFO: Output Data: 23 end: 30
15/02/2006 11:42:21 org.republic.ParseFileSheet makeNewDataColumn
INFO: Report Line: PO79828    1 RC43914  AUS000   08/12/05 10   312-30600031           38,250.00 EA       0.139        5,316.75        5,316.75        531.68 no                                                                     no, Value Extracted: AUS000  
15/02/2006 11:42:21 org.republic.ParseFileSheet checkReportLine
INFO: SelectFieldData
15/02/2006 11:42:21 org.republic.ParseFileSheet makeNewDataColumn
INFO: Output Data: 32 end: 39
15/02/2006 11:42:21 org.republic.ParseFileSheet makeNewDataColumn
INFO: Report Line: PO79828    1 RC43914  AUS000   08/12/05 10   312-30600031           38,250.00 EA       0.139        5,316.75        5,316.75        531.68 no                                                                     no, Value Extracted: 08/12/05
15/02/2006 11:42:21 org.republic.ParseFileSheet checkReportLine
INFO: SelectFieldData
15/02/2006 11:42:21 org.republic.ParseFileSheet makeNewDataColumn
INFO: Output Data: 41 end: 44
15/02/2006 11:42:21 org.republic.ParseFileSheet makeNewDataColumn
INFO: Report Line: PO79828    1 RC43914  AUS000   08/12/05 10   312-30600031           38,250.00 EA       0.139        5,316.75        5,316.75        531.68 no                                                                     no, Value Extracted: 10  
15/02/2006 11:42:21 org.republic.ParseFileSheet checkReportLine
INFO: SelectFieldData
15/02/2006 11:42:21 org.republic.ParseFileSheet makeNewDataColumn
INFO: Output Data: 46 end: 63
15/02/2006 11:42:21 org.republic.ParseFileSheet makeNewDataColumn
INFO: Report Line: PO79828    1 RC43914  AUS000   08/12/05 10   312-30600031           38,250.00 EA       0.139        5,316.75        5,316.75        531.68 no                                                                     no, Value Extracted: 312-30600031      
15/02/2006 11:42:21 org.republic.ParseFileSheet checkReportLine
INFO: SelectFieldData
15/02/2006 11:42:21 org.republic.ParseFileSheet makeNewDataColumn
INFO: Output Data: 65 end: 77
15/02/2006 11:42:21 org.republic.ParseFileSheet makeNewDataColumn
INFO: Report Line: PO79828    1 RC43914  AUS000   08/12/05 10   312-30600031           38,250.00 EA       0.139        5,316.75        5,316.75        531.68 no                                                                     no, Value Extracted:     38,250.00
15/02/2006 11:42:21 org.republic.ParseFileSheet checkReportLine
INFO: SelectFieldData
15/02/2006 11:42:21 org.republic.ParseFileSheet makeNewDataColumn
INFO: Output Data: 79 end: 80
15/02/2006 11:42:21 org.republic.ParseFileSheet makeNewDataColumn
INFO: Report Line: PO79828    1 RC43914  AUS000   08/12/05 10   312-30600031           38,250.00 EA       0.139        5,316.75        5,316.75        531.68 no                                                                     no, Value Extracted: EA
15/02/2006 11:42:21 org.republic.ParseFileSheet checkReportLine
INFO: SelectFieldData
15/02/2006 11:42:21 org.republic.ParseFileSheet makeNewDataColumn
INFO: Output Data: 82 end: 92
15/02/2006 11:42:21 org.republic.ParseFileSheet makeNewDataColumn
INFO: Report Line: PO79828    1 RC43914  AUS000   08/12/05 10   312-30600031           38,250.00 EA       0.139        5,316.75        5,316.75        531.68 no                                                                     no, Value Extracted:       0.139
15/02/2006 11:42:21 org.republic.ParseFileSheet checkReportLine
INFO: SelectFieldData
15/02/2006 11:42:21 org.republic.ParseFileSheet makeNewDataColumn
INFO: Output Data: 94 end: 108
15/02/2006 11:42:21 org.republic.ParseFileSheet makeNewDataColumn
INFO: Report Line: PO79828    1 RC43914  AUS000   08/12/05 10   312-30600031           38,250.00 EA       0.139        5,316.75        5,316.75        531.68 no                                                                     no, Value Extracted:        5,316.75
15/02/2006 11:42:21 org.republic.ParseFileSheet checkReportLine
INFO: SelectFieldData
15/02/2006 11:42:21 org.republic.ParseFileSheet makeNewDataColumn
INFO: Output Data: 110 end: 124
15/02/2006 11:42:21 org.republic.ParseFileSheet makeNewDataColumn
INFO: Report Line: PO79828    1 RC43914  AUS000   08/12/05 10   312-30600031           38,250.00 EA       0.139        5,316.75        5,316.75        531.68 no                                                                     no, Value Extracted:        5,316.75
15/02/2006 11:42:21 org.republic.ParseFileSheet checkReportLine
INFO: SelectFieldData
15/02/2006 11:42:21 org.republic.ParseFileSheet makeNewDataColumn
INFO: Output Data: 126 end: 138
15/02/2006 11:42:21 org.republic.ParseFileSheet makeNewDataColumn
INFO: Report Line: PO79828    1 RC43914  AUS000   08/12/05 10   312-30600031           38,250.00 EA       0.139        5,316.75        5,316.75        531.68 no                                                                     no, Value Extracted:        531.68
15/02/2006 11:42:21 org.republic.ParseFileSheet checkReportLine
INFO: SelectFieldData
15/02/2006 11:42:21 org.republic.ParseFileSheet makeNewDataColumn
INFO: Output Data: 140 end: 142
15/02/2006 11:42:21 org.republic.ParseFileSheet makeNewDataColumn
INFO: Report Line: PO79828    1 RC43914  AUS000   08/12/05 10   312-30600031           38,250.00 EA       0.139        5,316.75        5,316.75        531.68 no                                                                     no, Value Extracted: no 
15/02/2006 11:42:21 org.republic.ParseFileSheet checkReportLine
INFO: SelectFieldData
15/02/2006 11:42:21 org.republic.ParseFileSheet makeNewDataColumn
INFO: Output Data: 144 end: 151
15/02/2006 11:42:21 org.republic.ParseFileSheet makeNewDataColumn
INFO: Report Line: PO79828    1 RC43914  AUS000   08/12/05 10   312-30600031           38,250.00 EA       0.139        5,316.75        5,316.75        531.68 no                                                                     no, Value Extracted:         
15/02/2006 11:42:21 org.republic.ParseFileSheet checkReportLine
INFO: SelectFieldData
15/02/2006 11:42:21 org.republic.ParseFileSheet makeNewDataColumn
INFO: Output Data: 153 end: 163
15/02/2006 11:42:21 org.republic.ParseFileSheet makeNewDataColumn
INFO: Report Line: PO79828    1 RC43914  AUS000   08/12/05 10   312-30600031           38,250.00 EA       0.139        5,316.75        5,316.75        531.68 no                                                                     no, Value Extracted:            
15/02/2006 11:42:21 org.republic.ParseFileSheet checkReportLine
INFO: SelectFieldData
15/02/2006 11:42:21 org.republic.ParseFileSheet makeNewDataColumn
INFO: Output Data: 165 end: 179
15/02/2006 11:42:21 org.republic.ParseFileSheet makeNewDataColumn
INFO: Report Line: PO79828    1 RC43914  AUS000   08/12/05 10   312-30600031           38,250.00 EA       0.139        5,316.75        5,316.75        531.68 no                                                                     no, Value Extracted:                
15/02/2006 11:42:21 org.republic.ParseFileSheet checkReportLine
INFO: SelectFieldData
15/02/2006 11:42:21 org.republic.ParseFileSheet makeNewDataColumn
INFO: Output Data: 181 end: 188
15/02/2006 11:42:21 org.republic.ParseFileSheet makeNewDataColumn
INFO: Report Line: PO79828    1 RC43914  AUS000   08/12/05 10   312-30600031           38,250.00 EA       0.139        5,316.75        5,316.75        531.68 no                                                                     no, Value Extracted:         
15/02/2006 11:42:21 org.republic.ParseFileSheet checkReportLine
INFO: SelectFieldData
15/02/2006 11:42:21 org.republic.ParseFileSheet makeNewDataColumn
INFO: Output Data: 190 end: 207
15/02/2006 11:42:21 org.republic.ParseFileSheet makeNewDataColumn
INFO: Report Line: PO79828    1 RC43914  AUS000   08/12/05 10   312-30600031           38,250.00 EA       0.139        5,316.75        5,316.75        531.68 no                                                                     no, Value Extracted:                   
15/02/2006 11:42:21 org.republic.ParseFileSheet checkReportLine
INFO: SelectFieldData
15/02/2006 11:42:21 org.republic.ParseFileSheet makeNewDataColumn
INFO: Output Data: 209 end: 209
15/02/2006 11:42:21 org.republic.ParseFileSheet makeNewDataColumn
INFO: Report Line: PO79828    1 RC43914  AUS000   08/12/05 10   312-30600031           38,250.00 EA       0.139        5,316.75        5,316.75        531.68 no                                                                     no, Value Extracted:  
15/02/2006 11:42:21 org.republic.ParseFileSheet checkReportLine
INFO: SelectFieldData
15/02/2006 11:42:21 org.republic.ParseFileSheet makeNewDataColumn
INFO: Output Data: 211 end: 213
15/02/2006 11:42:21 org.republic.ParseFileSheet makeNewDataColumn
INFO: Report Line: PO79828    1 RC43914  AUS000   08/12/05 10   312-30600031           38,250.00 EA       0.139        5,316.75        5,316.75        531.68 no                                                                     no, Value Extracted: no
15/02/2006 11:42:21 org.republic.ParseFileSheet parseInputFile
INFO: line:27 , line length() 212
15/02/2006 11:42:21 org.republic.ParseFileSheet parseInputFile
INFO: >>>>First char:80 new page?: false
15/02/2006 11:42:21 org.republic.ParseFileSheet parseInputFile
INFO: File Line:27, report page pos 27 , line:PO79839    2 RC43907  amc000   08/12/05 10   341-0060401              -421.00 EA     0.53472         -225.12         -225.12        -22.51 no                                                Delaminated          no
15/02/2006 11:42:21 org.republic.ParseFileSheet checkReportLine
INFO: NewRowIf
15/02/2006 11:42:21 org.republic.ParseFileSheet ruleMatchesReportLine
INFO: comparing: 'PO79839 ' with '        '
15/02/2006 11:42:21 org.republic.ParseFileSheet ruleMatchesReportLine
INFO: not blank: true
15/02/2006 11:42:21 org.republic.ParseFileSheet ruleMatchesReportLine
INFO: not blank Len: '8'
15/02/2006 11:42:21 org.republic.ParseFileSheet checkReportLine
INFO: SelectFieldData
15/02/2006 11:42:21 org.republic.ParseFileSheet makeNewDataColumn
INFO: Output Data: 1 end: 8
15/02/2006 11:42:21 org.republic.ParseFileSheet makeNewDataColumn
INFO: Report Line: PO79839    2 RC43907  amc000   08/12/05 10   341-0060401              -421.00 EA     0.53472         -225.12         -225.12        -22.51 no                                                Delaminated          no, Value Extracted: PO79839 
15/02/2006 11:42:21 org.republic.ParseFileSheet checkReportLine
INFO: SelectFieldData
15/02/2006 11:42:21 org.republic.ParseFileSheet makeNewDataColumn
INFO: Output Data: 10 end: 12
15/02/2006 11:42:21 org.republic.ParseFileSheet makeNewDataColumn
INFO: Report Line: PO79839    2 RC43907  amc000   08/12/05 10   341-0060401              -421.00 EA     0.53472         -225.12         -225.12        -22.51 no                                                Delaminated          no, Value Extracted:   2
15/02/2006 11:42:21 org.republic.ParseFileSheet checkReportLine
INFO: SelectFieldData
15/02/2006 11:42:21 org.republic.ParseFileSheet makeNewDataColumn
INFO: Output Data: 14 end: 21
15/02/2006 11:42:21 org.republic.ParseFileSheet makeNewDataColumn
INFO: Report Line: PO79839    2 RC43907  amc000   08/12/05 10   341-0060401              -421.00 EA     0.53472         -225.12         -225.12        -22.51 no                                                Delaminated          no, Value Extracted: RC43907 
15/02/2006 11:42:21 org.republic.ParseFileSheet checkReportLine
INFO: SelectFieldData
15/02/2006 11:42:21 org.republic.ParseFileSheet makeNewDataColumn
INFO: Output Data: 23 end: 30
15/02/2006 11:42:21 org.republic.ParseFileSheet makeNewDataColumn
INFO: Report Line: PO79839    2 RC43907  amc000   08/12/05 10   341-0060401              -421.00 EA     0.53472         -225.12         -225.12        -22.51 no                                                Delaminated          no, Value Extracted: amc000  
15/02/2006 11:42:21 org.republic.ParseFileSheet checkReportLine
INFO: SelectFieldData
15/02/2006 11:42:21 org.republic.ParseFileSheet makeNewDataColumn
INFO: Output Data: 32 end: 39
15/02/2006 11:42:21 org.republic.ParseFileSheet makeNewDataColumn
INFO: Report Line: PO79839    2 RC43907  amc000   08/12/05 10   341-0060401              -421.00 EA     0.53472         -225.12         -225.12        -22.51 no                                                Delaminated          no, Value Extracted: 08/12/05
15/02/2006 11:42:21 org.republic.ParseFileSheet checkReportLine
INFO: SelectFieldData
15/02/2006 11:42:21 org.republic.ParseFileSheet makeNewDataColumn
INFO: Output Data: 41 end: 44
15/02/2006 11:42:21 org.republic.ParseFileSheet makeNewDataColumn
INFO: Report Line: PO79839    2 RC43907  amc000   08/12/05 10   341-0060401              -421.00 EA     0.53472         -225.12         -225.12        -22.51 no                                                Delaminated          no, Value Extracted: 10  
15/02/2006 11:42:21 org.republic.ParseFileSheet checkReportLine
INFO: SelectFieldData
15/02/2006 11:42:21 org.republic.ParseFileSheet makeNewDataColumn
INFO: Output Data: 46 end: 63
15/02/2006 11:42:21 org.republic.ParseFileSheet makeNewDataColumn
INFO: Report Line: PO79839    2 RC43907  amc000   08/12/05 10   341-0060401              -421.00 EA     0.53472         -225.12         -225.12        -22.51 no                                                Delaminated          no, Value Extracted: 341-0060401       
15/02/2006 11:42:21 org.republic.ParseFileSheet checkReportLine
INFO: SelectFieldData
15/02/2006 11:42:21 org.republic.ParseFileSheet makeNewDataColumn
INFO: Output Data: 65 end: 77
15/02/2006 11:42:21 org.republic.ParseFileSheet makeNewDataColumn
INFO: Report Line: PO79839    2 RC43907  amc000   08/12/05 10   341-0060401              -421.00 EA     0.53472         -225.12         -225.12        -22.51 no                                                Delaminated          no, Value Extracted:       -421.00
15/02/2006 11:42:21 org.republic.ParseFileSheet checkReportLine
INFO: SelectFieldData
15/02/2006 11:42:21 org.republic.ParseFileSheet makeNewDataColumn
INFO: Output Data: 79 end: 80
15/02/2006 11:42:21 org.republic.ParseFileSheet makeNewDataColumn
INFO: Report Line: PO79839    2 RC43907  amc000   08/12/05 10   341-0060401              -421.00 EA     0.53472         -225.12         -225.12        -22.51 no                                                Delaminated          no, Value Extracted: EA
15/02/2006 11:42:21 org.republic.ParseFileSheet checkReportLine
INFO: SelectFieldData
15/02/2006 11:42:21 org.republic.ParseFileSheet makeNewDataColumn
INFO: Output Data: 82 end: 92
15/02/2006 11:42:21 org.republic.ParseFileSheet makeNewDataColumn
INFO: Report Line: PO79839    2 RC43907  amc000   08/12/05 10   341-0060401              -421.00 EA     0.53472         -225.12         -225.12        -22.51 no                                                Delaminated          no, Value Extracted:     0.53472
15/02/2006 11:42:21 org.republic.ParseFileSheet checkReportLine
INFO: SelectFieldData
15/02/2006 11:42:21 org.republic.ParseFileSheet makeNewDataColumn
INFO: Output Data: 94 end: 108
15/02/2006 11:42:21 org.republic.ParseFileSheet makeNewDataColumn
INFO: Report Line: PO79839    2 RC43907  amc000   08/12/05 10   341-0060401              -421.00 EA     0.53472         -225.12         -225.12        -22.51 no                                                Delaminated          no, Value Extracted:         -225.12
15/02/2006 11:42:21 org.republic.ParseFileSheet checkReportLine
INFO: SelectFieldData
15/02/2006 11:42:21 org.republic.ParseFileSheet makeNewDataColumn
INFO: Output Data: 110 end: 124
15/02/2006 11:42:21 org.republic.ParseFileSheet makeNewDataColumn
INFO: Report Line: PO79839    2 RC43907  amc000   08/12/05 10   341-0060401              -421.00 EA     0.53472         -225.12         -225.12        -22.51 no                                                Delaminated          no, Value Extracted:         -225.12
15/02/2006 11:42:21 org.republic.ParseFileSheet checkReportLine
INFO: SelectFieldData
15/02/2006 11:42:21 org.republic.ParseFileSheet makeNewDataColumn
INFO: Output Data: 126 end: 138
15/02/2006 11:42:21 org.republic.ParseFileSheet makeNewDataColumn
INFO: Report Line: PO79839    2 RC43907  amc000   08/12/05 10   341-0060401              -421.00 EA     0.53472         -225.12         -225.12        -22.51 no                                                Delaminated          no, Value Extracted:        -22.51
15/02/2006 11:42:21 org.republic.ParseFileSheet checkReportLine
INFO: SelectFieldData
15/02/2006 11:42:21 org.republic.ParseFileSheet makeNewDataColumn
INFO: Output Data: 140 end: 142
15/02/2006 11:42:21 org.republic.ParseFileSheet makeNewDataColumn
INFO: Report Line: PO79839    2 RC43907  amc000   08/12/05 10   341-0060401              -421.00 EA     0.53472         -225.12         -225.12        -22.51 no                                                Delaminated          no, Value Extracted: no 
15/02/2006 11:42:21 org.republic.ParseFileSheet checkReportLine
INFO: SelectFieldData
15/02/2006 11:42:21 org.republic.ParseFileSheet makeNewDataColumn
INFO: Output Data: 144 end: 151
15/02/2006 11:42:21 org.republic.ParseFileSheet makeNewDataColumn
INFO: Report Line: PO79839    2 RC43907  amc000   08/12/05 10   341-0060401              -421.00 EA     0.53472         -225.12         -225.12        -22.51 no                                                Delaminated          no, Value Extracted:         
15/02/2006 11:42:21 org.republic.ParseFileSheet checkReportLine
INFO: SelectFieldData
15/02/2006 11:42:21 org.republic.ParseFileSheet makeNewDataColumn
INFO: Output Data: 153 end: 163
15/02/2006 11:42:21 org.republic.ParseFileSheet makeNewDataColumn
INFO: Report Line: PO79839    2 RC43907  amc000   08/12/05 10   341-0060401              -421.00 EA     0.53472         -225.12         -225.12        -22.51 no                                                Delaminated          no, Value Extracted:            
15/02/2006 11:42:21 org.republic.ParseFileSheet checkReportLine
INFO: SelectFieldData
15/02/2006 11:42:21 org.republic.ParseFileSheet makeNewDataColumn
INFO: Output Data: 165 end: 179
15/02/2006 11:42:21 org.republic.ParseFileSheet makeNewDataColumn
INFO: Report Line: PO79839    2 RC43907  amc000   08/12/05 10   341-0060401              -421.00 EA     0.53472         -225.12         -225.12        -22.51 no                                                Delaminated          no, Value Extracted:                
15/02/2006 11:42:21 org.republic.ParseFileSheet checkReportLine
INFO: SelectFieldData
15/02/2006 11:42:21 org.republic.ParseFileSheet makeNewDataColumn
INFO: Output Data: 181 end: 188
15/02/2006 11:42:21 org.republic.ParseFileSheet makeNewDataColumn
INFO: Report Line: PO79839    2 RC43907  amc000   08/12/05 10   341-0060401              -421.00 EA     0.53472         -225.12         -225.12        -22.51 no                                                Delaminated          no, Value Extracted:         
15/02/2006 11:42:21 org.republic.ParseFileSheet checkReportLine
INFO: SelectFieldData
15/02/2006 11:42:21 org.republic.ParseFileSheet makeNewDataColumn
INFO: Output Data: 190 end: 207
15/02/2006 11:42:21 org.republic.ParseFileSheet makeNewDataColumn
INFO: Report Line: PO79839    2 RC43907  amc000   08/12/05 10   341-0060401              -421.00 EA     0.53472         -225.12         -225.12        -22.51 no                                                Delaminated          no, Value Extracted: Delaminated       
15/02/2006 11:42:21 org.republic.ParseFileSheet checkReportLine
INFO: SelectFieldData
15/02/2006 11:42:21 org.republic.ParseFileSheet makeNewDataColumn
INFO: Output Data: 209 end: 209
15/02/2006 11:42:21 org.republic.ParseFileSheet makeNewDataColumn
INFO: Report Line: PO79839    2 RC43907  amc000   08/12/05 10   341-0060401              -421.00 EA     0.53472         -225.12         -225.12        -22.51 no                                                Delaminated          no, Value Extracted:  
15/02/2006 11:42:21 org.republic.ParseFileSheet checkReportLine
INFO: SelectFieldData
15/02/2006 11:42:21 org.republic.ParseFileSheet makeNewDataColumn
INFO: Output Data: 211 end: 213
15/02/2006 11:42:21 org.republic.ParseFileSheet makeNewDataColumn
INFO: Report Line: PO79839    2 RC43907  amc000   08/12/05 10   341-0060401              -421.00 EA     0.53472         -225.12         -225.12        -22.51 no                                                Delaminated          no, Value Extracted: no
15/02/2006 11:42:21 org.republic.ParseFileSheet parseInputFile
INFO: line:28 , line length() 212
15/02/2006 11:42:21 org.republic.ParseFileSheet parseInputFile
INFO: >>>>First char:112 new page?: false
15/02/2006 11:42:21 org.republic.ParseFileSheet parseInputFile
INFO: File Line:28, report page pos 28 , line:po79982    1 RC43909  AMC000   08/12/05 10   341-0362851               -57.00 EA     0.58752          -33.49          -33.49         -3.35 no                                                No Glue              no
15/02/2006 11:42:21 org.republic.ParseFileSheet checkReportLine
INFO: NewRowIf
15/02/2006 11:42:21 org.republic.ParseFileSheet ruleMatchesReportLine
INFO: comparing: 'po79982 ' with '        '
15/02/2006 11:42:21 org.republic.ParseFileSheet ruleMatchesReportLine
INFO: not blank: true
15/02/2006 11:42:21 org.republic.ParseFileSheet ruleMatchesReportLine
INFO: not blank Len: '8'
15/02/2006 11:42:21 org.republic.ParseFileSheet checkReportLine
INFO: SelectFieldData
15/02/2006 11:42:21 org.republic.ParseFileSheet makeNewDataColumn
INFO: Output Data: 1 end: 8
15/02/2006 11:42:21 org.republic.ParseFileSheet makeNewDataColumn
INFO: Report Line: po79982    1 RC43909  AMC000   08/12/05 10   341-0362851               -57.00 EA     0.58752          -33.49          -33.49         -3.35 no                                                No Glue              no, Value Extracted: po79982 
15/02/2006 11:42:21 org.republic.ParseFileSheet checkReportLine
INFO: SelectFieldData
15/02/2006 11:42:21 org.republic.ParseFileSheet makeNewDataColumn
INFO: Output Data: 10 end: 12
15/02/2006 11:42:21 org.republic.ParseFileSheet makeNewDataColumn
INFO: Report Line: po79982    1 RC43909  AMC000   08/12/05 10   341-0362851               -57.00 EA     0.58752          -33.49          -33.49         -3.35 no                                                No Glue              no, Value Extracted:   1
15/02/2006 11:42:21 org.republic.ParseFileSheet checkReportLine
INFO: SelectFieldData
15/02/2006 11:42:21 org.republic.ParseFileSheet makeNewDataColumn
INFO: Output Data: 14 end: 21
15/02/2006 11:42:21 org.republic.ParseFileSheet makeNewDataColumn
INFO: Report Line: po79982    1 RC43909  AMC000   08/12/05 10   341-0362851               -57.00 EA     0.58752          -33.49          -33.49         -3.35 no                                                No Glue              no, Value Extracted: RC43909 
15/02/2006 11:42:21 org.republic.ParseFileSheet checkReportLine
INFO: SelectFieldData
15/02/2006 11:42:21 org.republic.ParseFileSheet makeNewDataColumn
INFO: Output Data: 23 end: 30
15/02/2006 11:42:21 org.republic.ParseFileSheet makeNewDataColumn
INFO: Report Line: po79982    1 RC43909  AMC000   08/12/05 10   341-0362851               -57.00 EA     0.58752          -33.49          -33.49         -3.35 no                                                No Glue              no, Value Extracted: AMC000  
15/02/2006 11:42:21 org.republic.ParseFileSheet checkReportLine
INFO: SelectFieldData
15/02/2006 11:42:21 org.republic.ParseFileSheet makeNewDataColumn
INFO: Output Data: 32 end: 39
15/02/2006 11:42:21 org.republic.ParseFileSheet makeNewDataColumn
INFO: Report Line: po79982    1 RC43909  AMC000   08/12/05 10   341-0362851               -57.00 EA     0.58752          -33.49          -33.49         -3.35 no                                                No Glue              no, Value Extracted: 08/12/05
15/02/2006 11:42:21 org.republic.ParseFileSheet checkReportLine
INFO: SelectFieldData
15/02/2006 11:42:21 org.republic.ParseFileSheet makeNewDataColumn
INFO: Output Data: 41 end: 44
15/02/2006 11:42:21 org.republic.ParseFileSheet makeNewDataColumn
INFO: Report Line: po79982    1 RC43909  AMC000   08/12/05 10   341-0362851               -57.00 EA     0.58752          -33.49          -33.49         -3.35 no                                                No Glue              no, Value Extracted: 10  
15/02/2006 11:42:21 org.republic.ParseFileSheet checkReportLine
INFO: SelectFieldData
15/02/2006 11:42:21 org.republic.ParseFileSheet makeNewDataColumn
INFO: Output Data: 46 end: 63
15/02/2006 11:42:21 org.republic.ParseFileSheet makeNewDataColumn
INFO: Report Line: po79982    1 RC43909  AMC000   08/12/05 10   341-0362851               -57.00 EA     0.58752          -33.49          -33.49         -3.35 no                                                No Glue              no, Value Extracted: 341-0362851       
15/02/2006 11:42:21 org.republic.ParseFileSheet checkReportLine
INFO: SelectFieldData
15/02/2006 11:42:21 org.republic.ParseFileSheet makeNewDataColumn
INFO: Output Data: 65 end: 77
15/02/2006 11:42:21 org.republic.ParseFileSheet makeNewDataColumn
INFO: Report Line: po79982    1 RC43909  AMC000   08/12/05 10   341-0362851               -57.00 EA     0.58752          -33.49          -33.49         -3.35 no                                                No Glue              no, Value Extracted:        -57.00
15/02/2006 11:42:21 org.republic.ParseFileSheet checkReportLine
INFO: SelectFieldData
15/02/2006 11:42:21 org.republic.ParseFileSheet makeNewDataColumn
INFO: Output Data: 79 end: 80
15/02/2006 11:42:21 org.republic.ParseFileSheet makeNewDataColumn
INFO: Report Line: po79982    1 RC43909  AMC000   08/12/05 10   341-0362851               -57.00 EA     0.58752          -33.49          -33.49         -3.35 no                                                No Glue              no, Value Extracted: EA
15/02/2006 11:42:21 org.republic.ParseFileSheet checkReportLine
INFO: SelectFieldData
15/02/2006 11:42:21 org.republic.ParseFileSheet makeNewDataColumn
INFO: Output Data: 82 end: 92
15/02/2006 11:42:21 org.republic.ParseFileSheet makeNewDataColumn
INFO: Report Line: po79982    1 RC43909  AMC000   08/12/05 10   341-0362851               -57.00 EA     0.58752          -33.49          -33.49         -3.35 no                                                No Glue              no, Value Extracted:     0.58752
15/02/2006 11:42:21 org.republic.ParseFileSheet checkReportLine
INFO: SelectFieldData
15/02/2006 11:42:21 org.republic.ParseFileSheet makeNewDataColumn
INFO: Output Data: 94 end: 108
15/02/2006 11:42:21 org.republic.ParseFileSheet makeNewDataColumn
INFO: Report Line: po79982    1 RC43909  AMC000   08/12/05 10   341-0362851               -57.00 EA     0.58752          -33.49          -33.49         -3.35 no                                                No Glue              no, Value Extracted:          -33.49
15/02/2006 11:42:21 org.republic.ParseFileSheet checkReportLine
INFO: SelectFieldData
15/02/2006 11:42:21 org.republic.ParseFileSheet makeNewDataColumn
INFO: Output Data: 110 end: 124
15/02/2006 11:42:21 org.republic.ParseFileSheet makeNewDataColumn
INFO: Report Line: po79982    1 RC43909  AMC000   08/12/05 10   341-0362851               -57.00 EA     0.58752          -33.49          -33.49         -3.35 no                                                No Glue              no, Value Extracted:          -33.49
15/02/2006 11:42:21 org.republic.ParseFileSheet checkReportLine
INFO: SelectFieldData
15/02/2006 11:42:21 org.republic.ParseFileSheet makeNewDataColumn
INFO: Output Data: 126 end: 138
15/02/2006 11:42:21 org.republic.ParseFileSheet makeNewDataColumn
INFO: Report Line: po79982    1 RC43909  AMC000   08/12/05 10   341-0362851               -57.00 EA     0.58752          -33.49          -33.49         -3.35 no                                                No Glue              no, Value Extracted:         -3.35
15/02/2006 11:42:21 org.republic.ParseFileSheet checkReportLine
INFO: SelectFieldData
15/02/2006 11:42:21 org.republic.ParseFileSheet makeNewDataColumn
INFO: Output Data: 140 end: 142
15/02/2006 11:42:21 org.republic.ParseFileSheet makeNewDataColumn
INFO: Report Line: po79982    1 RC43909  AMC000   08/12/05 10   341-0362851               -57.00 EA     0.58752          -33.49          -33.49         -3.35 no                                                No Glue              no, Value Extracted: no 
15/02/2006 11:42:21 org.republic.ParseFileSheet checkReportLine
INFO: SelectFieldData
15/02/2006 11:42:21 org.republic.ParseFileSheet makeNewDataColumn
INFO: Output Data: 144 end: 151
15/02/2006 11:42:21 org.republic.ParseFileSheet makeNewDataColumn
INFO: Report Line: po79982    1 RC43909  AMC000   08/12/05 10   341-0362851               -57.00 EA     0.58752          -33.49          -33.49         -3.35 no                                                No Glue              no, Value Extracted:         
15/02/2006 11:42:21 org.republic.ParseFileSheet checkReportLine
INFO: SelectFieldData
15/02/2006 11:42:21 org.republic.ParseFileSheet makeNewDataColumn
INFO: Output Data: 153 end: 163
15/02/2006 11:42:21 org.republic.ParseFileSheet makeNewDataColumn
INFO: Report Line: po79982    1 RC43909  AMC000   08/12/05 10   341-0362851               -57.00 EA     0.58752          -33.49          -33.49         -3.35 no                                                No Glue              no, Value Extracted:            
15/02/2006 11:42:21 org.republic.ParseFileSheet checkReportLine
INFO: SelectFieldData
15/02/2006 11:42:21 org.republic.ParseFileSheet makeNewDataColumn
INFO: Output Data: 165 end: 179
15/02/2006 11:42:21 org.republic.ParseFileSheet makeNewDataColumn
INFO: Report Line: po79982    1 RC43909  AMC000   08/12/05 10   341-0362851               -57.00 EA     0.58752          -33.49          -33.49         -3.35 no                                                No Glue              no, Value Extracted:                
15/02/2006 11:42:21 org.republic.ParseFileSheet checkReportLine
INFO: SelectFieldData
15/02/2006 11:42:21 org.republic.ParseFileSheet makeNewDataColumn
INFO: Output Data: 181 end: 188
15/02/2006 11:42:21 org.republic.ParseFileSheet makeNewDataColumn
INFO: Report Line: po79982    1 RC43909  AMC000   08/12/05 10   341-0362851               -57.00 EA     0.58752          -33.49          -33.49         -3.35 no                                                No Glue              no, Value Extracted:         
15/02/2006 11:42:21 org.republic.ParseFileSheet checkReportLine
INFO: SelectFieldData
15/02/2006 11:42:21 org.republic.ParseFileSheet makeNewDataColumn
INFO: Output Data: 190 end: 207
15/02/2006 11:42:21 org.republic.ParseFileSheet makeNewDataColumn
INFO: Report Line: po79982    1 RC43909  AMC000   08/12/05 10   341-0362851               -57.00 EA     0.58752          -33.49          -33.49         -3.35 no                                                No Glue              no, Value Extracted: No Glue           
15/02/2006 11:42:21 org.republic.ParseFileSheet checkReportLine
INFO: SelectFieldData
15/02/2006 11:42:21 org.republic.ParseFileSheet makeNewDataColumn
INFO: Output Data: 209 end: 209
15/02/2006 11:42:21 org.republic.ParseFileSheet makeNewDataColumn
INFO: Report Line: po79982    1 RC43909  AMC000   08/12/05 10   341-0362851               -57.00 EA     0.58752          -33.49          -33.49         -3.35 no                                                No Glue              no, Value Extracted:  
15/02/2006 11:42:21 org.republic.ParseFileSheet checkReportLine
INFO: SelectFieldData
15/02/2006 11:42:21 org.republic.ParseFileSheet makeNewDataColumn
INFO: Output Data: 211 end: 213
15/02/2006 11:42:21 org.republic.ParseFileSheet makeNewDataColumn
INFO: Report Line: po79982    1 RC43909  AMC000   08/12/05 10   341-0362851               -57.00 EA     0.58752          -33.49          -33.49         -3.35 no                                                No Glue              no, Value Extracted: no
15/02/2006 11:42:21 org.republic.ParseFileSheet parseInputFile
INFO: line:29 , line length() 212
15/02/2006 11:42:21 org.republic.ParseFileSheet parseInputFile
INFO: >>>>First char:80 new page?: false
15/02/2006 11:42:21 org.republic.ParseFileSheet parseInputFile
INFO: File Line:29, report page pos 29 , line:PO79996    3 RC44117  LIV000   20/12/05 11   CS22X22-2                  10.00 EA        2.80           28.00           28.00          2.80 no                                                                     no
15/02/2006 11:42:21 org.republic.ParseFileSheet checkReportLine
INFO: NewRowIf
15/02/2006 11:42:21 org.republic.ParseFileSheet ruleMatchesReportLine
INFO: comparing: 'PO79996 ' with '        '
15/02/2006 11:42:21 org.republic.ParseFileSheet ruleMatchesReportLine
INFO: not blank: true
15/02/2006 11:42:21 org.republic.ParseFileSheet ruleMatchesReportLine
INFO: not blank Len: '8'
15/02/2006 11:42:21 org.republic.ParseFileSheet checkReportLine
INFO: SelectFieldData
15/02/2006 11:42:21 org.republic.ParseFileSheet makeNewDataColumn
INFO: Output Data: 1 end: 8
15/02/2006 11:42:21 org.republic.ParseFileSheet makeNewDataColumn
INFO: Report Line: PO79996    3 RC44117  LIV000   20/12/05 11   CS22X22-2                  10.00 EA        2.80           28.00           28.00          2.80 no                                                                     no, Value Extracted: PO79996 
15/02/2006 11:42:21 org.republic.ParseFileSheet checkReportLine
INFO: SelectFieldData
15/02/2006 11:42:21 org.republic.ParseFileSheet makeNewDataColumn
INFO: Output Data: 10 end: 12
15/02/2006 11:42:21 org.republic.ParseFileSheet makeNewDataColumn
INFO: Report Line: PO79996    3 RC44117  LIV000   20/12/05 11   CS22X22-2                  10.00 EA        2.80           28.00           28.00          2.80 no                                                                     no, Value Extracted:   3
15/02/2006 11:42:21 org.republic.ParseFileSheet checkReportLine
INFO: SelectFieldData
15/02/2006 11:42:21 org.republic.ParseFileSheet makeNewDataColumn
INFO: Output Data: 14 end: 21
15/02/2006 11:42:21 org.republic.ParseFileSheet makeNewDataColumn
INFO: Report Line: PO79996    3 RC44117  LIV000   20/12/05 11   CS22X22-2                  10.00 EA        2.80           28.00           28.00          2.80 no                                                                     no, Value Extracted: RC44117 
15/02/2006 11:42:21 org.republic.ParseFileSheet checkReportLine
INFO: SelectFieldData
15/02/2006 11:42:21 org.republic.ParseFileSheet makeNewDataColumn
INFO: Output Data: 23 end: 30
15/02/2006 11:42:21 org.republic.ParseFileSheet makeNewDataColumn
INFO: Report Line: PO79996    3 RC44117  LIV000   20/12/05 11   CS22X22-2                  10.00 EA        2.80           28.00           28.00          2.80 no                                                                     no, Value Extracted: LIV000  
15/02/2006 11:42:21 org.republic.ParseFileSheet checkReportLine
INFO: SelectFieldData
15/02/2006 11:42:21 org.republic.ParseFileSheet makeNewDataColumn
INFO: Output Data: 32 end: 39
15/02/2006 11:42:21 org.republic.ParseFileSheet makeNewDataColumn
INFO: Report Line: PO79996    3 RC44117  LIV000   20/12/05 11   CS22X22-2                  10.00 EA        2.80           28.00           28.00          2.80 no                                                                     no, Value Extracted: 20/12/05
15/02/2006 11:42:21 org.republic.ParseFileSheet checkReportLine
INFO: SelectFieldData
15/02/2006 11:42:21 org.republic.ParseFileSheet makeNewDataColumn
INFO: Output Data: 41 end: 44
15/02/2006 11:42:21 org.republic.ParseFileSheet makeNewDataColumn
INFO: Report Line: PO79996    3 RC44117  LIV000   20/12/05 11   CS22X22-2                  10.00 EA        2.80           28.00           28.00          2.80 no                                                                     no, Value Extracted: 11  
15/02/2006 11:42:21 org.republic.ParseFileSheet checkReportLine
INFO: SelectFieldData
15/02/2006 11:42:21 org.republic.ParseFileSheet makeNewDataColumn
INFO: Output Data: 46 end: 63
15/02/2006 11:42:21 org.republic.ParseFileSheet makeNewDataColumn
INFO: Report Line: PO79996    3 RC44117  LIV000   20/12/05 11   CS22X22-2                  10.00 EA        2.80           28.00           28.00          2.80 no                                                                     no, Value Extracted: CS22X22-2         
15/02/2006 11:42:21 org.republic.ParseFileSheet checkReportLine
INFO: SelectFieldData
15/02/2006 11:42:21 org.republic.ParseFileSheet makeNewDataColumn
INFO: Output Data: 65 end: 77
15/02/2006 11:42:21 org.republic.ParseFileSheet makeNewDataColumn
INFO: Report Line: PO79996    3 RC44117  LIV000   20/12/05 11   CS22X22-2                  10.00 EA        2.80           28.00           28.00          2.80 no                                                                     no, Value Extracted:         10.00
15/02/2006 11:42:21 org.republic.ParseFileSheet checkReportLine
INFO: SelectFieldData
15/02/2006 11:42:21 org.republic.ParseFileSheet makeNewDataColumn
INFO: Output Data: 79 end: 80
15/02/2006 11:42:21 org.republic.ParseFileSheet makeNewDataColumn
INFO: Report Line: PO79996    3 RC44117  LIV000   20/12/05 11   CS22X22-2                  10.00 EA        2.80           28.00           28.00          2.80 no                                                                     no, Value Extracted: EA
15/02/2006 11:42:21 org.republic.ParseFileSheet checkReportLine
INFO: SelectFieldData
15/02/2006 11:42:21 org.republic.ParseFileSheet makeNewDataColumn
INFO: Output Data: 82 end: 92
15/02/2006 11:42:21 org.republic.ParseFileSheet makeNewDataColumn
INFO: Report Line: PO79996    3 RC44117  LIV000   20/12/05 11   CS22X22-2                  10.00 EA        2.80           28.00           28.00          2.80 no                                                                     no, Value Extracted:        2.80
15/02/2006 11:42:21 org.republic.ParseFileSheet checkReportLine
INFO: SelectFieldData
15/02/2006 11:42:21 org.republic.ParseFileSheet makeNewDataColumn
INFO: Output Data: 94 end: 108
15/02/2006 11:42:21 org.republic.ParseFileSheet makeNewDataColumn
INFO: Report Line: PO79996    3 RC44117  LIV000   20/12/05 11   CS22X22-2                  10.00 EA        2.80           28.00           28.00          2.80 no                                                                     no, Value Extracted:           28.00
15/02/2006 11:42:21 org.republic.ParseFileSheet checkReportLine
INFO: SelectFieldData
15/02/2006 11:42:21 org.republic.ParseFileSheet makeNewDataColumn
INFO: Output Data: 110 end: 124
15/02/2006 11:42:21 org.republic.ParseFileSheet makeNewDataColumn
INFO: Report Line: PO79996    3 RC44117  LIV000   20/12/05 11   CS22X22-2                  10.00 EA        2.80           28.00           28.00          2.80 no                                                                     no, Value Extracted:           28.00
15/02/2006 11:42:21 org.republic.ParseFileSheet checkReportLine
INFO: SelectFieldData
15/02/2006 11:42:21 org.republic.ParseFileSheet makeNewDataColumn
INFO: Output Data: 126 end: 138
15/02/2006 11:42:21 org.republic.ParseFileSheet makeNewDataColumn
INFO: Report Line: PO79996    3 RC44117  LIV000   20/12/05 11   CS22X22-2                  10.00 EA        2.80           28.00           28.00          2.80 no                                                                     no, Value Extracted:          2.80
15/02/2006 11:42:21 org.republic.ParseFileSheet checkReportLine
INFO: SelectFieldData
15/02/2006 11:42:21 org.republic.ParseFileSheet makeNewDataColumn
INFO: Output Data: 140 end: 142
15/02/2006 11:42:21 org.republic.ParseFileSheet makeNewDataColumn
INFO: Report Line: PO79996    3 RC44117  LIV000   20/12/05 11   CS22X22-2                  10.00 EA        2.80           28.00           28.00          2.80 no                                                                     no, Value Extracted: no 
15/02/2006 11:42:21 org.republic.ParseFileSheet checkReportLine
INFO: SelectFieldData
15/02/2006 11:42:21 org.republic.ParseFileSheet makeNewDataColumn
INFO: Output Data: 144 end: 151
15/02/2006 11:42:21 org.republic.ParseFileSheet makeNewDataColumn
INFO: Report Line: PO79996    3 RC44117  LIV000   20/12/05 11   CS22X22-2                  10.00 EA        2.80           28.00           28.00          2.80 no                                                                     no, Value Extracted:         
15/02/2006 11:42:21 org.republic.ParseFileSheet checkReportLine
INFO: SelectFieldData
15/02/2006 11:42:21 org.republic.ParseFileSheet makeNewDataColumn
INFO: Output Data: 153 end: 163
15/02/2006 11:42:21 org.republic.ParseFileSheet makeNewDataColumn
INFO: Report Line: PO79996    3 RC44117  LIV000   20/12/05 11   CS22X22-2                  10.00 EA        2.80           28.00           28.00          2.80 no                                                                     no, Value Extracted:            
15/02/2006 11:42:21 org.republic.ParseFileSheet checkReportLine
INFO: SelectFieldData
15/02/2006 11:42:21 org.republic.ParseFileSheet makeNewDataColumn
INFO: Output Data: 165 end: 179
15/02/2006 11:42:21 org.republic.ParseFileSheet makeNewDataColumn
INFO: Report Line: PO79996    3 RC44117  LIV000   20/12/05 11   CS22X22-2                  10.00 EA        2.80           28.00           28.00          2.80 no                                                                     no, Value Extracted:                
15/02/2006 11:42:21 org.republic.ParseFileSheet checkReportLine
INFO: SelectFieldData
15/02/2006 11:42:21 org.republic.ParseFileSheet makeNewDataColumn
INFO: Output Data: 181 end: 188
15/02/2006 11:42:21 org.republic.ParseFileSheet makeNewDataColumn
INFO: Report Line: PO79996    3 RC44117  LIV000   20/12/05 11   CS22X22-2                  10.00 EA        2.80           28.00           28.00          2.80 no                                                                     no, Value Extracted:         
15/02/2006 11:42:21 org.republic.ParseFileSheet checkReportLine
INFO: SelectFieldData
15/02/2006 11:42:21 org.republic.ParseFileSheet makeNewDataColumn
INFO: Output Data: 190 end: 207
15/02/2006 11:42:21 org.republic.ParseFileSheet makeNewDataColumn
INFO: Report Line: PO79996    3 RC44117  LIV000   20/12/05 11   CS22X22-2                  10.00 EA        2.80           28.00           28.00          2.80 no                                                                     no, Value Extracted:                   
15/02/2006 11:42:21 org.republic.ParseFileSheet checkReportLine
INFO: SelectFieldData
15/02/2006 11:42:21 org.republic.ParseFileSheet makeNewDataColumn
INFO: Output Data: 209 end: 209
15/02/2006 11:42:21 org.republic.ParseFileSheet makeNewDataColumn
INFO: Report Line: PO79996    3 RC44117  LIV000   20/12/05 11   CS22X22-2                  10.00 EA        2.80           28.00           28.00          2.80 no                                                                     no, Value Extracted:  
15/02/2006 11:42:21 org.republic.ParseFileSheet checkReportLine
INFO: SelectFieldData
15/02/2006 11:42:21 org.republic.ParseFileSheet makeNewDataColumn
INFO: Output Data: 211 end: 213
15/02/2006 11:42:21 org.republic.ParseFileSheet makeNewDataColumn
INFO: Report Line: PO79996    3 RC44117  LIV000   20/12/05 11   CS22X22-2                  10.00 EA        2.80           28.00           28.00          2.80 no                                                                     no, Value Extracted: no
15/02/2006 11:42:21 org.republic.ParseFileSheet parseInputFile
INFO: line:30 , line length() 212
15/02/2006 11:42:21 org.republic.ParseFileSheet parseInputFile
INFO: >>>>First char:80 new page?: false
15/02/2006 11:42:21 org.republic.ParseFileSheet parseInputFile
INFO: File Line:30, report page pos 30 , line:PO79996    8 RC44117  LIV000   20/12/05 11   post                        1.00 ea       15.00           15.00           15.00          1.50 no                                                                     no
15/02/2006 11:42:21 org.republic.ParseFileSheet checkReportLine
INFO: NewRowIf
15/02/2006 11:42:21 org.republic.ParseFileSheet ruleMatchesReportLine
INFO: comparing: 'PO79996 ' with '        '
15/02/2006 11:42:21 org.republic.ParseFileSheet ruleMatchesReportLine
INFO: not blank: true
15/02/2006 11:42:21 org.republic.ParseFileSheet ruleMatchesReportLine
INFO: not blank Len: '8'
15/02/2006 11:42:21 org.republic.ParseFileSheet checkReportLine
INFO: SelectFieldData
15/02/2006 11:42:21 org.republic.ParseFileSheet makeNewDataColumn
INFO: Output Data: 1 end: 8
15/02/2006 11:42:21 org.republic.ParseFileSheet makeNewDataColumn
INFO: Report Line: PO79996    8 RC44117  LIV000   20/12/05 11   post                        1.00 ea       15.00           15.00           15.00          1.50 no                                                                     no, Value Extracted: PO79996 
15/02/2006 11:42:21 org.republic.ParseFileSheet checkReportLine
INFO: SelectFieldData
15/02/2006 11:42:21 org.republic.ParseFileSheet makeNewDataColumn
INFO: Output Data: 10 end: 12
15/02/2006 11:42:21 org.republic.ParseFileSheet makeNewDataColumn
INFO: Report Line: PO79996    8 RC44117  LIV000   20/12/05 11   post                        1.00 ea       15.00           15.00           15.00          1.50 no                                                                     no, Value Extracted:   8
15/02/2006 11:42:21 org.republic.ParseFileSheet checkReportLine
INFO: SelectFieldData
15/02/2006 11:42:21 org.republic.ParseFileSheet makeNewDataColumn
INFO: Output Data: 14 end: 21
15/02/2006 11:42:21 org.republic.ParseFileSheet makeNewDataColumn
INFO: Report Line: PO79996    8 RC44117  LIV000   20/12/05 11   post                        1.00 ea       15.00           15.00           15.00          1.50 no                                                                     no, Value Extracted: RC44117 
15/02/2006 11:42:21 org.republic.ParseFileSheet checkReportLine
INFO: SelectFieldData
15/02/2006 11:42:21 org.republic.ParseFileSheet makeNewDataColumn
INFO: Output Data: 23 end: 30
15/02/2006 11:42:21 org.republic.ParseFileSheet makeNewDataColumn
INFO: Report Line: PO79996    8 RC44117  LIV000   20/12/05 11   post                        1.00 ea       15.00           15.00           15.00          1.50 no                                                                     no, Value Extracted: LIV000  
15/02/2006 11:42:21 org.republic.ParseFileSheet checkReportLine
INFO: SelectFieldData
15/02/2006 11:42:21 org.republic.ParseFileSheet makeNewDataColumn
INFO: Output Data: 32 end: 39
15/02/2006 11:42:21 org.republic.ParseFileSheet makeNewDataColumn
INFO: Report Line: PO79996    8 RC44117  LIV000   20/12/05 11   post                        1.00 ea       15.00           15.00           15.00          1.50 no                                                                     no, Value Extracted: 20/12/05
15/02/2006 11:42:21 org.republic.ParseFileSheet checkReportLine
INFO: SelectFieldData
15/02/2006 11:42:21 org.republic.ParseFileSheet makeNewDataColumn
INFO: Output Data: 41 end: 44
15/02/2006 11:42:21 org.republic.ParseFileSheet makeNewDataColumn
INFO: Report Line: PO79996    8 RC44117  LIV000   20/12/05 11   post                        1.00 ea       15.00           15.00           15.00          1.50 no                                                                     no, Value Extracted: 11  
15/02/2006 11:42:21 org.republic.ParseFileSheet checkReportLine
INFO: SelectFieldData
15/02/2006 11:42:21 org.republic.ParseFileSheet makeNewDataColumn
INFO: Output Data: 46 end: 63
15/02/2006 11:42:21 org.republic.ParseFileSheet makeNewDataColumn
INFO: Report Line: PO79996    8 RC44117  LIV000   20/12/05 11   post                        1.00 ea       15.00           15.00           15.00          1.50 no                                                                     no, Value Extracted: post              
15/02/2006 11:42:21 org.republic.ParseFileSheet checkReportLine
INFO: SelectFieldData
15/02/2006 11:42:21 org.republic.ParseFileSheet makeNewDataColumn
INFO: Output Data: 65 end: 77
15/02/2006 11:42:21 org.republic.ParseFileSheet makeNewDataColumn
INFO: Report Line: PO79996    8 RC44117  LIV000   20/12/05 11   post                        1.00 ea       15.00           15.00           15.00          1.50 no                                                                     no, Value Extracted:          1.00
15/02/2006 11:42:21 org.republic.ParseFileSheet checkReportLine
INFO: SelectFieldData
15/02/2006 11:42:21 org.republic.ParseFileSheet makeNewDataColumn
INFO: Output Data: 79 end: 80
15/02/2006 11:42:21 org.republic.ParseFileSheet makeNewDataColumn
INFO: Report Line: PO79996    8 RC44117  LIV000   20/12/05 11   post                        1.00 ea       15.00           15.00           15.00          1.50 no                                                                     no, Value Extracted: ea
15/02/2006 11:42:21 org.republic.ParseFileSheet checkReportLine
INFO: SelectFieldData
15/02/2006 11:42:21 org.republic.ParseFileSheet makeNewDataColumn
INFO: Output Data: 82 end: 92
15/02/2006 11:42:21 org.republic.ParseFileSheet makeNewDataColumn
INFO: Report Line: PO79996    8 RC44117  LIV000   20/12/05 11   post                        1.00 ea       15.00           15.00           15.00          1.50 no                                                                     no, Value Extracted:       15.00
15/02/2006 11:42:21 org.republic.ParseFileSheet checkReportLine
INFO: SelectFieldData
15/02/2006 11:42:21 org.republic.ParseFileSheet makeNewDataColumn
INFO: Output Data: 94 end: 108
15/02/2006 11:42:21 org.republic.ParseFileSheet makeNewDataColumn
INFO: Report Line: PO79996    8 RC44117  LIV000   20/12/05 11   post                        1.00 ea       15.00           15.00           15.00          1.50 no                                                                     no, Value Extracted:           15.00
15/02/2006 11:42:21 org.republic.ParseFileSheet checkReportLine
INFO: SelectFieldData
15/02/2006 11:42:21 org.republic.ParseFileSheet makeNewDataColumn
INFO: Output Data: 110 end: 124
15/02/2006 11:42:21 org.republic.ParseFileSheet makeNewDataColumn
INFO: Report Line: PO79996    8 RC44117  LIV000   20/12/05 11   post                        1.00 ea       15.00           15.00           15.00          1.50 no                                                                     no, Value Extracted:           15.00
15/02/2006 11:42:21 org.republic.ParseFileSheet checkReportLine
INFO: SelectFieldData
15/02/2006 11:42:21 org.republic.ParseFileSheet makeNewDataColumn
INFO: Output Data: 126 end: 138
15/02/2006 11:42:21 org.republic.ParseFileSheet makeNewDataColumn
INFO: Report Line: PO79996    8 RC44117  LIV000   20/12/05 11   post                        1.00 ea       15.00           15.00           15.00          1.50 no                                                                     no, Value Extracted:          1.50
15/02/2006 11:42:21 org.republic.ParseFileSheet checkReportLine
INFO: SelectFieldData
15/02/2006 11:42:21 org.republic.ParseFileSheet makeNewDataColumn
INFO: Output Data: 140 end: 142
15/02/2006 11:42:21 org.republic.ParseFileSheet makeNewDataColumn
INFO: Report Line: PO79996    8 RC44117  LIV000   20/12/05 11   post                        1.00 ea       15.00           15.00           15.00          1.50 no                                                                     no, Value Extracted: no 
15/02/2006 11:42:21 org.republic.ParseFileSheet checkReportLine
INFO: SelectFieldData
15/02/2006 11:42:21 org.republic.ParseFileSheet makeNewDataColumn
INFO: Output Data: 144 end: 151
15/02/2006 11:42:21 org.republic.ParseFileSheet makeNewDataColumn
INFO: Report Line: PO79996    8 RC44117  LIV000   20/12/05 11   post                        1.00 ea       15.00           15.00           15.00          1.50 no                                                                     no, Value Extracted:         
15/02/2006 11:42:21 org.republic.ParseFileSheet checkReportLine
INFO: SelectFieldData
15/02/2006 11:42:21 org.republic.ParseFileSheet makeNewDataColumn
INFO: Output Data: 153 end: 163
15/02/2006 11:42:21 org.republic.ParseFileSheet makeNewDataColumn
INFO: Report Line: PO79996    8 RC44117  LIV000   20/12/05 11   post                        1.00 ea       15.00           15.00           15.00          1.50 no                                                                     no, Value Extracted:            
15/02/2006 11:42:21 org.republic.ParseFileSheet checkReportLine
INFO: SelectFieldData
15/02/2006 11:42:21 org.republic.ParseFileSheet makeNewDataColumn
INFO: Output Data: 165 end: 179
15/02/2006 11:42:21 org.republic.ParseFileSheet makeNewDataColumn
INFO: Report Line: PO79996    8 RC44117  LIV000   20/12/05 11   post                        1.00 ea       15.00           15.00           15.00          1.50 no                                                                     no, Value Extracted:                
15/02/2006 11:42:21 org.republic.ParseFileSheet checkReportLine
INFO: SelectFieldData
15/02/2006 11:42:21 org.republic.ParseFileSheet makeNewDataColumn
INFO: Output Data: 181 end: 188
15/02/2006 11:42:21 org.republic.ParseFileSheet makeNewDataColumn
INFO: Report Line: PO79996    8 RC44117  LIV000   20/12/05 11   post                        1.00 ea       15.00           15.00           15.00          1.50 no                                                                     no, Value Extracted:         
15/02/2006 11:42:21 org.republic.ParseFileSheet checkReportLine
INFO: SelectFieldData
15/02/2006 11:42:21 org.republic.ParseFileSheet makeNewDataColumn
INFO: Output Data: 190 end: 207
15/02/2006 11:42:21 org.republic.ParseFileSheet makeNewDataColumn
INFO: Report Line: PO79996    8 RC44117  LIV000   20/12/05 11   post                        1.00 ea       15.00           15.00           15.00          1.50 no                                                                     no, Value Extracted:                   
15/02/2006 11:42:21 org.republic.ParseFileSheet checkReportLine
INFO: SelectFieldData
15/02/2006 11:42:21 org.republic.ParseFileSheet makeNewDataColumn
INFO: Output Data: 209 end: 209
15/02/2006 11:42:21 org.republic.ParseFileSheet makeNewDataColumn
INFO: Report Line: PO79996    8 RC44117  LIV000   20/12/05 11   post                        1.00 ea       15.00           15.00           15.00          1.50 no                                                                     no, Value Extracted:  
15/02/2006 11:42:21 org.republic.ParseFileSheet checkReportLine
INFO: SelectFieldData
15/02/2006 11:42:21 org.republic.ParseFileSheet makeNewDataColumn
INFO: Output Data: 211 end: 213
15/02/2006 11:42:21 org.republic.ParseFileSheet makeNewDataColumn
INFO: Report Line: PO79996    8 RC44117  LIV000   20/12/05 11   post                        1.00 ea       15.00           15.00           15.00          1.50 no                                                                     no, Value Extracted: no
15/02/2006 11:42:21 org.republic.ParseFileSheet parseInputFile
INFO: line:31 , line length() 212
15/02/2006 11:42:21 org.republic.ParseFileSheet parseInputFile
INFO: >>>>First char:80 new page?: false
15/02/2006 11:42:21 org.republic.ParseFileSheet parseInputFile
INFO: File Line:31, report page pos 31 , line:PO80012    1 RC44032  IND001   15/12/05 10   30-5036708            -33,075.00 EA      0.6604      -21,842.73      -21,842.73     -2,184.27 no                                                ACI                  no
15/02/2006 11:42:21 org.republic.ParseFileSheet checkReportLine
INFO: NewRowIf
15/02/2006 11:42:21 org.republic.ParseFileSheet ruleMatchesReportLine
INFO: comparing: 'PO80012 ' with '        '
15/02/2006 11:42:21 org.republic.ParseFileSheet ruleMatchesReportLine
INFO: not blank: true
15/02/2006 11:42:21 org.republic.ParseFileSheet ruleMatchesReportLine
INFO: not blank Len: '8'
15/02/2006 11:42:21 org.republic.ParseFileSheet checkReportLine
INFO: SelectFieldData
15/02/2006 11:42:21 org.republic.ParseFileSheet makeNewDataColumn
INFO: Output Data: 1 end: 8
15/02/2006 11:42:21 org.republic.ParseFileSheet makeNewDataColumn
INFO: Report Line: PO80012    1 RC44032  IND001   15/12/05 10   30-5036708            -33,075.00 EA      0.6604      -21,842.73      -21,842.73     -2,184.27 no                                                ACI                  no, Value Extracted: PO80012 
15/02/2006 11:42:21 org.republic.ParseFileSheet checkReportLine
INFO: SelectFieldData
15/02/2006 11:42:21 org.republic.ParseFileSheet makeNewDataColumn
INFO: Output Data: 10 end: 12
15/02/2006 11:42:21 org.republic.ParseFileSheet makeNewDataColumn
INFO: Report Line: PO80012    1 RC44032  IND001   15/12/05 10   30-5036708            -33,075.00 EA      0.6604      -21,842.73      -21,842.73     -2,184.27 no                                                ACI                  no, Value Extracted:   1
15/02/2006 11:42:21 org.republic.ParseFileSheet checkReportLine
INFO: SelectFieldData
15/02/2006 11:42:21 org.republic.ParseFileSheet makeNewDataColumn
INFO: Output Data: 14 end: 21
15/02/2006 11:42:21 org.republic.ParseFileSheet makeNewDataColumn
INFO: Report Line: PO80012    1 RC44032  IND001   15/12/05 10   30-5036708            -33,075.00 EA      0.6604      -21,842.73      -21,842.73     -2,184.27 no                                                ACI                  no, Value Extracted: RC44032 
15/02/2006 11:42:21 org.republic.ParseFileSheet checkReportLine
INFO: SelectFieldData
15/02/2006 11:42:21 org.republic.ParseFileSheet makeNewDataColumn
INFO: Output Data: 23 end: 30
15/02/2006 11:42:21 org.republic.ParseFileSheet makeNewDataColumn
INFO: Report Line: PO80012    1 RC44032  IND001   15/12/05 10   30-5036708            -33,075.00 EA      0.6604      -21,842.73      -21,842.73     -2,184.27 no                                                ACI                  no, Value Extracted: IND001  
15/02/2006 11:42:21 org.republic.ParseFileSheet checkReportLine
INFO: SelectFieldData
15/02/2006 11:42:21 org.republic.ParseFileSheet makeNewDataColumn
INFO: Output Data: 32 end: 39
15/02/2006 11:42:21 org.republic.ParseFileSheet makeNewDataColumn
INFO: Report Line: PO80012    1 RC44032  IND001   15/12/05 10   30-5036708            -33,075.00 EA      0.6604      -21,842.73      -21,842.73     -2,184.27 no                                                ACI                  no, Value Extracted: 15/12/05
15/02/2006 11:42:21 org.republic.ParseFileSheet checkReportLine
INFO: SelectFieldData
15/02/2006 11:42:21 org.republic.ParseFileSheet makeNewDataColumn
INFO: Output Data: 41 end: 44
15/02/2006 11:42:21 org.republic.ParseFileSheet makeNewDataColumn
INFO: Report Line: PO80012    1 RC44032  IND001   15/12/05 10   30-5036708            -33,075.00 EA      0.6604      -21,842.73      -21,842.73     -2,184.27 no                                                ACI                  no, Value Extracted: 10  
15/02/2006 11:42:21 org.republic.ParseFileSheet checkReportLine
INFO: SelectFieldData
15/02/2006 11:42:21 org.republic.ParseFileSheet makeNewDataColumn
INFO: Output Data: 46 end: 63
15/02/2006 11:42:21 org.republic.ParseFileSheet makeNewDataColumn
INFO: Report Line: PO80012    1 RC44032  IND001   15/12/05 10   30-5036708            -33,075.00 EA      0.6604      -21,842.73      -21,842.73     -2,184.27 no                                                ACI                  no, Value Extracted: 30-5036708        
15/02/2006 11:42:21 org.republic.ParseFileSheet checkReportLine
INFO: SelectFieldData
15/02/2006 11:42:21 org.republic.ParseFileSheet makeNewDataColumn
INFO: Output Data: 65 end: 77
15/02/2006 11:42:21 org.republic.ParseFileSheet makeNewDataColumn
INFO: Report Line: PO80012    1 RC44032  IND001   15/12/05 10   30-5036708            -33,075.00 EA      0.6604      -21,842.73      -21,842.73     -2,184.27 no                                                ACI                  no, Value Extracted:    -33,075.00
15/02/2006 11:42:21 org.republic.ParseFileSheet checkReportLine
INFO: SelectFieldData
15/02/2006 11:42:21 org.republic.ParseFileSheet makeNewDataColumn
INFO: Output Data: 79 end: 80
15/02/2006 11:42:21 org.republic.ParseFileSheet makeNewDataColumn
INFO: Report Line: PO80012    1 RC44032  IND001   15/12/05 10   30-5036708            -33,075.00 EA      0.6604      -21,842.73      -21,842.73     -2,184.27 no                                                ACI                  no, Value Extracted: EA
15/02/2006 11:42:21 org.republic.ParseFileSheet checkReportLine
INFO: SelectFieldData
15/02/2006 11:42:21 org.republic.ParseFileSheet makeNewDataColumn
INFO: Output Data: 82 end: 92
15/02/2006 11:42:21 org.republic.ParseFileSheet makeNewDataColumn
INFO: Report Line: PO80012    1 RC44032  IND001   15/12/05 10   30-5036708            -33,075.00 EA      0.6604      -21,842.73      -21,842.73     -2,184.27 no                                                ACI                  no, Value Extracted:      0.6604
15/02/2006 11:42:21 org.republic.ParseFileSheet checkReportLine
INFO: SelectFieldData
15/02/2006 11:42:21 org.republic.ParseFileSheet makeNewDataColumn
INFO: Output Data: 94 end: 108
15/02/2006 11:42:21 org.republic.ParseFileSheet makeNewDataColumn
INFO: Report Line: PO80012    1 RC44032  IND001   15/12/05 10   30-5036708            -33,075.00 EA      0.6604      -21,842.73      -21,842.73     -2,184.27 no                                                ACI                  no, Value Extracted:      -21,842.73
15/02/2006 11:42:21 org.republic.ParseFileSheet checkReportLine
INFO: SelectFieldData
15/02/2006 11:42:21 org.republic.ParseFileSheet makeNewDataColumn
INFO: Output Data: 110 end: 124
15/02/2006 11:42:21 org.republic.ParseFileSheet makeNewDataColumn
INFO: Report Line: PO80012    1 RC44032  IND001   15/12/05 10   30-5036708            -33,075.00 EA      0.6604      -21,842.73      -21,842.73     -2,184.27 no                                                ACI                  no, Value Extracted:      -21,842.73
15/02/2006 11:42:21 org.republic.ParseFileSheet checkReportLine
INFO: SelectFieldData
15/02/2006 11:42:21 org.republic.ParseFileSheet makeNewDataColumn
INFO: Output Data: 126 end: 138
15/02/2006 11:42:21 org.republic.ParseFileSheet makeNewDataColumn
INFO: Report Line: PO80012    1 RC44032  IND001   15/12/05 10   30-5036708            -33,075.00 EA      0.6604      -21,842.73      -21,842.73     -2,184.27 no                                                ACI                  no, Value Extracted:     -2,184.27
15/02/2006 11:42:21 org.republic.ParseFileSheet checkReportLine
INFO: SelectFieldData
15/02/2006 11:42:21 org.republic.ParseFileSheet makeNewDataColumn
INFO: Output Data: 140 end: 142
15/02/2006 11:42:21 org.republic.ParseFileSheet makeNewDataColumn
INFO: Report Line: PO80012    1 RC44032  IND001   15/12/05 10   30-5036708            -33,075.00 EA      0.6604      -21,842.73      -21,842.73     -2,184.27 no                                                ACI                  no, Value Extracted: no 
15/02/2006 11:42:21 org.republic.ParseFileSheet checkReportLine
INFO: SelectFieldData
15/02/2006 11:42:21 org.republic.ParseFileSheet makeNewDataColumn
INFO: Output Data: 144 end: 151
15/02/2006 11:42:21 org.republic.ParseFileSheet makeNewDataColumn
INFO: Report Line: PO80012    1 RC44032  IND001   15/12/05 10   30-5036708            -33,075.00 EA      0.6604      -21,842.73      -21,842.73     -2,184.27 no                                                ACI                  no, Value Extracted:         
15/02/2006 11:42:21 org.republic.ParseFileSheet checkReportLine
INFO: SelectFieldData
15/02/2006 11:42:21 org.republic.ParseFileSheet makeNewDataColumn
INFO: Output Data: 153 end: 163
15/02/2006 11:42:21 org.republic.ParseFileSheet makeNewDataColumn
INFO: Report Line: PO80012    1 RC44032  IND001   15/12/05 10   30-5036708            -33,075.00 EA      0.6604      -21,842.73      -21,842.73     -2,184.27 no                                                ACI                  no, Value Extracted:            
15/02/2006 11:42:21 org.republic.ParseFileSheet checkReportLine
INFO: SelectFieldData
15/02/2006 11:42:21 org.republic.ParseFileSheet makeNewDataColumn
INFO: Output Data: 165 end: 179
15/02/2006 11:42:21 org.republic.ParseFileSheet makeNewDataColumn
INFO: Report Line: PO80012    1 RC44032  IND001   15/12/05 10   30-5036708            -33,075.00 EA      0.6604      -21,842.73      -21,842.73     -2,184.27 no                                                ACI                  no, Value Extracted:                
15/02/2006 11:42:21 org.republic.ParseFileSheet checkReportLine
INFO: SelectFieldData
15/02/2006 11:42:21 org.republic.ParseFileSheet makeNewDataColumn
INFO: Output Data: 181 end: 188
15/02/2006 11:42:21 org.republic.ParseFileSheet makeNewDataColumn
INFO: Report Line: PO80012    1 RC44032  IND001   15/12/05 10   30-5036708            -33,075.00 EA      0.6604      -21,842.73      -21,842.73     -2,184.27 no                                                ACI                  no, Value Extracted:         
15/02/2006 11:42:21 org.republic.ParseFileSheet checkReportLine
INFO: SelectFieldData
15/02/2006 11:42:21 org.republic.ParseFileSheet makeNewDataColumn
INFO: Output Data: 190 end: 207
15/02/2006 11:42:21 org.republic.ParseFileSheet makeNewDataColumn
INFO: Report Line: PO80012    1 RC44032  IND001   15/12/05 10   30-5036708            -33,075.00 EA      0.6604      -21,842.73      -21,842.73     -2,184.27 no                                                ACI                  no, Value Extracted: ACI               
15/02/2006 11:42:21 org.republic.ParseFileSheet checkReportLine
INFO: SelectFieldData
15/02/2006 11:42:21 org.republic.ParseFileSheet makeNewDataColumn
INFO: Output Data: 209 end: 209
15/02/2006 11:42:21 org.republic.ParseFileSheet makeNewDataColumn
INFO: Report Line: PO80012    1 RC44032  IND001   15/12/05 10   30-5036708            -33,075.00 EA      0.6604      -21,842.73      -21,842.73     -2,184.27 no                                                ACI                  no, Value Extracted:  
15/02/2006 11:42:21 org.republic.ParseFileSheet checkReportLine
INFO: SelectFieldData
15/02/2006 11:42:21 org.republic.ParseFileSheet makeNewDataColumn
INFO: Output Data: 211 end: 213
15/02/2006 11:42:21 org.republic.ParseFileSheet makeNewDataColumn
INFO: Report Line: PO80012    1 RC44032  IND001   15/12/05 10   30-5036708            -33,075.00 EA      0.6604      -21,842.73      -21,842.73     -2,184.27 no                                                ACI                  no, Value Extracted: no
15/02/2006 11:42:21 org.republic.ParseFileSheet parseInputFile
INFO: line:32 , line length() 212
15/02/2006 11:42:21 org.republic.ParseFileSheet parseInputFile
INFO: >>>>First char:80 new page?: false
15/02/2006 11:42:21 org.republic.ParseFileSheet parseInputFile
INFO: File Line:32, report page pos 32 , line:PO80012    1 RC43932  IND001   09/12/05 10   30-5036708             33,075.00 EA      0.6604       21,842.73       21,842.73      2,184.27 no                                                ACI                  no
15/02/2006 11:42:21 org.republic.ParseFileSheet checkReportLine
INFO: NewRowIf
15/02/2006 11:42:21 org.republic.ParseFileSheet ruleMatchesReportLine
INFO: comparing: 'PO80012 ' with '        '
15/02/2006 11:42:21 org.republic.ParseFileSheet ruleMatchesReportLine
INFO: not blank: true
15/02/2006 11:42:21 org.republic.ParseFileSheet ruleMatchesReportLine
INFO: not blank Len: '8'
15/02/2006 11:42:21 org.republic.ParseFileSheet checkReportLine
INFO: SelectFieldData
15/02/2006 11:42:21 org.republic.ParseFileSheet makeNewDataColumn
INFO: Output Data: 1 end: 8
15/02/2006 11:42:21 org.republic.ParseFileSheet makeNewDataColumn
INFO: Report Line: PO80012    1 RC43932  IND001   09/12/05 10   30-5036708             33,075.00 EA      0.6604       21,842.73       21,842.73      2,184.27 no                                                ACI                  no, Value Extracted: PO80012 
15/02/2006 11:42:21 org.republic.ParseFileSheet checkReportLine
INFO: SelectFieldData
15/02/2006 11:42:21 org.republic.ParseFileSheet makeNewDataColumn
INFO: Output Data: 10 end: 12
15/02/2006 11:42:21 org.republic.ParseFileSheet makeNewDataColumn
INFO: Report Line: PO80012    1 RC43932  IND001   09/12/05 10   30-5036708             33,075.00 EA      0.6604       21,842.73       21,842.73      2,184.27 no                                                ACI                  no, Value Extracted:   1
15/02/2006 11:42:21 org.republic.ParseFileSheet checkReportLine
INFO: SelectFieldData
15/02/2006 11:42:21 org.republic.ParseFileSheet makeNewDataColumn
INFO: Output Data: 14 end: 21
15/02/2006 11:42:21 org.republic.ParseFileSheet makeNewDataColumn
INFO: Report Line: PO80012    1 RC43932  IND001   09/12/05 10   30-5036708             33,075.00 EA      0.6604       21,842.73       21,842.73      2,184.27 no                                                ACI                  no, Value Extracted: RC43932 
15/02/2006 11:42:21 org.republic.ParseFileSheet checkReportLine
INFO: SelectFieldData
15/02/2006 11:42:21 org.republic.ParseFileSheet makeNewDataColumn
INFO: Output Data: 23 end: 30
15/02/2006 11:42:21 org.republic.ParseFileSheet makeNewDataColumn
INFO: Report Line: PO80012    1 RC43932  IND001   09/12/05 10   30-5036708             33,075.00 EA      0.6604       21,842.73       21,842.73      2,184.27 no                                                ACI                  no, Value Extracted: IND001  
15/02/2006 11:42:21 org.republic.ParseFileSheet checkReportLine
INFO: SelectFieldData
15/02/2006 11:42:21 org.republic.ParseFileSheet makeNewDataColumn
INFO: Output Data: 32 end: 39
15/02/2006 11:42:21 org.republic.ParseFileSheet makeNewDataColumn
INFO: Report Line: PO80012    1 RC43932  IND001   09/12/05 10   30-5036708             33,075.00 EA      0.6604       21,842.73       21,842.73      2,184.27 no                                                ACI                  no, Value Extracted: 09/12/05
15/02/2006 11:42:21 org.republic.ParseFileSheet checkReportLine
INFO: SelectFieldData
15/02/2006 11:42:21 org.republic.ParseFileSheet makeNewDataColumn
INFO: Output Data: 41 end: 44
15/02/2006 11:42:21 org.republic.ParseFileSheet makeNewDataColumn
INFO: Report Line: PO80012    1 RC43932  IND001   09/12/05 10   30-5036708             33,075.00 EA      0.6604       21,842.73       21,842.73      2,184.27 no                                                ACI                  no, Value Extracted: 10  
15/02/2006 11:42:21 org.republic.ParseFileSheet checkReportLine
INFO: SelectFieldData
15/02/2006 11:42:21 org.republic.ParseFileSheet makeNewDataColumn
INFO: Output Data: 46 end: 63
15/02/2006 11:42:21 org.republic.ParseFileSheet makeNewDataColumn
INFO: Report Line: PO80012    1 RC43932  IND001   09/12/05 10   30-5036708             33,075.00 EA      0.6604       21,842.73       21,842.73      2,184.27 no                                                ACI                  no, Value Extracted: 30-5036708        
15/02/2006 11:42:21 org.republic.ParseFileSheet checkReportLine
INFO: SelectFieldData
15/02/2006 11:42:21 org.republic.ParseFileSheet makeNewDataColumn
INFO: Output Data: 65 end: 77
15/02/2006 11:42:21 org.republic.ParseFileSheet makeNewDataColumn
INFO: Report Line: PO80012    1 RC43932  IND001   09/12/05 10   30-5036708             33,075.00 EA      0.6604       21,842.73       21,842.73      2,184.27 no                                                ACI                  no, Value Extracted:     33,075.00
15/02/2006 11:42:21 org.republic.ParseFileSheet checkReportLine
INFO: SelectFieldData
15/02/2006 11:42:21 org.republic.ParseFileSheet makeNewDataColumn
INFO: Output Data: 79 end: 80
15/02/2006 11:42:21 org.republic.ParseFileSheet makeNewDataColumn
INFO: Report Line: PO80012    1 RC43932  IND001   09/12/05 10   30-5036708             33,075.00 EA      0.6604       21,842.73       21,842.73      2,184.27 no                                                ACI                  no, Value Extracted: EA
15/02/2006 11:42:21 org.republic.ParseFileSheet checkReportLine
INFO: SelectFieldData
15/02/2006 11:42:21 org.republic.ParseFileSheet makeNewDataColumn
INFO: Output Data: 82 end: 92
15/02/2006 11:42:21 org.republic.ParseFileSheet makeNewDataColumn
INFO: Report Line: PO80012    1 RC43932  IND001   09/12/05 10   30-5036708             33,075.00 EA      0.6604       21,842.73       21,842.73      2,184.27 no                                                ACI                  no, Value Extracted:      0.6604
15/02/2006 11:42:21 org.republic.ParseFileSheet checkReportLine
INFO: SelectFieldData
15/02/2006 11:42:21 org.republic.ParseFileSheet makeNewDataColumn
INFO: Output Data: 94 end: 108
15/02/2006 11:42:21 org.republic.ParseFileSheet makeNewDataColumn
INFO: Report Line: PO80012    1 RC43932  IND001   09/12/05 10   30-5036708             33,075.00 EA      0.6604       21,842.73       21,842.73      2,184.27 no                                                ACI                  no, Value Extracted:       21,842.73
15/02/2006 11:42:21 org.republic.ParseFileSheet checkReportLine
INFO: SelectFieldData
15/02/2006 11:42:21 org.republic.ParseFileSheet makeNewDataColumn
INFO: Output Data: 110 end: 124
15/02/2006 11:42:21 org.republic.ParseFileSheet makeNewDataColumn
INFO: Report Line: PO80012    1 RC43932  IND001   09/12/05 10   30-5036708             33,075.00 EA      0.6604       21,842.73       21,842.73      2,184.27 no                                                ACI                  no, Value Extracted:       21,842.73
15/02/2006 11:42:21 org.republic.ParseFileSheet checkReportLine
INFO: SelectFieldData
15/02/2006 11:42:21 org.republic.ParseFileSheet makeNewDataColumn
INFO: Output Data: 126 end: 138
15/02/2006 11:42:21 org.republic.ParseFileSheet makeNewDataColumn
INFO: Report Line: PO80012    1 RC43932  IND001   09/12/05 10   30-5036708             33,075.00 EA      0.6604       21,842.73       21,842.73      2,184.27 no                                                ACI                  no, Value Extracted:      2,184.27
15/02/2006 11:42:21 org.republic.ParseFileSheet checkReportLine
INFO: SelectFieldData
15/02/2006 11:42:21 org.republic.ParseFileSheet makeNewDataColumn
INFO: Output Data: 140 end: 142
15/02/2006 11:42:21 org.republic.ParseFileSheet makeNewDataColumn
INFO: Report Line: PO80012    1 RC43932  IND001   09/12/05 10   30-5036708             33,075.00 EA      0.6604       21,842.73       21,842.73      2,184.27 no                                                ACI                  no, Value Extracted: no 
15/02/2006 11:42:21 org.republic.ParseFileSheet checkReportLine
INFO: SelectFieldData
15/02/2006 11:42:21 org.republic.ParseFileSheet makeNewDataColumn
INFO: Output Data: 144 end: 151
15/02/2006 11:42:21 org.republic.ParseFileSheet makeNewDataColumn
INFO: Report Line: PO80012    1 RC43932  IND001   09/12/05 10   30-5036708             33,075.00 EA      0.6604       21,842.73       21,842.73      2,184.27 no                                                ACI                  no, Value Extracted:         
15/02/2006 11:42:21 org.republic.ParseFileSheet checkReportLine
INFO: SelectFieldData
15/02/2006 11:42:21 org.republic.ParseFileSheet makeNewDataColumn
INFO: Output Data: 153 end: 163
15/02/2006 11:42:21 org.republic.ParseFileSheet makeNewDataColumn
INFO: Report Line: PO80012    1 RC43932  IND001   09/12/05 10   30-5036708             33,075.00 EA      0.6604       21,842.73       21,842.73      2,184.27 no                                                ACI                  no, Value Extracted:            
15/02/2006 11:42:21 org.republic.ParseFileSheet checkReportLine
INFO: SelectFieldData
15/02/2006 11:42:21 org.republic.ParseFileSheet makeNewDataColumn
INFO: Output Data: 165 end: 179
15/02/2006 11:42:21 org.republic.ParseFileSheet makeNewDataColumn
INFO: Report Line: PO80012    1 RC43932  IND001   09/12/05 10   30-5036708             33,075.00 EA      0.6604       21,842.73       21,842.73      2,184.27 no                                                ACI                  no, Value Extracted:                
15/02/2006 11:42:21 org.republic.ParseFileSheet checkReportLine
INFO: SelectFieldData
15/02/2006 11:42:21 org.republic.ParseFileSheet makeNewDataColumn
INFO: Output Data: 181 end: 188
15/02/2006 11:42:21 org.republic.ParseFileSheet makeNewDataColumn
INFO: Report Line: PO80012    1 RC43932  IND001   09/12/05 10   30-5036708             33,075.00 EA      0.6604       21,842.73       21,842.73      2,184.27 no                                                ACI                  no, Value Extracted:         
15/02/2006 11:42:21 org.republic.ParseFileSheet checkReportLine
INFO: SelectFieldData
15/02/2006 11:42:21 org.republic.ParseFileSheet makeNewDataColumn
INFO: Output Data: 190 end: 207
15/02/2006 11:42:21 org.republic.ParseFileSheet makeNewDataColumn
INFO: Report Line: PO80012    1 RC43932  IND001   09/12/05 10   30-5036708             33,075.00 EA      0.6604       21,842.73       21,842.73      2,184.27 no                                                ACI                  no, Value Extracted: ACI               
15/02/2006 11:42:21 org.republic.ParseFileSheet checkReportLine
INFO: SelectFieldData
15/02/2006 11:42:21 org.republic.ParseFileSheet makeNewDataColumn
INFO: Output Data: 209 end: 209
15/02/2006 11:42:21 org.republic.ParseFileSheet makeNewDataColumn
INFO: Report Line: PO80012    1 RC43932  IND001   09/12/05 10   30-5036708             33,075.00 EA      0.6604       21,842.73       21,842.73      2,184.27 no                                                ACI                  no, Value Extracted:  
15/02/2006 11:42:21 org.republic.ParseFileSheet checkReportLine
INFO: SelectFieldData
15/02/2006 11:42:21 org.republic.ParseFileSheet makeNewDataColumn
INFO: Output Data: 211 end: 213
15/02/2006 11:42:21 org.republic.ParseFileSheet makeNewDataColumn
INFO: Report Line: PO80012    1 RC43932  IND001   09/12/05 10   30-5036708             33,075.00 EA      0.6604       21,842.73       21,842.73      2,184.27 no                                                ACI                  no, Value Extracted: no
15/02/2006 11:42:21 org.republic.ParseFileSheet parseInputFile
INFO: line:33 , line length() 212
15/02/2006 11:42:21 org.republic.ParseFileSheet parseInputFile
INFO: >>>>First char:80 new page?: false
15/02/2006 11:42:21 org.republic.ParseFileSheet parseInputFile
INFO: File Line:33, report page pos 33 , line:PO80012    1 RC44033  IND001   15/12/05 10   30-5036708             33,075.00 EA      0.6254       20,685.11       20,685.11      2,068.51 no                                                ACI                  no
15/02/2006 11:42:21 org.republic.ParseFileSheet checkReportLine
INFO: NewRowIf
15/02/2006 11:42:21 org.republic.ParseFileSheet ruleMatchesReportLine
INFO: comparing: 'PO80012 ' with '        '
15/02/2006 11:42:21 org.republic.ParseFileSheet ruleMatchesReportLine
INFO: not blank: true
15/02/2006 11:42:21 org.republic.ParseFileSheet ruleMatchesReportLine
INFO: not blank Len: '8'
15/02/2006 11:42:21 org.republic.ParseFileSheet checkReportLine
INFO: SelectFieldData
15/02/2006 11:42:21 org.republic.ParseFileSheet makeNewDataColumn
INFO: Output Data: 1 end: 8
15/02/2006 11:42:21 org.republic.ParseFileSheet makeNewDataColumn
INFO: Report Line: PO80012    1 RC44033  IND001   15/12/05 10   30-5036708             33,075.00 EA      0.6254       20,685.11       20,685.11      2,068.51 no                                                ACI                  no, Value Extracted: PO80012 
15/02/2006 11:42:21 org.republic.ParseFileSheet checkReportLine
INFO: SelectFieldData
15/02/2006 11:42:21 org.republic.ParseFileSheet makeNewDataColumn
INFO: Output Data: 10 end: 12
15/02/2006 11:42:21 org.republic.ParseFileSheet makeNewDataColumn
INFO: Report Line: PO80012    1 RC44033  IND001   15/12/05 10   30-5036708             33,075.00 EA      0.6254       20,685.11       20,685.11      2,068.51 no                                                ACI                  no, Value Extracted:   1
15/02/2006 11:42:21 org.republic.ParseFileSheet checkReportLine
INFO: SelectFieldData
15/02/2006 11:42:21 org.republic.ParseFileSheet makeNewDataColumn
INFO: Output Data: 14 end: 21
15/02/2006 11:42:21 org.republic.ParseFileSheet makeNewDataColumn
INFO: Report Line: PO80012    1 RC44033  IND001   15/12/05 10   30-5036708             33,075.00 EA      0.6254       20,685.11       20,685.11      2,068.51 no                                                ACI                  no, Value Extracted: RC44033 
15/02/2006 11:42:21 org.republic.ParseFileSheet checkReportLine
INFO: SelectFieldData
15/02/2006 11:42:21 org.republic.ParseFileSheet makeNewDataColumn
INFO: Output Data: 23 end: 30
15/02/2006 11:42:21 org.republic.ParseFileSheet makeNewDataColumn
INFO: Report Line: PO80012    1 RC44033  IND001   15/12/05 10   30-5036708             33,075.00 EA      0.6254       20,685.11       20,685.11      2,068.51 no                                                ACI                  no, Value Extracted: IND001  
15/02/2006 11:42:21 org.republic.ParseFileSheet checkReportLine
INFO: SelectFieldData
15/02/2006 11:42:21 org.republic.ParseFileSheet makeNewDataColumn
INFO: Output Data: 32 end: 39
15/02/2006 11:42:21 org.republic.ParseFileSheet makeNewDataColumn
INFO: Report Line: PO80012    1 RC44033  IND001   15/12/05 10   30-5036708             33,075.00 EA      0.6254       20,685.11       20,685.11      2,068.51 no                                                ACI                  no, Value Extracted: 15/12/05
15/02/2006 11:42:21 org.republic.ParseFileSheet checkReportLine
INFO: SelectFieldData
15/02/2006 11:42:21 org.republic.ParseFileSheet makeNewDataColumn
INFO: Output Data: 41 end: 44
15/02/2006 11:42:21 org.republic.ParseFileSheet makeNewDataColumn
INFO: Report Line: PO80012    1 RC44033  IND001   15/12/05 10   30-5036708             33,075.00 EA      0.6254       20,685.11       20,685.11      2,068.51 no                                                ACI                  no, Value Extracted: 10  
15/02/2006 11:42:21 org.republic.ParseFileSheet checkReportLine
INFO: SelectFieldData
15/02/2006 11:42:21 org.republic.ParseFileSheet makeNewDataColumn
INFO: Output Data: 46 end: 63
15/02/2006 11:42:21 org.republic.ParseFileSheet makeNewDataColumn
INFO: Report Line: PO80012    1 RC44033  IND001   15/12/05 10   30-5036708             33,075.00 EA      0.6254       20,685.11       20,685.11      2,068.51 no                                                ACI                  no, Value Extracted: 30-5036708        
15/02/2006 11:42:21 org.republic.ParseFileSheet checkReportLine
INFO: SelectFieldData
15/02/2006 11:42:21 org.republic.ParseFileSheet makeNewDataColumn
INFO: Output Data: 65 end: 77
15/02/2006 11:42:21 org.republic.ParseFileSheet makeNewDataColumn
INFO: Report Line: PO80012    1 RC44033  IND001   15/12/05 10   30-5036708             33,075.00 EA      0.6254       20,685.11       20,685.11      2,068.51 no                                                ACI                  no, Value Extracted:     33,075.00
15/02/2006 11:42:21 org.republic.ParseFileSheet checkReportLine
INFO: SelectFieldData
15/02/2006 11:42:21 org.republic.ParseFileSheet makeNewDataColumn
INFO: Output Data: 79 end: 80
15/02/2006 11:42:21 org.republic.ParseFileSheet makeNewDataColumn
INFO: Report Line: PO80012    1 RC44033  IND001   15/12/05 10   30-5036708             33,075.00 EA      0.6254       20,685.11       20,685.11      2,068.51 no                                                ACI                  no, Value Extracted: EA
15/02/2006 11:42:21 org.republic.ParseFileSheet checkReportLine
INFO: SelectFieldData
15/02/2006 11:42:21 org.republic.ParseFileSheet makeNewDataColumn
INFO: Output Data: 82 end: 92
15/02/2006 11:42:21 org.republic.ParseFileSheet makeNewDataColumn
INFO: Report Line: PO80012    1 RC44033  IND001   15/12/05 10   30-5036708             33,075.00 EA      0.6254       20,685.11       20,685.11      2,068.51 no                                                ACI                  no, Value Extracted:      0.6254
15/02/2006 11:42:21 org.republic.ParseFileSheet checkReportLine
INFO: SelectFieldData
15/02/2006 11:42:21 org.republic.ParseFileSheet makeNewDataColumn
INFO: Output Data: 94 end: 108
15/02/2006 11:42:21 org.republic.ParseFileSheet makeNewDataColumn
INFO: Report Line: PO80012    1 RC44033  IND001   15/12/05 10   30-5036708             33,075.00 EA      0.6254       20,685.11       20,685.11      2,068.51 no                                                ACI                  no, Value Extracted:       20,685.11
15/02/2006 11:42:21 org.republic.ParseFileSheet checkReportLine
INFO: SelectFieldData
15/02/2006 11:42:21 org.republic.ParseFileSheet makeNewDataColumn
INFO: Output Data: 110 end: 124
15/02/2006 11:42:21 org.republic.ParseFileSheet makeNewDataColumn
INFO: Report Line: PO80012    1 RC44033  IND001   15/12/05 10   30-5036708             33,075.00 EA      0.6254       20,685.11       20,685.11      2,068.51 no                                                ACI                  no, Value Extracted:       20,685.11
15/02/2006 11:42:21 org.republic.ParseFileSheet checkReportLine
INFO: SelectFieldData
15/02/2006 11:42:21 org.republic.ParseFileSheet makeNewDataColumn
INFO: Output Data: 126 end: 138
15/02/2006 11:42:21 org.republic.ParseFileSheet makeNewDataColumn
INFO: Report Line: PO80012    1 RC44033  IND001   15/12/05 10   30-5036708             33,075.00 EA      0.6254       20,685.11       20,685.11      2,068.51 no                                                ACI                  no, Value Extracted:      2,068.51
15/02/2006 11:42:21 org.republic.ParseFileSheet checkReportLine
INFO: SelectFieldData
15/02/2006 11:42:21 org.republic.ParseFileSheet makeNewDataColumn
INFO: Output Data: 140 end: 142
15/02/2006 11:42:21 org.republic.ParseFileSheet makeNewDataColumn
INFO: Report Line: PO80012    1 RC44033  IND001   15/12/05 10   30-5036708             33,075.00 EA      0.6254       20,685.11       20,685.11      2,068.51 no                                                ACI                  no, Value Extracted: no 
15/02/2006 11:42:21 org.republic.ParseFileSheet checkReportLine
INFO: SelectFieldData
15/02/2006 11:42:21 org.republic.ParseFileSheet makeNewDataColumn
INFO: Output Data: 144 end: 151
15/02/2006 11:42:21 org.republic.ParseFileSheet makeNewDataColumn
INFO: Report Line: PO80012    1 RC44033  IND001   15/12/05 10   30-5036708             33,075.00 EA      0.6254       20,685.11       20,685.11      2,068.51 no                                                ACI                  no, Value Extracted:         
15/02/2006 11:42:21 org.republic.ParseFileSheet checkReportLine
INFO: SelectFieldData
15/02/2006 11:42:21 org.republic.ParseFileSheet makeNewDataColumn
INFO: Output Data: 153 end: 163
15/02/2006 11:42:21 org.republic.ParseFileSheet makeNewDataColumn
INFO: Report Line: PO80012    1 RC44033  IND001   15/12/05 10   30-5036708             33,075.00 EA      0.6254       20,685.11       20,685.11      2,068.51 no                                                ACI                  no, Value Extracted:            
15/02/2006 11:42:21 org.republic.ParseFileSheet checkReportLine
INFO: SelectFieldData
15/02/2006 11:42:21 org.republic.ParseFileSheet makeNewDataColumn
INFO: Output Data: 165 end: 179
15/02/2006 11:42:21 org.republic.ParseFileSheet makeNewDataColumn
INFO: Report Line: PO80012    1 RC44033  IND001   15/12/05 10   30-5036708             33,075.00 EA      0.6254       20,685.11       20,685.11      2,068.51 no                                                ACI                  no, Value Extracted:                
15/02/2006 11:42:21 org.republic.ParseFileSheet checkReportLine
INFO: SelectFieldData
15/02/2006 11:42:21 org.republic.ParseFileSheet makeNewDataColumn
INFO: Output Data: 181 end: 188
15/02/2006 11:42:21 org.republic.ParseFileSheet makeNewDataColumn
INFO: Report Line: PO80012    1 RC44033  IND001   15/12/05 10   30-5036708             33,075.00 EA      0.6254       20,685.11       20,685.11      2,068.51 no                                                ACI                  no, Value Extracted:         
15/02/2006 11:42:21 org.republic.ParseFileSheet checkReportLine
INFO: SelectFieldData
15/02/2006 11:42:21 org.republic.ParseFileSheet makeNewDataColumn
INFO: Output Data: 190 end: 207
15/02/2006 11:42:21 org.republic.ParseFileSheet makeNewDataColumn
INFO: Report Line: PO80012    1 RC44033  IND001   15/12/05 10   30-5036708             33,075.00 EA      0.6254       20,685.11       20,685.11      2,068.51 no                                                ACI                  no, Value Extracted: ACI               
15/02/2006 11:42:21 org.republic.ParseFileSheet checkReportLine
INFO: SelectFieldData
15/02/2006 11:42:21 org.republic.ParseFileSheet makeNewDataColumn
INFO: Output Data: 209 end: 209
15/02/2006 11:42:21 org.republic.ParseFileSheet makeNewDataColumn
INFO: Report Line: PO80012    1 RC44033  IND001   15/12/05 10   30-5036708             33,075.00 EA      0.6254       20,685.11       20,685.11      2,068.51 no                                                ACI                  no, Value Extracted:  
15/02/2006 11:42:21 org.republic.ParseFileSheet checkReportLine
INFO: SelectFieldData
15/02/2006 11:42:21 org.republic.ParseFileSheet makeNewDataColumn
INFO: Output Data: 211 end: 213
15/02/2006 11:42:21 org.republic.ParseFileSheet makeNewDataColumn
INFO: Report Line: PO80012    1 RC44033  IND001   15/12/05 10   30-5036708             33,075.00 EA      0.6254       20,685.11       20,685.11      2,068.51 no                                                ACI                  no, Value Extracted: no
15/02/2006 11:42:21 org.republic.ParseFileSheet parseInputFile
INFO: line:34 , line length() 212
15/02/2006 11:42:21 org.republic.ParseFileSheet parseInputFile
INFO: >>>>First char:80 new page?: false
15/02/2006 11:42:21 org.republic.ParseFileSheet parseInputFile
INFO: File Line:34, report page pos 34 , line:PO80064    2 RC43904  AMC000   08/12/05 10   341-0030251              -330.00 EA     0.54624         -180.26         -180.26        -18.03 no                                                No Glue              no
15/02/2006 11:42:21 org.republic.ParseFileSheet checkReportLine
INFO: NewRowIf
15/02/2006 11:42:21 org.republic.ParseFileSheet ruleMatchesReportLine
INFO: comparing: 'PO80064 ' with '        '
15/02/2006 11:42:21 org.republic.ParseFileSheet ruleMatchesReportLine
INFO: not blank: true
15/02/2006 11:42:21 org.republic.ParseFileSheet ruleMatchesReportLine
INFO: not blank Len: '8'
15/02/2006 11:42:21 org.republic.ParseFileSheet checkReportLine
INFO: SelectFieldData
15/02/2006 11:42:21 org.republic.ParseFileSheet makeNewDataColumn
INFO: Output Data: 1 end: 8
15/02/2006 11:42:21 org.republic.ParseFileSheet makeNewDataColumn
INFO: Report Line: PO80064    2 RC43904  AMC000   08/12/05 10   341-0030251              -330.00 EA     0.54624         -180.26         -180.26        -18.03 no                                                No Glue              no, Value Extracted: PO80064 
15/02/2006 11:42:21 org.republic.ParseFileSheet checkReportLine
INFO: SelectFieldData
15/02/2006 11:42:21 org.republic.ParseFileSheet makeNewDataColumn
INFO: Output Data: 10 end: 12
15/02/2006 11:42:21 org.republic.ParseFileSheet makeNewDataColumn
INFO: Report Line: PO80064    2 RC43904  AMC000   08/12/05 10   341-0030251              -330.00 EA     0.54624         -180.26         -180.26        -18.03 no                                                No Glue              no, Value Extracted:   2
15/02/2006 11:42:21 org.republic.ParseFileSheet checkReportLine
INFO: SelectFieldData
15/02/2006 11:42:21 org.republic.ParseFileSheet makeNewDataColumn
INFO: Output Data: 14 end: 21
15/02/2006 11:42:21 org.republic.ParseFileSheet makeNewDataColumn
INFO: Report Line: PO80064    2 RC43904  AMC000   08/12/05 10   341-0030251              -330.00 EA     0.54624         -180.26         -180.26        -18.03 no                                                No Glue              no, Value Extracted: RC43904 
15/02/2006 11:42:21 org.republic.ParseFileSheet checkReportLine
INFO: SelectFieldData
15/02/2006 11:42:21 org.republic.ParseFileSheet makeNewDataColumn
INFO: Output Data: 23 end: 30
15/02/2006 11:42:21 org.republic.ParseFileSheet makeNewDataColumn
INFO: Report Line: PO80064    2 RC43904  AMC000   08/12/05 10   341-0030251              -330.00 EA     0.54624         -180.26         -180.26        -18.03 no                                                No Glue              no, Value Extracted: AMC000  
15/02/2006 11:42:21 org.republic.ParseFileSheet checkReportLine
INFO: SelectFieldData
15/02/2006 11:42:21 org.republic.ParseFileSheet makeNewDataColumn
INFO: Output Data: 32 end: 39
15/02/2006 11:42:21 org.republic.ParseFileSheet makeNewDataColumn
INFO: Report Line: PO80064    2 RC43904  AMC000   08/12/05 10   341-0030251              -330.00 EA     0.54624         -180.26         -180.26        -18.03 no                                                No Glue              no, Value Extracted: 08/12/05
15/02/2006 11:42:21 org.republic.ParseFileSheet checkReportLine
INFO: SelectFieldData
15/02/2006 11:42:21 org.republic.ParseFileSheet makeNewDataColumn
INFO: Output Data: 41 end: 44
15/02/2006 11:42:21 org.republic.ParseFileSheet makeNewDataColumn
INFO: Report Line: PO80064    2 RC43904  AMC000   08/12/05 10   341-0030251              -330.00 EA     0.54624         -180.26         -180.26        -18.03 no                                                No Glue              no, Value Extracted: 10  
15/02/2006 11:42:21 org.republic.ParseFileSheet checkReportLine
INFO: SelectFieldData
15/02/2006 11:42:21 org.republic.ParseFileSheet makeNewDataColumn
INFO: Output Data: 46 end: 63
15/02/2006 11:42:21 org.republic.ParseFileSheet makeNewDataColumn
INFO: Report Line: PO80064    2 RC43904  AMC000   08/12/05 10   341-0030251              -330.00 EA     0.54624         -180.26         -180.26        -18.03 no                                                No Glue              no, Value Extracted: 341-0030251       
15/02/2006 11:42:21 org.republic.ParseFileSheet checkReportLine
INFO: SelectFieldData
15/02/2006 11:42:21 org.republic.ParseFileSheet makeNewDataColumn
INFO: Output Data: 65 end: 77
15/02/2006 11:42:21 org.republic.ParseFileSheet makeNewDataColumn
INFO: Report Line: PO80064    2 RC43904  AMC000   08/12/05 10   341-0030251              -330.00 EA     0.54624         -180.26         -180.26        -18.03 no                                                No Glue              no, Value Extracted:       -330.00
15/02/2006 11:42:21 org.republic.ParseFileSheet checkReportLine
INFO: SelectFieldData
15/02/2006 11:42:21 org.republic.ParseFileSheet makeNewDataColumn
INFO: Output Data: 79 end: 80
15/02/2006 11:42:21 org.republic.ParseFileSheet makeNewDataColumn
INFO: Report Line: PO80064    2 RC43904  AMC000   08/12/05 10   341-0030251              -330.00 EA     0.54624         -180.26         -180.26        -18.03 no                                                No Glue              no, Value Extracted: EA
15/02/2006 11:42:21 org.republic.ParseFileSheet checkReportLine
INFO: SelectFieldData
15/02/2006 11:42:21 org.republic.ParseFileSheet makeNewDataColumn
INFO: Output Data: 82 end: 92
15/02/2006 11:42:21 org.republic.ParseFileSheet makeNewDataColumn
INFO: Report Line: PO80064    2 RC43904  AMC000   08/12/05 10   341-0030251              -330.00 EA     0.54624         -180.26         -180.26        -18.03 no                                                No Glue              no, Value Extracted:     0.54624
15/02/2006 11:42:21 org.republic.ParseFileSheet checkReportLine
INFO: SelectFieldData
15/02/2006 11:42:21 org.republic.ParseFileSheet makeNewDataColumn
INFO: Output Data: 94 end: 108
15/02/2006 11:42:21 org.republic.ParseFileSheet makeNewDataColumn
INFO: Report Line: PO80064    2 RC43904  AMC000   08/12/05 10   341-0030251              -330.00 EA     0.54624         -180.26         -180.26        -18.03 no                                                No Glue              no, Value Extracted:         -180.26
15/02/2006 11:42:21 org.republic.ParseFileSheet checkReportLine
INFO: SelectFieldData
15/02/2006 11:42:21 org.republic.ParseFileSheet makeNewDataColumn
INFO: Output Data: 110 end: 124
15/02/2006 11:42:21 org.republic.ParseFileSheet makeNewDataColumn
INFO: Report Line: PO80064    2 RC43904  AMC000   08/12/05 10   341-0030251              -330.00 EA     0.54624         -180.26         -180.26        -18.03 no                                                No Glue              no, Value Extracted:         -180.26
15/02/2006 11:42:21 org.republic.ParseFileSheet checkReportLine
INFO: SelectFieldData
15/02/2006 11:42:21 org.republic.ParseFileSheet makeNewDataColumn
INFO: Output Data: 126 end: 138
15/02/2006 11:42:21 org.republic.ParseFileSheet makeNewDataColumn
INFO: Report Line: PO80064    2 RC43904  AMC000   08/12/05 10   341-0030251              -330.00 EA     0.54624         -180.26         -180.26        -18.03 no                                                No Glue              no, Value Extracted:        -18.03
15/02/2006 11:42:21 org.republic.ParseFileSheet checkReportLine
INFO: SelectFieldData
15/02/2006 11:42:21 org.republic.ParseFileSheet makeNewDataColumn
INFO: Output Data: 140 end: 142
15/02/2006 11:42:21 org.republic.ParseFileSheet makeNewDataColumn
INFO: Report Line: PO80064    2 RC43904  AMC000   08/12/05 10   341-0030251              -330.00 EA     0.54624         -180.26         -180.26        -18.03 no                                                No Glue              no, Value Extracted: no 
15/02/2006 11:42:21 org.republic.ParseFileSheet checkReportLine
INFO: SelectFieldData
15/02/2006 11:42:21 org.republic.ParseFileSheet makeNewDataColumn
INFO: Output Data: 144 end: 151
15/02/2006 11:42:21 org.republic.ParseFileSheet makeNewDataColumn
INFO: Report Line: PO80064    2 RC43904  AMC000   08/12/05 10   341-0030251              -330.00 EA     0.54624         -180.26         -180.26        -18.03 no                                                No Glue              no, Value Extracted:         
15/02/2006 11:42:21 org.republic.ParseFileSheet checkReportLine
INFO: SelectFieldData
15/02/2006 11:42:21 org.republic.ParseFileSheet makeNewDataColumn
INFO: Output Data: 153 end: 163
15/02/2006 11:42:21 org.republic.ParseFileSheet makeNewDataColumn
INFO: Report Line: PO80064    2 RC43904  AMC000   08/12/05 10   341-0030251              -330.00 EA     0.54624         -180.26         -180.26        -18.03 no                                                No Glue              no, Value Extracted:            
15/02/2006 11:42:21 org.republic.ParseFileSheet checkReportLine
INFO: SelectFieldData
15/02/2006 11:42:21 org.republic.ParseFileSheet makeNewDataColumn
INFO: Output Data: 165 end: 179
15/02/2006 11:42:21 org.republic.ParseFileSheet makeNewDataColumn
INFO: Report Line: PO80064    2 RC43904  AMC000   08/12/05 10   341-0030251              -330.00 EA     0.54624         -180.26         -180.26        -18.03 no                                                No Glue              no, Value Extracted:                
15/02/2006 11:42:21 org.republic.ParseFileSheet checkReportLine
INFO: SelectFieldData
15/02/2006 11:42:21 org.republic.ParseFileSheet makeNewDataColumn
INFO: Output Data: 181 end: 188
15/02/2006 11:42:21 org.republic.ParseFileSheet makeNewDataColumn
INFO: Report Line: PO80064    2 RC43904  AMC000   08/12/05 10   341-0030251              -330.00 EA     0.54624         -180.26         -180.26        -18.03 no                                                No Glue              no, Value Extracted:         
15/02/2006 11:42:21 org.republic.ParseFileSheet checkReportLine
INFO: SelectFieldData
15/02/2006 11:42:21 org.republic.ParseFileSheet makeNewDataColumn
INFO: Output Data: 190 end: 207
15/02/2006 11:42:21 org.republic.ParseFileSheet makeNewDataColumn
INFO: Report Line: PO80064    2 RC43904  AMC000   08/12/05 10   341-0030251              -330.00 EA     0.54624         -180.26         -180.26        -18.03 no                                                No Glue              no, Value Extracted: No Glue           
15/02/2006 11:42:21 org.republic.ParseFileSheet checkReportLine
INFO: SelectFieldData
15/02/2006 11:42:21 org.republic.ParseFileSheet makeNewDataColumn
INFO: Output Data: 209 end: 209
15/02/2006 11:42:21 org.republic.ParseFileSheet makeNewDataColumn
INFO: Report Line: PO80064    2 RC43904  AMC000   08/12/05 10   341-0030251              -330.00 EA     0.54624         -180.26         -180.26        -18.03 no                                                No Glue              no, Value Extracted:  
15/02/2006 11:42:21 org.republic.ParseFileSheet checkReportLine
INFO: SelectFieldData
15/02/2006 11:42:21 org.republic.ParseFileSheet makeNewDataColumn
INFO: Output Data: 211 end: 213
15/02/2006 11:42:21 org.republic.ParseFileSheet makeNewDataColumn
INFO: Report Line: PO80064    2 RC43904  AMC000   08/12/05 10   341-0030251              -330.00 EA     0.54624         -180.26         -180.26        -18.03 no                                                No Glue              no, Value Extracted: no
15/02/2006 11:42:21 org.republic.ParseFileSheet parseInputFile
INFO: line:35 , line length() 212
15/02/2006 11:42:21 org.republic.ParseFileSheet parseInputFile
INFO: >>>>First char:80 new page?: false
15/02/2006 11:42:21 org.republic.ParseFileSheet parseInputFile
INFO: File Line:35, report page pos 35 , line:PO80067    1 RC43905  sch004   08/12/05 10   36-00                 -27,658.00 EA       0.361       -9,984.54       -9,984.54       -998.45 no                                                Orientation Issues   no
15/02/2006 11:42:21 org.republic.ParseFileSheet checkReportLine
INFO: NewRowIf
15/02/2006 11:42:21 org.republic.ParseFileSheet ruleMatchesReportLine
INFO: comparing: 'PO80067 ' with '        '
15/02/2006 11:42:21 org.republic.ParseFileSheet ruleMatchesReportLine
INFO: not blank: true
15/02/2006 11:42:21 org.republic.ParseFileSheet ruleMatchesReportLine
INFO: not blank Len: '8'
15/02/2006 11:42:21 org.republic.ParseFileSheet checkReportLine
INFO: SelectFieldData
15/02/2006 11:42:21 org.republic.ParseFileSheet makeNewDataColumn
INFO: Output Data: 1 end: 8
15/02/2006 11:42:21 org.republic.ParseFileSheet makeNewDataColumn
INFO: Report Line: PO80067    1 RC43905  sch004   08/12/05 10   36-00                 -27,658.00 EA       0.361       -9,984.54       -9,984.54       -998.45 no                                                Orientation Issues   no, Value Extracted: PO80067 
15/02/2006 11:42:21 org.republic.ParseFileSheet checkReportLine
INFO: SelectFieldData
15/02/2006 11:42:21 org.republic.ParseFileSheet makeNewDataColumn
INFO: Output Data: 10 end: 12
15/02/2006 11:42:21 org.republic.ParseFileSheet makeNewDataColumn
INFO: Report Line: PO80067    1 RC43905  sch004   08/12/05 10   36-00                 -27,658.00 EA       0.361       -9,984.54       -9,984.54       -998.45 no                                                Orientation Issues   no, Value Extracted:   1
15/02/2006 11:42:21 org.republic.ParseFileSheet checkReportLine
INFO: SelectFieldData
15/02/2006 11:42:21 org.republic.ParseFileSheet makeNewDataColumn
INFO: Output Data: 14 end: 21
15/02/2006 11:42:21 org.republic.ParseFileSheet makeNewDataColumn
INFO: Report Line: PO80067    1 RC43905  sch004   08/12/05 10   36-00                 -27,658.00 EA       0.361       -9,984.54       -9,984.54       -998.45 no                                                Orientation Issues   no, Value Extracted: RC43905 
15/02/2006 11:42:21 org.republic.ParseFileSheet checkReportLine
INFO: SelectFieldData
15/02/2006 11:42:21 org.republic.ParseFileSheet makeNewDataColumn
INFO: Output Data: 23 end: 30
15/02/2006 11:42:21 org.republic.ParseFileSheet makeNewDataColumn
INFO: Report Line: PO80067    1 RC43905  sch004   08/12/05 10   36-00                 -27,658.00 EA       0.361       -9,984.54       -9,984.54       -998.45 no                                                Orientation Issues   no, Value Extracted: sch004  
15/02/2006 11:42:21 org.republic.ParseFileSheet checkReportLine
INFO: SelectFieldData
15/02/2006 11:42:21 org.republic.ParseFileSheet makeNewDataColumn
INFO: Output Data: 32 end: 39
15/02/2006 11:42:21 org.republic.ParseFileSheet makeNewDataColumn
INFO: Report Line: PO80067    1 RC43905  sch004   08/12/05 10   36-00                 -27,658.00 EA       0.361       -9,984.54       -9,984.54       -998.45 no                                                Orientation Issues   no, Value Extracted: 08/12/05
15/02/2006 11:42:21 org.republic.ParseFileSheet checkReportLine
INFO: SelectFieldData
15/02/2006 11:42:21 org.republic.ParseFileSheet makeNewDataColumn
INFO: Output Data: 41 end: 44
15/02/2006 11:42:21 org.republic.ParseFileSheet makeNewDataColumn
INFO: Report Line: PO80067    1 RC43905  sch004   08/12/05 10   36-00                 -27,658.00 EA       0.361       -9,984.54       -9,984.54       -998.45 no                                                Orientation Issues   no, Value Extracted: 10  
15/02/2006 11:42:21 org.republic.ParseFileSheet checkReportLine
INFO: SelectFieldData
15/02/2006 11:42:21 org.republic.ParseFileSheet makeNewDataColumn
INFO: Output Data: 46 end: 63
15/02/2006 11:42:21 org.republic.ParseFileSheet makeNewDataColumn
INFO: Report Line: PO80067    1 RC43905  sch004   08/12/05 10   36-00                 -27,658.00 EA       0.361       -9,984.54       -9,984.54       -998.45 no                                                Orientation Issues   no, Value Extracted: 36-00             
15/02/2006 11:42:21 org.republic.ParseFileSheet checkReportLine
INFO: SelectFieldData
15/02/2006 11:42:21 org.republic.ParseFileSheet makeNewDataColumn
INFO: Output Data: 65 end: 77
15/02/2006 11:42:21 org.republic.ParseFileSheet makeNewDataColumn
INFO: Report Line: PO80067    1 RC43905  sch004   08/12/05 10   36-00                 -27,658.00 EA       0.361       -9,984.54       -9,984.54       -998.45 no                                                Orientation Issues   no, Value Extracted:    -27,658.00
15/02/2006 11:42:21 org.republic.ParseFileSheet checkReportLine
INFO: SelectFieldData
15/02/2006 11:42:21 org.republic.ParseFileSheet makeNewDataColumn
INFO: Output Data: 79 end: 80
15/02/2006 11:42:21 org.republic.ParseFileSheet makeNewDataColumn
INFO: Report Line: PO80067    1 RC43905  sch004   08/12/05 10   36-00                 -27,658.00 EA       0.361       -9,984.54       -9,984.54       -998.45 no                                                Orientation Issues   no, Value Extracted: EA
15/02/2006 11:42:21 org.republic.ParseFileSheet checkReportLine
INFO: SelectFieldData
15/02/2006 11:42:21 org.republic.ParseFileSheet makeNewDataColumn
INFO: Output Data: 82 end: 92
15/02/2006 11:42:21 org.republic.ParseFileSheet makeNewDataColumn
INFO: Report Line: PO80067    1 RC43905  sch004   08/12/05 10   36-00                 -27,658.00 EA       0.361       -9,984.54       -9,984.54       -998.45 no                                                Orientation Issues   no, Value Extracted:       0.361
15/02/2006 11:42:21 org.republic.ParseFileSheet checkReportLine
INFO: SelectFieldData
15/02/2006 11:42:21 org.republic.ParseFileSheet makeNewDataColumn
INFO: Output Data: 94 end: 108
15/02/2006 11:42:21 org.republic.ParseFileSheet makeNewDataColumn
INFO: Report Line: PO80067    1 RC43905  sch004   08/12/05 10   36-00                 -27,658.00 EA       0.361       -9,984.54       -9,984.54       -998.45 no                                                Orientation Issues   no, Value Extracted:       -9,984.54
15/02/2006 11:42:21 org.republic.ParseFileSheet checkReportLine
INFO: SelectFieldData
15/02/2006 11:42:21 org.republic.ParseFileSheet makeNewDataColumn
INFO: Output Data: 110 end: 124
15/02/2006 11:42:21 org.republic.ParseFileSheet makeNewDataColumn
INFO: Report Line: PO80067    1 RC43905  sch004   08/12/05 10   36-00                 -27,658.00 EA       0.361       -9,984.54       -9,984.54       -998.45 no                                                Orientation Issues   no, Value Extracted:       -9,984.54
15/02/2006 11:42:21 org.republic.ParseFileSheet checkReportLine
INFO: SelectFieldData
15/02/2006 11:42:21 org.republic.ParseFileSheet makeNewDataColumn
INFO: Output Data: 126 end: 138
15/02/2006 11:42:21 org.republic.ParseFileSheet makeNewDataColumn
INFO: Report Line: PO80067    1 RC43905  sch004   08/12/05 10   36-00                 -27,658.00 EA       0.361       -9,984.54       -9,984.54       -998.45 no                                                Orientation Issues   no, Value Extracted:       -998.45
15/02/2006 11:42:21 org.republic.ParseFileSheet checkReportLine
INFO: SelectFieldData
15/02/2006 11:42:21 org.republic.ParseFileSheet makeNewDataColumn
INFO: Output Data: 140 end: 142
15/02/2006 11:42:21 org.republic.ParseFileSheet makeNewDataColumn
INFO: Report Line: PO80067    1 RC43905  sch004   08/12/05 10   36-00                 -27,658.00 EA       0.361       -9,984.54       -9,984.54       -998.45 no                                                Orientation Issues   no, Value Extracted: no 
15/02/2006 11:42:21 org.republic.ParseFileSheet checkReportLine
INFO: SelectFieldData
15/02/2006 11:42:21 org.republic.ParseFileSheet makeNewDataColumn
INFO: Output Data: 144 end: 151
15/02/2006 11:42:21 org.republic.ParseFileSheet makeNewDataColumn
INFO: Report Line: PO80067    1 RC43905  sch004   08/12/05 10   36-00                 -27,658.00 EA       0.361       -9,984.54       -9,984.54       -998.45 no                                                Orientation Issues   no, Value Extracted:         
15/02/2006 11:42:21 org.republic.ParseFileSheet checkReportLine
INFO: SelectFieldData
15/02/2006 11:42:21 org.republic.ParseFileSheet makeNewDataColumn
INFO: Output Data: 153 end: 163
15/02/2006 11:42:21 org.republic.ParseFileSheet makeNewDataColumn
INFO: Report Line: PO80067    1 RC43905  sch004   08/12/05 10   36-00                 -27,658.00 EA       0.361       -9,984.54       -9,984.54       -998.45 no                                                Orientation Issues   no, Value Extracted:            
15/02/2006 11:42:21 org.republic.ParseFileSheet checkReportLine
INFO: SelectFieldData
15/02/2006 11:42:21 org.republic.ParseFileSheet makeNewDataColumn
INFO: Output Data: 165 end: 179
15/02/2006 11:42:21 org.republic.ParseFileSheet makeNewDataColumn
INFO: Report Line: PO80067    1 RC43905  sch004   08/12/05 10   36-00                 -27,658.00 EA       0.361       -9,984.54       -9,984.54       -998.45 no                                                Orientation Issues   no, Value Extracted:                
15/02/2006 11:42:21 org.republic.ParseFileSheet checkReportLine
INFO: SelectFieldData
15/02/2006 11:42:21 org.republic.ParseFileSheet makeNewDataColumn
INFO: Output Data: 181 end: 188
15/02/2006 11:42:21 org.republic.ParseFileSheet makeNewDataColumn
INFO: Report Line: PO80067    1 RC43905  sch004   08/12/05 10   36-00                 -27,658.00 EA       0.361       -9,984.54       -9,984.54       -998.45 no                                                Orientation Issues   no, Value Extracted:         
15/02/2006 11:42:21 org.republic.ParseFileSheet checkReportLine
INFO: SelectFieldData
15/02/2006 11:42:21 org.republic.ParseFileSheet makeNewDataColumn
INFO: Output Data: 190 end: 207
15/02/2006 11:42:21 org.republic.ParseFileSheet makeNewDataColumn
INFO: Report Line: PO80067    1 RC43905  sch004   08/12/05 10   36-00                 -27,658.00 EA       0.361       -9,984.54       -9,984.54       -998.45 no                                                Orientation Issues   no, Value Extracted: Orientation Issues
15/02/2006 11:42:21 org.republic.ParseFileSheet checkReportLine
INFO: SelectFieldData
15/02/2006 11:42:21 org.republic.ParseFileSheet makeNewDataColumn
INFO: Output Data: 209 end: 209
15/02/2006 11:42:21 org.republic.ParseFileSheet makeNewDataColumn
INFO: Report Line: PO80067    1 RC43905  sch004   08/12/05 10   36-00                 -27,658.00 EA       0.361       -9,984.54       -9,984.54       -998.45 no                                                Orientation Issues   no, Value Extracted:  
15/02/2006 11:42:21 org.republic.ParseFileSheet checkReportLine
INFO: SelectFieldData
15/02/2006 11:42:21 org.republic.ParseFileSheet makeNewDataColumn
INFO: Output Data: 211 end: 213
15/02/2006 11:42:21 org.republic.ParseFileSheet makeNewDataColumn
INFO: Report Line: PO80067    1 RC43905  sch004   08/12/05 10   36-00                 -27,658.00 EA       0.361       -9,984.54       -9,984.54       -998.45 no                                                Orientation Issues   no, Value Extracted: no
15/02/2006 11:42:21 org.republic.ParseFileSheet parseInputFile
INFO: line:36 , line length() 212
15/02/2006 11:42:21 org.republic.ParseFileSheet parseInputFile
INFO: >>>>First char:80 new page?: false
15/02/2006 11:42:21 org.republic.ParseFileSheet parseInputFile
INFO: File Line:36, report page pos 36 , line:PO80091    1 RC44015  eve000   15/12/05 10   4006125-05100         205,500.00 EA      0.0337        6,925.35        6,925.35        692.54 no                                                                     no
15/02/2006 11:42:21 org.republic.ParseFileSheet checkReportLine
INFO: NewRowIf
15/02/2006 11:42:21 org.republic.ParseFileSheet ruleMatchesReportLine
INFO: comparing: 'PO80091 ' with '        '
15/02/2006 11:42:21 org.republic.ParseFileSheet ruleMatchesReportLine
INFO: not blank: true
15/02/2006 11:42:21 org.republic.ParseFileSheet ruleMatchesReportLine
INFO: not blank Len: '8'
15/02/2006 11:42:21 org.republic.ParseFileSheet checkReportLine
INFO: SelectFieldData
15/02/2006 11:42:21 org.republic.ParseFileSheet makeNewDataColumn
INFO: Output Data: 1 end: 8
15/02/2006 11:42:21 org.republic.ParseFileSheet makeNewDataColumn
INFO: Report Line: PO80091    1 RC44015  eve000   15/12/05 10   4006125-05100         205,500.00 EA      0.0337        6,925.35        6,925.35        692.54 no                                                                     no, Value Extracted: PO80091 
15/02/2006 11:42:21 org.republic.ParseFileSheet checkReportLine
INFO: SelectFieldData
15/02/2006 11:42:21 org.republic.ParseFileSheet makeNewDataColumn
INFO: Output Data: 10 end: 12
15/02/2006 11:42:21 org.republic.ParseFileSheet makeNewDataColumn
INFO: Report Line: PO80091    1 RC44015  eve000   15/12/05 10   4006125-05100         205,500.00 EA      0.0337        6,925.35        6,925.35        692.54 no                                                                     no, Value Extracted:   1
15/02/2006 11:42:21 org.republic.ParseFileSheet checkReportLine
INFO: SelectFieldData
15/02/2006 11:42:21 org.republic.ParseFileSheet makeNewDataColumn
INFO: Output Data: 14 end: 21
15/02/2006 11:42:21 org.republic.ParseFileSheet makeNewDataColumn
INFO: Report Line: PO80091    1 RC44015  eve000   15/12/05 10   4006125-05100         205,500.00 EA      0.0337        6,925.35        6,925.35        692.54 no                                                                     no, Value Extracted: RC44015 
15/02/2006 11:42:21 org.republic.ParseFileSheet checkReportLine
INFO: SelectFieldData
15/02/2006 11:42:21 org.republic.ParseFileSheet makeNewDataColumn
INFO: Output Data: 23 end: 30
15/02/2006 11:42:21 org.republic.ParseFileSheet makeNewDataColumn
INFO: Report Line: PO80091    1 RC44015  eve000   15/12/05 10   4006125-05100         205,500.00 EA      0.0337        6,925.35        6,925.35        692.54 no                                                                     no, Value Extracted: eve000  
15/02/2006 11:42:21 org.republic.ParseFileSheet checkReportLine
INFO: SelectFieldData
15/02/2006 11:42:21 org.republic.ParseFileSheet makeNewDataColumn
INFO: Output Data: 32 end: 39
15/02/2006 11:42:21 org.republic.ParseFileSheet makeNewDataColumn
INFO: Report Line: PO80091    1 RC44015  eve000   15/12/05 10   4006125-05100         205,500.00 EA      0.0337        6,925.35        6,925.35        692.54 no                                                                     no, Value Extracted: 15/12/05
15/02/2006 11:42:21 org.republic.ParseFileSheet checkReportLine
INFO: SelectFieldData
15/02/2006 11:42:21 org.republic.ParseFileSheet makeNewDataColumn
INFO: Output Data: 41 end: 44
15/02/2006 11:42:21 org.republic.ParseFileSheet makeNewDataColumn
INFO: Report Line: PO80091    1 RC44015  eve000   15/12/05 10   4006125-05100         205,500.00 EA      0.0337        6,925.35        6,925.35        692.54 no                                                                     no, Value Extracted: 10  
15/02/2006 11:42:21 org.republic.ParseFileSheet checkReportLine
INFO: SelectFieldData
15/02/2006 11:42:21 org.republic.ParseFileSheet makeNewDataColumn
INFO: Output Data: 46 end: 63
15/02/2006 11:42:21 org.republic.ParseFileSheet makeNewDataColumn
INFO: Report Line: PO80091    1 RC44015  eve000   15/12/05 10   4006125-05100         205,500.00 EA      0.0337        6,925.35        6,925.35        692.54 no                                                                     no, Value Extracted: 4006125-05100     
15/02/2006 11:42:21 org.republic.ParseFileSheet checkReportLine
INFO: SelectFieldData
15/02/2006 11:42:21 org.republic.ParseFileSheet makeNewDataColumn
INFO: Output Data: 65 end: 77
15/02/2006 11:42:21 org.republic.ParseFileSheet makeNewDataColumn
INFO: Report Line: PO80091    1 RC44015  eve000   15/12/05 10   4006125-05100         205,500.00 EA      0.0337        6,925.35        6,925.35        692.54 no                                                                     no, Value Extracted:    205,500.00
15/02/2006 11:42:21 org.republic.ParseFileSheet checkReportLine
INFO: SelectFieldData
15/02/2006 11:42:21 org.republic.ParseFileSheet makeNewDataColumn
INFO: Output Data: 79 end: 80
15/02/2006 11:42:21 org.republic.ParseFileSheet makeNewDataColumn
INFO: Report Line: PO80091    1 RC44015  eve000   15/12/05 10   4006125-05100         205,500.00 EA      0.0337        6,925.35        6,925.35        692.54 no                                                                     no, Value Extracted: EA
15/02/2006 11:42:21 org.republic.ParseFileSheet checkReportLine
INFO: SelectFieldData
15/02/2006 11:42:21 org.republic.ParseFileSheet makeNewDataColumn
INFO: Output Data: 82 end: 92
15/02/2006 11:42:21 org.republic.ParseFileSheet makeNewDataColumn
INFO: Report Line: PO80091    1 RC44015  eve000   15/12/05 10   4006125-05100         205,500.00 EA      0.0337        6,925.35        6,925.35        692.54 no                                                                     no, Value Extracted:      0.0337
15/02/2006 11:42:21 org.republic.ParseFileSheet checkReportLine
INFO: SelectFieldData
15/02/2006 11:42:21 org.republic.ParseFileSheet makeNewDataColumn
INFO: Output Data: 94 end: 108
15/02/2006 11:42:21 org.republic.ParseFileSheet makeNewDataColumn
INFO: Report Line: PO80091    1 RC44015  eve000   15/12/05 10   4006125-05100         205,500.00 EA      0.0337        6,925.35        6,925.35        692.54 no                                                                     no, Value Extracted:        6,925.35
15/02/2006 11:42:21 org.republic.ParseFileSheet checkReportLine
INFO: SelectFieldData
15/02/2006 11:42:21 org.republic.ParseFileSheet makeNewDataColumn
INFO: Output Data: 110 end: 124
15/02/2006 11:42:21 org.republic.ParseFileSheet makeNewDataColumn
INFO: Report Line: PO80091    1 RC44015  eve000   15/12/05 10   4006125-05100         205,500.00 EA      0.0337        6,925.35        6,925.35        692.54 no                                                                     no, Value Extracted:        6,925.35
15/02/2006 11:42:21 org.republic.ParseFileSheet checkReportLine
INFO: SelectFieldData
15/02/2006 11:42:21 org.republic.ParseFileSheet makeNewDataColumn
INFO: Output Data: 126 end: 138
15/02/2006 11:42:21 org.republic.ParseFileSheet makeNewDataColumn
INFO: Report Line: PO80091    1 RC44015  eve000   15/12/05 10   4006125-05100         205,500.00 EA      0.0337        6,925.35        6,925.35        692.54 no                                                                     no, Value Extracted:        692.54
15/02/2006 11:42:21 org.republic.ParseFileSheet checkReportLine
INFO: SelectFieldData
15/02/2006 11:42:21 org.republic.ParseFileSheet makeNewDataColumn
INFO: Output Data: 140 end: 142
15/02/2006 11:42:21 org.republic.ParseFileSheet makeNewDataColumn
INFO: Report Line: PO80091    1 RC44015  eve000   15/12/05 10   4006125-05100         205,500.00 EA      0.0337        6,925.35        6,925.35        692.54 no                                                                     no, Value Extracted: no 
15/02/2006 11:42:21 org.republic.ParseFileSheet checkReportLine
INFO: SelectFieldData
15/02/2006 11:42:21 org.republic.ParseFileSheet makeNewDataColumn
INFO: Output Data: 144 end: 151
15/02/2006 11:42:21 org.republic.ParseFileSheet makeNewDataColumn
INFO: Report Line: PO80091    1 RC44015  eve000   15/12/05 10   4006125-05100         205,500.00 EA      0.0337        6,925.35        6,925.35        692.54 no                                                                     no, Value Extracted:         
15/02/2006 11:42:21 org.republic.ParseFileSheet checkReportLine
INFO: SelectFieldData
15/02/2006 11:42:21 org.republic.ParseFileSheet makeNewDataColumn
INFO: Output Data: 153 end: 163
15/02/2006 11:42:21 org.republic.ParseFileSheet makeNewDataColumn
INFO: Report Line: PO80091    1 RC44015  eve000   15/12/05 10   4006125-05100         205,500.00 EA      0.0337        6,925.35        6,925.35        692.54 no                                                                     no, Value Extracted:            
15/02/2006 11:42:21 org.republic.ParseFileSheet checkReportLine
INFO: SelectFieldData
15/02/2006 11:42:21 org.republic.ParseFileSheet makeNewDataColumn
INFO: Output Data: 165 end: 179
15/02/2006 11:42:21 org.republic.ParseFileSheet makeNewDataColumn
INFO: Report Line: PO80091    1 RC44015  eve000   15/12/05 10   4006125-05100         205,500.00 EA      0.0337        6,925.35        6,925.35        692.54 no                                                                     no, Value Extracted:                
15/02/2006 11:42:21 org.republic.ParseFileSheet checkReportLine
INFO: SelectFieldData
15/02/2006 11:42:21 org.republic.ParseFileSheet makeNewDataColumn
INFO: Output Data: 181 end: 188
15/02/2006 11:42:21 org.republic.ParseFileSheet makeNewDataColumn
INFO: Report Line: PO80091    1 RC44015  eve000   15/12/05 10   4006125-05100         205,500.00 EA      0.0337        6,925.35        6,925.35        692.54 no                                                                     no, Value Extracted:         
15/02/2006 11:42:21 org.republic.ParseFileSheet checkReportLine
INFO: SelectFieldData
15/02/2006 11:42:21 org.republic.ParseFileSheet makeNewDataColumn
INFO: Output Data: 190 end: 207
15/02/2006 11:42:21 org.republic.ParseFileSheet makeNewDataColumn
INFO: Report Line: PO80091    1 RC44015  eve000   15/12/05 10   4006125-05100         205,500.00 EA      0.0337        6,925.35        6,925.35        692.54 no                                                                     no, Value Extracted:                   
15/02/2006 11:42:21 org.republic.ParseFileSheet checkReportLine
INFO: SelectFieldData
15/02/2006 11:42:21 org.republic.ParseFileSheet makeNewDataColumn
INFO: Output Data: 209 end: 209
15/02/2006 11:42:21 org.republic.ParseFileSheet makeNewDataColumn
INFO: Report Line: PO80091    1 RC44015  eve000   15/12/05 10   4006125-05100         205,500.00 EA      0.0337        6,925.35        6,925.35        692.54 no                                                                     no, Value Extracted:  
15/02/2006 11:42:21 org.republic.ParseFileSheet checkReportLine
INFO: SelectFieldData
15/02/2006 11:42:21 org.republic.ParseFileSheet makeNewDataColumn
INFO: Output Data: 211 end: 213
15/02/2006 11:42:21 org.republic.ParseFileSheet makeNewDataColumn
INFO: Report Line: PO80091    1 RC44015  eve000   15/12/05 10   4006125-05100         205,500.00 EA      0.0337        6,925.35        6,925.35        692.54 no                                                                     no, Value Extracted: no
15/02/2006 11:42:21 org.republic.ParseFileSheet parseInputFile
INFO: line:37 , line length() 212
15/02/2006 11:42:21 org.republic.ParseFileSheet parseInputFile
INFO: >>>>First char:80 new page?: false
15/02/2006 11:42:21 org.republic.ParseFileSheet parseInputFile
INFO: File Line:37, report page pos 37 , line:PO80091    2 RC44015  eve000   15/12/05 10   4006125-05110         205,500.00 EA      0.0337        6,925.35        6,925.35        692.54 no                                                                     no
15/02/2006 11:42:21 org.republic.ParseFileSheet checkReportLine
INFO: NewRowIf
15/02/2006 11:42:21 org.republic.ParseFileSheet ruleMatchesReportLine
INFO: comparing: 'PO80091 ' with '        '
15/02/2006 11:42:21 org.republic.ParseFileSheet ruleMatchesReportLine
INFO: not blank: true
15/02/2006 11:42:21 org.republic.ParseFileSheet ruleMatchesReportLine
INFO: not blank Len: '8'
15/02/2006 11:42:21 org.republic.ParseFileSheet checkReportLine
INFO: SelectFieldData
15/02/2006 11:42:21 org.republic.ParseFileSheet makeNewDataColumn
INFO: Output Data: 1 end: 8
15/02/2006 11:42:21 org.republic.ParseFileSheet makeNewDataColumn
INFO: Report Line: PO80091    2 RC44015  eve000   15/12/05 10   4006125-05110         205,500.00 EA      0.0337        6,925.35        6,925.35        692.54 no                                                                     no, Value Extracted: PO80091 
15/02/2006 11:42:21 org.republic.ParseFileSheet checkReportLine
INFO: SelectFieldData
15/02/2006 11:42:21 org.republic.ParseFileSheet makeNewDataColumn
INFO: Output Data: 10 end: 12
15/02/2006 11:42:21 org.republic.ParseFileSheet makeNewDataColumn
INFO: Report Line: PO80091    2 RC44015  eve000   15/12/05 10   4006125-05110         205,500.00 EA      0.0337        6,925.35        6,925.35        692.54 no                                                                     no, Value Extracted:   2
15/02/2006 11:42:21 org.republic.ParseFileSheet checkReportLine
INFO: SelectFieldData
15/02/2006 11:42:21 org.republic.ParseFileSheet makeNewDataColumn
INFO: Output Data: 14 end: 21
15/02/2006 11:42:21 org.republic.ParseFileSheet makeNewDataColumn
INFO: Report Line: PO80091    2 RC44015  eve000   15/12/05 10   4006125-05110         205,500.00 EA      0.0337        6,925.35        6,925.35        692.54 no                                                                     no, Value Extracted: RC44015 
15/02/2006 11:42:21 org.republic.ParseFileSheet checkReportLine
INFO: SelectFieldData
15/02/2006 11:42:21 org.republic.ParseFileSheet makeNewDataColumn
INFO: Output Data: 23 end: 30
15/02/2006 11:42:21 org.republic.ParseFileSheet makeNewDataColumn
INFO: Report Line: PO80091    2 RC44015  eve000   15/12/05 10   4006125-05110         205,500.00 EA      0.0337        6,925.35        6,925.35        692.54 no                                                                     no, Value Extracted: eve000  
15/02/2006 11:42:21 org.republic.ParseFileSheet checkReportLine
INFO: SelectFieldData
15/02/2006 11:42:21 org.republic.ParseFileSheet makeNewDataColumn
INFO: Output Data: 32 end: 39
15/02/2006 11:42:21 org.republic.ParseFileSheet makeNewDataColumn
INFO: Report Line: PO80091    2 RC44015  eve000   15/12/05 10   4006125-05110         205,500.00 EA      0.0337        6,925.35        6,925.35        692.54 no                                                                     no, Value Extracted: 15/12/05
15/02/2006 11:42:21 org.republic.ParseFileSheet checkReportLine
INFO: SelectFieldData
15/02/2006 11:42:21 org.republic.ParseFileSheet makeNewDataColumn
INFO: Output Data: 41 end: 44
15/02/2006 11:42:21 org.republic.ParseFileSheet makeNewDataColumn
INFO: Report Line: PO80091    2 RC44015  eve000   15/12/05 10   4006125-05110         205,500.00 EA      0.0337        6,925.35        6,925.35        692.54 no                                                                     no, Value Extracted: 10  
15/02/2006 11:42:21 org.republic.ParseFileSheet checkReportLine
INFO: SelectFieldData
15/02/2006 11:42:21 org.republic.ParseFileSheet makeNewDataColumn
INFO: Output Data: 46 end: 63
15/02/2006 11:42:21 org.republic.ParseFileSheet makeNewDataColumn
INFO: Report Line: PO80091    2 RC44015  eve000   15/12/05 10   4006125-05110         205,500.00 EA      0.0337        6,925.35        6,925.35        692.54 no                                                                     no, Value Extracted: 4006125-05110     
15/02/2006 11:42:21 org.republic.ParseFileSheet checkReportLine
INFO: SelectFieldData
15/02/2006 11:42:21 org.republic.ParseFileSheet makeNewDataColumn
INFO: Output Data: 65 end: 77
15/02/2006 11:42:21 org.republic.ParseFileSheet makeNewDataColumn
INFO: Report Line: PO80091    2 RC44015  eve000   15/12/05 10   4006125-05110         205,500.00 EA      0.0337        6,925.35        6,925.35        692.54 no                                                                     no, Value Extracted:    205,500.00
15/02/2006 11:42:21 org.republic.ParseFileSheet checkReportLine
INFO: SelectFieldData
15/02/2006 11:42:21 org.republic.ParseFileSheet makeNewDataColumn
INFO: Output Data: 79 end: 80
15/02/2006 11:42:21 org.republic.ParseFileSheet makeNewDataColumn
INFO: Report Line: PO80091    2 RC44015  eve000   15/12/05 10   4006125-05110         205,500.00 EA      0.0337        6,925.35        6,925.35        692.54 no                                                                     no, Value Extracted: EA
15/02/2006 11:42:21 org.republic.ParseFileSheet checkReportLine
INFO: SelectFieldData
15/02/2006 11:42:21 org.republic.ParseFileSheet makeNewDataColumn
INFO: Output Data: 82 end: 92
15/02/2006 11:42:21 org.republic.ParseFileSheet makeNewDataColumn
INFO: Report Line: PO80091    2 RC44015  eve000   15/12/05 10   4006125-05110         205,500.00 EA      0.0337        6,925.35        6,925.35        692.54 no                                                                     no, Value Extracted:      0.0337
15/02/2006 11:42:21 org.republic.ParseFileSheet checkReportLine
INFO: SelectFieldData
15/02/2006 11:42:21 org.republic.ParseFileSheet makeNewDataColumn
INFO: Output Data: 94 end: 108
15/02/2006 11:42:21 org.republic.ParseFileSheet makeNewDataColumn
INFO: Report Line: PO80091    2 RC44015  eve000   15/12/05 10   4006125-05110         205,500.00 EA      0.0337        6,925.35        6,925.35        692.54 no                                                                     no, Value Extracted:        6,925.35
15/02/2006 11:42:21 org.republic.ParseFileSheet checkReportLine
INFO: SelectFieldData
15/02/2006 11:42:21 org.republic.ParseFileSheet makeNewDataColumn
INFO: Output Data: 110 end: 124
15/02/2006 11:42:21 org.republic.ParseFileSheet makeNewDataColumn
INFO: Report Line: PO80091    2 RC44015  eve000   15/12/05 10   4006125-05110         205,500.00 EA      0.0337        6,925.35        6,925.35        692.54 no                                                                     no, Value Extracted:        6,925.35
15/02/2006 11:42:21 org.republic.ParseFileSheet checkReportLine
INFO: SelectFieldData
15/02/2006 11:42:21 org.republic.ParseFileSheet makeNewDataColumn
INFO: Output Data: 126 end: 138
15/02/2006 11:42:21 org.republic.ParseFileSheet makeNewDataColumn
INFO: Report Line: PO80091    2 RC44015  eve000   15/12/05 10   4006125-05110         205,500.00 EA      0.0337        6,925.35        6,925.35        692.54 no                                                                     no, Value Extracted:        692.54
15/02/2006 11:42:21 org.republic.ParseFileSheet checkReportLine
INFO: SelectFieldData
15/02/2006 11:42:21 org.republic.ParseFileSheet makeNewDataColumn
INFO: Output Data: 140 end: 142
15/02/2006 11:42:21 org.republic.ParseFileSheet makeNewDataColumn
INFO: Report Line: PO80091    2 RC44015  eve000   15/12/05 10   4006125-05110         205,500.00 EA      0.0337        6,925.35        6,925.35        692.54 no                                                                     no, Value Extracted: no 
15/02/2006 11:42:21 org.republic.ParseFileSheet checkReportLine
INFO: SelectFieldData
15/02/2006 11:42:21 org.republic.ParseFileSheet makeNewDataColumn
INFO: Output Data: 144 end: 151
15/02/2006 11:42:21 org.republic.ParseFileSheet makeNewDataColumn
INFO: Report Line: PO80091    2 RC44015  eve000   15/12/05 10   4006125-05110         205,500.00 EA      0.0337        6,925.35        6,925.35        692.54 no                                                                     no, Value Extracted:         
15/02/2006 11:42:21 org.republic.ParseFileSheet checkReportLine
INFO: SelectFieldData
15/02/2006 11:42:21 org.republic.ParseFileSheet makeNewDataColumn
INFO: Output Data: 153 end: 163
15/02/2006 11:42:21 org.republic.ParseFileSheet makeNewDataColumn
INFO: Report Line: PO80091    2 RC44015  eve000   15/12/05 10   4006125-05110         205,500.00 EA      0.0337        6,925.35        6,925.35        692.54 no                                                                     no, Value Extracted:            
15/02/2006 11:42:21 org.republic.ParseFileSheet checkReportLine
INFO: SelectFieldData
15/02/2006 11:42:21 org.republic.ParseFileSheet makeNewDataColumn
INFO: Output Data: 165 end: 179
15/02/2006 11:42:21 org.republic.ParseFileSheet makeNewDataColumn
INFO: Report Line: PO80091    2 RC44015  eve000   15/12/05 10   4006125-05110         205,500.00 EA      0.0337        6,925.35        6,925.35        692.54 no                                                                     no, Value Extracted:                
15/02/2006 11:42:21 org.republic.ParseFileSheet checkReportLine
INFO: SelectFieldData
15/02/2006 11:42:21 org.republic.ParseFileSheet makeNewDataColumn
INFO: Output Data: 181 end: 188
15/02/2006 11:42:21 org.republic.ParseFileSheet makeNewDataColumn
INFO: Report Line: PO80091    2 RC44015  eve000   15/12/05 10   4006125-05110         205,500.00 EA      0.0337        6,925.35        6,925.35        692.54 no                                                                     no, Value Extracted:         
15/02/2006 11:42:21 org.republic.ParseFileSheet checkReportLine
INFO: SelectFieldData
15/02/2006 11:42:21 org.republic.ParseFileSheet makeNewDataColumn
INFO: Output Data: 190 end: 207
15/02/2006 11:42:21 org.republic.ParseFileSheet makeNewDataColumn
INFO: Report Line: PO80091    2 RC44015  eve000   15/12/05 10   4006125-05110         205,500.00 EA      0.0337        6,925.35        6,925.35        692.54 no                                                                     no, Value Extracted:                   
15/02/2006 11:42:21 org.republic.ParseFileSheet checkReportLine
INFO: SelectFieldData
15/02/2006 11:42:21 org.republic.ParseFileSheet makeNewDataColumn
INFO: Output Data: 209 end: 209
15/02/2006 11:42:21 org.republic.ParseFileSheet makeNewDataColumn
INFO: Report Line: PO80091    2 RC44015  eve000   15/12/05 10   4006125-05110         205,500.00 EA      0.0337        6,925.35        6,925.35        692.54 no                                                                     no, Value Extracted:  
15/02/2006 11:42:21 org.republic.ParseFileSheet checkReportLine
INFO: SelectFieldData
15/02/2006 11:42:21 org.republic.ParseFileSheet makeNewDataColumn
INFO: Output Data: 211 end: 213
15/02/2006 11:42:21 org.republic.ParseFileSheet makeNewDataColumn
INFO: Report Line: PO80091    2 RC44015  eve000   15/12/05 10   4006125-05110         205,500.00 EA      0.0337        6,925.35        6,925.35        692.54 no                                                                     no, Value Extracted: no
15/02/2006 11:42:21 org.republic.ParseFileSheet parseInputFile
INFO: line:38 , line length() 212
15/02/2006 11:42:21 org.republic.ParseFileSheet parseInputFile
INFO: >>>>First char:80 new page?: false
15/02/2006 11:42:21 org.republic.ParseFileSheet parseInputFile
INFO: File Line:38, report page pos 38 , line:PO80092    1 RC43924  eve000   09/12/05 10   4006220-00100          20,500.00 EA      0.0423          867.15          867.15         86.72 no                                                                     no
15/02/2006 11:42:21 org.republic.ParseFileSheet checkReportLine
INFO: NewRowIf
15/02/2006 11:42:21 org.republic.ParseFileSheet ruleMatchesReportLine
INFO: comparing: 'PO80092 ' with '        '
15/02/2006 11:42:21 org.republic.ParseFileSheet ruleMatchesReportLine
INFO: not blank: true
15/02/2006 11:42:21 org.republic.ParseFileSheet ruleMatchesReportLine
INFO: not blank Len: '8'
15/02/2006 11:42:21 org.republic.ParseFileSheet checkReportLine
INFO: SelectFieldData
15/02/2006 11:42:21 org.republic.ParseFileSheet makeNewDataColumn
INFO: Output Data: 1 end: 8
15/02/2006 11:42:21 org.republic.ParseFileSheet makeNewDataColumn
INFO: Report Line: PO80092    1 RC43924  eve000   09/12/05 10   4006220-00100          20,500.00 EA      0.0423          867.15          867.15         86.72 no                                                                     no, Value Extracted: PO80092 
15/02/2006 11:42:21 org.republic.ParseFileSheet checkReportLine
INFO: SelectFieldData
15/02/2006 11:42:21 org.republic.ParseFileSheet makeNewDataColumn
INFO: Output Data: 10 end: 12
15/02/2006 11:42:21 org.republic.ParseFileSheet makeNewDataColumn
INFO: Report Line: PO80092    1 RC43924  eve000   09/12/05 10   4006220-00100          20,500.00 EA      0.0423          867.15          867.15         86.72 no                                                                     no, Value Extracted:   1
15/02/2006 11:42:21 org.republic.ParseFileSheet checkReportLine
INFO: SelectFieldData
15/02/2006 11:42:21 org.republic.ParseFileSheet makeNewDataColumn
INFO: Output Data: 14 end: 21
15/02/2006 11:42:21 org.republic.ParseFileSheet makeNewDataColumn
INFO: Report Line: PO80092    1 RC43924  eve000   09/12/05 10   4006220-00100          20,500.00 EA      0.0423          867.15          867.15         86.72 no                                                                     no, Value Extracted: RC43924 
15/02/2006 11:42:21 org.republic.ParseFileSheet checkReportLine
INFO: SelectFieldData
15/02/2006 11:42:21 org.republic.ParseFileSheet makeNewDataColumn
INFO: Output Data: 23 end: 30
15/02/2006 11:42:21 org.republic.ParseFileSheet makeNewDataColumn
INFO: Report Line: PO80092    1 RC43924  eve000   09/12/05 10   4006220-00100          20,500.00 EA      0.0423          867.15          867.15         86.72 no                                                                     no, Value Extracted: eve000  
15/02/2006 11:42:21 org.republic.ParseFileSheet checkReportLine
INFO: SelectFieldData
15/02/2006 11:42:21 org.republic.ParseFileSheet makeNewDataColumn
INFO: Output Data: 32 end: 39
15/02/2006 11:42:21 org.republic.ParseFileSheet makeNewDataColumn
INFO: Report Line: PO80092    1 RC43924  eve000   09/12/05 10   4006220-00100          20,500.00 EA      0.0423          867.15          867.15         86.72 no                                                                     no, Value Extracted: 09/12/05
15/02/2006 11:42:21 org.republic.ParseFileSheet checkReportLine
INFO: SelectFieldData
15/02/2006 11:42:21 org.republic.ParseFileSheet makeNewDataColumn
INFO: Output Data: 41 end: 44
15/02/2006 11:42:21 org.republic.ParseFileSheet makeNewDataColumn
INFO: Report Line: PO80092    1 RC43924  eve000   09/12/05 10   4006220-00100          20,500.00 EA      0.0423          867.15          867.15         86.72 no                                                                     no, Value Extracted: 10  
15/02/2006 11:42:21 org.republic.ParseFileSheet checkReportLine
INFO: SelectFieldData
15/02/2006 11:42:21 org.republic.ParseFileSheet makeNewDataColumn
INFO: Output Data: 46 end: 63
15/02/2006 11:42:21 org.republic.ParseFileSheet makeNewDataColumn
INFO: Report Line: PO80092    1 RC43924  eve000   09/12/05 10   4006220-00100          20,500.00 EA      0.0423          867.15          867.15         86.72 no                                                                     no, Value Extracted: 4006220-00100     
15/02/2006 11:42:21 org.republic.ParseFileSheet checkReportLine
INFO: SelectFieldData
15/02/2006 11:42:21 org.republic.ParseFileSheet makeNewDataColumn
INFO: Output Data: 65 end: 77
15/02/2006 11:42:21 org.republic.ParseFileSheet makeNewDataColumn
INFO: Report Line: PO80092    1 RC43924  eve000   09/12/05 10   4006220-00100          20,500.00 EA      0.0423          867.15          867.15         86.72 no                                                                     no, Value Extracted:     20,500.00
15/02/2006 11:42:21 org.republic.ParseFileSheet checkReportLine
INFO: SelectFieldData
15/02/2006 11:42:21 org.republic.ParseFileSheet makeNewDataColumn
INFO: Output Data: 79 end: 80
15/02/2006 11:42:21 org.republic.ParseFileSheet makeNewDataColumn
INFO: Report Line: PO80092    1 RC43924  eve000   09/12/05 10   4006220-00100          20,500.00 EA      0.0423          867.15          867.15         86.72 no                                                                     no, Value Extracted: EA
15/02/2006 11:42:21 org.republic.ParseFileSheet checkReportLine
INFO: SelectFieldData
15/02/2006 11:42:21 org.republic.ParseFileSheet makeNewDataColumn
INFO: Output Data: 82 end: 92
15/02/2006 11:42:21 org.republic.ParseFileSheet makeNewDataColumn
INFO: Report Line: PO80092    1 RC43924  eve000   09/12/05 10   4006220-00100          20,500.00 EA      0.0423          867.15          867.15         86.72 no                                                                     no, Value Extracted:      0.0423
15/02/2006 11:42:21 org.republic.ParseFileSheet checkReportLine
INFO: SelectFieldData
15/02/2006 11:42:21 org.republic.ParseFileSheet makeNewDataColumn
INFO: Output Data: 94 end: 108
15/02/2006 11:42:21 org.republic.ParseFileSheet makeNewDataColumn
INFO: Report Line: PO80092    1 RC43924  eve000   09/12/05 10   4006220-00100          20,500.00 EA      0.0423          867.15          867.15         86.72 no                                                                     no, Value Extracted:          867.15
15/02/2006 11:42:21 org.republic.ParseFileSheet checkReportLine
INFO: SelectFieldData
15/02/2006 11:42:21 org.republic.ParseFileSheet makeNewDataColumn
INFO: Output Data: 110 end: 124
15/02/2006 11:42:21 org.republic.ParseFileSheet makeNewDataColumn
INFO: Report Line: PO80092    1 RC43924  eve000   09/12/05 10   4006220-00100          20,500.00 EA      0.0423          867.15          867.15         86.72 no                                                                     no, Value Extracted:          867.15
15/02/2006 11:42:21 org.republic.ParseFileSheet checkReportLine
INFO: SelectFieldData
15/02/2006 11:42:21 org.republic.ParseFileSheet makeNewDataColumn
INFO: Output Data: 126 end: 138
15/02/2006 11:42:21 org.republic.ParseFileSheet makeNewDataColumn
INFO: Report Line: PO80092    1 RC43924  eve000   09/12/05 10   4006220-00100          20,500.00 EA      0.0423          867.15          867.15         86.72 no                                                                     no, Value Extracted:         86.72
15/02/2006 11:42:21 org.republic.ParseFileSheet checkReportLine
INFO: SelectFieldData
15/02/2006 11:42:21 org.republic.ParseFileSheet makeNewDataColumn
INFO: Output Data: 140 end: 142
15/02/2006 11:42:21 org.republic.ParseFileSheet makeNewDataColumn
INFO: Report Line: PO80092    1 RC43924  eve000   09/12/05 10   4006220-00100          20,500.00 EA      0.0423          867.15          867.15         86.72 no                                                                     no, Value Extracted: no 
15/02/2006 11:42:21 org.republic.ParseFileSheet checkReportLine
INFO: SelectFieldData
15/02/2006 11:42:21 org.republic.ParseFileSheet makeNewDataColumn
INFO: Output Data: 144 end: 151
15/02/2006 11:42:21 org.republic.ParseFileSheet makeNewDataColumn
INFO: Report Line: PO80092    1 RC43924  eve000   09/12/05 10   4006220-00100          20,500.00 EA      0.0423          867.15          867.15         86.72 no                                                                     no, Value Extracted:         
15/02/2006 11:42:21 org.republic.ParseFileSheet checkReportLine
INFO: SelectFieldData
15/02/2006 11:42:21 org.republic.ParseFileSheet makeNewDataColumn
INFO: Output Data: 153 end: 163
15/02/2006 11:42:21 org.republic.ParseFileSheet makeNewDataColumn
INFO: Report Line: PO80092    1 RC43924  eve000   09/12/05 10   4006220-00100          20,500.00 EA      0.0423          867.15          867.15         86.72 no                                                                     no, Value Extracted:            
15/02/2006 11:42:21 org.republic.ParseFileSheet checkReportLine
INFO: SelectFieldData
15/02/2006 11:42:21 org.republic.ParseFileSheet makeNewDataColumn
INFO: Output Data: 165 end: 179
15/02/2006 11:42:21 org.republic.ParseFileSheet makeNewDataColumn
INFO: Report Line: PO80092    1 RC43924  eve000   09/12/05 10   4006220-00100          20,500.00 EA      0.0423          867.15          867.15         86.72 no                                                                     no, Value Extracted:                
15/02/2006 11:42:21 org.republic.ParseFileSheet checkReportLine
INFO: SelectFieldData
15/02/2006 11:42:21 org.republic.ParseFileSheet makeNewDataColumn
INFO: Output Data: 181 end: 188
15/02/2006 11:42:21 org.republic.ParseFileSheet makeNewDataColumn
INFO: Report Line: PO80092    1 RC43924  eve000   09/12/05 10   4006220-00100          20,500.00 EA      0.0423          867.15          867.15         86.72 no                                                                     no, Value Extracted:         
15/02/2006 11:42:21 org.republic.ParseFileSheet checkReportLine
INFO: SelectFieldData
15/02/2006 11:42:21 org.republic.ParseFileSheet makeNewDataColumn
INFO: Output Data: 190 end: 207
15/02/2006 11:42:21 org.republic.ParseFileSheet makeNewDataColumn
INFO: Report Line: PO80092    1 RC43924  eve000   09/12/05 10   4006220-00100          20,500.00 EA      0.0423          867.15          867.15         86.72 no                                                                     no, Value Extracted:                   
15/02/2006 11:42:21 org.republic.ParseFileSheet checkReportLine
INFO: SelectFieldData
15/02/2006 11:42:21 org.republic.ParseFileSheet makeNewDataColumn
INFO: Output Data: 209 end: 209
15/02/2006 11:42:21 org.republic.ParseFileSheet makeNewDataColumn
INFO: Report Line: PO80092    1 RC43924  eve000   09/12/05 10   4006220-00100          20,500.00 EA      0.0423          867.15          867.15         86.72 no                                                                     no, Value Extracted:  
15/02/2006 11:42:21 org.republic.ParseFileSheet checkReportLine
INFO: SelectFieldData
15/02/2006 11:42:21 org.republic.ParseFileSheet makeNewDataColumn
INFO: Output Data: 211 end: 213
15/02/2006 11:42:21 org.republic.ParseFileSheet makeNewDataColumn
INFO: Report Line: PO80092    1 RC43924  eve000   09/12/05 10   4006220-00100          20,500.00 EA      0.0423          867.15          867.15         86.72 no                                                                     no, Value Extracted: no
15/02/2006 11:42:21 org.republic.ParseFileSheet parseInputFile
INFO: line:39 , line length() 212
15/02/2006 11:42:21 org.republic.ParseFileSheet parseInputFile
INFO: >>>>First char:80 new page?: false
15/02/2006 11:42:21 org.republic.ParseFileSheet parseInputFile
INFO: File Line:39, report page pos 39 , line:PO80092    2 RC43924  eve000   09/12/05 10   4006220-00110          16,500.00 EA       0.043          709.50          709.50         70.95 no                                                                     no
15/02/2006 11:42:21 org.republic.ParseFileSheet checkReportLine
INFO: NewRowIf
15/02/2006 11:42:21 org.republic.ParseFileSheet ruleMatchesReportLine
INFO: comparing: 'PO80092 ' with '        '
15/02/2006 11:42:21 org.republic.ParseFileSheet ruleMatchesReportLine
INFO: not blank: true
15/02/2006 11:42:21 org.republic.ParseFileSheet ruleMatchesReportLine
INFO: not blank Len: '8'
15/02/2006 11:42:21 org.republic.ParseFileSheet checkReportLine
INFO: SelectFieldData
15/02/2006 11:42:21 org.republic.ParseFileSheet makeNewDataColumn
INFO: Output Data: 1 end: 8
15/02/2006 11:42:21 org.republic.ParseFileSheet makeNewDataColumn
INFO: Report Line: PO80092    2 RC43924  eve000   09/12/05 10   4006220-00110          16,500.00 EA       0.043          709.50          709.50         70.95 no                                                                     no, Value Extracted: PO80092 
15/02/2006 11:42:21 org.republic.ParseFileSheet checkReportLine
INFO: SelectFieldData
15/02/2006 11:42:21 org.republic.ParseFileSheet makeNewDataColumn
INFO: Output Data: 10 end: 12
15/02/2006 11:42:21 org.republic.ParseFileSheet makeNewDataColumn
INFO: Report Line: PO80092    2 RC43924  eve000   09/12/05 10   4006220-00110          16,500.00 EA       0.043          709.50          709.50         70.95 no                                                                     no, Value Extracted:   2
15/02/2006 11:42:21 org.republic.ParseFileSheet checkReportLine
INFO: SelectFieldData
15/02/2006 11:42:21 org.republic.ParseFileSheet makeNewDataColumn
INFO: Output Data: 14 end: 21
15/02/2006 11:42:21 org.republic.ParseFileSheet makeNewDataColumn
INFO: Report Line: PO80092    2 RC43924  eve000   09/12/05 10   4006220-00110          16,500.00 EA       0.043          709.50          709.50         70.95 no                                                                     no, Value Extracted: RC43924 
15/02/2006 11:42:21 org.republic.ParseFileSheet checkReportLine
INFO: SelectFieldData
15/02/2006 11:42:21 org.republic.ParseFileSheet makeNewDataColumn
INFO: Output Data: 23 end: 30
15/02/2006 11:42:21 org.republic.ParseFileSheet makeNewDataColumn
INFO: Report Line: PO80092    2 RC43924  eve000   09/12/05 10   4006220-00110          16,500.00 EA       0.043          709.50          709.50         70.95 no                                                                     no, Value Extracted: eve000  
15/02/2006 11:42:21 org.republic.ParseFileSheet checkReportLine
INFO: SelectFieldData
15/02/2006 11:42:21 org.republic.ParseFileSheet makeNewDataColumn
INFO: Output Data: 32 end: 39
15/02/2006 11:42:21 org.republic.ParseFileSheet makeNewDataColumn
INFO: Report Line: PO80092    2 RC43924  eve000   09/12/05 10   4006220-00110          16,500.00 EA       0.043          709.50          709.50         70.95 no                                                                     no, Value Extracted: 09/12/05
15/02/2006 11:42:21 org.republic.ParseFileSheet checkReportLine
INFO: SelectFieldData
15/02/2006 11:42:21 org.republic.ParseFileSheet makeNewDataColumn
INFO: Output Data: 41 end: 44
15/02/2006 11:42:21 org.republic.ParseFileSheet makeNewDataColumn
INFO: Report Line: PO80092    2 RC43924  eve000   09/12/05 10   4006220-00110          16,500.00 EA       0.043          709.50          709.50         70.95 no                                                                     no, Value Extracted: 10  
15/02/2006 11:42:21 org.republic.ParseFileSheet checkReportLine
INFO: SelectFieldData
15/02/2006 11:42:21 org.republic.ParseFileSheet makeNewDataColumn
INFO: Output Data: 46 end: 63
15/02/2006 11:42:21 org.republic.ParseFileSheet makeNewDataColumn
INFO: Report Line: PO80092    2 RC43924  eve000   09/12/05 10   4006220-00110          16,500.00 EA       0.043          709.50          709.50         70.95 no                                                                     no, Value Extracted: 4006220-00110     
15/02/2006 11:42:21 org.republic.ParseFileSheet checkReportLine
INFO: SelectFieldData
15/02/2006 11:42:21 org.republic.ParseFileSheet makeNewDataColumn
INFO: Output Data: 65 end: 77
15/02/2006 11:42:21 org.republic.ParseFileSheet makeNewDataColumn
INFO: Report Line: PO80092    2 RC43924  eve000   09/12/05 10   4006220-00110          16,500.00 EA       0.043          709.50          709.50         70.95 no                                                                     no, Value Extracted:     16,500.00
15/02/2006 11:42:21 org.republic.ParseFileSheet checkReportLine
INFO: SelectFieldData
15/02/2006 11:42:21 org.republic.ParseFileSheet makeNewDataColumn
INFO: Output Data: 79 end: 80
15/02/2006 11:42:21 org.republic.ParseFileSheet makeNewDataColumn
INFO: Report Line: PO80092    2 RC43924  eve000   09/12/05 10   4006220-00110          16,500.00 EA       0.043          709.50          709.50         70.95 no                                                                     no, Value Extracted: EA
15/02/2006 11:42:21 org.republic.ParseFileSheet checkReportLine
INFO: SelectFieldData
15/02/2006 11:42:21 org.republic.ParseFileSheet makeNewDataColumn
INFO: Output Data: 82 end: 92
15/02/2006 11:42:21 org.republic.ParseFileSheet makeNewDataColumn
INFO: Report Line: PO80092    2 RC43924  eve000   09/12/05 10   4006220-00110          16,500.00 EA       0.043          709.50          709.50         70.95 no                                                                     no, Value Extracted:       0.043
15/02/2006 11:42:21 org.republic.ParseFileSheet checkReportLine
INFO: SelectFieldData
15/02/2006 11:42:21 org.republic.ParseFileSheet makeNewDataColumn
INFO: Output Data: 94 end: 108
15/02/2006 11:42:21 org.republic.ParseFileSheet makeNewDataColumn
INFO: Report Line: PO80092    2 RC43924  eve000   09/12/05 10   4006220-00110          16,500.00 EA       0.043          709.50          709.50         70.95 no                                                                     no, Value Extracted:          709.50
15/02/2006 11:42:21 org.republic.ParseFileSheet checkReportLine
INFO: SelectFieldData
15/02/2006 11:42:21 org.republic.ParseFileSheet makeNewDataColumn
INFO: Output Data: 110 end: 124
15/02/2006 11:42:21 org.republic.ParseFileSheet makeNewDataColumn
INFO: Report Line: PO80092    2 RC43924  eve000   09/12/05 10   4006220-00110          16,500.00 EA       0.043          709.50          709.50         70.95 no                                                                     no, Value Extracted:          709.50
15/02/2006 11:42:21 org.republic.ParseFileSheet checkReportLine
INFO: SelectFieldData
15/02/2006 11:42:21 org.republic.ParseFileSheet makeNewDataColumn
INFO: Output Data: 126 end: 138
15/02/2006 11:42:21 org.republic.ParseFileSheet makeNewDataColumn
INFO: Report Line: PO80092    2 RC43924  eve000   09/12/05 10   4006220-00110          16,500.00 EA       0.043          709.50          709.50         70.95 no                                                                     no, Value Extracted:         70.95
15/02/2006 11:42:21 org.republic.ParseFileSheet checkReportLine
INFO: SelectFieldData
15/02/2006 11:42:21 org.republic.ParseFileSheet makeNewDataColumn
INFO: Output Data: 140 end: 142
15/02/2006 11:42:21 org.republic.ParseFileSheet makeNewDataColumn
INFO: Report Line: PO80092    2 RC43924  eve000   09/12/05 10   4006220-00110          16,500.00 EA       0.043          709.50          709.50         70.95 no                                                                     no, Value Extracted: no 
15/02/2006 11:42:21 org.republic.ParseFileSheet checkReportLine
INFO: SelectFieldData
15/02/2006 11:42:21 org.republic.ParseFileSheet makeNewDataColumn
INFO: Output Data: 144 end: 151
15/02/2006 11:42:21 org.republic.ParseFileSheet makeNewDataColumn
INFO: Report Line: PO80092    2 RC43924  eve000   09/12/05 10   4006220-00110          16,500.00 EA       0.043          709.50          709.50         70.95 no                                                                     no, Value Extracted:         
15/02/2006 11:42:21 org.republic.ParseFileSheet checkReportLine
INFO: SelectFieldData
15/02/2006 11:42:21 org.republic.ParseFileSheet makeNewDataColumn
INFO: Output Data: 153 end: 163
15/02/2006 11:42:21 org.republic.ParseFileSheet makeNewDataColumn
INFO: Report Line: PO80092    2 RC43924  eve000   09/12/05 10   4006220-00110          16,500.00 EA       0.043          709.50          709.50         70.95 no                                                                     no, Value Extracted:            
15/02/2006 11:42:21 org.republic.ParseFileSheet checkReportLine
INFO: SelectFieldData
15/02/2006 11:42:21 org.republic.ParseFileSheet makeNewDataColumn
INFO: Output Data: 165 end: 179
15/02/2006 11:42:21 org.republic.ParseFileSheet makeNewDataColumn
INFO: Report Line: PO80092    2 RC43924  eve000   09/12/05 10   4006220-00110          16,500.00 EA       0.043          709.50          709.50         70.95 no                                                                     no, Value Extracted:                
15/02/2006 11:42:21 org.republic.ParseFileSheet checkReportLine
INFO: SelectFieldData
15/02/2006 11:42:21 org.republic.ParseFileSheet makeNewDataColumn
INFO: Output Data: 181 end: 188
15/02/2006 11:42:21 org.republic.ParseFileSheet makeNewDataColumn
INFO: Report Line: PO80092    2 RC43924  eve000   09/12/05 10   4006220-00110          16,500.00 EA       0.043          709.50          709.50         70.95 no                                                                     no, Value Extracted:         
15/02/2006 11:42:21 org.republic.ParseFileSheet checkReportLine
INFO: SelectFieldData
15/02/2006 11:42:21 org.republic.ParseFileSheet makeNewDataColumn
INFO: Output Data: 190 end: 207
15/02/2006 11:42:21 org.republic.ParseFileSheet makeNewDataColumn
INFO: Report Line: PO80092    2 RC43924  eve000   09/12/05 10   4006220-00110          16,500.00 EA       0.043          709.50          709.50         70.95 no                                                                     no, Value Extracted:                   
15/02/2006 11:42:21 org.republic.ParseFileSheet checkReportLine
INFO: SelectFieldData
15/02/2006 11:42:21 org.republic.ParseFileSheet makeNewDataColumn
INFO: Output Data: 209 end: 209
15/02/2006 11:42:21 org.republic.ParseFileSheet makeNewDataColumn
INFO: Report Line: PO80092    2 RC43924  eve000   09/12/05 10   4006220-00110          16,500.00 EA       0.043          709.50          709.50         70.95 no                                                                     no, Value Extracted:  
15/02/2006 11:42:21 org.republic.ParseFileSheet checkReportLine
INFO: SelectFieldData
15/02/2006 11:42:21 org.republic.ParseFileSheet makeNewDataColumn
INFO: Output Data: 211 end: 213
15/02/2006 11:42:21 org.republic.ParseFileSheet makeNewDataColumn
INFO: Report Line: PO80092    2 RC43924  eve000   09/12/05 10   4006220-00110          16,500.00 EA       0.043          709.50          709.50         70.95 no                                                                     no, Value Extracted: no
15/02/2006 11:42:21 org.republic.ParseFileSheet parseInputFile
INFO: line:40 , line length() 212
15/02/2006 11:42:21 org.republic.ParseFileSheet parseInputFile
INFO: >>>>First char:80 new page?: false
15/02/2006 11:42:21 org.republic.ParseFileSheet parseInputFile
INFO: File Line:40, report page pos 40 , line:PO80092    2 RC43862  eve000   07/12/05 10   4006220-00110           4,000.00 EA       0.043          172.00          172.00         17.20 no                                                                     no
15/02/2006 11:42:21 org.republic.ParseFileSheet checkReportLine
INFO: NewRowIf
15/02/2006 11:42:21 org.republic.ParseFileSheet ruleMatchesReportLine
INFO: comparing: 'PO80092 ' with '        '
15/02/2006 11:42:21 org.republic.ParseFileSheet ruleMatchesReportLine
INFO: not blank: true
15/02/2006 11:42:21 org.republic.ParseFileSheet ruleMatchesReportLine
INFO: not blank Len: '8'
15/02/2006 11:42:21 org.republic.ParseFileSheet checkReportLine
INFO: SelectFieldData
15/02/2006 11:42:21 org.republic.ParseFileSheet makeNewDataColumn
INFO: Output Data: 1 end: 8
15/02/2006 11:42:21 org.republic.ParseFileSheet makeNewDataColumn
INFO: Report Line: PO80092    2 RC43862  eve000   07/12/05 10   4006220-00110           4,000.00 EA       0.043          172.00          172.00         17.20 no                                                                     no, Value Extracted: PO80092 
15/02/2006 11:42:21 org.republic.ParseFileSheet checkReportLine
INFO: SelectFieldData
15/02/2006 11:42:21 org.republic.ParseFileSheet makeNewDataColumn
INFO: Output Data: 10 end: 12
15/02/2006 11:42:21 org.republic.ParseFileSheet makeNewDataColumn
INFO: Report Line: PO80092    2 RC43862  eve000   07/12/05 10   4006220-00110           4,000.00 EA       0.043          172.00          172.00         17.20 no                                                                     no, Value Extracted:   2
15/02/2006 11:42:21 org.republic.ParseFileSheet checkReportLine
INFO: SelectFieldData
15/02/2006 11:42:21 org.republic.ParseFileSheet makeNewDataColumn
INFO: Output Data: 14 end: 21
15/02/2006 11:42:21 org.republic.ParseFileSheet makeNewDataColumn
INFO: Report Line: PO80092    2 RC43862  eve000   07/12/05 10   4006220-00110           4,000.00 EA       0.043          172.00          172.00         17.20 no                                                                     no, Value Extracted: RC43862 
15/02/2006 11:42:21 org.republic.ParseFileSheet checkReportLine
INFO: SelectFieldData
15/02/2006 11:42:21 org.republic.ParseFileSheet makeNewDataColumn
INFO: Output Data: 23 end: 30
15/02/2006 11:42:21 org.republic.ParseFileSheet makeNewDataColumn
INFO: Report Line: PO80092    2 RC43862  eve000   07/12/05 10   4006220-00110           4,000.00 EA       0.043          172.00          172.00         17.20 no                                                                     no, Value Extracted: eve000  
15/02/2006 11:42:21 org.republic.ParseFileSheet checkReportLine
INFO: SelectFieldData
15/02/2006 11:42:21 org.republic.ParseFileSheet makeNewDataColumn
INFO: Output Data: 32 end: 39
15/02/2006 11:42:21 org.republic.ParseFileSheet makeNewDataColumn
INFO: Report Line: PO80092    2 RC43862  eve000   07/12/05 10   4006220-00110           4,000.00 EA       0.043          172.00          172.00         17.20 no                                                                     no, Value Extracted: 07/12/05
15/02/2006 11:42:21 org.republic.ParseFileSheet checkReportLine
INFO: SelectFieldData
15/02/2006 11:42:21 org.republic.ParseFileSheet makeNewDataColumn
INFO: Output Data: 41 end: 44
15/02/2006 11:42:21 org.republic.ParseFileSheet makeNewDataColumn
INFO: Report Line: PO80092    2 RC43862  eve000   07/12/05 10   4006220-00110           4,000.00 EA       0.043          172.00          172.00         17.20 no                                                                     no, Value Extracted: 10  
15/02/2006 11:42:21 org.republic.ParseFileSheet checkReportLine
INFO: SelectFieldData
15/02/2006 11:42:21 org.republic.ParseFileSheet makeNewDataColumn
INFO: Output Data: 46 end: 63
15/02/2006 11:42:21 org.republic.ParseFileSheet makeNewDataColumn
INFO: Report Line: PO80092    2 RC43862  eve000   07/12/05 10   4006220-00110           4,000.00 EA       0.043          172.00          172.00         17.20 no                                                                     no, Value Extracted: 4006220-00110     
15/02/2006 11:42:21 org.republic.ParseFileSheet checkReportLine
INFO: SelectFieldData
15/02/2006 11:42:21 org.republic.ParseFileSheet makeNewDataColumn
INFO: Output Data: 65 end: 77
15/02/2006 11:42:21 org.republic.ParseFileSheet makeNewDataColumn
INFO: Report Line: PO80092    2 RC43862  eve000   07/12/05 10   4006220-00110           4,000.00 EA       0.043          172.00          172.00         17.20 no                                                                     no, Value Extracted:      4,000.00
15/02/2006 11:42:21 org.republic.ParseFileSheet checkReportLine
INFO: SelectFieldData
15/02/2006 11:42:21 org.republic.ParseFileSheet makeNewDataColumn
INFO: Output Data: 79 end: 80
15/02/2006 11:42:21 org.republic.ParseFileSheet makeNewDataColumn
INFO: Report Line: PO80092    2 RC43862  eve000   07/12/05 10   4006220-00110           4,000.00 EA       0.043          172.00          172.00         17.20 no                                                                     no, Value Extracted: EA
15/02/2006 11:42:21 org.republic.ParseFileSheet checkReportLine
INFO: SelectFieldData
15/02/2006 11:42:21 org.republic.ParseFileSheet makeNewDataColumn
INFO: Output Data: 82 end: 92
15/02/2006 11:42:21 org.republic.ParseFileSheet makeNewDataColumn
INFO: Report Line: PO80092    2 RC43862  eve000   07/12/05 10   4006220-00110           4,000.00 EA       0.043          172.00          172.00         17.20 no                                                                     no, Value Extracted:       0.043
15/02/2006 11:42:21 org.republic.ParseFileSheet checkReportLine
INFO: SelectFieldData
15/02/2006 11:42:21 org.republic.ParseFileSheet makeNewDataColumn
INFO: Output Data: 94 end: 108
15/02/2006 11:42:21 org.republic.ParseFileSheet makeNewDataColumn
INFO: Report Line: PO80092    2 RC43862  eve000   07/12/05 10   4006220-00110           4,000.00 EA       0.043          172.00          172.00         17.20 no                                                                     no, Value Extracted:          172.00
15/02/2006 11:42:21 org.republic.ParseFileSheet checkReportLine
INFO: SelectFieldData
15/02/2006 11:42:21 org.republic.ParseFileSheet makeNewDataColumn
INFO: Output Data: 110 end: 124
15/02/2006 11:42:21 org.republic.ParseFileSheet makeNewDataColumn
INFO: Report Line: PO80092    2 RC43862  eve000   07/12/05 10   4006220-00110           4,000.00 EA       0.043          172.00          172.00         17.20 no                                                                     no, Value Extracted:          172.00
15/02/2006 11:42:21 org.republic.ParseFileSheet checkReportLine
INFO: SelectFieldData
15/02/2006 11:42:21 org.republic.ParseFileSheet makeNewDataColumn
INFO: Output Data: 126 end: 138
15/02/2006 11:42:21 org.republic.ParseFileSheet makeNewDataColumn
INFO: Report Line: PO80092    2 RC43862  eve000   07/12/05 10   4006220-00110           4,000.00 EA       0.043          172.00          172.00         17.20 no                                                                     no, Value Extracted:         17.20
15/02/2006 11:42:21 org.republic.ParseFileSheet checkReportLine
INFO: SelectFieldData
15/02/2006 11:42:21 org.republic.ParseFileSheet makeNewDataColumn
INFO: Output Data: 140 end: 142
15/02/2006 11:42:21 org.republic.ParseFileSheet makeNewDataColumn
INFO: Report Line: PO80092    2 RC43862  eve000   07/12/05 10   4006220-00110           4,000.00 EA       0.043          172.00          172.00         17.20 no                                                                     no, Value Extracted: no 
15/02/2006 11:42:21 org.republic.ParseFileSheet checkReportLine
INFO: SelectFieldData
15/02/2006 11:42:21 org.republic.ParseFileSheet makeNewDataColumn
INFO: Output Data: 144 end: 151
15/02/2006 11:42:21 org.republic.ParseFileSheet makeNewDataColumn
INFO: Report Line: PO80092    2 RC43862  eve000   07/12/05 10   4006220-00110           4,000.00 EA       0.043          172.00          172.00         17.20 no                                                                     no, Value Extracted:         
15/02/2006 11:42:21 org.republic.ParseFileSheet checkReportLine
INFO: SelectFieldData
15/02/2006 11:42:21 org.republic.ParseFileSheet makeNewDataColumn
INFO: Output Data: 153 end: 163
15/02/2006 11:42:21 org.republic.ParseFileSheet makeNewDataColumn
INFO: Report Line: PO80092    2 RC43862  eve000   07/12/05 10   4006220-00110           4,000.00 EA       0.043          172.00          172.00         17.20 no                                                                     no, Value Extracted:            
15/02/2006 11:42:21 org.republic.ParseFileSheet checkReportLine
INFO: SelectFieldData
15/02/2006 11:42:21 org.republic.ParseFileSheet makeNewDataColumn
INFO: Output Data: 165 end: 179
15/02/2006 11:42:21 org.republic.ParseFileSheet makeNewDataColumn
INFO: Report Line: PO80092    2 RC43862  eve000   07/12/05 10   4006220-00110           4,000.00 EA       0.043          172.00          172.00         17.20 no                                                                     no, Value Extracted:                
15/02/2006 11:42:21 org.republic.ParseFileSheet checkReportLine
INFO: SelectFieldData
15/02/2006 11:42:21 org.republic.ParseFileSheet makeNewDataColumn
INFO: Output Data: 181 end: 188
15/02/2006 11:42:21 org.republic.ParseFileSheet makeNewDataColumn
INFO: Report Line: PO80092    2 RC43862  eve000   07/12/05 10   4006220-00110           4,000.00 EA       0.043          172.00          172.00         17.20 no                                                                     no, Value Extracted:         
15/02/2006 11:42:21 org.republic.ParseFileSheet checkReportLine
INFO: SelectFieldData
15/02/2006 11:42:21 org.republic.ParseFileSheet makeNewDataColumn
INFO: Output Data: 190 end: 207
15/02/2006 11:42:21 org.republic.ParseFileSheet makeNewDataColumn
INFO: Report Line: PO80092    2 RC43862  eve000   07/12/05 10   4006220-00110           4,000.00 EA       0.043          172.00          172.00         17.20 no                                                                     no, Value Extracted:                   
15/02/2006 11:42:21 org.republic.ParseFileSheet checkReportLine
INFO: SelectFieldData
15/02/2006 11:42:21 org.republic.ParseFileSheet makeNewDataColumn
INFO: Output Data: 209 end: 209
15/02/2006 11:42:21 org.republic.ParseFileSheet makeNewDataColumn
INFO: Report Line: PO80092    2 RC43862  eve000   07/12/05 10   4006220-00110           4,000.00 EA       0.043          172.00          172.00         17.20 no                                                                     no, Value Extracted:  
15/02/2006 11:42:21 org.republic.ParseFileSheet checkReportLine
INFO: SelectFieldData
15/02/2006 11:42:21 org.republic.ParseFileSheet makeNewDataColumn
INFO: Output Data: 211 end: 213
15/02/2006 11:42:21 org.republic.ParseFileSheet makeNewDataColumn
INFO: Report Line: PO80092    2 RC43862  eve000   07/12/05 10   4006220-00110           4,000.00 EA       0.043          172.00          172.00         17.20 no                                                                     no, Value Extracted: no
15/02/2006 11:42:21 org.republic.ParseFileSheet parseInputFile
INFO: line:41 , line length() 212
15/02/2006 11:42:21 org.republic.ParseFileSheet parseInputFile
INFO: >>>>First char:80 new page?: false
15/02/2006 11:42:21 org.republic.ParseFileSheet parseInputFile
INFO: File Line:41, report page pos 41 , line:PO80092    4 RC43924  eve000   09/12/05 10   4006220-00120          20,500.00 EA        0.08        1,640.00        1,640.00        164.00 no                                                                     no
15/02/2006 11:42:21 org.republic.ParseFileSheet checkReportLine
INFO: NewRowIf
15/02/2006 11:42:21 org.republic.ParseFileSheet ruleMatchesReportLine
INFO: comparing: 'PO80092 ' with '        '
15/02/2006 11:42:21 org.republic.ParseFileSheet ruleMatchesReportLine
INFO: not blank: true
15/02/2006 11:42:21 org.republic.ParseFileSheet ruleMatchesReportLine
INFO: not blank Len: '8'
15/02/2006 11:42:21 org.republic.ParseFileSheet checkReportLine
INFO: SelectFieldData
15/02/2006 11:42:21 org.republic.ParseFileSheet makeNewDataColumn
INFO: Output Data: 1 end: 8
15/02/2006 11:42:21 org.republic.ParseFileSheet makeNewDataColumn
INFO: Report Line: PO80092    4 RC43924  eve000   09/12/05 10   4006220-00120          20,500.00 EA        0.08        1,640.00        1,640.00        164.00 no                                                                     no, Value Extracted: PO80092 
15/02/2006 11:42:21 org.republic.ParseFileSheet checkReportLine
INFO: SelectFieldData
15/02/2006 11:42:21 org.republic.ParseFileSheet makeNewDataColumn
INFO: Output Data: 10 end: 12
15/02/2006 11:42:21 org.republic.ParseFileSheet makeNewDataColumn
INFO: Report Line: PO80092    4 RC43924  eve000   09/12/05 10   4006220-00120          20,500.00 EA        0.08        1,640.00        1,640.00        164.00 no                                                                     no, Value Extracted:   4
15/02/2006 11:42:21 org.republic.ParseFileSheet checkReportLine
INFO: SelectFieldData
15/02/2006 11:42:21 org.republic.ParseFileSheet makeNewDataColumn
INFO: Output Data: 14 end: 21
15/02/2006 11:42:21 org.republic.ParseFileSheet makeNewDataColumn
INFO: Report Line: PO80092    4 RC43924  eve000   09/12/05 10   4006220-00120          20,500.00 EA        0.08        1,640.00        1,640.00        164.00 no                                                                     no, Value Extracted: RC43924 
15/02/2006 11:42:21 org.republic.ParseFileSheet checkReportLine
INFO: SelectFieldData
15/02/2006 11:42:21 org.republic.ParseFileSheet makeNewDataColumn
INFO: Output Data: 23 end: 30
15/02/2006 11:42:21 org.republic.ParseFileSheet makeNewDataColumn
INFO: Report Line: PO80092    4 RC43924  eve000   09/12/05 10   4006220-00120          20,500.00 EA        0.08        1,640.00        1,640.00        164.00 no                                                                     no, Value Extracted: eve000  
15/02/2006 11:42:21 org.republic.ParseFileSheet checkReportLine
INFO: SelectFieldData
15/02/2006 11:42:21 org.republic.ParseFileSheet makeNewDataColumn
INFO: Output Data: 32 end: 39
15/02/2006 11:42:21 org.republic.ParseFileSheet makeNewDataColumn
INFO: Report Line: PO80092    4 RC43924  eve000   09/12/05 10   4006220-00120          20,500.00 EA        0.08        1,640.00        1,640.00        164.00 no                                                                     no, Value Extracted: 09/12/05
15/02/2006 11:42:21 org.republic.ParseFileSheet checkReportLine
INFO: SelectFieldData
15/02/2006 11:42:21 org.republic.ParseFileSheet makeNewDataColumn
INFO: Output Data: 41 end: 44
15/02/2006 11:42:21 org.republic.ParseFileSheet makeNewDataColumn
INFO: Report Line: PO80092    4 RC43924  eve000   09/12/05 10   4006220-00120          20,500.00 EA        0.08        1,640.00        1,640.00        164.00 no                                                                     no, Value Extracted: 10  
15/02/2006 11:42:21 org.republic.ParseFileSheet checkReportLine
INFO: SelectFieldData
15/02/2006 11:42:21 org.republic.ParseFileSheet makeNewDataColumn
INFO: Output Data: 46 end: 63
15/02/2006 11:42:21 org.republic.ParseFileSheet makeNewDataColumn
INFO: Report Line: PO80092    4 RC43924  eve000   09/12/05 10   4006220-00120          20,500.00 EA        0.08        1,640.00        1,640.00        164.00 no                                                                     no, Value Extracted: 4006220-00120     
15/02/2006 11:42:21 org.republic.ParseFileSheet checkReportLine
INFO: SelectFieldData
15/02/2006 11:42:21 org.republic.ParseFileSheet makeNewDataColumn
INFO: Output Data: 65 end: 77
15/02/2006 11:42:21 org.republic.ParseFileSheet makeNewDataColumn
INFO: Report Line: PO80092    4 RC43924  eve000   09/12/05 10   4006220-00120          20,500.00 EA        0.08        1,640.00        1,640.00        164.00 no                                                                     no, Value Extracted:     20,500.00
15/02/2006 11:42:21 org.republic.ParseFileSheet checkReportLine
INFO: SelectFieldData
15/02/2006 11:42:21 org.republic.ParseFileSheet makeNewDataColumn
INFO: Output Data: 79 end: 80
15/02/2006 11:42:21 org.republic.ParseFileSheet makeNewDataColumn
INFO: Report Line: PO80092    4 RC43924  eve000   09/12/05 10   4006220-00120          20,500.00 EA        0.08        1,640.00        1,640.00        164.00 no                                                                     no, Value Extracted: EA
15/02/2006 11:42:21 org.republic.ParseFileSheet checkReportLine
INFO: SelectFieldData
15/02/2006 11:42:21 org.republic.ParseFileSheet makeNewDataColumn
INFO: Output Data: 82 end: 92
15/02/2006 11:42:21 org.republic.ParseFileSheet makeNewDataColumn
INFO: Report Line: PO80092    4 RC43924  eve000   09/12/05 10   4006220-00120          20,500.00 EA        0.08        1,640.00        1,640.00        164.00 no                                                                     no, Value Extracted:        0.08
15/02/2006 11:42:21 org.republic.ParseFileSheet checkReportLine
INFO: SelectFieldData
15/02/2006 11:42:21 org.republic.ParseFileSheet makeNewDataColumn
INFO: Output Data: 94 end: 108
15/02/2006 11:42:21 org.republic.ParseFileSheet makeNewDataColumn
INFO: Report Line: PO80092    4 RC43924  eve000   09/12/05 10   4006220-00120          20,500.00 EA        0.08        1,640.00        1,640.00        164.00 no                                                                     no, Value Extracted:        1,640.00
15/02/2006 11:42:21 org.republic.ParseFileSheet checkReportLine
INFO: SelectFieldData
15/02/2006 11:42:21 org.republic.ParseFileSheet makeNewDataColumn
INFO: Output Data: 110 end: 124
15/02/2006 11:42:21 org.republic.ParseFileSheet makeNewDataColumn
INFO: Report Line: PO80092    4 RC43924  eve000   09/12/05 10   4006220-00120          20,500.00 EA        0.08        1,640.00        1,640.00        164.00 no                                                                     no, Value Extracted:        1,640.00
15/02/2006 11:42:21 org.republic.ParseFileSheet checkReportLine
INFO: SelectFieldData
15/02/2006 11:42:21 org.republic.ParseFileSheet makeNewDataColumn
INFO: Output Data: 126 end: 138
15/02/2006 11:42:21 org.republic.ParseFileSheet makeNewDataColumn
INFO: Report Line: PO80092    4 RC43924  eve000   09/12/05 10   4006220-00120          20,500.00 EA        0.08        1,640.00        1,640.00        164.00 no                                                                     no, Value Extracted:        164.00
15/02/2006 11:42:21 org.republic.ParseFileSheet checkReportLine
INFO: SelectFieldData
15/02/2006 11:42:21 org.republic.ParseFileSheet makeNewDataColumn
INFO: Output Data: 140 end: 142
15/02/2006 11:42:21 org.republic.ParseFileSheet makeNewDataColumn
INFO: Report Line: PO80092    4 RC43924  eve000   09/12/05 10   4006220-00120          20,500.00 EA        0.08        1,640.00        1,640.00        164.00 no                                                                     no, Value Extracted: no 
15/02/2006 11:42:21 org.republic.ParseFileSheet checkReportLine
INFO: SelectFieldData
15/02/2006 11:42:21 org.republic.ParseFileSheet makeNewDataColumn
INFO: Output Data: 144 end: 151
15/02/2006 11:42:21 org.republic.ParseFileSheet makeNewDataColumn
INFO: Report Line: PO80092    4 RC43924  eve000   09/12/05 10   4006220-00120          20,500.00 EA        0.08        1,640.00        1,640.00        164.00 no                                                                     no, Value Extracted:         
15/02/2006 11:42:21 org.republic.ParseFileSheet checkReportLine
INFO: SelectFieldData
15/02/2006 11:42:21 org.republic.ParseFileSheet makeNewDataColumn
INFO: Output Data: 153 end: 163
15/02/2006 11:42:21 org.republic.ParseFileSheet makeNewDataColumn
INFO: Report Line: PO80092    4 RC43924  eve000   09/12/05 10   4006220-00120          20,500.00 EA        0.08        1,640.00        1,640.00        164.00 no                                                                     no, Value Extracted:            
15/02/2006 11:42:21 org.republic.ParseFileSheet checkReportLine
INFO: SelectFieldData
15/02/2006 11:42:21 org.republic.ParseFileSheet makeNewDataColumn
INFO: Output Data: 165 end: 179
15/02/2006 11:42:21 org.republic.ParseFileSheet makeNewDataColumn
INFO: Report Line: PO80092    4 RC43924  eve000   09/12/05 10   4006220-00120          20,500.00 EA        0.08        1,640.00        1,640.00        164.00 no                                                                     no, Value Extracted:                
15/02/2006 11:42:21 org.republic.ParseFileSheet checkReportLine
INFO: SelectFieldData
15/02/2006 11:42:21 org.republic.ParseFileSheet makeNewDataColumn
INFO: Output Data: 181 end: 188
15/02/2006 11:42:21 org.republic.ParseFileSheet makeNewDataColumn
INFO: Report Line: PO80092    4 RC43924  eve000   09/12/05 10   4006220-00120          20,500.00 EA        0.08        1,640.00        1,640.00        164.00 no                                                                     no, Value Extracted:         
15/02/2006 11:42:21 org.republic.ParseFileSheet checkReportLine
INFO: SelectFieldData
15/02/2006 11:42:21 org.republic.ParseFileSheet makeNewDataColumn
INFO: Output Data: 190 end: 207
15/02/2006 11:42:21 org.republic.ParseFileSheet makeNewDataColumn
INFO: Report Line: PO80092    4 RC43924  eve000   09/12/05 10   4006220-00120          20,500.00 EA        0.08        1,640.00        1,640.00        164.00 no                                                                     no, Value Extracted:                   
15/02/2006 11:42:21 org.republic.ParseFileSheet checkReportLine
INFO: SelectFieldData
15/02/2006 11:42:21 org.republic.ParseFileSheet makeNewDataColumn
INFO: Output Data: 209 end: 209
15/02/2006 11:42:21 org.republic.ParseFileSheet makeNewDataColumn
INFO: Report Line: PO80092    4 RC43924  eve000   09/12/05 10   4006220-00120          20,500.00 EA        0.08        1,640.00        1,640.00        164.00 no                                                                     no, Value Extracted:  
15/02/2006 11:42:21 org.republic.ParseFileSheet checkReportLine
INFO: SelectFieldData
15/02/2006 11:42:21 org.republic.ParseFileSheet makeNewDataColumn
INFO: Output Data: 211 end: 213
15/02/2006 11:42:21 org.republic.ParseFileSheet makeNewDataColumn
INFO: Report Line: PO80092    4 RC43924  eve000   09/12/05 10   4006220-00120          20,500.00 EA        0.08        1,640.00        1,640.00        164.00 no                                                                     no, Value Extracted: no
15/02/2006 11:42:21 org.republic.ParseFileSheet parseInputFile
INFO: line:42 , line length() 212
15/02/2006 11:42:21 org.republic.ParseFileSheet parseInputFile
INFO: >>>>First char:80 new page?: false
15/02/2006 11:42:21 org.republic.ParseFileSheet parseInputFile
INFO: File Line:42, report page pos 42 , line:PO80093    1 RC43802  eve000   02/12/05 10   4010040-05100         151,000.00 EA        0.05        7,550.00        7,550.00        755.00 no                                                                     no
15/02/2006 11:42:21 org.republic.ParseFileSheet checkReportLine
INFO: NewRowIf
15/02/2006 11:42:21 org.republic.ParseFileSheet ruleMatchesReportLine
INFO: comparing: 'PO80093 ' with '        '
15/02/2006 11:42:21 org.republic.ParseFileSheet ruleMatchesReportLine
INFO: not blank: true
15/02/2006 11:42:21 org.republic.ParseFileSheet ruleMatchesReportLine
INFO: not blank Len: '8'
15/02/2006 11:42:21 org.republic.ParseFileSheet checkReportLine
INFO: SelectFieldData
15/02/2006 11:42:21 org.republic.ParseFileSheet makeNewDataColumn
INFO: Output Data: 1 end: 8
15/02/2006 11:42:21 org.republic.ParseFileSheet makeNewDataColumn
INFO: Report Line: PO80093    1 RC43802  eve000   02/12/05 10   4010040-05100         151,000.00 EA        0.05        7,550.00        7,550.00        755.00 no                                                                     no, Value Extracted: PO80093 
15/02/2006 11:42:21 org.republic.ParseFileSheet checkReportLine
INFO: SelectFieldData
15/02/2006 11:42:21 org.republic.ParseFileSheet makeNewDataColumn
INFO: Output Data: 10 end: 12
15/02/2006 11:42:21 org.republic.ParseFileSheet makeNewDataColumn
INFO: Report Line: PO80093    1 RC43802  eve000   02/12/05 10   4010040-05100         151,000.00 EA        0.05        7,550.00        7,550.00        755.00 no                                                                     no, Value Extracted:   1
15/02/2006 11:42:21 org.republic.ParseFileSheet checkReportLine
INFO: SelectFieldData
15/02/2006 11:42:21 org.republic.ParseFileSheet makeNewDataColumn
INFO: Output Data: 14 end: 21
15/02/2006 11:42:21 org.republic.ParseFileSheet makeNewDataColumn
INFO: Report Line: PO80093    1 RC43802  eve000   02/12/05 10   4010040-05100         151,000.00 EA        0.05        7,550.00        7,550.00        755.00 no                                                                     no, Value Extracted: RC43802 
15/02/2006 11:42:21 org.republic.ParseFileSheet checkReportLine
INFO: SelectFieldData
15/02/2006 11:42:21 org.republic.ParseFileSheet makeNewDataColumn
INFO: Output Data: 23 end: 30
15/02/2006 11:42:21 org.republic.ParseFileSheet makeNewDataColumn
INFO: Report Line: PO80093    1 RC43802  eve000   02/12/05 10   4010040-05100         151,000.00 EA        0.05        7,550.00        7,550.00        755.00 no                                                                     no, Value Extracted: eve000  
15/02/2006 11:42:21 org.republic.ParseFileSheet checkReportLine
INFO: SelectFieldData
15/02/2006 11:42:21 org.republic.ParseFileSheet makeNewDataColumn
INFO: Output Data: 32 end: 39
15/02/2006 11:42:21 org.republic.ParseFileSheet makeNewDataColumn
INFO: Report Line: PO80093    1 RC43802  eve000   02/12/05 10   4010040-05100         151,000.00 EA        0.05        7,550.00        7,550.00        755.00 no                                                                     no, Value Extracted: 02/12/05
15/02/2006 11:42:21 org.republic.ParseFileSheet checkReportLine
INFO: SelectFieldData
15/02/2006 11:42:21 org.republic.ParseFileSheet makeNewDataColumn
INFO: Output Data: 41 end: 44
15/02/2006 11:42:21 org.republic.ParseFileSheet makeNewDataColumn
INFO: Report Line: PO80093    1 RC43802  eve000   02/12/05 10   4010040-05100         151,000.00 EA        0.05        7,550.00        7,550.00        755.00 no                                                                     no, Value Extracted: 10  
15/02/2006 11:42:21 org.republic.ParseFileSheet checkReportLine
INFO: SelectFieldData
15/02/2006 11:42:21 org.republic.ParseFileSheet makeNewDataColumn
INFO: Output Data: 46 end: 63
15/02/2006 11:42:21 org.republic.ParseFileSheet makeNewDataColumn
INFO: Report Line: PO80093    1 RC43802  eve000   02/12/05 10   4010040-05100         151,000.00 EA        0.05        7,550.00        7,550.00        755.00 no                                                                     no, Value Extracted: 4010040-05100     
15/02/2006 11:42:21 org.republic.ParseFileSheet checkReportLine
INFO: SelectFieldData
15/02/2006 11:42:21 org.republic.ParseFileSheet makeNewDataColumn
INFO: Output Data: 65 end: 77
15/02/2006 11:42:21 org.republic.ParseFileSheet makeNewDataColumn
INFO: Report Line: PO80093    1 RC43802  eve000   02/12/05 10   4010040-05100         151,000.00 EA        0.05        7,550.00        7,550.00        755.00 no                                                                     no, Value Extracted:    151,000.00
15/02/2006 11:42:21 org.republic.ParseFileSheet checkReportLine
INFO: SelectFieldData
15/02/2006 11:42:21 org.republic.ParseFileSheet makeNewDataColumn
INFO: Output Data: 79 end: 80
15/02/2006 11:42:21 org.republic.ParseFileSheet makeNewDataColumn
INFO: Report Line: PO80093    1 RC43802  eve000   02/12/05 10   4010040-05100         151,000.00 EA        0.05        7,550.00        7,550.00        755.00 no                                                                     no, Value Extracted: EA
15/02/2006 11:42:21 org.republic.ParseFileSheet checkReportLine
INFO: SelectFieldData
15/02/2006 11:42:21 org.republic.ParseFileSheet makeNewDataColumn
INFO: Output Data: 82 end: 92
15/02/2006 11:42:21 org.republic.ParseFileSheet makeNewDataColumn
INFO: Report Line: PO80093    1 RC43802  eve000   02/12/05 10   4010040-05100         151,000.00 EA        0.05        7,550.00        7,550.00        755.00 no                                                                     no, Value Extracted:        0.05
15/02/2006 11:42:21 org.republic.ParseFileSheet checkReportLine
INFO: SelectFieldData
15/02/2006 11:42:21 org.republic.ParseFileSheet makeNewDataColumn
INFO: Output Data: 94 end: 108
15/02/2006 11:42:21 org.republic.ParseFileSheet makeNewDataColumn
INFO: Report Line: PO80093    1 RC43802  eve000   02/12/05 10   4010040-05100         151,000.00 EA        0.05        7,550.00        7,550.00        755.00 no                                                                     no, Value Extracted:        7,550.00
15/02/2006 11:42:21 org.republic.ParseFileSheet checkReportLine
INFO: SelectFieldData
15/02/2006 11:42:21 org.republic.ParseFileSheet makeNewDataColumn
INFO: Output Data: 110 end: 124
15/02/2006 11:42:21 org.republic.ParseFileSheet makeNewDataColumn
INFO: Report Line: PO80093    1 RC43802  eve000   02/12/05 10   4010040-05100         151,000.00 EA        0.05        7,550.00        7,550.00        755.00 no                                                                     no, Value Extracted:        7,550.00
15/02/2006 11:42:21 org.republic.ParseFileSheet checkReportLine
INFO: SelectFieldData
15/02/2006 11:42:21 org.republic.ParseFileSheet makeNewDataColumn
INFO: Output Data: 126 end: 138
15/02/2006 11:42:21 org.republic.ParseFileSheet makeNewDataColumn
INFO: Report Line: PO80093    1 RC43802  eve000   02/12/05 10   4010040-05100         151,000.00 EA        0.05        7,550.00        7,550.00        755.00 no                                                                     no, Value Extracted:        755.00
15/02/2006 11:42:21 org.republic.ParseFileSheet checkReportLine
INFO: SelectFieldData
15/02/2006 11:42:21 org.republic.ParseFileSheet makeNewDataColumn
INFO: Output Data: 140 end: 142
15/02/2006 11:42:21 org.republic.ParseFileSheet makeNewDataColumn
INFO: Report Line: PO80093    1 RC43802  eve000   02/12/05 10   4010040-05100         151,000.00 EA        0.05        7,550.00        7,550.00        755.00 no                                                                     no, Value Extracted: no 
15/02/2006 11:42:21 org.republic.ParseFileSheet checkReportLine
INFO: SelectFieldData
15/02/2006 11:42:21 org.republic.ParseFileSheet makeNewDataColumn
INFO: Output Data: 144 end: 151
15/02/2006 11:42:21 org.republic.ParseFileSheet makeNewDataColumn
INFO: Report Line: PO80093    1 RC43802  eve000   02/12/05 10   4010040-05100         151,000.00 EA        0.05        7,550.00        7,550.00        755.00 no                                                                     no, Value Extracted:         
15/02/2006 11:42:21 org.republic.ParseFileSheet checkReportLine
INFO: SelectFieldData
15/02/2006 11:42:21 org.republic.ParseFileSheet makeNewDataColumn
INFO: Output Data: 153 end: 163
15/02/2006 11:42:21 org.republic.ParseFileSheet makeNewDataColumn
INFO: Report Line: PO80093    1 RC43802  eve000   02/12/05 10   4010040-05100         151,000.00 EA        0.05        7,550.00        7,550.00        755.00 no                                                                     no, Value Extracted:            
15/02/2006 11:42:21 org.republic.ParseFileSheet checkReportLine
INFO: SelectFieldData
15/02/2006 11:42:21 org.republic.ParseFileSheet makeNewDataColumn
INFO: Output Data: 165 end: 179
15/02/2006 11:42:21 org.republic.ParseFileSheet makeNewDataColumn
INFO: Report Line: PO80093    1 RC43802  eve000   02/12/05 10   4010040-05100         151,000.00 EA        0.05        7,550.00        7,550.00        755.00 no                                                                     no, Value Extracted:                
15/02/2006 11:42:21 org.republic.ParseFileSheet checkReportLine
INFO: SelectFieldData
15/02/2006 11:42:21 org.republic.ParseFileSheet makeNewDataColumn
INFO: Output Data: 181 end: 188
15/02/2006 11:42:21 org.republic.ParseFileSheet makeNewDataColumn
INFO: Report Line: PO80093    1 RC43802  eve000   02/12/05 10   4010040-05100         151,000.00 EA        0.05        7,550.00        7,550.00        755.00 no                                                                     no, Value Extracted:         
15/02/2006 11:42:21 org.republic.ParseFileSheet checkReportLine
INFO: SelectFieldData
15/02/2006 11:42:21 org.republic.ParseFileSheet makeNewDataColumn
INFO: Output Data: 190 end: 207
15/02/2006 11:42:21 org.republic.ParseFileSheet makeNewDataColumn
INFO: Report Line: PO80093    1 RC43802  eve000   02/12/05 10   4010040-05100         151,000.00 EA        0.05        7,550.00        7,550.00        755.00 no                                                                     no, Value Extracted:                   
15/02/2006 11:42:21 org.republic.ParseFileSheet checkReportLine
INFO: SelectFieldData
15/02/2006 11:42:21 org.republic.ParseFileSheet makeNewDataColumn
INFO: Output Data: 209 end: 209
15/02/2006 11:42:21 org.republic.ParseFileSheet makeNewDataColumn
INFO: Report Line: PO80093    1 RC43802  eve000   02/12/05 10   4010040-05100         151,000.00 EA        0.05        7,550.00        7,550.00        755.00 no                                                                     no, Value Extracted:  
15/02/2006 11:42:21 org.republic.ParseFileSheet checkReportLine
INFO: SelectFieldData
15/02/2006 11:42:21 org.republic.ParseFileSheet makeNewDataColumn
INFO: Output Data: 211 end: 213
15/02/2006 11:42:21 org.republic.ParseFileSheet makeNewDataColumn
INFO: Report Line: PO80093    1 RC43802  eve000   02/12/05 10   4010040-05100         151,000.00 EA        0.05        7,550.00        7,550.00        755.00 no                                                                     no, Value Extracted: no
15/02/2006 11:42:21 org.republic.ParseFileSheet parseInputFile
INFO: line:43 , line length() 212
15/02/2006 11:42:21 org.republic.ParseFileSheet parseInputFile
INFO: >>>>First char:80 new page?: false
15/02/2006 11:42:21 org.republic.ParseFileSheet parseInputFile
INFO: File Line:43, report page pos 43 , line:PO80093    2 RC43802  eve000   02/12/05 10   4010125-05100         203,000.00 EA        0.05       10,150.00       10,150.00      1,015.00 no                                                                     no
15/02/2006 11:42:21 org.republic.ParseFileSheet checkReportLine
INFO: NewRowIf
15/02/2006 11:42:21 org.republic.ParseFileSheet ruleMatchesReportLine
INFO: comparing: 'PO80093 ' with '        '
15/02/2006 11:42:21 org.republic.ParseFileSheet ruleMatchesReportLine
INFO: not blank: true
15/02/2006 11:42:21 org.republic.ParseFileSheet ruleMatchesReportLine
INFO: not blank Len: '8'
15/02/2006 11:42:21 org.republic.ParseFileSheet checkReportLine
INFO: SelectFieldData
15/02/2006 11:42:21 org.republic.ParseFileSheet makeNewDataColumn
INFO: Output Data: 1 end: 8
15/02/2006 11:42:21 org.republic.ParseFileSheet makeNewDataColumn
INFO: Report Line: PO80093    2 RC43802  eve000   02/12/05 10   4010125-05100         203,000.00 EA        0.05       10,150.00       10,150.00      1,015.00 no                                                                     no, Value Extracted: PO80093 
15/02/2006 11:42:21 org.republic.ParseFileSheet checkReportLine
INFO: SelectFieldData
15/02/2006 11:42:21 org.republic.ParseFileSheet makeNewDataColumn
INFO: Output Data: 10 end: 12
15/02/2006 11:42:21 org.republic.ParseFileSheet makeNewDataColumn
INFO: Report Line: PO80093    2 RC43802  eve000   02/12/05 10   4010125-05100         203,000.00 EA        0.05       10,150.00       10,150.00      1,015.00 no                                                                     no, Value Extracted:   2
15/02/2006 11:42:21 org.republic.ParseFileSheet checkReportLine
INFO: SelectFieldData
15/02/2006 11:42:21 org.republic.ParseFileSheet makeNewDataColumn
INFO: Output Data: 14 end: 21
15/02/2006 11:42:21 org.republic.ParseFileSheet makeNewDataColumn
INFO: Report Line: PO80093    2 RC43802  eve000   02/12/05 10   4010125-05100         203,000.00 EA        0.05       10,150.00       10,150.00      1,015.00 no                                                                     no, Value Extracted: RC43802 
15/02/2006 11:42:21 org.republic.ParseFileSheet checkReportLine
INFO: SelectFieldData
15/02/2006 11:42:21 org.republic.ParseFileSheet makeNewDataColumn
INFO: Output Data: 23 end: 30
15/02/2006 11:42:21 org.republic.ParseFileSheet makeNewDataColumn
INFO: Report Line: PO80093    2 RC43802  eve000   02/12/05 10   4010125-05100         203,000.00 EA        0.05       10,150.00       10,150.00      1,015.00 no                                                                     no, Value Extracted: eve000  
15/02/2006 11:42:21 org.republic.ParseFileSheet checkReportLine
INFO: SelectFieldData
15/02/2006 11:42:21 org.republic.ParseFileSheet makeNewDataColumn
INFO: Output Data: 32 end: 39
15/02/2006 11:42:21 org.republic.ParseFileSheet makeNewDataColumn
INFO: Report Line: PO80093    2 RC43802  eve000   02/12/05 10   4010125-05100         203,000.00 EA        0.05       10,150.00       10,150.00      1,015.00 no                                                                     no, Value Extracted: 02/12/05
15/02/2006 11:42:21 org.republic.ParseFileSheet checkReportLine
INFO: SelectFieldData
15/02/2006 11:42:21 org.republic.ParseFileSheet makeNewDataColumn
INFO: Output Data: 41 end: 44
15/02/2006 11:42:21 org.republic.ParseFileSheet makeNewDataColumn
INFO: Report Line: PO80093    2 RC43802  eve000   02/12/05 10   4010125-05100         203,000.00 EA        0.05       10,150.00       10,150.00      1,015.00 no                                                                     no, Value Extracted: 10  
15/02/2006 11:42:21 org.republic.ParseFileSheet checkReportLine
INFO: SelectFieldData
15/02/2006 11:42:21 org.republic.ParseFileSheet makeNewDataColumn
INFO: Output Data: 46 end: 63
15/02/2006 11:42:21 org.republic.ParseFileSheet makeNewDataColumn
INFO: Report Line: PO80093    2 RC43802  eve000   02/12/05 10   4010125-05100         203,000.00 EA        0.05       10,150.00       10,150.00      1,015.00 no                                                                     no, Value Extracted: 4010125-05100     
15/02/2006 11:42:21 org.republic.ParseFileSheet checkReportLine
INFO: SelectFieldData
15/02/2006 11:42:21 org.republic.ParseFileSheet makeNewDataColumn
INFO: Output Data: 65 end: 77
15/02/2006 11:42:21 org.republic.ParseFileSheet makeNewDataColumn
INFO: Report Line: PO80093    2 RC43802  eve000   02/12/05 10   4010125-05100         203,000.00 EA        0.05       10,150.00       10,150.00      1,015.00 no                                                                     no, Value Extracted:    203,000.00
15/02/2006 11:42:21 org.republic.ParseFileSheet checkReportLine
INFO: SelectFieldData
15/02/2006 11:42:21 org.republic.ParseFileSheet makeNewDataColumn
INFO: Output Data: 79 end: 80
15/02/2006 11:42:21 org.republic.ParseFileSheet makeNewDataColumn
INFO: Report Line: PO80093    2 RC43802  eve000   02/12/05 10   4010125-05100         203,000.00 EA        0.05       10,150.00       10,150.00      1,015.00 no                                                                     no, Value Extracted: EA
15/02/2006 11:42:21 org.republic.ParseFileSheet checkReportLine
INFO: SelectFieldData
15/02/2006 11:42:21 org.republic.ParseFileSheet makeNewDataColumn
INFO: Output Data: 82 end: 92
15/02/2006 11:42:21 org.republic.ParseFileSheet makeNewDataColumn
INFO: Report Line: PO80093    2 RC43802  eve000   02/12/05 10   4010125-05100         203,000.00 EA        0.05       10,150.00       10,150.00      1,015.00 no                                                                     no, Value Extracted:        0.05
15/02/2006 11:42:21 org.republic.ParseFileSheet checkReportLine
INFO: SelectFieldData
15/02/2006 11:42:21 org.republic.ParseFileSheet makeNewDataColumn
INFO: Output Data: 94 end: 108
15/02/2006 11:42:21 org.republic.ParseFileSheet makeNewDataColumn
INFO: Report Line: PO80093    2 RC43802  eve000   02/12/05 10   4010125-05100         203,000.00 EA        0.05       10,150.00       10,150.00      1,015.00 no                                                                     no, Value Extracted:       10,150.00
15/02/2006 11:42:21 org.republic.ParseFileSheet checkReportLine
INFO: SelectFieldData
15/02/2006 11:42:21 org.republic.ParseFileSheet makeNewDataColumn
INFO: Output Data: 110 end: 124
15/02/2006 11:42:21 org.republic.ParseFileSheet makeNewDataColumn
INFO: Report Line: PO80093    2 RC43802  eve000   02/12/05 10   4010125-05100         203,000.00 EA        0.05       10,150.00       10,150.00      1,015.00 no                                                                     no, Value Extracted:       10,150.00
15/02/2006 11:42:21 org.republic.ParseFileSheet checkReportLine
INFO: SelectFieldData
15/02/2006 11:42:21 org.republic.ParseFileSheet makeNewDataColumn
INFO: Output Data: 126 end: 138
15/02/2006 11:42:21 org.republic.ParseFileSheet makeNewDataColumn
INFO: Report Line: PO80093    2 RC43802  eve000   02/12/05 10   4010125-05100         203,000.00 EA        0.05       10,150.00       10,150.00      1,015.00 no                                                                     no, Value Extracted:      1,015.00
15/02/2006 11:42:21 org.republic.ParseFileSheet checkReportLine
INFO: SelectFieldData
15/02/2006 11:42:21 org.republic.ParseFileSheet makeNewDataColumn
INFO: Output Data: 140 end: 142
15/02/2006 11:42:21 org.republic.ParseFileSheet makeNewDataColumn
INFO: Report Line: PO80093    2 RC43802  eve000   02/12/05 10   4010125-05100         203,000.00 EA        0.05       10,150.00       10,150.00      1,015.00 no                                                                     no, Value Extracted: no 
15/02/2006 11:42:21 org.republic.ParseFileSheet checkReportLine
INFO: SelectFieldData
15/02/2006 11:42:21 org.republic.ParseFileSheet makeNewDataColumn
INFO: Output Data: 144 end: 151
15/02/2006 11:42:21 org.republic.ParseFileSheet makeNewDataColumn
INFO: Report Line: PO80093    2 RC43802  eve000   02/12/05 10   4010125-05100         203,000.00 EA        0.05       10,150.00       10,150.00      1,015.00 no                                                                     no, Value Extracted:         
15/02/2006 11:42:21 org.republic.ParseFileSheet checkReportLine
INFO: SelectFieldData
15/02/2006 11:42:21 org.republic.ParseFileSheet makeNewDataColumn
INFO: Output Data: 153 end: 163
15/02/2006 11:42:21 org.republic.ParseFileSheet makeNewDataColumn
INFO: Report Line: PO80093    2 RC43802  eve000   02/12/05 10   4010125-05100         203,000.00 EA        0.05       10,150.00       10,150.00      1,015.00 no                                                                     no, Value Extracted:            
15/02/2006 11:42:21 org.republic.ParseFileSheet checkReportLine
INFO: SelectFieldData
15/02/2006 11:42:21 org.republic.ParseFileSheet makeNewDataColumn
INFO: Output Data: 165 end: 179
15/02/2006 11:42:21 org.republic.ParseFileSheet makeNewDataColumn
INFO: Report Line: PO80093    2 RC43802  eve000   02/12/05 10   4010125-05100         203,000.00 EA        0.05       10,150.00       10,150.00      1,015.00 no                                                                     no, Value Extracted:                
15/02/2006 11:42:21 org.republic.ParseFileSheet checkReportLine
INFO: SelectFieldData
15/02/2006 11:42:21 org.republic.ParseFileSheet makeNewDataColumn
INFO: Output Data: 181 end: 188
15/02/2006 11:42:21 org.republic.ParseFileSheet makeNewDataColumn
INFO: Report Line: PO80093    2 RC43802  eve000   02/12/05 10   4010125-05100         203,000.00 EA        0.05       10,150.00       10,150.00      1,015.00 no                                                                     no, Value Extracted:         
15/02/2006 11:42:21 org.republic.ParseFileSheet checkReportLine
INFO: SelectFieldData
15/02/2006 11:42:21 org.republic.ParseFileSheet makeNewDataColumn
INFO: Output Data: 190 end: 207
15/02/2006 11:42:21 org.republic.ParseFileSheet makeNewDataColumn
INFO: Report Line: PO80093    2 RC43802  eve000   02/12/05 10   4010125-05100         203,000.00 EA        0.05       10,150.00       10,150.00      1,015.00 no                                                                     no, Value Extracted:                   
15/02/2006 11:42:21 org.republic.ParseFileSheet checkReportLine
INFO: SelectFieldData
15/02/2006 11:42:21 org.republic.ParseFileSheet makeNewDataColumn
INFO: Output Data: 209 end: 209
15/02/2006 11:42:21 org.republic.ParseFileSheet makeNewDataColumn
INFO: Report Line: PO80093    2 RC43802  eve000   02/12/05 10   4010125-05100         203,000.00 EA        0.05       10,150.00       10,150.00      1,015.00 no                                                                     no, Value Extracted:  
15/02/2006 11:42:21 org.republic.ParseFileSheet checkReportLine
INFO: SelectFieldData
15/02/2006 11:42:21 org.republic.ParseFileSheet makeNewDataColumn
INFO: Output Data: 211 end: 213
15/02/2006 11:42:21 org.republic.ParseFileSheet makeNewDataColumn
INFO: Report Line: PO80093    2 RC43802  eve000   02/12/05 10   4010125-05100         203,000.00 EA        0.05       10,150.00       10,150.00      1,015.00 no                                                                     no, Value Extracted: no
15/02/2006 11:42:21 org.republic.ParseFileSheet parseInputFile
INFO: line:44 , line length() 212
15/02/2006 11:42:21 org.republic.ParseFileSheet parseInputFile
INFO: >>>>First char:80 new page?: false
15/02/2006 11:42:21 org.republic.ParseFileSheet parseInputFile
INFO: File Line:44, report page pos 44 , line:PO80099    1 RC43865  eve000   07/12/05 10   4034250-00100         100,000.00 EA     0.02584        2,584.00        2,584.00        258.40 no                                                                     no
15/02/2006 11:42:21 org.republic.ParseFileSheet checkReportLine
INFO: NewRowIf
15/02/2006 11:42:21 org.republic.ParseFileSheet ruleMatchesReportLine
INFO: comparing: 'PO80099 ' with '        '
15/02/2006 11:42:21 org.republic.ParseFileSheet ruleMatchesReportLine
INFO: not blank: true
15/02/2006 11:42:21 org.republic.ParseFileSheet ruleMatchesReportLine
INFO: not blank Len: '8'
15/02/2006 11:42:21 org.republic.ParseFileSheet checkReportLine
INFO: SelectFieldData
15/02/2006 11:42:21 org.republic.ParseFileSheet makeNewDataColumn
INFO: Output Data: 1 end: 8
15/02/2006 11:42:21 org.republic.ParseFileSheet makeNewDataColumn
INFO: Report Line: PO80099    1 RC43865  eve000   07/12/05 10   4034250-00100         100,000.00 EA     0.02584        2,584.00        2,584.00        258.40 no                                                                     no, Value Extracted: PO80099 
15/02/2006 11:42:21 org.republic.ParseFileSheet checkReportLine
INFO: SelectFieldData
15/02/2006 11:42:21 org.republic.ParseFileSheet makeNewDataColumn
INFO: Output Data: 10 end: 12
15/02/2006 11:42:21 org.republic.ParseFileSheet makeNewDataColumn
INFO: Report Line: PO80099    1 RC43865  eve000   07/12/05 10   4034250-00100         100,000.00 EA     0.02584        2,584.00        2,584.00        258.40 no                                                                     no, Value Extracted:   1
15/02/2006 11:42:21 org.republic.ParseFileSheet checkReportLine
INFO: SelectFieldData
15/02/2006 11:42:21 org.republic.ParseFileSheet makeNewDataColumn
INFO: Output Data: 14 end: 21
15/02/2006 11:42:21 org.republic.ParseFileSheet makeNewDataColumn
INFO: Report Line: PO80099    1 RC43865  eve000   07/12/05 10   4034250-00100         100,000.00 EA     0.02584        2,584.00        2,584.00        258.40 no                                                                     no, Value Extracted: RC43865 
15/02/2006 11:42:21 org.republic.ParseFileSheet checkReportLine
INFO: SelectFieldData
15/02/2006 11:42:21 org.republic.ParseFileSheet makeNewDataColumn
INFO: Output Data: 23 end: 30
15/02/2006 11:42:21 org.republic.ParseFileSheet makeNewDataColumn
INFO: Report Line: PO80099    1 RC43865  eve000   07/12/05 10   4034250-00100         100,000.00 EA     0.02584        2,584.00        2,584.00        258.40 no                                                                     no, Value Extracted: eve000  
15/02/2006 11:42:21 org.republic.ParseFileSheet checkReportLine
INFO: SelectFieldData
15/02/2006 11:42:21 org.republic.ParseFileSheet makeNewDataColumn
INFO: Output Data: 32 end: 39
15/02/2006 11:42:21 org.republic.ParseFileSheet makeNewDataColumn
INFO: Report Line: PO80099    1 RC43865  eve000   07/12/05 10   4034250-00100         100,000.00 EA     0.02584        2,584.00        2,584.00        258.40 no                                                                     no, Value Extracted: 07/12/05
15/02/2006 11:42:21 org.republic.ParseFileSheet checkReportLine
INFO: SelectFieldData
15/02/2006 11:42:21 org.republic.ParseFileSheet makeNewDataColumn
INFO: Output Data: 41 end: 44
15/02/2006 11:42:21 org.republic.ParseFileSheet makeNewDataColumn
INFO: Report Line: PO80099    1 RC43865  eve000   07/12/05 10   4034250-00100         100,000.00 EA     0.02584        2,584.00        2,584.00        258.40 no                                                                     no, Value Extracted: 10  
15/02/2006 11:42:21 org.republic.ParseFileSheet checkReportLine
INFO: SelectFieldData
15/02/2006 11:42:21 org.republic.ParseFileSheet makeNewDataColumn
INFO: Output Data: 46 end: 63
15/02/2006 11:42:21 org.republic.ParseFileSheet makeNewDataColumn
INFO: Report Line: PO80099    1 RC43865  eve000   07/12/05 10   4034250-00100         100,000.00 EA     0.02584        2,584.00        2,584.00        258.40 no                                                                     no, Value Extracted: 4034250-00100     
15/02/2006 11:42:21 org.republic.ParseFileSheet checkReportLine
INFO: SelectFieldData
15/02/2006 11:42:21 org.republic.ParseFileSheet makeNewDataColumn
INFO: Output Data: 65 end: 77
15/02/2006 11:42:21 org.republic.ParseFileSheet makeNewDataColumn
INFO: Report Line: PO80099    1 RC43865  eve000   07/12/05 10   4034250-00100         100,000.00 EA     0.02584        2,584.00        2,584.00        258.40 no                                                                     no, Value Extracted:    100,000.00
15/02/2006 11:42:21 org.republic.ParseFileSheet checkReportLine
INFO: SelectFieldData
15/02/2006 11:42:21 org.republic.ParseFileSheet makeNewDataColumn
INFO: Output Data: 79 end: 80
15/02/2006 11:42:21 org.republic.ParseFileSheet makeNewDataColumn
INFO: Report Line: PO80099    1 RC43865  eve000   07/12/05 10   4034250-00100         100,000.00 EA     0.02584        2,584.00        2,584.00        258.40 no                                                                     no, Value Extracted: EA
15/02/2006 11:42:21 org.republic.ParseFileSheet checkReportLine
INFO: SelectFieldData
15/02/2006 11:42:21 org.republic.ParseFileSheet makeNewDataColumn
INFO: Output Data: 82 end: 92
15/02/2006 11:42:21 org.republic.ParseFileSheet makeNewDataColumn
INFO: Report Line: PO80099    1 RC43865  eve000   07/12/05 10   4034250-00100         100,000.00 EA     0.02584        2,584.00        2,584.00        258.40 no                                                                     no, Value Extracted:     0.02584
15/02/2006 11:42:21 org.republic.ParseFileSheet checkReportLine
INFO: SelectFieldData
15/02/2006 11:42:21 org.republic.ParseFileSheet makeNewDataColumn
INFO: Output Data: 94 end: 108
15/02/2006 11:42:21 org.republic.ParseFileSheet makeNewDataColumn
INFO: Report Line: PO80099    1 RC43865  eve000   07/12/05 10   4034250-00100         100,000.00 EA     0.02584        2,584.00        2,584.00        258.40 no                                                                     no, Value Extracted:        2,584.00
15/02/2006 11:42:21 org.republic.ParseFileSheet checkReportLine
INFO: SelectFieldData
15/02/2006 11:42:21 org.republic.ParseFileSheet makeNewDataColumn
INFO: Output Data: 110 end: 124
15/02/2006 11:42:21 org.republic.ParseFileSheet makeNewDataColumn
INFO: Report Line: PO80099    1 RC43865  eve000   07/12/05 10   4034250-00100         100,000.00 EA     0.02584        2,584.00        2,584.00        258.40 no                                                                     no, Value Extracted:        2,584.00
15/02/2006 11:42:21 org.republic.ParseFileSheet checkReportLine
INFO: SelectFieldData
15/02/2006 11:42:21 org.republic.ParseFileSheet makeNewDataColumn
INFO: Output Data: 126 end: 138
15/02/2006 11:42:21 org.republic.ParseFileSheet makeNewDataColumn
INFO: Report Line: PO80099    1 RC43865  eve000   07/12/05 10   4034250-00100         100,000.00 EA     0.02584        2,584.00        2,584.00        258.40 no                                                                     no, Value Extracted:        258.40
15/02/2006 11:42:21 org.republic.ParseFileSheet checkReportLine
INFO: SelectFieldData
15/02/2006 11:42:21 org.republic.ParseFileSheet makeNewDataColumn
INFO: Output Data: 140 end: 142
15/02/2006 11:42:21 org.republic.ParseFileSheet makeNewDataColumn
INFO: Report Line: PO80099    1 RC43865  eve000   07/12/05 10   4034250-00100         100,000.00 EA     0.02584        2,584.00        2,584.00        258.40 no                                                                     no, Value Extracted: no 
15/02/2006 11:42:21 org.republic.ParseFileSheet checkReportLine
INFO: SelectFieldData
15/02/2006 11:42:21 org.republic.ParseFileSheet makeNewDataColumn
INFO: Output Data: 144 end: 151
15/02/2006 11:42:21 org.republic.ParseFileSheet makeNewDataColumn
INFO: Report Line: PO80099    1 RC43865  eve000   07/12/05 10   4034250-00100         100,000.00 EA     0.02584        2,584.00        2,584.00        258.40 no                                                                     no, Value Extracted:         
15/02/2006 11:42:21 org.republic.ParseFileSheet checkReportLine
INFO: SelectFieldData
15/02/2006 11:42:21 org.republic.ParseFileSheet makeNewDataColumn
INFO: Output Data: 153 end: 163
15/02/2006 11:42:21 org.republic.ParseFileSheet makeNewDataColumn
INFO: Report Line: PO80099    1 RC43865  eve000   07/12/05 10   4034250-00100         100,000.00 EA     0.02584        2,584.00        2,584.00        258.40 no                                                                     no, Value Extracted:            
15/02/2006 11:42:21 org.republic.ParseFileSheet checkReportLine
INFO: SelectFieldData
15/02/2006 11:42:21 org.republic.ParseFileSheet makeNewDataColumn
INFO: Output Data: 165 end: 179
15/02/2006 11:42:21 org.republic.ParseFileSheet makeNewDataColumn
INFO: Report Line: PO80099    1 RC43865  eve000   07/12/05 10   4034250-00100         100,000.00 EA     0.02584        2,584.00        2,584.00        258.40 no                                                                     no, Value Extracted:                
15/02/2006 11:42:21 org.republic.ParseFileSheet checkReportLine
INFO: SelectFieldData
15/02/2006 11:42:21 org.republic.ParseFileSheet makeNewDataColumn
INFO: Output Data: 181 end: 188
15/02/2006 11:42:21 org.republic.ParseFileSheet makeNewDataColumn
INFO: Report Line: PO80099    1 RC43865  eve000   07/12/05 10   4034250-00100         100,000.00 EA     0.02584        2,584.00        2,584.00        258.40 no                                                                     no, Value Extracted:         
15/02/2006 11:42:21 org.republic.ParseFileSheet checkReportLine
INFO: SelectFieldData
15/02/2006 11:42:21 org.republic.ParseFileSheet makeNewDataColumn
INFO: Output Data: 190 end: 207
15/02/2006 11:42:21 org.republic.ParseFileSheet makeNewDataColumn
INFO: Report Line: PO80099    1 RC43865  eve000   07/12/05 10   4034250-00100         100,000.00 EA     0.02584        2,584.00        2,584.00        258.40 no                                                                     no, Value Extracted:                   
15/02/2006 11:42:21 org.republic.ParseFileSheet checkReportLine
INFO: SelectFieldData
15/02/2006 11:42:21 org.republic.ParseFileSheet makeNewDataColumn
INFO: Output Data: 209 end: 209
15/02/2006 11:42:21 org.republic.ParseFileSheet makeNewDataColumn
INFO: Report Line: PO80099    1 RC43865  eve000   07/12/05 10   4034250-00100         100,000.00 EA     0.02584        2,584.00        2,584.00        258.40 no                                                                     no, Value Extracted:  
15/02/2006 11:42:21 org.republic.ParseFileSheet checkReportLine
INFO: SelectFieldData
15/02/2006 11:42:21 org.republic.ParseFileSheet makeNewDataColumn
INFO: Output Data: 211 end: 213
15/02/2006 11:42:21 org.republic.ParseFileSheet makeNewDataColumn
INFO: Report Line: PO80099    1 RC43865  eve000   07/12/05 10   4034250-00100         100,000.00 EA     0.02584        2,584.00        2,584.00        258.40 no                                                                     no, Value Extracted: no
15/02/2006 11:42:21 org.republic.ParseFileSheet parseInputFile
INFO: line:45 , line length() 212
15/02/2006 11:42:21 org.republic.ParseFileSheet parseInputFile
INFO: >>>>First char:80 new page?: false
15/02/2006 11:42:21 org.republic.ParseFileSheet parseInputFile
INFO: File Line:45, report page pos 45 , line:PO80099    1 RC43864  eve000   07/12/05 10   4034250-00100         100,000.00 EA     0.02584        2,584.00        2,584.00        258.40 no                                                                     no
15/02/2006 11:42:21 org.republic.ParseFileSheet checkReportLine
INFO: NewRowIf
15/02/2006 11:42:21 org.republic.ParseFileSheet ruleMatchesReportLine
INFO: comparing: 'PO80099 ' with '        '
15/02/2006 11:42:21 org.republic.ParseFileSheet ruleMatchesReportLine
INFO: not blank: true
15/02/2006 11:42:21 org.republic.ParseFileSheet ruleMatchesReportLine
INFO: not blank Len: '8'
15/02/2006 11:42:21 org.republic.ParseFileSheet checkReportLine
INFO: SelectFieldData
15/02/2006 11:42:21 org.republic.ParseFileSheet makeNewDataColumn
INFO: Output Data: 1 end: 8
15/02/2006 11:42:21 org.republic.ParseFileSheet makeNewDataColumn
INFO: Report Line: PO80099    1 RC43864  eve000   07/12/05 10   4034250-00100         100,000.00 EA     0.02584        2,584.00        2,584.00        258.40 no                                                                     no, Value Extracted: PO80099 
15/02/2006 11:42:21 org.republic.ParseFileSheet checkReportLine
INFO: SelectFieldData
15/02/2006 11:42:21 org.republic.ParseFileSheet makeNewDataColumn
INFO: Output Data: 10 end: 12
15/02/2006 11:42:21 org.republic.ParseFileSheet makeNewDataColumn
INFO: Report Line: PO80099    1 RC43864  eve000   07/12/05 10   4034250-00100         100,000.00 EA     0.02584        2,584.00        2,584.00        258.40 no                                                                     no, Value Extracted:   1
15/02/2006 11:42:21 org.republic.ParseFileSheet checkReportLine
INFO: SelectFieldData
15/02/2006 11:42:21 org.republic.ParseFileSheet makeNewDataColumn
INFO: Output Data: 14 end: 21
15/02/2006 11:42:21 org.republic.ParseFileSheet makeNewDataColumn
INFO: Report Line: PO80099    1 RC43864  eve000   07/12/05 10   4034250-00100         100,000.00 EA     0.02584        2,584.00        2,584.00        258.40 no                                                                     no, Value Extracted: RC43864 
15/02/2006 11:42:21 org.republic.ParseFileSheet checkReportLine
INFO: SelectFieldData
15/02/2006 11:42:21 org.republic.ParseFileSheet makeNewDataColumn
INFO: Output Data: 23 end: 30
15/02/2006 11:42:21 org.republic.ParseFileSheet makeNewDataColumn
INFO: Report Line: PO80099    1 RC43864  eve000   07/12/05 10   4034250-00100         100,000.00 EA     0.02584        2,584.00        2,584.00        258.40 no                                                                     no, Value Extracted: eve000  
15/02/2006 11:42:21 org.republic.ParseFileSheet checkReportLine
INFO: SelectFieldData
15/02/2006 11:42:21 org.republic.ParseFileSheet makeNewDataColumn
INFO: Output Data: 32 end: 39
15/02/2006 11:42:21 org.republic.ParseFileSheet makeNewDataColumn
INFO: Report Line: PO80099    1 RC43864  eve000   07/12/05 10   4034250-00100         100,000.00 EA     0.02584        2,584.00        2,584.00        258.40 no                                                                     no, Value Extracted: 07/12/05
15/02/2006 11:42:21 org.republic.ParseFileSheet checkReportLine
INFO: SelectFieldData
15/02/2006 11:42:21 org.republic.ParseFileSheet makeNewDataColumn
INFO: Output Data: 41 end: 44
15/02/2006 11:42:21 org.republic.ParseFileSheet makeNewDataColumn
INFO: Report Line: PO80099    1 RC43864  eve000   07/12/05 10   4034250-00100         100,000.00 EA     0.02584        2,584.00        2,584.00        258.40 no                                                                     no, Value Extracted: 10  
15/02/2006 11:42:21 org.republic.ParseFileSheet checkReportLine
INFO: SelectFieldData
15/02/2006 11:42:21 org.republic.ParseFileSheet makeNewDataColumn
INFO: Output Data: 46 end: 63
15/02/2006 11:42:21 org.republic.ParseFileSheet makeNewDataColumn
INFO: Report Line: PO80099    1 RC43864  eve000   07/12/05 10   4034250-00100         100,000.00 EA     0.02584        2,584.00        2,584.00        258.40 no                                                                     no, Value Extracted: 4034250-00100     
15/02/2006 11:42:21 org.republic.ParseFileSheet checkReportLine
INFO: SelectFieldData
15/02/2006 11:42:21 org.republic.ParseFileSheet makeNewDataColumn
INFO: Output Data: 65 end: 77
15/02/2006 11:42:21 org.republic.ParseFileSheet makeNewDataColumn
INFO: Report Line: PO80099    1 RC43864  eve000   07/12/05 10   4034250-00100         100,000.00 EA     0.02584        2,584.00        2,584.00        258.40 no                                                                     no, Value Extracted:    100,000.00
15/02/2006 11:42:21 org.republic.ParseFileSheet checkReportLine
INFO: SelectFieldData
15/02/2006 11:42:21 org.republic.ParseFileSheet makeNewDataColumn
INFO: Output Data: 79 end: 80
15/02/2006 11:42:21 org.republic.ParseFileSheet makeNewDataColumn
INFO: Report Line: PO80099    1 RC43864  eve000   07/12/05 10   4034250-00100         100,000.00 EA     0.02584        2,584.00        2,584.00        258.40 no                                                                     no, Value Extracted: EA
15/02/2006 11:42:21 org.republic.ParseFileSheet checkReportLine
INFO: SelectFieldData
15/02/2006 11:42:21 org.republic.ParseFileSheet makeNewDataColumn
INFO: Output Data: 82 end: 92
15/02/2006 11:42:21 org.republic.ParseFileSheet makeNewDataColumn
INFO: Report Line: PO80099    1 RC43864  eve000   07/12/05 10   4034250-00100         100,000.00 EA     0.02584        2,584.00        2,584.00        258.40 no                                                                     no, Value Extracted:     0.02584
15/02/2006 11:42:21 org.republic.ParseFileSheet checkReportLine
INFO: SelectFieldData
15/02/2006 11:42:21 org.republic.ParseFileSheet makeNewDataColumn
INFO: Output Data: 94 end: 108
15/02/2006 11:42:21 org.republic.ParseFileSheet makeNewDataColumn
INFO: Report Line: PO80099    1 RC43864  eve000   07/12/05 10   4034250-00100         100,000.00 EA     0.02584        2,584.00        2,584.00        258.40 no                                                                     no, Value Extracted:        2,584.00
15/02/2006 11:42:21 org.republic.ParseFileSheet checkReportLine
INFO: SelectFieldData
15/02/2006 11:42:21 org.republic.ParseFileSheet makeNewDataColumn
INFO: Output Data: 110 end: 124
15/02/2006 11:42:21 org.republic.ParseFileSheet makeNewDataColumn
INFO: Report Line: PO80099    1 RC43864  eve000   07/12/05 10   4034250-00100         100,000.00 EA     0.02584        2,584.00        2,584.00        258.40 no                                                                     no, Value Extracted:        2,584.00
15/02/2006 11:42:21 org.republic.ParseFileSheet checkReportLine
INFO: SelectFieldData
15/02/2006 11:42:21 org.republic.ParseFileSheet makeNewDataColumn
INFO: Output Data: 126 end: 138
15/02/2006 11:42:21 org.republic.ParseFileSheet makeNewDataColumn
INFO: Report Line: PO80099    1 RC43864  eve000   07/12/05 10   4034250-00100         100,000.00 EA     0.02584        2,584.00        2,584.00        258.40 no                                                                     no, Value Extracted:        258.40
15/02/2006 11:42:21 org.republic.ParseFileSheet checkReportLine
INFO: SelectFieldData
15/02/2006 11:42:21 org.republic.ParseFileSheet makeNewDataColumn
INFO: Output Data: 140 end: 142
15/02/2006 11:42:21 org.republic.ParseFileSheet makeNewDataColumn
INFO: Report Line: PO80099    1 RC43864  eve000   07/12/05 10   4034250-00100         100,000.00 EA     0.02584        2,584.00        2,584.00        258.40 no                                                                     no, Value Extracted: no 
15/02/2006 11:42:21 org.republic.ParseFileSheet checkReportLine
INFO: SelectFieldData
15/02/2006 11:42:21 org.republic.ParseFileSheet makeNewDataColumn
INFO: Output Data: 144 end: 151
15/02/2006 11:42:21 org.republic.ParseFileSheet makeNewDataColumn
INFO: Report Line: PO80099    1 RC43864  eve000   07/12/05 10   4034250-00100         100,000.00 EA     0.02584        2,584.00        2,584.00        258.40 no                                                                     no, Value Extracted:         
15/02/2006 11:42:21 org.republic.ParseFileSheet checkReportLine
INFO: SelectFieldData
15/02/2006 11:42:21 org.republic.ParseFileSheet makeNewDataColumn
INFO: Output Data: 153 end: 163
15/02/2006 11:42:21 org.republic.ParseFileSheet makeNewDataColumn
INFO: Report Line: PO80099    1 RC43864  eve000   07/12/05 10   4034250-00100         100,000.00 EA     0.02584        2,584.00        2,584.00        258.40 no                                                                     no, Value Extracted:            
15/02/2006 11:42:21 org.republic.ParseFileSheet checkReportLine
INFO: SelectFieldData
15/02/2006 11:42:21 org.republic.ParseFileSheet makeNewDataColumn
INFO: Output Data: 165 end: 179
15/02/2006 11:42:21 org.republic.ParseFileSheet makeNewDataColumn
INFO: Report Line: PO80099    1 RC43864  eve000   07/12/05 10   4034250-00100         100,000.00 EA     0.02584        2,584.00        2,584.00        258.40 no                                                                     no, Value Extracted:                
15/02/2006 11:42:21 org.republic.ParseFileSheet checkReportLine
INFO: SelectFieldData
15/02/2006 11:42:21 org.republic.ParseFileSheet makeNewDataColumn
INFO: Output Data: 181 end: 188
15/02/2006 11:42:21 org.republic.ParseFileSheet makeNewDataColumn
INFO: Report Line: PO80099    1 RC43864  eve000   07/12/05 10   4034250-00100         100,000.00 EA     0.02584        2,584.00        2,584.00        258.40 no                                                                     no, Value Extracted:         
15/02/2006 11:42:21 org.republic.ParseFileSheet checkReportLine
INFO: SelectFieldData
15/02/2006 11:42:21 org.republic.ParseFileSheet makeNewDataColumn
INFO: Output Data: 190 end: 207
15/02/2006 11:42:21 org.republic.ParseFileSheet makeNewDataColumn
INFO: Report Line: PO80099    1 RC43864  eve000   07/12/05 10   4034250-00100         100,000.00 EA     0.02584        2,584.00        2,584.00        258.40 no                                                                     no, Value Extracted:                   
15/02/2006 11:42:21 org.republic.ParseFileSheet checkReportLine
INFO: SelectFieldData
15/02/2006 11:42:21 org.republic.ParseFileSheet makeNewDataColumn
INFO: Output Data: 209 end: 209
15/02/2006 11:42:21 org.republic.ParseFileSheet makeNewDataColumn
INFO: Report Line: PO80099    1 RC43864  eve000   07/12/05 10   4034250-00100         100,000.00 EA     0.02584        2,584.00        2,584.00        258.40 no                                                                     no, Value Extracted:  
15/02/2006 11:42:21 org.republic.ParseFileSheet checkReportLine
INFO: SelectFieldData
15/02/2006 11:42:21 org.republic.ParseFileSheet makeNewDataColumn
INFO: Output Data: 211 end: 213
15/02/2006 11:42:21 org.republic.ParseFileSheet makeNewDataColumn
INFO: Report Line: PO80099    1 RC43864  eve000   07/12/05 10   4034250-00100         100,000.00 EA     0.02584        2,584.00        2,584.00        258.40 no                                                                     no, Value Extracted: no
15/02/2006 11:42:21 org.republic.ParseFileSheet parseInputFile
INFO: line:46 , line length() 212
15/02/2006 11:42:21 org.republic.ParseFileSheet parseInputFile
INFO: >>>>First char:80 new page?: false
15/02/2006 11:42:21 org.republic.ParseFileSheet parseInputFile
INFO: File Line:46, report page pos 46 , line:PO80099    2 RC43865  eve000   07/12/05 10   4034250-00120         100,000.00 EA     0.02252        2,252.00        2,252.00        225.20 no                                                                     no
15/02/2006 11:42:21 org.republic.ParseFileSheet checkReportLine
INFO: NewRowIf
15/02/2006 11:42:21 org.republic.ParseFileSheet ruleMatchesReportLine
INFO: comparing: 'PO80099 ' with '        '
15/02/2006 11:42:21 org.republic.ParseFileSheet ruleMatchesReportLine
INFO: not blank: true
15/02/2006 11:42:21 org.republic.ParseFileSheet ruleMatchesReportLine
INFO: not blank Len: '8'
15/02/2006 11:42:21 org.republic.ParseFileSheet checkReportLine
INFO: SelectFieldData
15/02/2006 11:42:21 org.republic.ParseFileSheet makeNewDataColumn
INFO: Output Data: 1 end: 8
15/02/2006 11:42:21 org.republic.ParseFileSheet makeNewDataColumn
INFO: Report Line: PO80099    2 RC43865  eve000   07/12/05 10   4034250-00120         100,000.00 EA     0.02252        2,252.00        2,252.00        225.20 no                                                                     no, Value Extracted: PO80099 
15/02/2006 11:42:21 org.republic.ParseFileSheet checkReportLine
INFO: SelectFieldData
15/02/2006 11:42:21 org.republic.ParseFileSheet makeNewDataColumn
INFO: Output Data: 10 end: 12
15/02/2006 11:42:21 org.republic.ParseFileSheet makeNewDataColumn
INFO: Report Line: PO80099    2 RC43865  eve000   07/12/05 10   4034250-00120         100,000.00 EA     0.02252        2,252.00        2,252.00        225.20 no                                                                     no, Value Extracted:   2
15/02/2006 11:42:21 org.republic.ParseFileSheet checkReportLine
INFO: SelectFieldData
15/02/2006 11:42:21 org.republic.ParseFileSheet makeNewDataColumn
INFO: Output Data: 14 end: 21
15/02/2006 11:42:21 org.republic.ParseFileSheet makeNewDataColumn
INFO: Report Line: PO80099    2 RC43865  eve000   07/12/05 10   4034250-00120         100,000.00 EA     0.02252        2,252.00        2,252.00        225.20 no                                                                     no, Value Extracted: RC43865 
15/02/2006 11:42:21 org.republic.ParseFileSheet checkReportLine
INFO: SelectFieldData
15/02/2006 11:42:21 org.republic.ParseFileSheet makeNewDataColumn
INFO: Output Data: 23 end: 30
15/02/2006 11:42:21 org.republic.ParseFileSheet makeNewDataColumn
INFO: Report Line: PO80099    2 RC43865  eve000   07/12/05 10   4034250-00120         100,000.00 EA     0.02252        2,252.00        2,252.00        225.20 no                                                                     no, Value Extracted: eve000  
15/02/2006 11:42:21 org.republic.ParseFileSheet checkReportLine
INFO: SelectFieldData
15/02/2006 11:42:21 org.republic.ParseFileSheet makeNewDataColumn
INFO: Output Data: 32 end: 39
15/02/2006 11:42:21 org.republic.ParseFileSheet makeNewDataColumn
INFO: Report Line: PO80099    2 RC43865  eve000   07/12/05 10   4034250-00120         100,000.00 EA     0.02252        2,252.00        2,252.00        225.20 no                                                                     no, Value Extracted: 07/12/05
15/02/2006 11:42:21 org.republic.ParseFileSheet checkReportLine
INFO: SelectFieldData
15/02/2006 11:42:21 org.republic.ParseFileSheet makeNewDataColumn
INFO: Output Data: 41 end: 44
15/02/2006 11:42:21 org.republic.ParseFileSheet makeNewDataColumn
INFO: Report Line: PO80099    2 RC43865  eve000   07/12/05 10   4034250-00120         100,000.00 EA     0.02252        2,252.00        2,252.00        225.20 no                                                                     no, Value Extracted: 10  
15/02/2006 11:42:21 org.republic.ParseFileSheet checkReportLine
INFO: SelectFieldData
15/02/2006 11:42:21 org.republic.ParseFileSheet makeNewDataColumn
INFO: Output Data: 46 end: 63
15/02/2006 11:42:21 org.republic.ParseFileSheet makeNewDataColumn
INFO: Report Line: PO80099    2 RC43865  eve000   07/12/05 10   4034250-00120         100,000.00 EA     0.02252        2,252.00        2,252.00        225.20 no                                                                     no, Value Extracted: 4034250-00120     
15/02/2006 11:42:21 org.republic.ParseFileSheet checkReportLine
INFO: SelectFieldData
15/02/2006 11:42:21 org.republic.ParseFileSheet makeNewDataColumn
INFO: Output Data: 65 end: 77
15/02/2006 11:42:21 org.republic.ParseFileSheet makeNewDataColumn
INFO: Report Line: PO80099    2 RC43865  eve000   07/12/05 10   4034250-00120         100,000.00 EA     0.02252        2,252.00        2,252.00        225.20 no                                                                     no, Value Extracted:    100,000.00
15/02/2006 11:42:21 org.republic.ParseFileSheet checkReportLine
INFO: SelectFieldData
15/02/2006 11:42:21 org.republic.ParseFileSheet makeNewDataColumn
INFO: Output Data: 79 end: 80
15/02/2006 11:42:21 org.republic.ParseFileSheet makeNewDataColumn
INFO: Report Line: PO80099    2 RC43865  eve000   07/12/05 10   4034250-00120         100,000.00 EA     0.02252        2,252.00        2,252.00        225.20 no                                                                     no, Value Extracted: EA
15/02/2006 11:42:21 org.republic.ParseFileSheet checkReportLine
INFO: SelectFieldData
15/02/2006 11:42:21 org.republic.ParseFileSheet makeNewDataColumn
INFO: Output Data: 82 end: 92
15/02/2006 11:42:21 org.republic.ParseFileSheet makeNewDataColumn
INFO: Report Line: PO80099    2 RC43865  eve000   07/12/05 10   4034250-00120         100,000.00 EA     0.02252        2,252.00        2,252.00        225.20 no                                                                     no, Value Extracted:     0.02252
15/02/2006 11:42:21 org.republic.ParseFileSheet checkReportLine
INFO: SelectFieldData
15/02/2006 11:42:21 org.republic.ParseFileSheet makeNewDataColumn
INFO: Output Data: 94 end: 108
15/02/2006 11:42:21 org.republic.ParseFileSheet makeNewDataColumn
INFO: Report Line: PO80099    2 RC43865  eve000   07/12/05 10   4034250-00120         100,000.00 EA     0.02252        2,252.00        2,252.00        225.20 no                                                                     no, Value Extracted:        2,252.00
15/02/2006 11:42:21 org.republic.ParseFileSheet checkReportLine
INFO: SelectFieldData
15/02/2006 11:42:21 org.republic.ParseFileSheet makeNewDataColumn
INFO: Output Data: 110 end: 124
15/02/2006 11:42:21 org.republic.ParseFileSheet makeNewDataColumn
INFO: Report Line: PO80099    2 RC43865  eve000   07/12/05 10   4034250-00120         100,000.00 EA     0.02252        2,252.00        2,252.00        225.20 no                                                                     no, Value Extracted:        2,252.00
15/02/2006 11:42:21 org.republic.ParseFileSheet checkReportLine
INFO: SelectFieldData
15/02/2006 11:42:21 org.republic.ParseFileSheet makeNewDataColumn
INFO: Output Data: 126 end: 138
15/02/2006 11:42:21 org.republic.ParseFileSheet makeNewDataColumn
INFO: Report Line: PO80099    2 RC43865  eve000   07/12/05 10   4034250-00120         100,000.00 EA     0.02252        2,252.00        2,252.00        225.20 no                                                                     no, Value Extracted:        225.20
15/02/2006 11:42:21 org.republic.ParseFileSheet checkReportLine
INFO: SelectFieldData
15/02/2006 11:42:21 org.republic.ParseFileSheet makeNewDataColumn
INFO: Output Data: 140 end: 142
15/02/2006 11:42:21 org.republic.ParseFileSheet makeNewDataColumn
INFO: Report Line: PO80099    2 RC43865  eve000   07/12/05 10   4034250-00120         100,000.00 EA     0.02252        2,252.00        2,252.00        225.20 no                                                                     no, Value Extracted: no 
15/02/2006 11:42:21 org.republic.ParseFileSheet checkReportLine
INFO: SelectFieldData
15/02/2006 11:42:21 org.republic.ParseFileSheet makeNewDataColumn
INFO: Output Data: 144 end: 151
15/02/2006 11:42:21 org.republic.ParseFileSheet makeNewDataColumn
INFO: Report Line: PO80099    2 RC43865  eve000   07/12/05 10   4034250-00120         100,000.00 EA     0.02252        2,252.00        2,252.00        225.20 no                                                                     no, Value Extracted:         
15/02/2006 11:42:21 org.republic.ParseFileSheet checkReportLine
INFO: SelectFieldData
15/02/2006 11:42:21 org.republic.ParseFileSheet makeNewDataColumn
INFO: Output Data: 153 end: 163
15/02/2006 11:42:21 org.republic.ParseFileSheet makeNewDataColumn
INFO: Report Line: PO80099    2 RC43865  eve000   07/12/05 10   4034250-00120         100,000.00 EA     0.02252        2,252.00        2,252.00        225.20 no                                                                     no, Value Extracted:            
15/02/2006 11:42:21 org.republic.ParseFileSheet checkReportLine
INFO: SelectFieldData
15/02/2006 11:42:21 org.republic.ParseFileSheet makeNewDataColumn
INFO: Output Data: 165 end: 179
15/02/2006 11:42:21 org.republic.ParseFileSheet makeNewDataColumn
INFO: Report Line: PO80099    2 RC43865  eve000   07/12/05 10   4034250-00120         100,000.00 EA     0.02252        2,252.00        2,252.00        225.20 no                                                                     no, Value Extracted:                
15/02/2006 11:42:21 org.republic.ParseFileSheet checkReportLine
INFO: SelectFieldData
15/02/2006 11:42:21 org.republic.ParseFileSheet makeNewDataColumn
INFO: Output Data: 181 end: 188
15/02/2006 11:42:21 org.republic.ParseFileSheet makeNewDataColumn
INFO: Report Line: PO80099    2 RC43865  eve000   07/12/05 10   4034250-00120         100,000.00 EA     0.02252        2,252.00        2,252.00        225.20 no                                                                     no, Value Extracted:         
15/02/2006 11:42:21 org.republic.ParseFileSheet checkReportLine
INFO: SelectFieldData
15/02/2006 11:42:21 org.republic.ParseFileSheet makeNewDataColumn
INFO: Output Data: 190 end: 207
15/02/2006 11:42:21 org.republic.ParseFileSheet makeNewDataColumn
INFO: Report Line: PO80099    2 RC43865  eve000   07/12/05 10   4034250-00120         100,000.00 EA     0.02252        2,252.00        2,252.00        225.20 no                                                                     no, Value Extracted:                   
15/02/2006 11:42:21 org.republic.ParseFileSheet checkReportLine
INFO: SelectFieldData
15/02/2006 11:42:21 org.republic.ParseFileSheet makeNewDataColumn
INFO: Output Data: 209 end: 209
15/02/2006 11:42:21 org.republic.ParseFileSheet makeNewDataColumn
INFO: Report Line: PO80099    2 RC43865  eve000   07/12/05 10   4034250-00120         100,000.00 EA     0.02252        2,252.00        2,252.00        225.20 no                                                                     no, Value Extracted:  
15/02/2006 11:42:21 org.republic.ParseFileSheet checkReportLine
INFO: SelectFieldData
15/02/2006 11:42:21 org.republic.ParseFileSheet makeNewDataColumn
INFO: Output Data: 211 end: 213
15/02/2006 11:42:21 org.republic.ParseFileSheet makeNewDataColumn
INFO: Report Line: PO80099    2 RC43865  eve000   07/12/05 10   4034250-00120         100,000.00 EA     0.02252        2,252.00        2,252.00        225.20 no                                                                     no, Value Extracted: no
15/02/2006 11:42:21 org.republic.ParseFileSheet parseInputFile
INFO: line:47 , line length() 212
15/02/2006 11:42:21 org.republic.ParseFileSheet parseInputFile
INFO: >>>>First char:80 new page?: false
15/02/2006 11:42:21 org.republic.ParseFileSheet parseInputFile
INFO: File Line:47, report page pos 47 , line:PO80099    2 RC43864  eve000   07/12/05 10   4034250-00120         100,000.00 EA     0.02252        2,252.00        2,252.00        225.20 no                                                                     no
15/02/2006 11:42:21 org.republic.ParseFileSheet checkReportLine
INFO: NewRowIf
15/02/2006 11:42:21 org.republic.ParseFileSheet ruleMatchesReportLine
INFO: comparing: 'PO80099 ' with '        '
15/02/2006 11:42:21 org.republic.ParseFileSheet ruleMatchesReportLine
INFO: not blank: true
15/02/2006 11:42:21 org.republic.ParseFileSheet ruleMatchesReportLine
INFO: not blank Len: '8'
15/02/2006 11:42:21 org.republic.ParseFileSheet checkReportLine
INFO: SelectFieldData
15/02/2006 11:42:21 org.republic.ParseFileSheet makeNewDataColumn
INFO: Output Data: 1 end: 8
15/02/2006 11:42:21 org.republic.ParseFileSheet makeNewDataColumn
INFO: Report Line: PO80099    2 RC43864  eve000   07/12/05 10   4034250-00120         100,000.00 EA     0.02252        2,252.00        2,252.00        225.20 no                                                                     no, Value Extracted: PO80099 
15/02/2006 11:42:21 org.republic.ParseFileSheet checkReportLine
INFO: SelectFieldData
15/02/2006 11:42:21 org.republic.ParseFileSheet makeNewDataColumn
INFO: Output Data: 10 end: 12
15/02/2006 11:42:21 org.republic.ParseFileSheet makeNewDataColumn
INFO: Report Line: PO80099    2 RC43864  eve000   07/12/05 10   4034250-00120         100,000.00 EA     0.02252        2,252.00        2,252.00        225.20 no                                                                     no, Value Extracted:   2
15/02/2006 11:42:21 org.republic.ParseFileSheet checkReportLine
INFO: SelectFieldData
15/02/2006 11:42:21 org.republic.ParseFileSheet makeNewDataColumn
INFO: Output Data: 14 end: 21
15/02/2006 11:42:21 org.republic.ParseFileSheet makeNewDataColumn
INFO: Report Line: PO80099    2 RC43864  eve000   07/12/05 10   4034250-00120         100,000.00 EA     0.02252        2,252.00        2,252.00        225.20 no                                                                     no, Value Extracted: RC43864 
15/02/2006 11:42:21 org.republic.ParseFileSheet checkReportLine
INFO: SelectFieldData
15/02/2006 11:42:21 org.republic.ParseFileSheet makeNewDataColumn
INFO: Output Data: 23 end: 30
15/02/2006 11:42:21 org.republic.ParseFileSheet makeNewDataColumn
INFO: Report Line: PO80099    2 RC43864  eve000   07/12/05 10   4034250-00120         100,000.00 EA     0.02252        2,252.00        2,252.00        225.20 no                                                                     no, Value Extracted: eve000  
15/02/2006 11:42:21 org.republic.ParseFileSheet checkReportLine
INFO: SelectFieldData
15/02/2006 11:42:21 org.republic.ParseFileSheet makeNewDataColumn
INFO: Output Data: 32 end: 39
15/02/2006 11:42:21 org.republic.ParseFileSheet makeNewDataColumn
INFO: Report Line: PO80099    2 RC43864  eve000   07/12/05 10   4034250-00120         100,000.00 EA     0.02252        2,252.00        2,252.00        225.20 no                                                                     no, Value Extracted: 07/12/05
15/02/2006 11:42:21 org.republic.ParseFileSheet checkReportLine
INFO: SelectFieldData
15/02/2006 11:42:21 org.republic.ParseFileSheet makeNewDataColumn
INFO: Output Data: 41 end: 44
15/02/2006 11:42:21 org.republic.ParseFileSheet makeNewDataColumn
INFO: Report Line: PO80099    2 RC43864  eve000   07/12/05 10   4034250-00120         100,000.00 EA     0.02252        2,252.00        2,252.00        225.20 no                                                                     no, Value Extracted: 10  
15/02/2006 11:42:21 org.republic.ParseFileSheet checkReportLine
INFO: SelectFieldData
15/02/2006 11:42:21 org.republic.ParseFileSheet makeNewDataColumn
INFO: Output Data: 46 end: 63
15/02/2006 11:42:21 org.republic.ParseFileSheet makeNewDataColumn
INFO: Report Line: PO80099    2 RC43864  eve000   07/12/05 10   4034250-00120         100,000.00 EA     0.02252        2,252.00        2,252.00        225.20 no                                                                     no, Value Extracted: 4034250-00120     
15/02/2006 11:42:21 org.republic.ParseFileSheet checkReportLine
INFO: SelectFieldData
15/02/2006 11:42:21 org.republic.ParseFileSheet makeNewDataColumn
INFO: Output Data: 65 end: 77
15/02/2006 11:42:21 org.republic.ParseFileSheet makeNewDataColumn
INFO: Report Line: PO80099    2 RC43864  eve000   07/12/05 10   4034250-00120         100,000.00 EA     0.02252        2,252.00        2,252.00        225.20 no                                                                     no, Value Extracted:    100,000.00
15/02/2006 11:42:21 org.republic.ParseFileSheet checkReportLine
INFO: SelectFieldData
15/02/2006 11:42:21 org.republic.ParseFileSheet makeNewDataColumn
INFO: Output Data: 79 end: 80
15/02/2006 11:42:21 org.republic.ParseFileSheet makeNewDataColumn
INFO: Report Line: PO80099    2 RC43864  eve000   07/12/05 10   4034250-00120         100,000.00 EA     0.02252        2,252.00        2,252.00        225.20 no                                                                     no, Value Extracted: EA
15/02/2006 11:42:21 org.republic.ParseFileSheet checkReportLine
INFO: SelectFieldData
15/02/2006 11:42:21 org.republic.ParseFileSheet makeNewDataColumn
INFO: Output Data: 82 end: 92
15/02/2006 11:42:21 org.republic.ParseFileSheet makeNewDataColumn
INFO: Report Line: PO80099    2 RC43864  eve000   07/12/05 10   4034250-00120         100,000.00 EA     0.02252        2,252.00        2,252.00        225.20 no                                                                     no, Value Extracted:     0.02252
15/02/2006 11:42:21 org.republic.ParseFileSheet checkReportLine
INFO: SelectFieldData
15/02/2006 11:42:21 org.republic.ParseFileSheet makeNewDataColumn
INFO: Output Data: 94 end: 108
15/02/2006 11:42:21 org.republic.ParseFileSheet makeNewDataColumn
INFO: Report Line: PO80099    2 RC43864  eve000   07/12/05 10   4034250-00120         100,000.00 EA     0.02252        2,252.00        2,252.00        225.20 no                                                                     no, Value Extracted:        2,252.00
15/02/2006 11:42:21 org.republic.ParseFileSheet checkReportLine
INFO: SelectFieldData
15/02/2006 11:42:21 org.republic.ParseFileSheet makeNewDataColumn
INFO: Output Data: 110 end: 124
15/02/2006 11:42:21 org.republic.ParseFileSheet makeNewDataColumn
INFO: Report Line: PO80099    2 RC43864  eve000   07/12/05 10   4034250-00120         100,000.00 EA     0.02252        2,252.00        2,252.00        225.20 no                                                                     no, Value Extracted:        2,252.00
15/02/2006 11:42:21 org.republic.ParseFileSheet checkReportLine
INFO: SelectFieldData
15/02/2006 11:42:21 org.republic.ParseFileSheet makeNewDataColumn
INFO: Output Data: 126 end: 138
15/02/2006 11:42:21 org.republic.ParseFileSheet makeNewDataColumn
INFO: Report Line: PO80099    2 RC43864  eve000   07/12/05 10   4034250-00120         100,000.00 EA     0.02252        2,252.00        2,252.00        225.20 no                                                                     no, Value Extracted:        225.20
15/02/2006 11:42:21 org.republic.ParseFileSheet checkReportLine
INFO: SelectFieldData
15/02/2006 11:42:21 org.republic.ParseFileSheet makeNewDataColumn
INFO: Output Data: 140 end: 142
15/02/2006 11:42:21 org.republic.ParseFileSheet makeNewDataColumn
INFO: Report Line: PO80099    2 RC43864  eve000   07/12/05 10   4034250-00120         100,000.00 EA     0.02252        2,252.00        2,252.00        225.20 no                                                                     no, Value Extracted: no 
15/02/2006 11:42:21 org.republic.ParseFileSheet checkReportLine
INFO: SelectFieldData
15/02/2006 11:42:21 org.republic.ParseFileSheet makeNewDataColumn
INFO: Output Data: 144 end: 151
15/02/2006 11:42:21 org.republic.ParseFileSheet makeNewDataColumn
INFO: Report Line: PO80099    2 RC43864  eve000   07/12/05 10   4034250-00120         100,000.00 EA     0.02252        2,252.00        2,252.00        225.20 no                                                                     no, Value Extracted:         
15/02/2006 11:42:21 org.republic.ParseFileSheet checkReportLine
INFO: SelectFieldData
15/02/2006 11:42:21 org.republic.ParseFileSheet makeNewDataColumn
INFO: Output Data: 153 end: 163
15/02/2006 11:42:21 org.republic.ParseFileSheet makeNewDataColumn
INFO: Report Line: PO80099    2 RC43864  eve000   07/12/05 10   4034250-00120         100,000.00 EA     0.02252        2,252.00        2,252.00        225.20 no                                                                     no, Value Extracted:            
15/02/2006 11:42:21 org.republic.ParseFileSheet checkReportLine
INFO: SelectFieldData
15/02/2006 11:42:21 org.republic.ParseFileSheet makeNewDataColumn
INFO: Output Data: 165 end: 179
15/02/2006 11:42:21 org.republic.ParseFileSheet makeNewDataColumn
INFO: Report Line: PO80099    2 RC43864  eve000   07/12/05 10   4034250-00120         100,000.00 EA     0.02252        2,252.00        2,252.00        225.20 no                                                                     no, Value Extracted:                
15/02/2006 11:42:21 org.republic.ParseFileSheet checkReportLine
INFO: SelectFieldData
15/02/2006 11:42:21 org.republic.ParseFileSheet makeNewDataColumn
INFO: Output Data: 181 end: 188
15/02/2006 11:42:21 org.republic.ParseFileSheet makeNewDataColumn
INFO: Report Line: PO80099    2 RC43864  eve000   07/12/05 10   4034250-00120         100,000.00 EA     0.02252        2,252.00        2,252.00        225.20 no                                                                     no, Value Extracted:         
15/02/2006 11:42:21 org.republic.ParseFileSheet checkReportLine
INFO: SelectFieldData
15/02/2006 11:42:21 org.republic.ParseFileSheet makeNewDataColumn
INFO: Output Data: 190 end: 207
15/02/2006 11:42:21 org.republic.ParseFileSheet makeNewDataColumn
INFO: Report Line: PO80099    2 RC43864  eve000   07/12/05 10   4034250-00120         100,000.00 EA     0.02252        2,252.00        2,252.00        225.20 no                                                                     no, Value Extracted:                   
15/02/2006 11:42:21 org.republic.ParseFileSheet checkReportLine
INFO: SelectFieldData
15/02/2006 11:42:21 org.republic.ParseFileSheet makeNewDataColumn
INFO: Output Data: 209 end: 209
15/02/2006 11:42:21 org.republic.ParseFileSheet makeNewDataColumn
INFO: Report Line: PO80099    2 RC43864  eve000   07/12/05 10   4034250-00120         100,000.00 EA     0.02252        2,252.00        2,252.00        225.20 no                                                                     no, Value Extracted:  
15/02/2006 11:42:21 org.republic.ParseFileSheet checkReportLine
INFO: SelectFieldData
15/02/2006 11:42:21 org.republic.ParseFileSheet makeNewDataColumn
INFO: Output Data: 211 end: 213
15/02/2006 11:42:21 org.republic.ParseFileSheet makeNewDataColumn
INFO: Report Line: PO80099    2 RC43864  eve000   07/12/05 10   4034250-00120         100,000.00 EA     0.02252        2,252.00        2,252.00        225.20 no                                                                     no, Value Extracted: no
15/02/2006 11:42:21 org.republic.ParseFileSheet parseInputFile
INFO: line:48 , line length() 212
15/02/2006 11:42:21 org.republic.ParseFileSheet parseInputFile
INFO: >>>>First char:80 new page?: false
15/02/2006 11:42:21 org.republic.ParseFileSheet parseInputFile
INFO: File Line:48, report page pos 48 , line:PO80101    1 RC43805  eve000   02/12/05 10   4056250-00100          80,000.00 EA       0.033        2,640.00        2,640.00        264.00 no                                                                     no
15/02/2006 11:42:21 org.republic.ParseFileSheet checkReportLine
INFO: NewRowIf
15/02/2006 11:42:21 org.republic.ParseFileSheet ruleMatchesReportLine
INFO: comparing: 'PO80101 ' with '        '
15/02/2006 11:42:21 org.republic.ParseFileSheet ruleMatchesReportLine
INFO: not blank: true
15/02/2006 11:42:21 org.republic.ParseFileSheet ruleMatchesReportLine
INFO: not blank Len: '8'
15/02/2006 11:42:21 org.republic.ParseFileSheet checkReportLine
INFO: SelectFieldData
15/02/2006 11:42:21 org.republic.ParseFileSheet makeNewDataColumn
INFO: Output Data: 1 end: 8
15/02/2006 11:42:21 org.republic.ParseFileSheet makeNewDataColumn
INFO: Report Line: PO80101    1 RC43805  eve000   02/12/05 10   4056250-00100          80,000.00 EA       0.033        2,640.00        2,640.00        264.00 no                                                                     no, Value Extracted: PO80101 
15/02/2006 11:42:21 org.republic.ParseFileSheet checkReportLine
INFO: SelectFieldData
15/02/2006 11:42:21 org.republic.ParseFileSheet makeNewDataColumn
INFO: Output Data: 10 end: 12
15/02/2006 11:42:21 org.republic.ParseFileSheet makeNewDataColumn
INFO: Report Line: PO80101    1 RC43805  eve000   02/12/05 10   4056250-00100          80,000.00 EA       0.033        2,640.00        2,640.00        264.00 no                                                                     no, Value Extracted:   1
15/02/2006 11:42:21 org.republic.ParseFileSheet checkReportLine
INFO: SelectFieldData
15/02/2006 11:42:21 org.republic.ParseFileSheet makeNewDataColumn
INFO: Output Data: 14 end: 21
15/02/2006 11:42:21 org.republic.ParseFileSheet makeNewDataColumn
INFO: Report Line: PO80101    1 RC43805  eve000   02/12/05 10   4056250-00100          80,000.00 EA       0.033        2,640.00        2,640.00        264.00 no                                                                     no, Value Extracted: RC43805 
15/02/2006 11:42:21 org.republic.ParseFileSheet checkReportLine
INFO: SelectFieldData
15/02/2006 11:42:21 org.republic.ParseFileSheet makeNewDataColumn
INFO: Output Data: 23 end: 30
15/02/2006 11:42:21 org.republic.ParseFileSheet makeNewDataColumn
INFO: Report Line: PO80101    1 RC43805  eve000   02/12/05 10   4056250-00100          80,000.00 EA       0.033        2,640.00        2,640.00        264.00 no                                                                     no, Value Extracted: eve000  
15/02/2006 11:42:21 org.republic.ParseFileSheet checkReportLine
INFO: SelectFieldData
15/02/2006 11:42:21 org.republic.ParseFileSheet makeNewDataColumn
INFO: Output Data: 32 end: 39
15/02/2006 11:42:21 org.republic.ParseFileSheet makeNewDataColumn
INFO: Report Line: PO80101    1 RC43805  eve000   02/12/05 10   4056250-00100          80,000.00 EA       0.033        2,640.00        2,640.00        264.00 no                                                                     no, Value Extracted: 02/12/05
15/02/2006 11:42:21 org.republic.ParseFileSheet checkReportLine
INFO: SelectFieldData
15/02/2006 11:42:21 org.republic.ParseFileSheet makeNewDataColumn
INFO: Output Data: 41 end: 44
15/02/2006 11:42:21 org.republic.ParseFileSheet makeNewDataColumn
INFO: Report Line: PO80101    1 RC43805  eve000   02/12/05 10   4056250-00100          80,000.00 EA       0.033        2,640.00        2,640.00        264.00 no                                                                     no, Value Extracted: 10  
15/02/2006 11:42:21 org.republic.ParseFileSheet checkReportLine
INFO: SelectFieldData
15/02/2006 11:42:21 org.republic.ParseFileSheet makeNewDataColumn
INFO: Output Data: 46 end: 63
15/02/2006 11:42:21 org.republic.ParseFileSheet makeNewDataColumn
INFO: Report Line: PO80101    1 RC43805  eve000   02/12/05 10   4056250-00100          80,000.00 EA       0.033        2,640.00        2,640.00        264.00 no                                                                     no, Value Extracted: 4056250-00100     
15/02/2006 11:42:21 org.republic.ParseFileSheet checkReportLine
INFO: SelectFieldData
15/02/2006 11:42:21 org.republic.ParseFileSheet makeNewDataColumn
INFO: Output Data: 65 end: 77
15/02/2006 11:42:21 org.republic.ParseFileSheet makeNewDataColumn
INFO: Report Line: PO80101    1 RC43805  eve000   02/12/05 10   4056250-00100          80,000.00 EA       0.033        2,640.00        2,640.00        264.00 no                                                                     no, Value Extracted:     80,000.00
15/02/2006 11:42:21 org.republic.ParseFileSheet checkReportLine
INFO: SelectFieldData
15/02/2006 11:42:21 org.republic.ParseFileSheet makeNewDataColumn
INFO: Output Data: 79 end: 80
15/02/2006 11:42:21 org.republic.ParseFileSheet makeNewDataColumn
INFO: Report Line: PO80101    1 RC43805  eve000   02/12/05 10   4056250-00100          80,000.00 EA       0.033        2,640.00        2,640.00        264.00 no                                                                     no, Value Extracted: EA
15/02/2006 11:42:21 org.republic.ParseFileSheet checkReportLine
INFO: SelectFieldData
15/02/2006 11:42:21 org.republic.ParseFileSheet makeNewDataColumn
INFO: Output Data: 82 end: 92
15/02/2006 11:42:21 org.republic.ParseFileSheet makeNewDataColumn
INFO: Report Line: PO80101    1 RC43805  eve000   02/12/05 10   4056250-00100          80,000.00 EA       0.033        2,640.00        2,640.00        264.00 no                                                                     no, Value Extracted:       0.033
15/02/2006 11:42:21 org.republic.ParseFileSheet checkReportLine
INFO: SelectFieldData
15/02/2006 11:42:21 org.republic.ParseFileSheet makeNewDataColumn
INFO: Output Data: 94 end: 108
15/02/2006 11:42:21 org.republic.ParseFileSheet makeNewDataColumn
INFO: Report Line: PO80101    1 RC43805  eve000   02/12/05 10   4056250-00100          80,000.00 EA       0.033        2,640.00        2,640.00        264.00 no                                                                     no, Value Extracted:        2,640.00
15/02/2006 11:42:21 org.republic.ParseFileSheet checkReportLine
INFO: SelectFieldData
15/02/2006 11:42:21 org.republic.ParseFileSheet makeNewDataColumn
INFO: Output Data: 110 end: 124
15/02/2006 11:42:21 org.republic.ParseFileSheet makeNewDataColumn
INFO: Report Line: PO80101    1 RC43805  eve000   02/12/05 10   4056250-00100          80,000.00 EA       0.033        2,640.00        2,640.00        264.00 no                                                                     no, Value Extracted:        2,640.00
15/02/2006 11:42:21 org.republic.ParseFileSheet checkReportLine
INFO: SelectFieldData
15/02/2006 11:42:21 org.republic.ParseFileSheet makeNewDataColumn
INFO: Output Data: 126 end: 138
15/02/2006 11:42:21 org.republic.ParseFileSheet makeNewDataColumn
INFO: Report Line: PO80101    1 RC43805  eve000   02/12/05 10   4056250-00100          80,000.00 EA       0.033        2,640.00        2,640.00        264.00 no                                                                     no, Value Extracted:        264.00
15/02/2006 11:42:21 org.republic.ParseFileSheet checkReportLine
INFO: SelectFieldData
15/02/2006 11:42:21 org.republic.ParseFileSheet makeNewDataColumn
INFO: Output Data: 140 end: 142
15/02/2006 11:42:21 org.republic.ParseFileSheet makeNewDataColumn
INFO: Report Line: PO80101    1 RC43805  eve000   02/12/05 10   4056250-00100          80,000.00 EA       0.033        2,640.00        2,640.00        264.00 no                                                                     no, Value Extracted: no 
15/02/2006 11:42:21 org.republic.ParseFileSheet checkReportLine
INFO: SelectFieldData
15/02/2006 11:42:21 org.republic.ParseFileSheet makeNewDataColumn
INFO: Output Data: 144 end: 151
15/02/2006 11:42:21 org.republic.ParseFileSheet makeNewDataColumn
INFO: Report Line: PO80101    1 RC43805  eve000   02/12/05 10   4056250-00100          80,000.00 EA       0.033        2,640.00        2,640.00        264.00 no                                                                     no, Value Extracted:         
15/02/2006 11:42:21 org.republic.ParseFileSheet checkReportLine
INFO: SelectFieldData
15/02/2006 11:42:21 org.republic.ParseFileSheet makeNewDataColumn
INFO: Output Data: 153 end: 163
15/02/2006 11:42:21 org.republic.ParseFileSheet makeNewDataColumn
INFO: Report Line: PO80101    1 RC43805  eve000   02/12/05 10   4056250-00100          80,000.00 EA       0.033        2,640.00        2,640.00        264.00 no                                                                     no, Value Extracted:            
15/02/2006 11:42:21 org.republic.ParseFileSheet checkReportLine
INFO: SelectFieldData
15/02/2006 11:42:21 org.republic.ParseFileSheet makeNewDataColumn
INFO: Output Data: 165 end: 179
15/02/2006 11:42:21 org.republic.ParseFileSheet makeNewDataColumn
INFO: Report Line: PO80101    1 RC43805  eve000   02/12/05 10   4056250-00100          80,000.00 EA       0.033        2,640.00        2,640.00        264.00 no                                                                     no, Value Extracted:                
15/02/2006 11:42:21 org.republic.ParseFileSheet checkReportLine
INFO: SelectFieldData
15/02/2006 11:42:21 org.republic.ParseFileSheet makeNewDataColumn
INFO: Output Data: 181 end: 188
15/02/2006 11:42:21 org.republic.ParseFileSheet makeNewDataColumn
INFO: Report Line: PO80101    1 RC43805  eve000   02/12/05 10   4056250-00100          80,000.00 EA       0.033        2,640.00        2,640.00        264.00 no                                                                     no, Value Extracted:         
15/02/2006 11:42:21 org.republic.ParseFileSheet checkReportLine
INFO: SelectFieldData
15/02/2006 11:42:21 org.republic.ParseFileSheet makeNewDataColumn
INFO: Output Data: 190 end: 207
15/02/2006 11:42:21 org.republic.ParseFileSheet makeNewDataColumn
INFO: Report Line: PO80101    1 RC43805  eve000   02/12/05 10   4056250-00100          80,000.00 EA       0.033        2,640.00        2,640.00        264.00 no                                                                     no, Value Extracted:                   
15/02/2006 11:42:21 org.republic.ParseFileSheet checkReportLine
INFO: SelectFieldData
15/02/2006 11:42:21 org.republic.ParseFileSheet makeNewDataColumn
INFO: Output Data: 209 end: 209
15/02/2006 11:42:21 org.republic.ParseFileSheet makeNewDataColumn
INFO: Report Line: PO80101    1 RC43805  eve000   02/12/05 10   4056250-00100          80,000.00 EA       0.033        2,640.00        2,640.00        264.00 no                                                                     no, Value Extracted:  
15/02/2006 11:42:21 org.republic.ParseFileSheet checkReportLine
INFO: SelectFieldData
15/02/2006 11:42:21 org.republic.ParseFileSheet makeNewDataColumn
INFO: Output Data: 211 end: 213
15/02/2006 11:42:21 org.republic.ParseFileSheet makeNewDataColumn
INFO: Report Line: PO80101    1 RC43805  eve000   02/12/05 10   4056250-00100          80,000.00 EA       0.033        2,640.00        2,640.00        264.00 no                                                                     no, Value Extracted: no
15/02/2006 11:42:21 org.republic.ParseFileSheet parseInputFile
INFO: line:49 , line length() 212
15/02/2006 11:42:21 org.republic.ParseFileSheet parseInputFile
INFO: >>>>First char:80 new page?: false
15/02/2006 11:42:21 org.republic.ParseFileSheet parseInputFile
INFO: File Line:49, report page pos 49 , line:PO80132    3 RC43731  ASA001   30/11/05 10   310-24830b23          150,000.00 EA       0.089       13,350.00       13,350.00      1,335.00 no                                                ASA-100503           no
15/02/2006 11:42:21 org.republic.ParseFileSheet checkReportLine
INFO: NewRowIf
15/02/2006 11:42:21 org.republic.ParseFileSheet ruleMatchesReportLine
INFO: comparing: 'PO80132 ' with '        '
15/02/2006 11:42:21 org.republic.ParseFileSheet ruleMatchesReportLine
INFO: not blank: true
15/02/2006 11:42:21 org.republic.ParseFileSheet ruleMatchesReportLine
INFO: not blank Len: '8'
15/02/2006 11:42:21 org.republic.ParseFileSheet checkReportLine
INFO: SelectFieldData
15/02/2006 11:42:21 org.republic.ParseFileSheet makeNewDataColumn
INFO: Output Data: 1 end: 8
15/02/2006 11:42:21 org.republic.ParseFileSheet makeNewDataColumn
INFO: Report Line: PO80132    3 RC43731  ASA001   30/11/05 10   310-24830b23          150,000.00 EA       0.089       13,350.00       13,350.00      1,335.00 no                                                ASA-100503           no, Value Extracted: PO80132 
15/02/2006 11:42:21 org.republic.ParseFileSheet checkReportLine
INFO: SelectFieldData
15/02/2006 11:42:21 org.republic.ParseFileSheet makeNewDataColumn
INFO: Output Data: 10 end: 12
15/02/2006 11:42:21 org.republic.ParseFileSheet makeNewDataColumn
INFO: Report Line: PO80132    3 RC43731  ASA001   30/11/05 10   310-24830b23          150,000.00 EA       0.089       13,350.00       13,350.00      1,335.00 no                                                ASA-100503           no, Value Extracted:   3
15/02/2006 11:42:21 org.republic.ParseFileSheet checkReportLine
INFO: SelectFieldData
15/02/2006 11:42:21 org.republic.ParseFileSheet makeNewDataColumn
INFO: Output Data: 14 end: 21
15/02/2006 11:42:21 org.republic.ParseFileSheet makeNewDataColumn
INFO: Report Line: PO80132    3 RC43731  ASA001   30/11/05 10   310-24830b23          150,000.00 EA       0.089       13,350.00       13,350.00      1,335.00 no                                                ASA-100503           no, Value Extracted: RC43731 
15/02/2006 11:42:21 org.republic.ParseFileSheet checkReportLine
INFO: SelectFieldData
15/02/2006 11:42:21 org.republic.ParseFileSheet makeNewDataColumn
INFO: Output Data: 23 end: 30
15/02/2006 11:42:21 org.republic.ParseFileSheet makeNewDataColumn
INFO: Report Line: PO80132    3 RC43731  ASA001   30/11/05 10   310-24830b23          150,000.00 EA       0.089       13,350.00       13,350.00      1,335.00 no                                                ASA-100503           no, Value Extracted: ASA001  
15/02/2006 11:42:21 org.republic.ParseFileSheet checkReportLine
INFO: SelectFieldData
15/02/2006 11:42:21 org.republic.ParseFileSheet makeNewDataColumn
INFO: Output Data: 32 end: 39
15/02/2006 11:42:21 org.republic.ParseFileSheet makeNewDataColumn
INFO: Report Line: PO80132    3 RC43731  ASA001   30/11/05 10   310-24830b23          150,000.00 EA       0.089       13,350.00       13,350.00      1,335.00 no                                                ASA-100503           no, Value Extracted: 30/11/05
15/02/2006 11:42:21 org.republic.ParseFileSheet checkReportLine
INFO: SelectFieldData
15/02/2006 11:42:21 org.republic.ParseFileSheet makeNewDataColumn
INFO: Output Data: 41 end: 44
15/02/2006 11:42:21 org.republic.ParseFileSheet makeNewDataColumn
INFO: Report Line: PO80132    3 RC43731  ASA001   30/11/05 10   310-24830b23          150,000.00 EA       0.089       13,350.00       13,350.00      1,335.00 no                                                ASA-100503           no, Value Extracted: 10  
15/02/2006 11:42:21 org.republic.ParseFileSheet checkReportLine
INFO: SelectFieldData
15/02/2006 11:42:21 org.republic.ParseFileSheet makeNewDataColumn
INFO: Output Data: 46 end: 63
15/02/2006 11:42:21 org.republic.ParseFileSheet makeNewDataColumn
INFO: Report Line: PO80132    3 RC43731  ASA001   30/11/05 10   310-24830b23          150,000.00 EA       0.089       13,350.00       13,350.00      1,335.00 no                                                ASA-100503           no, Value Extracted: 310-24830b23      
15/02/2006 11:42:21 org.republic.ParseFileSheet checkReportLine
INFO: SelectFieldData
15/02/2006 11:42:21 org.republic.ParseFileSheet makeNewDataColumn
INFO: Output Data: 65 end: 77
15/02/2006 11:42:21 org.republic.ParseFileSheet makeNewDataColumn
INFO: Report Line: PO80132    3 RC43731  ASA001   30/11/05 10   310-24830b23          150,000.00 EA       0.089       13,350.00       13,350.00      1,335.00 no                                                ASA-100503           no, Value Extracted:    150,000.00
15/02/2006 11:42:21 org.republic.ParseFileSheet checkReportLine
INFO: SelectFieldData
15/02/2006 11:42:21 org.republic.ParseFileSheet makeNewDataColumn
INFO: Output Data: 79 end: 80
15/02/2006 11:42:21 org.republic.ParseFileSheet makeNewDataColumn
INFO: Report Line: PO80132    3 RC43731  ASA001   30/11/05 10   310-24830b23          150,000.00 EA       0.089       13,350.00       13,350.00      1,335.00 no                                                ASA-100503           no, Value Extracted: EA
15/02/2006 11:42:21 org.republic.ParseFileSheet checkReportLine
INFO: SelectFieldData
15/02/2006 11:42:21 org.republic.ParseFileSheet makeNewDataColumn
INFO: Output Data: 82 end: 92
15/02/2006 11:42:21 org.republic.ParseFileSheet makeNewDataColumn
INFO: Report Line: PO80132    3 RC43731  ASA001   30/11/05 10   310-24830b23          150,000.00 EA       0.089       13,350.00       13,350.00      1,335.00 no                                                ASA-100503           no, Value Extracted:       0.089
15/02/2006 11:42:21 org.republic.ParseFileSheet checkReportLine
INFO: SelectFieldData
15/02/2006 11:42:21 org.republic.ParseFileSheet makeNewDataColumn
INFO: Output Data: 94 end: 108
15/02/2006 11:42:21 org.republic.ParseFileSheet makeNewDataColumn
INFO: Report Line: PO80132    3 RC43731  ASA001   30/11/05 10   310-24830b23          150,000.00 EA       0.089       13,350.00       13,350.00      1,335.00 no                                                ASA-100503           no, Value Extracted:       13,350.00
15/02/2006 11:42:21 org.republic.ParseFileSheet checkReportLine
INFO: SelectFieldData
15/02/2006 11:42:21 org.republic.ParseFileSheet makeNewDataColumn
INFO: Output Data: 110 end: 124
15/02/2006 11:42:21 org.republic.ParseFileSheet makeNewDataColumn
INFO: Report Line: PO80132    3 RC43731  ASA001   30/11/05 10   310-24830b23          150,000.00 EA       0.089       13,350.00       13,350.00      1,335.00 no                                                ASA-100503           no, Value Extracted:       13,350.00
15/02/2006 11:42:21 org.republic.ParseFileSheet checkReportLine
INFO: SelectFieldData
15/02/2006 11:42:21 org.republic.ParseFileSheet makeNewDataColumn
INFO: Output Data: 126 end: 138
15/02/2006 11:42:21 org.republic.ParseFileSheet makeNewDataColumn
INFO: Report Line: PO80132    3 RC43731  ASA001   30/11/05 10   310-24830b23          150,000.00 EA       0.089       13,350.00       13,350.00      1,335.00 no                                                ASA-100503           no, Value Extracted:      1,335.00
15/02/2006 11:42:21 org.republic.ParseFileSheet checkReportLine
INFO: SelectFieldData
15/02/2006 11:42:21 org.republic.ParseFileSheet makeNewDataColumn
INFO: Output Data: 140 end: 142
15/02/2006 11:42:21 org.republic.ParseFileSheet makeNewDataColumn
INFO: Report Line: PO80132    3 RC43731  ASA001   30/11/05 10   310-24830b23          150,000.00 EA       0.089       13,350.00       13,350.00      1,335.00 no                                                ASA-100503           no, Value Extracted: no 
15/02/2006 11:42:21 org.republic.ParseFileSheet checkReportLine
INFO: SelectFieldData
15/02/2006 11:42:21 org.republic.ParseFileSheet makeNewDataColumn
INFO: Output Data: 144 end: 151
15/02/2006 11:42:21 org.republic.ParseFileSheet makeNewDataColumn
INFO: Report Line: PO80132    3 RC43731  ASA001   30/11/05 10   310-24830b23          150,000.00 EA       0.089       13,350.00       13,350.00      1,335.00 no                                                ASA-100503           no, Value Extracted:         
15/02/2006 11:42:21 org.republic.ParseFileSheet checkReportLine
INFO: SelectFieldData
15/02/2006 11:42:21 org.republic.ParseFileSheet makeNewDataColumn
INFO: Output Data: 153 end: 163
15/02/2006 11:42:21 org.republic.ParseFileSheet makeNewDataColumn
INFO: Report Line: PO80132    3 RC43731  ASA001   30/11/05 10   310-24830b23          150,000.00 EA       0.089       13,350.00       13,350.00      1,335.00 no                                                ASA-100503           no, Value Extracted:            
15/02/2006 11:42:21 org.republic.ParseFileSheet checkReportLine
INFO: SelectFieldData
15/02/2006 11:42:21 org.republic.ParseFileSheet makeNewDataColumn
INFO: Output Data: 165 end: 179
15/02/2006 11:42:21 org.republic.ParseFileSheet makeNewDataColumn
INFO: Report Line: PO80132    3 RC43731  ASA001   30/11/05 10   310-24830b23          150,000.00 EA       0.089       13,350.00       13,350.00      1,335.00 no                                                ASA-100503           no, Value Extracted:                
15/02/2006 11:42:21 org.republic.ParseFileSheet checkReportLine
INFO: SelectFieldData
15/02/2006 11:42:21 org.republic.ParseFileSheet makeNewDataColumn
INFO: Output Data: 181 end: 188
15/02/2006 11:42:21 org.republic.ParseFileSheet makeNewDataColumn
INFO: Report Line: PO80132    3 RC43731  ASA001   30/11/05 10   310-24830b23          150,000.00 EA       0.089       13,350.00       13,350.00      1,335.00 no                                                ASA-100503           no, Value Extracted:         
15/02/2006 11:42:21 org.republic.ParseFileSheet checkReportLine
INFO: SelectFieldData
15/02/2006 11:42:21 org.republic.ParseFileSheet makeNewDataColumn
INFO: Output Data: 190 end: 207
15/02/2006 11:42:21 org.republic.ParseFileSheet makeNewDataColumn
INFO: Report Line: PO80132    3 RC43731  ASA001   30/11/05 10   310-24830b23          150,000.00 EA       0.089       13,350.00       13,350.00      1,335.00 no                                                ASA-100503           no, Value Extracted: ASA-100503        
15/02/2006 11:42:21 org.republic.ParseFileSheet checkReportLine
INFO: SelectFieldData
15/02/2006 11:42:21 org.republic.ParseFileSheet makeNewDataColumn
INFO: Output Data: 209 end: 209
15/02/2006 11:42:21 org.republic.ParseFileSheet makeNewDataColumn
INFO: Report Line: PO80132    3 RC43731  ASA001   30/11/05 10   310-24830b23          150,000.00 EA       0.089       13,350.00       13,350.00      1,335.00 no                                                ASA-100503           no, Value Extracted:  
15/02/2006 11:42:21 org.republic.ParseFileSheet checkReportLine
INFO: SelectFieldData
15/02/2006 11:42:21 org.republic.ParseFileSheet makeNewDataColumn
INFO: Output Data: 211 end: 213
15/02/2006 11:42:21 org.republic.ParseFileSheet makeNewDataColumn
INFO: Report Line: PO80132    3 RC43731  ASA001   30/11/05 10   310-24830b23          150,000.00 EA       0.089       13,350.00       13,350.00      1,335.00 no                                                ASA-100503           no, Value Extracted: no
15/02/2006 11:42:21 org.republic.ParseFileSheet parseInputFile
INFO: line:50 , line length() 212
15/02/2006 11:42:21 org.republic.ParseFileSheet parseInputFile
INFO: >>>>First char:80 new page?: false
15/02/2006 11:42:21 org.republic.ParseFileSheet parseInputFile
INFO: File Line:50, report page pos 50 , line:PO80132    4 RC43732  ASA001   30/11/05 10   310-24830b23          150,000.00 EA       0.089       13,350.00       13,350.00      1,335.00 no                                                ASA-100503           no
15/02/2006 11:42:21 org.republic.ParseFileSheet checkReportLine
INFO: NewRowIf
15/02/2006 11:42:21 org.republic.ParseFileSheet ruleMatchesReportLine
INFO: comparing: 'PO80132 ' with '        '
15/02/2006 11:42:21 org.republic.ParseFileSheet ruleMatchesReportLine
INFO: not blank: true
15/02/2006 11:42:21 org.republic.ParseFileSheet ruleMatchesReportLine
INFO: not blank Len: '8'
15/02/2006 11:42:21 org.republic.ParseFileSheet checkReportLine
INFO: SelectFieldData
15/02/2006 11:42:21 org.republic.ParseFileSheet makeNewDataColumn
INFO: Output Data: 1 end: 8
15/02/2006 11:42:21 org.republic.ParseFileSheet makeNewDataColumn
INFO: Report Line: PO80132    4 RC43732  ASA001   30/11/05 10   310-24830b23          150,000.00 EA       0.089       13,350.00       13,350.00      1,335.00 no                                                ASA-100503           no, Value Extracted: PO80132 
15/02/2006 11:42:21 org.republic.ParseFileSheet checkReportLine
INFO: SelectFieldData
15/02/2006 11:42:21 org.republic.ParseFileSheet makeNewDataColumn
INFO: Output Data: 10 end: 12
15/02/2006 11:42:21 org.republic.ParseFileSheet makeNewDataColumn
INFO: Report Line: PO80132    4 RC43732  ASA001   30/11/05 10   310-24830b23          150,000.00 EA       0.089       13,350.00       13,350.00      1,335.00 no                                                ASA-100503           no, Value Extracted:   4
15/02/2006 11:42:21 org.republic.ParseFileSheet checkReportLine
INFO: SelectFieldData
15/02/2006 11:42:21 org.republic.ParseFileSheet makeNewDataColumn
INFO: Output Data: 14 end: 21
15/02/2006 11:42:21 org.republic.ParseFileSheet makeNewDataColumn
INFO: Report Line: PO80132    4 RC43732  ASA001   30/11/05 10   310-24830b23          150,000.00 EA       0.089       13,350.00       13,350.00      1,335.00 no                                                ASA-100503           no, Value Extracted: RC43732 
15/02/2006 11:42:21 org.republic.ParseFileSheet checkReportLine
INFO: SelectFieldData
15/02/2006 11:42:21 org.republic.ParseFileSheet makeNewDataColumn
INFO: Output Data: 23 end: 30
15/02/2006 11:42:21 org.republic.ParseFileSheet makeNewDataColumn
INFO: Report Line: PO80132    4 RC43732  ASA001   30/11/05 10   310-24830b23          150,000.00 EA       0.089       13,350.00       13,350.00      1,335.00 no                                                ASA-100503           no, Value Extracted: ASA001  
15/02/2006 11:42:21 org.republic.ParseFileSheet checkReportLine
INFO: SelectFieldData
15/02/2006 11:42:21 org.republic.ParseFileSheet makeNewDataColumn
INFO: Output Data: 32 end: 39
15/02/2006 11:42:21 org.republic.ParseFileSheet makeNewDataColumn
INFO: Report Line: PO80132    4 RC43732  ASA001   30/11/05 10   310-24830b23          150,000.00 EA       0.089       13,350.00       13,350.00      1,335.00 no                                                ASA-100503           no, Value Extracted: 30/11/05
15/02/2006 11:42:21 org.republic.ParseFileSheet checkReportLine
INFO: SelectFieldData
15/02/2006 11:42:21 org.republic.ParseFileSheet makeNewDataColumn
INFO: Output Data: 41 end: 44
15/02/2006 11:42:21 org.republic.ParseFileSheet makeNewDataColumn
INFO: Report Line: PO80132    4 RC43732  ASA001   30/11/05 10   310-24830b23          150,000.00 EA       0.089       13,350.00       13,350.00      1,335.00 no                                                ASA-100503           no, Value Extracted: 10  
15/02/2006 11:42:21 org.republic.ParseFileSheet checkReportLine
INFO: SelectFieldData
15/02/2006 11:42:21 org.republic.ParseFileSheet makeNewDataColumn
INFO: Output Data: 46 end: 63
15/02/2006 11:42:21 org.republic.ParseFileSheet makeNewDataColumn
INFO: Report Line: PO80132    4 RC43732  ASA001   30/11/05 10   310-24830b23          150,000.00 EA       0.089       13,350.00       13,350.00      1,335.00 no                                                ASA-100503           no, Value Extracted: 310-24830b23      
15/02/2006 11:42:21 org.republic.ParseFileSheet checkReportLine
INFO: SelectFieldData
15/02/2006 11:42:21 org.republic.ParseFileSheet makeNewDataColumn
INFO: Output Data: 65 end: 77
15/02/2006 11:42:21 org.republic.ParseFileSheet makeNewDataColumn
INFO: Report Line: PO80132    4 RC43732  ASA001   30/11/05 10   310-24830b23          150,000.00 EA       0.089       13,350.00       13,350.00      1,335.00 no                                                ASA-100503           no, Value Extracted:    150,000.00
15/02/2006 11:42:21 org.republic.ParseFileSheet checkReportLine
INFO: SelectFieldData
15/02/2006 11:42:21 org.republic.ParseFileSheet makeNewDataColumn
INFO: Output Data: 79 end: 80
15/02/2006 11:42:21 org.republic.ParseFileSheet makeNewDataColumn
INFO: Report Line: PO80132    4 RC43732  ASA001   30/11/05 10   310-24830b23          150,000.00 EA       0.089       13,350.00       13,350.00      1,335.00 no                                                ASA-100503           no, Value Extracted: EA
15/02/2006 11:42:21 org.republic.ParseFileSheet checkReportLine
INFO: SelectFieldData
15/02/2006 11:42:21 org.republic.ParseFileSheet makeNewDataColumn
INFO: Output Data: 82 end: 92
15/02/2006 11:42:21 org.republic.ParseFileSheet makeNewDataColumn
INFO: Report Line: PO80132    4 RC43732  ASA001   30/11/05 10   310-24830b23          150,000.00 EA       0.089       13,350.00       13,350.00      1,335.00 no                                                ASA-100503           no, Value Extracted:       0.089
15/02/2006 11:42:21 org.republic.ParseFileSheet checkReportLine
INFO: SelectFieldData
15/02/2006 11:42:21 org.republic.ParseFileSheet makeNewDataColumn
INFO: Output Data: 94 end: 108
15/02/2006 11:42:21 org.republic.ParseFileSheet makeNewDataColumn
INFO: Report Line: PO80132    4 RC43732  ASA001   30/11/05 10   310-24830b23          150,000.00 EA       0.089       13,350.00       13,350.00      1,335.00 no                                                ASA-100503           no, Value Extracted:       13,350.00
15/02/2006 11:42:21 org.republic.ParseFileSheet checkReportLine
INFO: SelectFieldData
15/02/2006 11:42:21 org.republic.ParseFileSheet makeNewDataColumn
INFO: Output Data: 110 end: 124
15/02/2006 11:42:21 org.republic.ParseFileSheet makeNewDataColumn
INFO: Report Line: PO80132    4 RC43732  ASA001   30/11/05 10   310-24830b23          150,000.00 EA       0.089       13,350.00       13,350.00      1,335.00 no                                                ASA-100503           no, Value Extracted:       13,350.00
15/02/2006 11:42:21 org.republic.ParseFileSheet checkReportLine
INFO: SelectFieldData
15/02/2006 11:42:21 org.republic.ParseFileSheet makeNewDataColumn
INFO: Output Data: 126 end: 138
15/02/2006 11:42:21 org.republic.ParseFileSheet makeNewDataColumn
INFO: Report Line: PO80132    4 RC43732  ASA001   30/11/05 10   310-24830b23          150,000.00 EA       0.089       13,350.00       13,350.00      1,335.00 no                                                ASA-100503           no, Value Extracted:      1,335.00
15/02/2006 11:42:21 org.republic.ParseFileSheet checkReportLine
INFO: SelectFieldData
15/02/2006 11:42:21 org.republic.ParseFileSheet makeNewDataColumn
INFO: Output Data: 140 end: 142
15/02/2006 11:42:21 org.republic.ParseFileSheet makeNewDataColumn
INFO: Report Line: PO80132    4 RC43732  ASA001   30/11/05 10   310-24830b23          150,000.00 EA       0.089       13,350.00       13,350.00      1,335.00 no                                                ASA-100503           no, Value Extracted: no 
15/02/2006 11:42:21 org.republic.ParseFileSheet checkReportLine
INFO: SelectFieldData
15/02/2006 11:42:21 org.republic.ParseFileSheet makeNewDataColumn
INFO: Output Data: 144 end: 151
15/02/2006 11:42:21 org.republic.ParseFileSheet makeNewDataColumn
INFO: Report Line: PO80132    4 RC43732  ASA001   30/11/05 10   310-24830b23          150,000.00 EA       0.089       13,350.00       13,350.00      1,335.00 no                                                ASA-100503           no, Value Extracted:         
15/02/2006 11:42:21 org.republic.ParseFileSheet checkReportLine
INFO: SelectFieldData
15/02/2006 11:42:21 org.republic.ParseFileSheet makeNewDataColumn
INFO: Output Data: 153 end: 163
15/02/2006 11:42:21 org.republic.ParseFileSheet makeNewDataColumn
INFO: Report Line: PO80132    4 RC43732  ASA001   30/11/05 10   310-24830b23          150,000.00 EA       0.089       13,350.00       13,350.00      1,335.00 no                                                ASA-100503           no, Value Extracted:            
15/02/2006 11:42:21 org.republic.ParseFileSheet checkReportLine
INFO: SelectFieldData
15/02/2006 11:42:21 org.republic.ParseFileSheet makeNewDataColumn
INFO: Output Data: 165 end: 179
15/02/2006 11:42:21 org.republic.ParseFileSheet makeNewDataColumn
INFO: Report Line: PO80132    4 RC43732  ASA001   30/11/05 10   310-24830b23          150,000.00 EA       0.089       13,350.00       13,350.00      1,335.00 no                                                ASA-100503           no, Value Extracted:                
15/02/2006 11:42:21 org.republic.ParseFileSheet checkReportLine
INFO: SelectFieldData
15/02/2006 11:42:21 org.republic.ParseFileSheet makeNewDataColumn
INFO: Output Data: 181 end: 188
15/02/2006 11:42:21 org.republic.ParseFileSheet makeNewDataColumn
INFO: Report Line: PO80132    4 RC43732  ASA001   30/11/05 10   310-24830b23          150,000.00 EA       0.089       13,350.00       13,350.00      1,335.00 no                                                ASA-100503           no, Value Extracted:         
15/02/2006 11:42:21 org.republic.ParseFileSheet checkReportLine
INFO: SelectFieldData
15/02/2006 11:42:21 org.republic.ParseFileSheet makeNewDataColumn
INFO: Output Data: 190 end: 207
15/02/2006 11:42:21 org.republic.ParseFileSheet makeNewDataColumn
INFO: Report Line: PO80132    4 RC43732  ASA001   30/11/05 10   310-24830b23          150,000.00 EA       0.089       13,350.00       13,350.00      1,335.00 no                                                ASA-100503           no, Value Extracted: ASA-100503        
15/02/2006 11:42:21 org.republic.ParseFileSheet checkReportLine
INFO: SelectFieldData
15/02/2006 11:42:21 org.republic.ParseFileSheet makeNewDataColumn
INFO: Output Data: 209 end: 209
15/02/2006 11:42:21 org.republic.ParseFileSheet makeNewDataColumn
INFO: Report Line: PO80132    4 RC43732  ASA001   30/11/05 10   310-24830b23          150,000.00 EA       0.089       13,350.00       13,350.00      1,335.00 no                                                ASA-100503           no, Value Extracted:  
15/02/2006 11:42:21 org.republic.ParseFileSheet checkReportLine
INFO: SelectFieldData
15/02/2006 11:42:21 org.republic.ParseFileSheet makeNewDataColumn
INFO: Output Data: 211 end: 213
15/02/2006 11:42:21 org.republic.ParseFileSheet makeNewDataColumn
INFO: Report Line: PO80132    4 RC43732  ASA001   30/11/05 10   310-24830b23          150,000.00 EA       0.089       13,350.00       13,350.00      1,335.00 no                                                ASA-100503           no, Value Extracted: no
15/02/2006 11:42:21 org.republic.ParseFileSheet parseInputFile
INFO: line:51 , line length() 212
15/02/2006 11:42:21 org.republic.ParseFileSheet parseInputFile
INFO: >>>>First char:80 new page?: false
15/02/2006 11:42:21 org.republic.ParseFileSheet parseInputFile
INFO: File Line:51, report page pos 51 , line:PO80135    1 RC43962  LIV000   12/12/05 11   HNH198130                   1.00 ea      233.00          233.00          233.00         23.30 no                                       CW06055                       no
15/02/2006 11:42:21 org.republic.ParseFileSheet checkReportLine
INFO: NewRowIf
15/02/2006 11:42:21 org.republic.ParseFileSheet ruleMatchesReportLine
INFO: comparing: 'PO80135 ' with '        '
15/02/2006 11:42:21 org.republic.ParseFileSheet ruleMatchesReportLine
INFO: not blank: true
15/02/2006 11:42:21 org.republic.ParseFileSheet ruleMatchesReportLine
INFO: not blank Len: '8'
15/02/2006 11:42:21 org.republic.ParseFileSheet checkReportLine
INFO: SelectFieldData
15/02/2006 11:42:21 org.republic.ParseFileSheet makeNewDataColumn
INFO: Output Data: 1 end: 8
15/02/2006 11:42:21 org.republic.ParseFileSheet makeNewDataColumn
INFO: Report Line: PO80135    1 RC43962  LIV000   12/12/05 11   HNH198130                   1.00 ea      233.00          233.00          233.00         23.30 no                                       CW06055                       no, Value Extracted: PO80135 
15/02/2006 11:42:21 org.republic.ParseFileSheet checkReportLine
INFO: SelectFieldData
15/02/2006 11:42:21 org.republic.ParseFileSheet makeNewDataColumn
INFO: Output Data: 10 end: 12
15/02/2006 11:42:21 org.republic.ParseFileSheet makeNewDataColumn
INFO: Report Line: PO80135    1 RC43962  LIV000   12/12/05 11   HNH198130                   1.00 ea      233.00          233.00          233.00         23.30 no                                       CW06055                       no, Value Extracted:   1
15/02/2006 11:42:21 org.republic.ParseFileSheet checkReportLine
INFO: SelectFieldData
15/02/2006 11:42:21 org.republic.ParseFileSheet makeNewDataColumn
INFO: Output Data: 14 end: 21
15/02/2006 11:42:21 org.republic.ParseFileSheet makeNewDataColumn
INFO: Report Line: PO80135    1 RC43962  LIV000   12/12/05 11   HNH198130                   1.00 ea      233.00          233.00          233.00         23.30 no                                       CW06055                       no, Value Extracted: RC43962 
15/02/2006 11:42:21 org.republic.ParseFileSheet checkReportLine
INFO: SelectFieldData
15/02/2006 11:42:21 org.republic.ParseFileSheet makeNewDataColumn
INFO: Output Data: 23 end: 30
15/02/2006 11:42:21 org.republic.ParseFileSheet makeNewDataColumn
INFO: Report Line: PO80135    1 RC43962  LIV000   12/12/05 11   HNH198130                   1.00 ea      233.00          233.00          233.00         23.30 no                                       CW06055                       no, Value Extracted: LIV000  
15/02/2006 11:42:21 org.republic.ParseFileSheet checkReportLine
INFO: SelectFieldData
15/02/2006 11:42:21 org.republic.ParseFileSheet makeNewDataColumn
INFO: Output Data: 32 end: 39
15/02/2006 11:42:21 org.republic.ParseFileSheet makeNewDataColumn
INFO: Report Line: PO80135    1 RC43962  LIV000   12/12/05 11   HNH198130                   1.00 ea      233.00          233.00          233.00         23.30 no                                       CW06055                       no, Value Extracted: 12/12/05
15/02/2006 11:42:21 org.republic.ParseFileSheet checkReportLine
INFO: SelectFieldData
15/02/2006 11:42:21 org.republic.ParseFileSheet makeNewDataColumn
INFO: Output Data: 41 end: 44
15/02/2006 11:42:21 org.republic.ParseFileSheet makeNewDataColumn
INFO: Report Line: PO80135    1 RC43962  LIV000   12/12/05 11   HNH198130                   1.00 ea      233.00          233.00          233.00         23.30 no                                       CW06055                       no, Value Extracted: 11  
15/02/2006 11:42:21 org.republic.ParseFileSheet checkReportLine
INFO: SelectFieldData
15/02/2006 11:42:21 org.republic.ParseFileSheet makeNewDataColumn
INFO: Output Data: 46 end: 63
15/02/2006 11:42:21 org.republic.ParseFileSheet makeNewDataColumn
INFO: Report Line: PO80135    1 RC43962  LIV000   12/12/05 11   HNH198130                   1.00 ea      233.00          233.00          233.00         23.30 no                                       CW06055                       no, Value Extracted: HNH198130         
15/02/2006 11:42:21 org.republic.ParseFileSheet checkReportLine
INFO: SelectFieldData
15/02/2006 11:42:21 org.republic.ParseFileSheet makeNewDataColumn
INFO: Output Data: 65 end: 77
15/02/2006 11:42:21 org.republic.ParseFileSheet makeNewDataColumn
INFO: Report Line: PO80135    1 RC43962  LIV000   12/12/05 11   HNH198130                   1.00 ea      233.00          233.00          233.00         23.30 no                                       CW06055                       no, Value Extracted:          1.00
15/02/2006 11:42:21 org.republic.ParseFileSheet checkReportLine
INFO: SelectFieldData
15/02/2006 11:42:21 org.republic.ParseFileSheet makeNewDataColumn
INFO: Output Data: 79 end: 80
15/02/2006 11:42:21 org.republic.ParseFileSheet makeNewDataColumn
INFO: Report Line: PO80135    1 RC43962  LIV000   12/12/05 11   HNH198130                   1.00 ea      233.00          233.00          233.00         23.30 no                                       CW06055                       no, Value Extracted: ea
15/02/2006 11:42:21 org.republic.ParseFileSheet checkReportLine
INFO: SelectFieldData
15/02/2006 11:42:21 org.republic.ParseFileSheet makeNewDataColumn
INFO: Output Data: 82 end: 92
15/02/2006 11:42:21 org.republic.ParseFileSheet makeNewDataColumn
INFO: Report Line: PO80135    1 RC43962  LIV000   12/12/05 11   HNH198130                   1.00 ea      233.00          233.00          233.00         23.30 no                                       CW06055                       no, Value Extracted:      233.00
15/02/2006 11:42:21 org.republic.ParseFileSheet checkReportLine
INFO: SelectFieldData
15/02/2006 11:42:21 org.republic.ParseFileSheet makeNewDataColumn
INFO: Output Data: 94 end: 108
15/02/2006 11:42:21 org.republic.ParseFileSheet makeNewDataColumn
INFO: Report Line: PO80135    1 RC43962  LIV000   12/12/05 11   HNH198130                   1.00 ea      233.00          233.00          233.00         23.30 no                                       CW06055                       no, Value Extracted:          233.00
15/02/2006 11:42:21 org.republic.ParseFileSheet checkReportLine
INFO: SelectFieldData
15/02/2006 11:42:21 org.republic.ParseFileSheet makeNewDataColumn
INFO: Output Data: 110 end: 124
15/02/2006 11:42:21 org.republic.ParseFileSheet makeNewDataColumn
INFO: Report Line: PO80135    1 RC43962  LIV000   12/12/05 11   HNH198130                   1.00 ea      233.00          233.00          233.00         23.30 no                                       CW06055                       no, Value Extracted:          233.00
15/02/2006 11:42:21 org.republic.ParseFileSheet checkReportLine
INFO: SelectFieldData
15/02/2006 11:42:21 org.republic.ParseFileSheet makeNewDataColumn
INFO: Output Data: 126 end: 138
15/02/2006 11:42:21 org.republic.ParseFileSheet makeNewDataColumn
INFO: Report Line: PO80135    1 RC43962  LIV000   12/12/05 11   HNH198130                   1.00 ea      233.00          233.00          233.00         23.30 no                                       CW06055                       no, Value Extracted:         23.30
15/02/2006 11:42:21 org.republic.ParseFileSheet checkReportLine
INFO: SelectFieldData
15/02/2006 11:42:21 org.republic.ParseFileSheet makeNewDataColumn
INFO: Output Data: 140 end: 142
15/02/2006 11:42:21 org.republic.ParseFileSheet makeNewDataColumn
INFO: Report Line: PO80135    1 RC43962  LIV000   12/12/05 11   HNH198130                   1.00 ea      233.00          233.00          233.00         23.30 no                                       CW06055                       no, Value Extracted: no 
15/02/2006 11:42:21 org.republic.ParseFileSheet checkReportLine
INFO: SelectFieldData
15/02/2006 11:42:21 org.republic.ParseFileSheet makeNewDataColumn
INFO: Output Data: 144 end: 151
15/02/2006 11:42:21 org.republic.ParseFileSheet makeNewDataColumn
INFO: Report Line: PO80135    1 RC43962  LIV000   12/12/05 11   HNH198130                   1.00 ea      233.00          233.00          233.00         23.30 no                                       CW06055                       no, Value Extracted:         
15/02/2006 11:42:21 org.republic.ParseFileSheet checkReportLine
INFO: SelectFieldData
15/02/2006 11:42:21 org.republic.ParseFileSheet makeNewDataColumn
INFO: Output Data: 153 end: 163
15/02/2006 11:42:21 org.republic.ParseFileSheet makeNewDataColumn
INFO: Report Line: PO80135    1 RC43962  LIV000   12/12/05 11   HNH198130                   1.00 ea      233.00          233.00          233.00         23.30 no                                       CW06055                       no, Value Extracted:            
15/02/2006 11:42:21 org.republic.ParseFileSheet checkReportLine
INFO: SelectFieldData
15/02/2006 11:42:21 org.republic.ParseFileSheet makeNewDataColumn
INFO: Output Data: 165 end: 179
15/02/2006 11:42:21 org.republic.ParseFileSheet makeNewDataColumn
INFO: Report Line: PO80135    1 RC43962  LIV000   12/12/05 11   HNH198130                   1.00 ea      233.00          233.00          233.00         23.30 no                                       CW06055                       no, Value Extracted:                
15/02/2006 11:42:21 org.republic.ParseFileSheet checkReportLine
INFO: SelectFieldData
15/02/2006 11:42:21 org.republic.ParseFileSheet makeNewDataColumn
INFO: Output Data: 181 end: 188
15/02/2006 11:42:21 org.republic.ParseFileSheet makeNewDataColumn
INFO: Report Line: PO80135    1 RC43962  LIV000   12/12/05 11   HNH198130                   1.00 ea      233.00          233.00          233.00         23.30 no                                       CW06055                       no, Value Extracted: CW06055 
15/02/2006 11:42:21 org.republic.ParseFileSheet checkReportLine
INFO: SelectFieldData
15/02/2006 11:42:21 org.republic.ParseFileSheet makeNewDataColumn
INFO: Output Data: 190 end: 207
15/02/2006 11:42:21 org.republic.ParseFileSheet makeNewDataColumn
INFO: Report Line: PO80135    1 RC43962  LIV000   12/12/05 11   HNH198130                   1.00 ea      233.00          233.00          233.00         23.30 no                                       CW06055                       no, Value Extracted:                   
15/02/2006 11:42:21 org.republic.ParseFileSheet checkReportLine
INFO: SelectFieldData
15/02/2006 11:42:21 org.republic.ParseFileSheet makeNewDataColumn
INFO: Output Data: 209 end: 209
15/02/2006 11:42:21 org.republic.ParseFileSheet makeNewDataColumn
INFO: Report Line: PO80135    1 RC43962  LIV000   12/12/05 11   HNH198130                   1.00 ea      233.00          233.00          233.00         23.30 no                                       CW06055                       no, Value Extracted:  
15/02/2006 11:42:21 org.republic.ParseFileSheet checkReportLine
INFO: SelectFieldData
15/02/2006 11:42:21 org.republic.ParseFileSheet makeNewDataColumn
INFO: Output Data: 211 end: 213
15/02/2006 11:42:21 org.republic.ParseFileSheet makeNewDataColumn
INFO: Report Line: PO80135    1 RC43962  LIV000   12/12/05 11   HNH198130                   1.00 ea      233.00          233.00          233.00         23.30 no                                       CW06055                       no, Value Extracted: no
15/02/2006 11:42:21 org.republic.ParseFileSheet parseInputFile
INFO: line:52 , line length() 212
15/02/2006 11:42:21 org.republic.ParseFileSheet parseInputFile
INFO: >>>>First char:80 new page?: false
15/02/2006 11:42:21 org.republic.ParseFileSheet parseInputFile
INFO: File Line:52, report page pos 52 , line:PO80135    2 RC43962  LIV000   12/12/05 11   Freight                     1.00 ea       35.00           35.00           35.00          3.50 no                                       CW06055                       no
15/02/2006 11:42:21 org.republic.ParseFileSheet checkReportLine
INFO: NewRowIf
15/02/2006 11:42:21 org.republic.ParseFileSheet ruleMatchesReportLine
INFO: comparing: 'PO80135 ' with '        '
15/02/2006 11:42:21 org.republic.ParseFileSheet ruleMatchesReportLine
INFO: not blank: true
15/02/2006 11:42:21 org.republic.ParseFileSheet ruleMatchesReportLine
INFO: not blank Len: '8'
15/02/2006 11:42:21 org.republic.ParseFileSheet checkReportLine
INFO: SelectFieldData
15/02/2006 11:42:21 org.republic.ParseFileSheet makeNewDataColumn
INFO: Output Data: 1 end: 8
15/02/2006 11:42:21 org.republic.ParseFileSheet makeNewDataColumn
INFO: Report Line: PO80135    2 RC43962  LIV000   12/12/05 11   Freight                     1.00 ea       35.00           35.00           35.00          3.50 no                                       CW06055                       no, Value Extracted: PO80135 
15/02/2006 11:42:21 org.republic.ParseFileSheet checkReportLine
INFO: SelectFieldData
15/02/2006 11:42:21 org.republic.ParseFileSheet makeNewDataColumn
INFO: Output Data: 10 end: 12
15/02/2006 11:42:21 org.republic.ParseFileSheet makeNewDataColumn
INFO: Report Line: PO80135    2 RC43962  LIV000   12/12/05 11   Freight                     1.00 ea       35.00           35.00           35.00          3.50 no                                       CW06055                       no, Value Extracted:   2
15/02/2006 11:42:21 org.republic.ParseFileSheet checkReportLine
INFO: SelectFieldData
15/02/2006 11:42:21 org.republic.ParseFileSheet makeNewDataColumn
INFO: Output Data: 14 end: 21
15/02/2006 11:42:21 org.republic.ParseFileSheet makeNewDataColumn
INFO: Report Line: PO80135    2 RC43962  LIV000   12/12/05 11   Freight                     1.00 ea       35.00           35.00           35.00          3.50 no                                       CW06055                       no, Value Extracted: RC43962 
15/02/2006 11:42:21 org.republic.ParseFileSheet checkReportLine
INFO: SelectFieldData
15/02/2006 11:42:21 org.republic.ParseFileSheet makeNewDataColumn
INFO: Output Data: 23 end: 30
15/02/2006 11:42:21 org.republic.ParseFileSheet makeNewDataColumn
INFO: Report Line: PO80135    2 RC43962  LIV000   12/12/05 11   Freight                     1.00 ea       35.00           35.00           35.00          3.50 no                                       CW06055                       no, Value Extracted: LIV000  
15/02/2006 11:42:21 org.republic.ParseFileSheet checkReportLine
INFO: SelectFieldData
15/02/2006 11:42:21 org.republic.ParseFileSheet makeNewDataColumn
INFO: Output Data: 32 end: 39
15/02/2006 11:42:21 org.republic.ParseFileSheet makeNewDataColumn
INFO: Report Line: PO80135    2 RC43962  LIV000   12/12/05 11   Freight                     1.00 ea       35.00           35.00           35.00          3.50 no                                       CW06055                       no, Value Extracted: 12/12/05
15/02/2006 11:42:21 org.republic.ParseFileSheet checkReportLine
INFO: SelectFieldData
15/02/2006 11:42:21 org.republic.ParseFileSheet makeNewDataColumn
INFO: Output Data: 41 end: 44
15/02/2006 11:42:21 org.republic.ParseFileSheet makeNewDataColumn
INFO: Report Line: PO80135    2 RC43962  LIV000   12/12/05 11   Freight                     1.00 ea       35.00           35.00           35.00          3.50 no                                       CW06055                       no, Value Extracted: 11  
15/02/2006 11:42:21 org.republic.ParseFileSheet checkReportLine
INFO: SelectFieldData
15/02/2006 11:42:21 org.republic.ParseFileSheet makeNewDataColumn
INFO: Output Data: 46 end: 63
15/02/2006 11:42:21 org.republic.ParseFileSheet makeNewDataColumn
INFO: Report Line: PO80135    2 RC43962  LIV000   12/12/05 11   Freight                     1.00 ea       35.00           35.00           35.00          3.50 no                                       CW06055                       no, Value Extracted: Freight           
15/02/2006 11:42:21 org.republic.ParseFileSheet checkReportLine
INFO: SelectFieldData
15/02/2006 11:42:21 org.republic.ParseFileSheet makeNewDataColumn
INFO: Output Data: 65 end: 77
15/02/2006 11:42:21 org.republic.ParseFileSheet makeNewDataColumn
INFO: Report Line: PO80135    2 RC43962  LIV000   12/12/05 11   Freight                     1.00 ea       35.00           35.00           35.00          3.50 no                                       CW06055                       no, Value Extracted:          1.00
15/02/2006 11:42:21 org.republic.ParseFileSheet checkReportLine
INFO: SelectFieldData
15/02/2006 11:42:21 org.republic.ParseFileSheet makeNewDataColumn
INFO: Output Data: 79 end: 80
15/02/2006 11:42:21 org.republic.ParseFileSheet makeNewDataColumn
INFO: Report Line: PO80135    2 RC43962  LIV000   12/12/05 11   Freight                     1.00 ea       35.00           35.00           35.00          3.50 no                                       CW06055                       no, Value Extracted: ea
15/02/2006 11:42:21 org.republic.ParseFileSheet checkReportLine
INFO: SelectFieldData
15/02/2006 11:42:21 org.republic.ParseFileSheet makeNewDataColumn
INFO: Output Data: 82 end: 92
15/02/2006 11:42:21 org.republic.ParseFileSheet makeNewDataColumn
INFO: Report Line: PO80135    2 RC43962  LIV000   12/12/05 11   Freight                     1.00 ea       35.00           35.00           35.00          3.50 no                                       CW06055                       no, Value Extracted:       35.00
15/02/2006 11:42:21 org.republic.ParseFileSheet checkReportLine
INFO: SelectFieldData
15/02/2006 11:42:21 org.republic.ParseFileSheet makeNewDataColumn
INFO: Output Data: 94 end: 108
15/02/2006 11:42:21 org.republic.ParseFileSheet makeNewDataColumn
INFO: Report Line: PO80135    2 RC43962  LIV000   12/12/05 11   Freight                     1.00 ea       35.00           35.00           35.00          3.50 no                                       CW06055                       no, Value Extracted:           35.00
15/02/2006 11:42:21 org.republic.ParseFileSheet checkReportLine
INFO: SelectFieldData
15/02/2006 11:42:21 org.republic.ParseFileSheet makeNewDataColumn
INFO: Output Data: 110 end: 124
15/02/2006 11:42:21 org.republic.ParseFileSheet makeNewDataColumn
INFO: Report Line: PO80135    2 RC43962  LIV000   12/12/05 11   Freight                     1.00 ea       35.00           35.00           35.00          3.50 no                                       CW06055                       no, Value Extracted:           35.00
15/02/2006 11:42:21 org.republic.ParseFileSheet checkReportLine
INFO: SelectFieldData
15/02/2006 11:42:21 org.republic.ParseFileSheet makeNewDataColumn
INFO: Output Data: 126 end: 138
15/02/2006 11:42:21 org.republic.ParseFileSheet makeNewDataColumn
INFO: Report Line: PO80135    2 RC43962  LIV000   12/12/05 11   Freight                     1.00 ea       35.00           35.00           35.00          3.50 no                                       CW06055                       no, Value Extracted:          3.50
15/02/2006 11:42:21 org.republic.ParseFileSheet checkReportLine
INFO: SelectFieldData
15/02/2006 11:42:21 org.republic.ParseFileSheet makeNewDataColumn
INFO: Output Data: 140 end: 142
15/02/2006 11:42:21 org.republic.ParseFileSheet makeNewDataColumn
INFO: Report Line: PO80135    2 RC43962  LIV000   12/12/05 11   Freight                     1.00 ea       35.00           35.00           35.00          3.50 no                                       CW06055                       no, Value Extracted: no 
15/02/2006 11:42:21 org.republic.ParseFileSheet checkReportLine
INFO: SelectFieldData
15/02/2006 11:42:21 org.republic.ParseFileSheet makeNewDataColumn
INFO: Output Data: 144 end: 151
15/02/2006 11:42:21 org.republic.ParseFileSheet makeNewDataColumn
INFO: Report Line: PO80135    2 RC43962  LIV000   12/12/05 11   Freight                     1.00 ea       35.00           35.00           35.00          3.50 no                                       CW06055                       no, Value Extracted:         
15/02/2006 11:42:21 org.republic.ParseFileSheet checkReportLine
INFO: SelectFieldData
15/02/2006 11:42:21 org.republic.ParseFileSheet makeNewDataColumn
INFO: Output Data: 153 end: 163
15/02/2006 11:42:21 org.republic.ParseFileSheet makeNewDataColumn
INFO: Report Line: PO80135    2 RC43962  LIV000   12/12/05 11   Freight                     1.00 ea       35.00           35.00           35.00          3.50 no                                       CW06055                       no, Value Extracted:            
15/02/2006 11:42:21 org.republic.ParseFileSheet checkReportLine
INFO: SelectFieldData
15/02/2006 11:42:21 org.republic.ParseFileSheet makeNewDataColumn
INFO: Output Data: 165 end: 179
15/02/2006 11:42:21 org.republic.ParseFileSheet makeNewDataColumn
INFO: Report Line: PO80135    2 RC43962  LIV000   12/12/05 11   Freight                     1.00 ea       35.00           35.00           35.00          3.50 no                                       CW06055                       no, Value Extracted:                
15/02/2006 11:42:21 org.republic.ParseFileSheet checkReportLine
INFO: SelectFieldData
15/02/2006 11:42:21 org.republic.ParseFileSheet makeNewDataColumn
INFO: Output Data: 181 end: 188
15/02/2006 11:42:21 org.republic.ParseFileSheet makeNewDataColumn
INFO: Report Line: PO80135    2 RC43962  LIV000   12/12/05 11   Freight                     1.00 ea       35.00           35.00           35.00          3.50 no                                       CW06055                       no, Value Extracted: CW06055 
15/02/2006 11:42:21 org.republic.ParseFileSheet checkReportLine
INFO: SelectFieldData
15/02/2006 11:42:21 org.republic.ParseFileSheet makeNewDataColumn
INFO: Output Data: 190 end: 207
15/02/2006 11:42:21 org.republic.ParseFileSheet makeNewDataColumn
INFO: Report Line: PO80135    2 RC43962  LIV000   12/12/05 11   Freight                     1.00 ea       35.00           35.00           35.00          3.50 no                                       CW06055                       no, Value Extracted:                   
15/02/2006 11:42:21 org.republic.ParseFileSheet checkReportLine
INFO: SelectFieldData
15/02/2006 11:42:21 org.republic.ParseFileSheet makeNewDataColumn
INFO: Output Data: 209 end: 209
15/02/2006 11:42:21 org.republic.ParseFileSheet makeNewDataColumn
INFO: Report Line: PO80135    2 RC43962  LIV000   12/12/05 11   Freight                     1.00 ea       35.00           35.00           35.00          3.50 no                                       CW06055                       no, Value Extracted:  
15/02/2006 11:42:21 org.republic.ParseFileSheet checkReportLine
INFO: SelectFieldData
15/02/2006 11:42:21 org.republic.ParseFileSheet makeNewDataColumn
INFO: Output Data: 211 end: 213
15/02/2006 11:42:21 org.republic.ParseFileSheet makeNewDataColumn
INFO: Report Line: PO80135    2 RC43962  LIV000   12/12/05 11   Freight                     1.00 ea       35.00           35.00           35.00          3.50 no                                       CW06055                       no, Value Extracted: no
15/02/2006 11:42:21 org.republic.ParseFileSheet parseInputFile
INFO: line:53 , line length() 212
15/02/2006 11:42:21 org.republic.ParseFileSheet parseInputFile
INFO: >>>>First char:80 new page?: false
15/02/2006 11:42:21 org.republic.ParseFileSheet parseInputFile
INFO: File Line:53, report page pos 53 , line:PO80163    2 RC43912  AMC000   08/12/05 10   341-0061101            12,700.00 EA      0.4992        6,339.84        6,339.84        633.98 no                                                                     no
15/02/2006 11:42:21 org.republic.ParseFileSheet checkReportLine
INFO: NewRowIf
15/02/2006 11:42:21 org.republic.ParseFileSheet ruleMatchesReportLine
INFO: comparing: 'PO80163 ' with '        '
15/02/2006 11:42:21 org.republic.ParseFileSheet ruleMatchesReportLine
INFO: not blank: true
15/02/2006 11:42:21 org.republic.ParseFileSheet ruleMatchesReportLine
INFO: not blank Len: '8'
15/02/2006 11:42:21 org.republic.ParseFileSheet checkReportLine
INFO: SelectFieldData
15/02/2006 11:42:21 org.republic.ParseFileSheet makeNewDataColumn
INFO: Output Data: 1 end: 8
15/02/2006 11:42:21 org.republic.ParseFileSheet makeNewDataColumn
INFO: Report Line: PO80163    2 RC43912  AMC000   08/12/05 10   341-0061101            12,700.00 EA      0.4992        6,339.84        6,339.84        633.98 no                                                                     no, Value Extracted: PO80163 
15/02/2006 11:42:21 org.republic.ParseFileSheet checkReportLine
INFO: SelectFieldData
15/02/2006 11:42:21 org.republic.ParseFileSheet makeNewDataColumn
INFO: Output Data: 10 end: 12
15/02/2006 11:42:21 org.republic.ParseFileSheet makeNewDataColumn
INFO: Report Line: PO80163    2 RC43912  AMC000   08/12/05 10   341-0061101            12,700.00 EA      0.4992        6,339.84        6,339.84        633.98 no                                                                     no, Value Extracted:   2
15/02/2006 11:42:21 org.republic.ParseFileSheet checkReportLine
INFO: SelectFieldData
15/02/2006 11:42:21 org.republic.ParseFileSheet makeNewDataColumn
INFO: Output Data: 14 end: 21
15/02/2006 11:42:21 org.republic.ParseFileSheet makeNewDataColumn
INFO: Report Line: PO80163    2 RC43912  AMC000   08/12/05 10   341-0061101            12,700.00 EA      0.4992        6,339.84        6,339.84        633.98 no                                                                     no, Value Extracted: RC43912 
15/02/2006 11:42:21 org.republic.ParseFileSheet checkReportLine
INFO: SelectFieldData
15/02/2006 11:42:21 org.republic.ParseFileSheet makeNewDataColumn
INFO: Output Data: 23 end: 30
15/02/2006 11:42:21 org.republic.ParseFileSheet makeNewDataColumn
INFO: Report Line: PO80163    2 RC43912  AMC000   08/12/05 10   341-0061101            12,700.00 EA      0.4992        6,339.84        6,339.84        633.98 no                                                                     no, Value Extracted: AMC000  
15/02/2006 11:42:21 org.republic.ParseFileSheet checkReportLine
INFO: SelectFieldData
15/02/2006 11:42:21 org.republic.ParseFileSheet makeNewDataColumn
INFO: Output Data: 32 end: 39
15/02/2006 11:42:21 org.republic.ParseFileSheet makeNewDataColumn
INFO: Report Line: PO80163    2 RC43912  AMC000   08/12/05 10   341-0061101            12,700.00 EA      0.4992        6,339.84        6,339.84        633.98 no                                                                     no, Value Extracted: 08/12/05
15/02/2006 11:42:21 org.republic.ParseFileSheet checkReportLine
INFO: SelectFieldData
15/02/2006 11:42:21 org.republic.ParseFileSheet makeNewDataColumn
INFO: Output Data: 41 end: 44
15/02/2006 11:42:21 org.republic.ParseFileSheet makeNewDataColumn
INFO: Report Line: PO80163    2 RC43912  AMC000   08/12/05 10   341-0061101            12,700.00 EA      0.4992        6,339.84        6,339.84        633.98 no                                                                     no, Value Extracted: 10  
15/02/2006 11:42:21 org.republic.ParseFileSheet checkReportLine
INFO: SelectFieldData
15/02/2006 11:42:21 org.republic.ParseFileSheet makeNewDataColumn
INFO: Output Data: 46 end: 63
15/02/2006 11:42:21 org.republic.ParseFileSheet makeNewDataColumn
INFO: Report Line: PO80163    2 RC43912  AMC000   08/12/05 10   341-0061101            12,700.00 EA      0.4992        6,339.84        6,339.84        633.98 no                                                                     no, Value Extracted: 341-0061101       
15/02/2006 11:42:21 org.republic.ParseFileSheet checkReportLine
INFO: SelectFieldData
15/02/2006 11:42:21 org.republic.ParseFileSheet makeNewDataColumn
INFO: Output Data: 65 end: 77
15/02/2006 11:42:21 org.republic.ParseFileSheet makeNewDataColumn
INFO: Report Line: PO80163    2 RC43912  AMC000   08/12/05 10   341-0061101            12,700.00 EA      0.4992        6,339.84        6,339.84        633.98 no                                                                     no, Value Extracted:     12,700.00
15/02/2006 11:42:21 org.republic.ParseFileSheet checkReportLine
INFO: SelectFieldData
15/02/2006 11:42:21 org.republic.ParseFileSheet makeNewDataColumn
INFO: Output Data: 79 end: 80
15/02/2006 11:42:21 org.republic.ParseFileSheet makeNewDataColumn
INFO: Report Line: PO80163    2 RC43912  AMC000   08/12/05 10   341-0061101            12,700.00 EA      0.4992        6,339.84        6,339.84        633.98 no                                                                     no, Value Extracted: EA
15/02/2006 11:42:21 org.republic.ParseFileSheet checkReportLine
INFO: SelectFieldData
15/02/2006 11:42:21 org.republic.ParseFileSheet makeNewDataColumn
INFO: Output Data: 82 end: 92
15/02/2006 11:42:21 org.republic.ParseFileSheet makeNewDataColumn
INFO: Report Line: PO80163    2 RC43912  AMC000   08/12/05 10   341-0061101            12,700.00 EA      0.4992        6,339.84        6,339.84        633.98 no                                                                     no, Value Extracted:      0.4992
15/02/2006 11:42:21 org.republic.ParseFileSheet checkReportLine
INFO: SelectFieldData
15/02/2006 11:42:21 org.republic.ParseFileSheet makeNewDataColumn
INFO: Output Data: 94 end: 108
15/02/2006 11:42:21 org.republic.ParseFileSheet makeNewDataColumn
INFO: Report Line: PO80163    2 RC43912  AMC000   08/12/05 10   341-0061101            12,700.00 EA      0.4992        6,339.84        6,339.84        633.98 no                                                                     no, Value Extracted:        6,339.84
15/02/2006 11:42:21 org.republic.ParseFileSheet checkReportLine
INFO: SelectFieldData
15/02/2006 11:42:21 org.republic.ParseFileSheet makeNewDataColumn
INFO: Output Data: 110 end: 124
15/02/2006 11:42:21 org.republic.ParseFileSheet makeNewDataColumn
INFO: Report Line: PO80163    2 RC43912  AMC000   08/12/05 10   341-0061101            12,700.00 EA      0.4992        6,339.84        6,339.84        633.98 no                                                                     no, Value Extracted:        6,339.84
15/02/2006 11:42:21 org.republic.ParseFileSheet checkReportLine
INFO: SelectFieldData
15/02/2006 11:42:21 org.republic.ParseFileSheet makeNewDataColumn
INFO: Output Data: 126 end: 138
15/02/2006 11:42:21 org.republic.ParseFileSheet makeNewDataColumn
INFO: Report Line: PO80163    2 RC43912  AMC000   08/12/05 10   341-0061101            12,700.00 EA      0.4992        6,339.84        6,339.84        633.98 no                                                                     no, Value Extracted:        633.98
15/02/2006 11:42:21 org.republic.ParseFileSheet checkReportLine
INFO: SelectFieldData
15/02/2006 11:42:21 org.republic.ParseFileSheet makeNewDataColumn
INFO: Output Data: 140 end: 142
15/02/2006 11:42:21 org.republic.ParseFileSheet makeNewDataColumn
INFO: Report Line: PO80163    2 RC43912  AMC000   08/12/05 10   341-0061101            12,700.00 EA      0.4992        6,339.84        6,339.84        633.98 no                                                                     no, Value Extracted: no 
15/02/2006 11:42:21 org.republic.ParseFileSheet checkReportLine
INFO: SelectFieldData
15/02/2006 11:42:21 org.republic.ParseFileSheet makeNewDataColumn
INFO: Output Data: 144 end: 151
15/02/2006 11:42:21 org.republic.ParseFileSheet makeNewDataColumn
INFO: Report Line: PO80163    2 RC43912  AMC000   08/12/05 10   341-0061101            12,700.00 EA      0.4992        6,339.84        6,339.84        633.98 no                                                                     no, Value Extracted:         
15/02/2006 11:42:21 org.republic.ParseFileSheet checkReportLine
INFO: SelectFieldData
15/02/2006 11:42:21 org.republic.ParseFileSheet makeNewDataColumn
INFO: Output Data: 153 end: 163
15/02/2006 11:42:21 org.republic.ParseFileSheet makeNewDataColumn
INFO: Report Line: PO80163    2 RC43912  AMC000   08/12/05 10   341-0061101            12,700.00 EA      0.4992        6,339.84        6,339.84        633.98 no                                                                     no, Value Extracted:            
15/02/2006 11:42:21 org.republic.ParseFileSheet checkReportLine
INFO: SelectFieldData
15/02/2006 11:42:21 org.republic.ParseFileSheet makeNewDataColumn
INFO: Output Data: 165 end: 179
15/02/2006 11:42:21 org.republic.ParseFileSheet makeNewDataColumn
INFO: Report Line: PO80163    2 RC43912  AMC000   08/12/05 10   341-0061101            12,700.00 EA      0.4992        6,339.84        6,339.84        633.98 no                                                                     no, Value Extracted:                
15/02/2006 11:42:21 org.republic.ParseFileSheet checkReportLine
INFO: SelectFieldData
15/02/2006 11:42:21 org.republic.ParseFileSheet makeNewDataColumn
INFO: Output Data: 181 end: 188
15/02/2006 11:42:21 org.republic.ParseFileSheet makeNewDataColumn
INFO: Report Line: PO80163    2 RC43912  AMC000   08/12/05 10   341-0061101            12,700.00 EA      0.4992        6,339.84        6,339.84        633.98 no                                                                     no, Value Extracted:         
15/02/2006 11:42:21 org.republic.ParseFileSheet checkReportLine
INFO: SelectFieldData
15/02/2006 11:42:21 org.republic.ParseFileSheet makeNewDataColumn
INFO: Output Data: 190 end: 207
15/02/2006 11:42:21 org.republic.ParseFileSheet makeNewDataColumn
INFO: Report Line: PO80163    2 RC43912  AMC000   08/12/05 10   341-0061101            12,700.00 EA      0.4992        6,339.84        6,339.84        633.98 no                                                                     no, Value Extracted:                   
15/02/2006 11:42:21 org.republic.ParseFileSheet checkReportLine
INFO: SelectFieldData
15/02/2006 11:42:21 org.republic.ParseFileSheet makeNewDataColumn
INFO: Output Data: 209 end: 209
15/02/2006 11:42:21 org.republic.ParseFileSheet makeNewDataColumn
INFO: Report Line: PO80163    2 RC43912  AMC000   08/12/05 10   341-0061101            12,700.00 EA      0.4992        6,339.84        6,339.84        633.98 no                                                                     no, Value Extracted:  
15/02/2006 11:42:21 org.republic.ParseFileSheet checkReportLine
INFO: SelectFieldData
15/02/2006 11:42:21 org.republic.ParseFileSheet makeNewDataColumn
INFO: Output Data: 211 end: 213
15/02/2006 11:42:21 org.republic.ParseFileSheet makeNewDataColumn
INFO: Report Line: PO80163    2 RC43912  AMC000   08/12/05 10   341-0061101            12,700.00 EA      0.4992        6,339.84        6,339.84        633.98 no                                                                     no, Value Extracted: no
15/02/2006 11:42:21 org.republic.ParseFileSheet parseInputFile
INFO: line:54 , line length() 212
15/02/2006 11:42:21 org.republic.ParseFileSheet parseInputFile
INFO: >>>>First char:80 new page?: false
15/02/2006 11:42:21 org.republic.ParseFileSheet parseInputFile
INFO: File Line:54, report page pos 54 , line:PO80163    3 RC43912  AMC000   08/12/05 10   341-0061251            10,570.00 EA     0.50304        5,317.13        5,317.13        531.71 no                                                                     no
15/02/2006 11:42:21 org.republic.ParseFileSheet checkReportLine
INFO: NewRowIf
15/02/2006 11:42:21 org.republic.ParseFileSheet ruleMatchesReportLine
INFO: comparing: 'PO80163 ' with '        '
15/02/2006 11:42:21 org.republic.ParseFileSheet ruleMatchesReportLine
INFO: not blank: true
15/02/2006 11:42:21 org.republic.ParseFileSheet ruleMatchesReportLine
INFO: not blank Len: '8'
15/02/2006 11:42:21 org.republic.ParseFileSheet checkReportLine
INFO: SelectFieldData
15/02/2006 11:42:21 org.republic.ParseFileSheet makeNewDataColumn
INFO: Output Data: 1 end: 8
15/02/2006 11:42:21 org.republic.ParseFileSheet makeNewDataColumn
INFO: Report Line: PO80163    3 RC43912  AMC000   08/12/05 10   341-0061251            10,570.00 EA     0.50304        5,317.13        5,317.13        531.71 no                                                                     no, Value Extracted: PO80163 
15/02/2006 11:42:21 org.republic.ParseFileSheet checkReportLine
INFO: SelectFieldData
15/02/2006 11:42:21 org.republic.ParseFileSheet makeNewDataColumn
INFO: Output Data: 10 end: 12
15/02/2006 11:42:21 org.republic.ParseFileSheet makeNewDataColumn
INFO: Report Line: PO80163    3 RC43912  AMC000   08/12/05 10   341-0061251            10,570.00 EA     0.50304        5,317.13        5,317.13        531.71 no                                                                     no, Value Extracted:   3
15/02/2006 11:42:21 org.republic.ParseFileSheet checkReportLine
INFO: SelectFieldData
15/02/2006 11:42:21 org.republic.ParseFileSheet makeNewDataColumn
INFO: Output Data: 14 end: 21
15/02/2006 11:42:21 org.republic.ParseFileSheet makeNewDataColumn
INFO: Report Line: PO80163    3 RC43912  AMC000   08/12/05 10   341-0061251            10,570.00 EA     0.50304        5,317.13        5,317.13        531.71 no                                                                     no, Value Extracted: RC43912 
15/02/2006 11:42:21 org.republic.ParseFileSheet checkReportLine
INFO: SelectFieldData
15/02/2006 11:42:21 org.republic.ParseFileSheet makeNewDataColumn
INFO: Output Data: 23 end: 30
15/02/2006 11:42:21 org.republic.ParseFileSheet makeNewDataColumn
INFO: Report Line: PO80163    3 RC43912  AMC000   08/12/05 10   341-0061251            10,570.00 EA     0.50304        5,317.13        5,317.13        531.71 no                                                                     no, Value Extracted: AMC000  
15/02/2006 11:42:21 org.republic.ParseFileSheet checkReportLine
INFO: SelectFieldData
15/02/2006 11:42:21 org.republic.ParseFileSheet makeNewDataColumn
INFO: Output Data: 32 end: 39
15/02/2006 11:42:21 org.republic.ParseFileSheet makeNewDataColumn
INFO: Report Line: PO80163    3 RC43912  AMC000   08/12/05 10   341-0061251            10,570.00 EA     0.50304        5,317.13        5,317.13        531.71 no                                                                     no, Value Extracted: 08/12/05
15/02/2006 11:42:21 org.republic.ParseFileSheet checkReportLine
INFO: SelectFieldData
15/02/2006 11:42:21 org.republic.ParseFileSheet makeNewDataColumn
INFO: Output Data: 41 end: 44
15/02/2006 11:42:21 org.republic.ParseFileSheet makeNewDataColumn
INFO: Report Line: PO80163    3 RC43912  AMC000   08/12/05 10   341-0061251            10,570.00 EA     0.50304        5,317.13        5,317.13        531.71 no                                                                     no, Value Extracted: 10  
15/02/2006 11:42:21 org.republic.ParseFileSheet checkReportLine
INFO: SelectFieldData
15/02/2006 11:42:21 org.republic.ParseFileSheet makeNewDataColumn
INFO: Output Data: 46 end: 63
15/02/2006 11:42:21 org.republic.ParseFileSheet makeNewDataColumn
INFO: Report Line: PO80163    3 RC43912  AMC000   08/12/05 10   341-0061251            10,570.00 EA     0.50304        5,317.13        5,317.13        531.71 no                                                                     no, Value Extracted: 341-0061251       
15/02/2006 11:42:21 org.republic.ParseFileSheet checkReportLine
INFO: SelectFieldData
15/02/2006 11:42:21 org.republic.ParseFileSheet makeNewDataColumn
INFO: Output Data: 65 end: 77
15/02/2006 11:42:21 org.republic.ParseFileSheet makeNewDataColumn
INFO: Report Line: PO80163    3 RC43912  AMC000   08/12/05 10   341-0061251            10,570.00 EA     0.50304        5,317.13        5,317.13        531.71 no                                                                     no, Value Extracted:     10,570.00
15/02/2006 11:42:21 org.republic.ParseFileSheet checkReportLine
INFO: SelectFieldData
15/02/2006 11:42:21 org.republic.ParseFileSheet makeNewDataColumn
INFO: Output Data: 79 end: 80
15/02/2006 11:42:21 org.republic.ParseFileSheet makeNewDataColumn
INFO: Report Line: PO80163    3 RC43912  AMC000   08/12/05 10   341-0061251            10,570.00 EA     0.50304        5,317.13        5,317.13        531.71 no                                                                     no, Value Extracted: EA
15/02/2006 11:42:21 org.republic.ParseFileSheet checkReportLine
INFO: SelectFieldData
15/02/2006 11:42:21 org.republic.ParseFileSheet makeNewDataColumn
INFO: Output Data: 82 end: 92
15/02/2006 11:42:21 org.republic.ParseFileSheet makeNewDataColumn
INFO: Report Line: PO80163    3 RC43912  AMC000   08/12/05 10   341-0061251            10,570.00 EA     0.50304        5,317.13        5,317.13        531.71 no                                                                     no, Value Extracted:     0.50304
15/02/2006 11:42:21 org.republic.ParseFileSheet checkReportLine
INFO: SelectFieldData
15/02/2006 11:42:21 org.republic.ParseFileSheet makeNewDataColumn
INFO: Output Data: 94 end: 108
15/02/2006 11:42:21 org.republic.ParseFileSheet makeNewDataColumn
INFO: Report Line: PO80163    3 RC43912  AMC000   08/12/05 10   341-0061251            10,570.00 EA     0.50304        5,317.13        5,317.13        531.71 no                                                                     no, Value Extracted:        5,317.13
15/02/2006 11:42:21 org.republic.ParseFileSheet checkReportLine
INFO: SelectFieldData
15/02/2006 11:42:21 org.republic.ParseFileSheet makeNewDataColumn
INFO: Output Data: 110 end: 124
15/02/2006 11:42:21 org.republic.ParseFileSheet makeNewDataColumn
INFO: Report Line: PO80163    3 RC43912  AMC000   08/12/05 10   341-0061251            10,570.00 EA     0.50304        5,317.13        5,317.13        531.71 no                                                                     no, Value Extracted:        5,317.13
15/02/2006 11:42:21 org.republic.ParseFileSheet checkReportLine
INFO: SelectFieldData
15/02/2006 11:42:21 org.republic.ParseFileSheet makeNewDataColumn
INFO: Output Data: 126 end: 138
15/02/2006 11:42:21 org.republic.ParseFileSheet makeNewDataColumn
INFO: Report Line: PO80163    3 RC43912  AMC000   08/12/05 10   341-0061251            10,570.00 EA     0.50304        5,317.13        5,317.13        531.71 no                                                                     no, Value Extracted:        531.71
15/02/2006 11:42:21 org.republic.ParseFileSheet checkReportLine
INFO: SelectFieldData
15/02/2006 11:42:21 org.republic.ParseFileSheet makeNewDataColumn
INFO: Output Data: 140 end: 142
15/02/2006 11:42:21 org.republic.ParseFileSheet makeNewDataColumn
INFO: Report Line: PO80163    3 RC43912  AMC000   08/12/05 10   341-0061251            10,570.00 EA     0.50304        5,317.13        5,317.13        531.71 no                                                                     no, Value Extracted: no 
15/02/2006 11:42:21 org.republic.ParseFileSheet checkReportLine
INFO: SelectFieldData
15/02/2006 11:42:21 org.republic.ParseFileSheet makeNewDataColumn
INFO: Output Data: 144 end: 151
15/02/2006 11:42:21 org.republic.ParseFileSheet makeNewDataColumn
INFO: Report Line: PO80163    3 RC43912  AMC000   08/12/05 10   341-0061251            10,570.00 EA     0.50304        5,317.13        5,317.13        531.71 no                                                                     no, Value Extracted:         
15/02/2006 11:42:21 org.republic.ParseFileSheet checkReportLine
INFO: SelectFieldData
15/02/2006 11:42:21 org.republic.ParseFileSheet makeNewDataColumn
INFO: Output Data: 153 end: 163
15/02/2006 11:42:21 org.republic.ParseFileSheet makeNewDataColumn
INFO: Report Line: PO80163    3 RC43912  AMC000   08/12/05 10   341-0061251            10,570.00 EA     0.50304        5,317.13        5,317.13        531.71 no                                                                     no, Value Extracted:            
15/02/2006 11:42:21 org.republic.ParseFileSheet checkReportLine
INFO: SelectFieldData
15/02/2006 11:42:21 org.republic.ParseFileSheet makeNewDataColumn
INFO: Output Data: 165 end: 179
15/02/2006 11:42:21 org.republic.ParseFileSheet makeNewDataColumn
INFO: Report Line: PO80163    3 RC43912  AMC000   08/12/05 10   341-0061251            10,570.00 EA     0.50304        5,317.13        5,317.13        531.71 no                                                                     no, Value Extracted:                
15/02/2006 11:42:21 org.republic.ParseFileSheet checkReportLine
INFO: SelectFieldData
15/02/2006 11:42:21 org.republic.ParseFileSheet makeNewDataColumn
INFO: Output Data: 181 end: 188
15/02/2006 11:42:21 org.republic.ParseFileSheet makeNewDataColumn
INFO: Report Line: PO80163    3 RC43912  AMC000   08/12/05 10   341-0061251            10,570.00 EA     0.50304        5,317.13        5,317.13        531.71 no                                                                     no, Value Extracted:         
15/02/2006 11:42:21 org.republic.ParseFileSheet checkReportLine
INFO: SelectFieldData
15/02/2006 11:42:21 org.republic.ParseFileSheet makeNewDataColumn
INFO: Output Data: 190 end: 207
15/02/2006 11:42:21 org.republic.ParseFileSheet makeNewDataColumn
INFO: Report Line: PO80163    3 RC43912  AMC000   08/12/05 10   341-0061251            10,570.00 EA     0.50304        5,317.13        5,317.13        531.71 no                                                                     no, Value Extracted:                   
15/02/2006 11:42:21 org.republic.ParseFileSheet checkReportLine
INFO: SelectFieldData
15/02/2006 11:42:21 org.republic.ParseFileSheet makeNewDataColumn
INFO: Output Data: 209 end: 209
15/02/2006 11:42:21 org.republic.ParseFileSheet makeNewDataColumn
INFO: Report Line: PO80163    3 RC43912  AMC000   08/12/05 10   341-0061251            10,570.00 EA     0.50304        5,317.13        5,317.13        531.71 no                                                                     no, Value Extracted:  
15/02/2006 11:42:21 org.republic.ParseFileSheet checkReportLine
INFO: SelectFieldData
15/02/2006 11:42:21 org.republic.ParseFileSheet makeNewDataColumn
INFO: Output Data: 211 end: 213
15/02/2006 11:42:21 org.republic.ParseFileSheet makeNewDataColumn
INFO: Report Line: PO80163    3 RC43912  AMC000   08/12/05 10   341-0061251            10,570.00 EA     0.50304        5,317.13        5,317.13        531.71 no                                                                     no, Value Extracted: no
15/02/2006 11:42:21 org.republic.ParseFileSheet parseInputFile
INFO: line:55 , line length() 212
15/02/2006 11:42:21 org.republic.ParseFileSheet parseInputFile
INFO: >>>>First char:80 new page?: false
15/02/2006 11:42:21 org.republic.ParseFileSheet parseInputFile
INFO: File Line:55, report page pos 55 , line:PO80163    8 RC43842  AMC000   06/12/05 10   341-0312251             6,600.00 EA     0.51168        3,377.09        3,377.09        337.71 no                                                                     no
15/02/2006 11:42:21 org.republic.ParseFileSheet checkReportLine
INFO: NewRowIf
15/02/2006 11:42:21 org.republic.ParseFileSheet ruleMatchesReportLine
INFO: comparing: 'PO80163 ' with '        '
15/02/2006 11:42:21 org.republic.ParseFileSheet ruleMatchesReportLine
INFO: not blank: true
15/02/2006 11:42:21 org.republic.ParseFileSheet ruleMatchesReportLine
INFO: not blank Len: '8'
15/02/2006 11:42:21 org.republic.ParseFileSheet checkReportLine
INFO: SelectFieldData
15/02/2006 11:42:21 org.republic.ParseFileSheet makeNewDataColumn
INFO: Output Data: 1 end: 8
15/02/2006 11:42:21 org.republic.ParseFileSheet makeNewDataColumn
INFO: Report Line: PO80163    8 RC43842  AMC000   06/12/05 10   341-0312251             6,600.00 EA     0.51168        3,377.09        3,377.09        337.71 no                                                                     no, Value Extracted: PO80163 
15/02/2006 11:42:21 org.republic.ParseFileSheet checkReportLine
INFO: SelectFieldData
15/02/2006 11:42:21 org.republic.ParseFileSheet makeNewDataColumn
INFO: Output Data: 10 end: 12
15/02/2006 11:42:21 org.republic.ParseFileSheet makeNewDataColumn
INFO: Report Line: PO80163    8 RC43842  AMC000   06/12/05 10   341-0312251             6,600.00 EA     0.51168        3,377.09        3,377.09        337.71 no                                                                     no, Value Extracted:   8
15/02/2006 11:42:21 org.republic.ParseFileSheet checkReportLine
INFO: SelectFieldData
15/02/2006 11:42:21 org.republic.ParseFileSheet makeNewDataColumn
INFO: Output Data: 14 end: 21
15/02/2006 11:42:21 org.republic.ParseFileSheet makeNewDataColumn
INFO: Report Line: PO80163    8 RC43842  AMC000   06/12/05 10   341-0312251             6,600.00 EA     0.51168        3,377.09        3,377.09        337.71 no                                                                     no, Value Extracted: RC43842 
15/02/2006 11:42:21 org.republic.ParseFileSheet checkReportLine
INFO: SelectFieldData
15/02/2006 11:42:21 org.republic.ParseFileSheet makeNewDataColumn
INFO: Output Data: 23 end: 30
15/02/2006 11:42:21 org.republic.ParseFileSheet makeNewDataColumn
INFO: Report Line: PO80163    8 RC43842  AMC000   06/12/05 10   341-0312251             6,600.00 EA     0.51168        3,377.09        3,377.09        337.71 no                                                                     no, Value Extracted: AMC000  
15/02/2006 11:42:21 org.republic.ParseFileSheet checkReportLine
INFO: SelectFieldData
15/02/2006 11:42:21 org.republic.ParseFileSheet makeNewDataColumn
INFO: Output Data: 32 end: 39
15/02/2006 11:42:21 org.republic.ParseFileSheet makeNewDataColumn
INFO: Report Line: PO80163    8 RC43842  AMC000   06/12/05 10   341-0312251             6,600.00 EA     0.51168        3,377.09        3,377.09        337.71 no                                                                     no, Value Extracted: 06/12/05
15/02/2006 11:42:21 org.republic.ParseFileSheet checkReportLine
INFO: SelectFieldData
15/02/2006 11:42:21 org.republic.ParseFileSheet makeNewDataColumn
INFO: Output Data: 41 end: 44
15/02/2006 11:42:21 org.republic.ParseFileSheet makeNewDataColumn
INFO: Report Line: PO80163    8 RC43842  AMC000   06/12/05 10   341-0312251             6,600.00 EA     0.51168        3,377.09        3,377.09        337.71 no                                                                     no, Value Extracted: 10  
15/02/2006 11:42:21 org.republic.ParseFileSheet checkReportLine
INFO: SelectFieldData
15/02/2006 11:42:21 org.republic.ParseFileSheet makeNewDataColumn
INFO: Output Data: 46 end: 63
15/02/2006 11:42:21 org.republic.ParseFileSheet makeNewDataColumn
INFO: Report Line: PO80163    8 RC43842  AMC000   06/12/05 10   341-0312251             6,600.00 EA     0.51168        3,377.09        3,377.09        337.71 no                                                                     no, Value Extracted: 341-0312251       
15/02/2006 11:42:21 org.republic.ParseFileSheet checkReportLine
INFO: SelectFieldData
15/02/2006 11:42:21 org.republic.ParseFileSheet makeNewDataColumn
INFO: Output Data: 65 end: 77
15/02/2006 11:42:21 org.republic.ParseFileSheet makeNewDataColumn
INFO: Report Line: PO80163    8 RC43842  AMC000   06/12/05 10   341-0312251             6,600.00 EA     0.51168        3,377.09        3,377.09        337.71 no                                                                     no, Value Extracted:      6,600.00
15/02/2006 11:42:21 org.republic.ParseFileSheet checkReportLine
INFO: SelectFieldData
15/02/2006 11:42:21 org.republic.ParseFileSheet makeNewDataColumn
INFO: Output Data: 79 end: 80
15/02/2006 11:42:21 org.republic.ParseFileSheet makeNewDataColumn
INFO: Report Line: PO80163    8 RC43842  AMC000   06/12/05 10   341-0312251             6,600.00 EA     0.51168        3,377.09        3,377.09        337.71 no                                                                     no, Value Extracted: EA
15/02/2006 11:42:21 org.republic.ParseFileSheet checkReportLine
INFO: SelectFieldData
15/02/2006 11:42:21 org.republic.ParseFileSheet makeNewDataColumn
INFO: Output Data: 82 end: 92
15/02/2006 11:42:21 org.republic.ParseFileSheet makeNewDataColumn
INFO: Report Line: PO80163    8 RC43842  AMC000   06/12/05 10   341-0312251             6,600.00 EA     0.51168        3,377.09        3,377.09        337.71 no                                                                     no, Value Extracted:     0.51168
15/02/2006 11:42:21 org.republic.ParseFileSheet checkReportLine
INFO: SelectFieldData
15/02/2006 11:42:21 org.republic.ParseFileSheet makeNewDataColumn
INFO: Output Data: 94 end: 108
15/02/2006 11:42:21 org.republic.ParseFileSheet makeNewDataColumn
INFO: Report Line: PO80163    8 RC43842  AMC000   06/12/05 10   341-0312251             6,600.00 EA     0.51168        3,377.09        3,377.09        337.71 no                                                                     no, Value Extracted:        3,377.09
15/02/2006 11:42:21 org.republic.ParseFileSheet checkReportLine
INFO: SelectFieldData
15/02/2006 11:42:21 org.republic.ParseFileSheet makeNewDataColumn
INFO: Output Data: 110 end: 124
15/02/2006 11:42:21 org.republic.ParseFileSheet makeNewDataColumn
INFO: Report Line: PO80163    8 RC43842  AMC000   06/12/05 10   341-0312251             6,600.00 EA     0.51168        3,377.09        3,377.09        337.71 no                                                                     no, Value Extracted:        3,377.09
15/02/2006 11:42:21 org.republic.ParseFileSheet checkReportLine
INFO: SelectFieldData
15/02/2006 11:42:21 org.republic.ParseFileSheet makeNewDataColumn
INFO: Output Data: 126 end: 138
15/02/2006 11:42:21 org.republic.ParseFileSheet makeNewDataColumn
INFO: Report Line: PO80163    8 RC43842  AMC000   06/12/05 10   341-0312251             6,600.00 EA     0.51168        3,377.09        3,377.09        337.71 no                                                                     no, Value Extracted:        337.71
15/02/2006 11:42:21 org.republic.ParseFileSheet checkReportLine
INFO: SelectFieldData
15/02/2006 11:42:21 org.republic.ParseFileSheet makeNewDataColumn
INFO: Output Data: 140 end: 142
15/02/2006 11:42:21 org.republic.ParseFileSheet makeNewDataColumn
INFO: Report Line: PO80163    8 RC43842  AMC000   06/12/05 10   341-0312251             6,600.00 EA     0.51168        3,377.09        3,377.09        337.71 no                                                                     no, Value Extracted: no 
15/02/2006 11:42:21 org.republic.ParseFileSheet checkReportLine
INFO: SelectFieldData
15/02/2006 11:42:21 org.republic.ParseFileSheet makeNewDataColumn
INFO: Output Data: 144 end: 151
15/02/2006 11:42:21 org.republic.ParseFileSheet makeNewDataColumn
INFO: Report Line: PO80163    8 RC43842  AMC000   06/12/05 10   341-0312251             6,600.00 EA     0.51168        3,377.09        3,377.09        337.71 no                                                                     no, Value Extracted:         
15/02/2006 11:42:21 org.republic.ParseFileSheet checkReportLine
INFO: SelectFieldData
15/02/2006 11:42:21 org.republic.ParseFileSheet makeNewDataColumn
INFO: Output Data: 153 end: 163
15/02/2006 11:42:21 org.republic.ParseFileSheet makeNewDataColumn
INFO: Report Line: PO80163    8 RC43842  AMC000   06/12/05 10   341-0312251             6,600.00 EA     0.51168        3,377.09        3,377.09        337.71 no                                                                     no, Value Extracted:            
15/02/2006 11:42:21 org.republic.ParseFileSheet checkReportLine
INFO: SelectFieldData
15/02/2006 11:42:21 org.republic.ParseFileSheet makeNewDataColumn
INFO: Output Data: 165 end: 179
15/02/2006 11:42:21 org.republic.ParseFileSheet makeNewDataColumn
INFO: Report Line: PO80163    8 RC43842  AMC000   06/12/05 10   341-0312251             6,600.00 EA     0.51168        3,377.09        3,377.09        337.71 no                                                                     no, Value Extracted:                
15/02/2006 11:42:21 org.republic.ParseFileSheet checkReportLine
INFO: SelectFieldData
15/02/2006 11:42:21 org.republic.ParseFileSheet makeNewDataColumn
INFO: Output Data: 181 end: 188
15/02/2006 11:42:21 org.republic.ParseFileSheet makeNewDataColumn
INFO: Report Line: PO80163    8 RC43842  AMC000   06/12/05 10   341-0312251             6,600.00 EA     0.51168        3,377.09        3,377.09        337.71 no                                                                     no, Value Extracted:         
15/02/2006 11:42:21 org.republic.ParseFileSheet checkReportLine
INFO: SelectFieldData
15/02/2006 11:42:21 org.republic.ParseFileSheet makeNewDataColumn
INFO: Output Data: 190 end: 207
15/02/2006 11:42:21 org.republic.ParseFileSheet makeNewDataColumn
INFO: Report Line: PO80163    8 RC43842  AMC000   06/12/05 10   341-0312251             6,600.00 EA     0.51168        3,377.09        3,377.09        337.71 no                                                                     no, Value Extracted:                   
15/02/2006 11:42:21 org.republic.ParseFileSheet checkReportLine
INFO: SelectFieldData
15/02/2006 11:42:21 org.republic.ParseFileSheet makeNewDataColumn
INFO: Output Data: 209 end: 209
15/02/2006 11:42:21 org.republic.ParseFileSheet makeNewDataColumn
INFO: Report Line: PO80163    8 RC43842  AMC000   06/12/05 10   341-0312251             6,600.00 EA     0.51168        3,377.09        3,377.09        337.71 no                                                                     no, Value Extracted:  
15/02/2006 11:42:21 org.republic.ParseFileSheet checkReportLine
INFO: SelectFieldData
15/02/2006 11:42:21 org.republic.ParseFileSheet makeNewDataColumn
INFO: Output Data: 211 end: 213
15/02/2006 11:42:21 org.republic.ParseFileSheet makeNewDataColumn
INFO: Report Line: PO80163    8 RC43842  AMC000   06/12/05 10   341-0312251             6,600.00 EA     0.51168        3,377.09        3,377.09        337.71 no                                                                     no, Value Extracted: no
15/02/2006 11:42:21 org.republic.ParseFileSheet parseInputFile
INFO: line:56 , line length() 212
15/02/2006 11:42:21 org.republic.ParseFileSheet parseInputFile
INFO: >>>>First char:80 new page?: false
15/02/2006 11:42:21 org.republic.ParseFileSheet parseInputFile
INFO: File Line:56, report page pos 56 , line:PO80164    1 RC43945  AMC000   09/12/05 10   341-0342501             4,000.00 EA      0.4944        1,977.60        1,977.60        197.76 no                                                                     no
15/02/2006 11:42:21 org.republic.ParseFileSheet checkReportLine
INFO: NewRowIf
15/02/2006 11:42:21 org.republic.ParseFileSheet ruleMatchesReportLine
INFO: comparing: 'PO80164 ' with '        '
15/02/2006 11:42:21 org.republic.ParseFileSheet ruleMatchesReportLine
INFO: not blank: true
15/02/2006 11:42:21 org.republic.ParseFileSheet ruleMatchesReportLine
INFO: not blank Len: '8'
15/02/2006 11:42:21 org.republic.ParseFileSheet checkReportLine
INFO: SelectFieldData
15/02/2006 11:42:21 org.republic.ParseFileSheet makeNewDataColumn
INFO: Output Data: 1 end: 8
15/02/2006 11:42:21 org.republic.ParseFileSheet makeNewDataColumn
INFO: Report Line: PO80164    1 RC43945  AMC000   09/12/05 10   341-0342501             4,000.00 EA      0.4944        1,977.60        1,977.60        197.76 no                                                                     no, Value Extracted: PO80164 
15/02/2006 11:42:21 org.republic.ParseFileSheet checkReportLine
INFO: SelectFieldData
15/02/2006 11:42:21 org.republic.ParseFileSheet makeNewDataColumn
INFO: Output Data: 10 end: 12
15/02/2006 11:42:21 org.republic.ParseFileSheet makeNewDataColumn
INFO: Report Line: PO80164    1 RC43945  AMC000   09/12/05 10   341-0342501             4,000.00 EA      0.4944        1,977.60        1,977.60        197.76 no                                                                     no, Value Extracted:   1
15/02/2006 11:42:21 org.republic.ParseFileSheet checkReportLine
INFO: SelectFieldData
15/02/2006 11:42:21 org.republic.ParseFileSheet makeNewDataColumn
INFO: Output Data: 14 end: 21
15/02/2006 11:42:21 org.republic.ParseFileSheet makeNewDataColumn
INFO: Report Line: PO80164    1 RC43945  AMC000   09/12/05 10   341-0342501             4,000.00 EA      0.4944        1,977.60        1,977.60        197.76 no                                                                     no, Value Extracted: RC43945 
15/02/2006 11:42:21 org.republic.ParseFileSheet checkReportLine
INFO: SelectFieldData
15/02/2006 11:42:21 org.republic.ParseFileSheet makeNewDataColumn
INFO: Output Data: 23 end: 30
15/02/2006 11:42:21 org.republic.ParseFileSheet makeNewDataColumn
INFO: Report Line: PO80164    1 RC43945  AMC000   09/12/05 10   341-0342501             4,000.00 EA      0.4944        1,977.60        1,977.60        197.76 no                                                                     no, Value Extracted: AMC000  
15/02/2006 11:42:21 org.republic.ParseFileSheet checkReportLine
INFO: SelectFieldData
15/02/2006 11:42:21 org.republic.ParseFileSheet makeNewDataColumn
INFO: Output Data: 32 end: 39
15/02/2006 11:42:21 org.republic.ParseFileSheet makeNewDataColumn
INFO: Report Line: PO80164    1 RC43945  AMC000   09/12/05 10   341-0342501             4,000.00 EA      0.4944        1,977.60        1,977.60        197.76 no                                                                     no, Value Extracted: 09/12/05
15/02/2006 11:42:21 org.republic.ParseFileSheet checkReportLine
INFO: SelectFieldData
15/02/2006 11:42:21 org.republic.ParseFileSheet makeNewDataColumn
INFO: Output Data: 41 end: 44
15/02/2006 11:42:21 org.republic.ParseFileSheet makeNewDataColumn
INFO: Report Line: PO80164    1 RC43945  AMC000   09/12/05 10   341-0342501             4,000.00 EA      0.4944        1,977.60        1,977.60        197.76 no                                                                     no, Value Extracted: 10  
15/02/2006 11:42:21 org.republic.ParseFileSheet checkReportLine
INFO: SelectFieldData
15/02/2006 11:42:21 org.republic.ParseFileSheet makeNewDataColumn
INFO: Output Data: 46 end: 63
15/02/2006 11:42:21 org.republic.ParseFileSheet makeNewDataColumn
INFO: Report Line: PO80164    1 RC43945  AMC000   09/12/05 10   341-0342501             4,000.00 EA      0.4944        1,977.60        1,977.60        197.76 no                                                                     no, Value Extracted: 341-0342501       
15/02/2006 11:42:21 org.republic.ParseFileSheet checkReportLine
INFO: SelectFieldData
15/02/2006 11:42:21 org.republic.ParseFileSheet makeNewDataColumn
INFO: Output Data: 65 end: 77
15/02/2006 11:42:21 org.republic.ParseFileSheet makeNewDataColumn
INFO: Report Line: PO80164    1 RC43945  AMC000   09/12/05 10   341-0342501             4,000.00 EA      0.4944        1,977.60        1,977.60        197.76 no                                                                     no, Value Extracted:      4,000.00
15/02/2006 11:42:21 org.republic.ParseFileSheet checkReportLine
INFO: SelectFieldData
15/02/2006 11:42:21 org.republic.ParseFileSheet makeNewDataColumn
INFO: Output Data: 79 end: 80
15/02/2006 11:42:21 org.republic.ParseFileSheet makeNewDataColumn
INFO: Report Line: PO80164    1 RC43945  AMC000   09/12/05 10   341-0342501             4,000.00 EA      0.4944        1,977.60        1,977.60        197.76 no                                                                     no, Value Extracted: EA
15/02/2006 11:42:21 org.republic.ParseFileSheet checkReportLine
INFO: SelectFieldData
15/02/2006 11:42:21 org.republic.ParseFileSheet makeNewDataColumn
INFO: Output Data: 82 end: 92
15/02/2006 11:42:21 org.republic.ParseFileSheet makeNewDataColumn
INFO: Report Line: PO80164    1 RC43945  AMC000   09/12/05 10   341-0342501             4,000.00 EA      0.4944        1,977.60        1,977.60        197.76 no                                                                     no, Value Extracted:      0.4944
15/02/2006 11:42:21 org.republic.ParseFileSheet checkReportLine
INFO: SelectFieldData
15/02/2006 11:42:21 org.republic.ParseFileSheet makeNewDataColumn
INFO: Output Data: 94 end: 108
15/02/2006 11:42:21 org.republic.ParseFileSheet makeNewDataColumn
INFO: Report Line: PO80164    1 RC43945  AMC000   09/12/05 10   341-0342501             4,000.00 EA      0.4944        1,977.60        1,977.60        197.76 no                                                                     no, Value Extracted:        1,977.60
15/02/2006 11:42:21 org.republic.ParseFileSheet checkReportLine
INFO: SelectFieldData
15/02/2006 11:42:21 org.republic.ParseFileSheet makeNewDataColumn
INFO: Output Data: 110 end: 124
15/02/2006 11:42:21 org.republic.ParseFileSheet makeNewDataColumn
INFO: Report Line: PO80164    1 RC43945  AMC000   09/12/05 10   341-0342501             4,000.00 EA      0.4944        1,977.60        1,977.60        197.76 no                                                                     no, Value Extracted:        1,977.60
15/02/2006 11:42:21 org.republic.ParseFileSheet checkReportLine
INFO: SelectFieldData
15/02/2006 11:42:21 org.republic.ParseFileSheet makeNewDataColumn
INFO: Output Data: 126 end: 138
15/02/2006 11:42:21 org.republic.ParseFileSheet makeNewDataColumn
INFO: Report Line: PO80164    1 RC43945  AMC000   09/12/05 10   341-0342501             4,000.00 EA      0.4944        1,977.60        1,977.60        197.76 no                                                                     no, Value Extracted:        197.76
15/02/2006 11:42:21 org.republic.ParseFileSheet checkReportLine
INFO: SelectFieldData
15/02/2006 11:42:21 org.republic.ParseFileSheet makeNewDataColumn
INFO: Output Data: 140 end: 142
15/02/2006 11:42:21 org.republic.ParseFileSheet makeNewDataColumn
INFO: Report Line: PO80164    1 RC43945  AMC000   09/12/05 10   341-0342501             4,000.00 EA      0.4944        1,977.60        1,977.60        197.76 no                                                                     no, Value Extracted: no 
15/02/2006 11:42:21 org.republic.ParseFileSheet checkReportLine
INFO: SelectFieldData
15/02/2006 11:42:21 org.republic.ParseFileSheet makeNewDataColumn
INFO: Output Data: 144 end: 151
15/02/2006 11:42:21 org.republic.ParseFileSheet makeNewDataColumn
INFO: Report Line: PO80164    1 RC43945  AMC000   09/12/05 10   341-0342501             4,000.00 EA      0.4944        1,977.60        1,977.60        197.76 no                                                                     no, Value Extracted:         
15/02/2006 11:42:21 org.republic.ParseFileSheet checkReportLine
INFO: SelectFieldData
15/02/2006 11:42:21 org.republic.ParseFileSheet makeNewDataColumn
INFO: Output Data: 153 end: 163
15/02/2006 11:42:21 org.republic.ParseFileSheet makeNewDataColumn
INFO: Report Line: PO80164    1 RC43945  AMC000   09/12/05 10   341-0342501             4,000.00 EA      0.4944        1,977.60        1,977.60        197.76 no                                                                     no, Value Extracted:            
15/02/2006 11:42:21 org.republic.ParseFileSheet checkReportLine
INFO: SelectFieldData
15/02/2006 11:42:21 org.republic.ParseFileSheet makeNewDataColumn
INFO: Output Data: 165 end: 179
15/02/2006 11:42:21 org.republic.ParseFileSheet makeNewDataColumn
INFO: Report Line: PO80164    1 RC43945  AMC000   09/12/05 10   341-0342501             4,000.00 EA      0.4944        1,977.60        1,977.60        197.76 no                                                                     no, Value Extracted:                
15/02/2006 11:42:21 org.republic.ParseFileSheet checkReportLine
INFO: SelectFieldData
15/02/2006 11:42:21 org.republic.ParseFileSheet makeNewDataColumn
INFO: Output Data: 181 end: 188
15/02/2006 11:42:21 org.republic.ParseFileSheet makeNewDataColumn
INFO: Report Line: PO80164    1 RC43945  AMC000   09/12/05 10   341-0342501             4,000.00 EA      0.4944        1,977.60        1,977.60        197.76 no                                                                     no, Value Extracted:         
15/02/2006 11:42:21 org.republic.ParseFileSheet checkReportLine
INFO: SelectFieldData
15/02/2006 11:42:21 org.republic.ParseFileSheet makeNewDataColumn
INFO: Output Data: 190 end: 207
15/02/2006 11:42:21 org.republic.ParseFileSheet makeNewDataColumn
INFO: Report Line: PO80164    1 RC43945  AMC000   09/12/05 10   341-0342501             4,000.00 EA      0.4944        1,977.60        1,977.60        197.76 no                                                                     no, Value Extracted:                   
15/02/2006 11:42:21 org.republic.ParseFileSheet checkReportLine
INFO: SelectFieldData
15/02/2006 11:42:21 org.republic.ParseFileSheet makeNewDataColumn
INFO: Output Data: 209 end: 209
15/02/2006 11:42:21 org.republic.ParseFileSheet makeNewDataColumn
INFO: Report Line: PO80164    1 RC43945  AMC000   09/12/05 10   341-0342501             4,000.00 EA      0.4944        1,977.60        1,977.60        197.76 no                                                                     no, Value Extracted:  
15/02/2006 11:42:21 org.republic.ParseFileSheet checkReportLine
INFO: SelectFieldData
15/02/2006 11:42:21 org.republic.ParseFileSheet makeNewDataColumn
INFO: Output Data: 211 end: 213
15/02/2006 11:42:21 org.republic.ParseFileSheet makeNewDataColumn
INFO: Report Line: PO80164    1 RC43945  AMC000   09/12/05 10   341-0342501             4,000.00 EA      0.4944        1,977.60        1,977.60        197.76 no                                                                     no, Value Extracted: no
15/02/2006 11:42:21 org.republic.ParseFileSheet parseInputFile
INFO: line:57 , line length() 212
15/02/2006 11:42:21 org.republic.ParseFileSheet parseInputFile
INFO: >>>>First char:80 new page?: false
15/02/2006 11:42:21 org.republic.ParseFileSheet parseInputFile
INFO: File Line:57, report page pos 57 , line:PO80164    2 RC43893  AMC000   08/12/05 10   341-060040101           4,775.00 EA      0.3552        1,696.08        1,696.08        169.61 no                                                                     no
15/02/2006 11:42:21 org.republic.ParseFileSheet checkReportLine
INFO: NewRowIf
15/02/2006 11:42:21 org.republic.ParseFileSheet ruleMatchesReportLine
INFO: comparing: 'PO80164 ' with '        '
15/02/2006 11:42:21 org.republic.ParseFileSheet ruleMatchesReportLine
INFO: not blank: true
15/02/2006 11:42:21 org.republic.ParseFileSheet ruleMatchesReportLine
INFO: not blank Len: '8'
15/02/2006 11:42:21 org.republic.ParseFileSheet checkReportLine
INFO: SelectFieldData
15/02/2006 11:42:21 org.republic.ParseFileSheet makeNewDataColumn
INFO: Output Data: 1 end: 8
15/02/2006 11:42:21 org.republic.ParseFileSheet makeNewDataColumn
INFO: Report Line: PO80164    2 RC43893  AMC000   08/12/05 10   341-060040101           4,775.00 EA      0.3552        1,696.08        1,696.08        169.61 no                                                                     no, Value Extracted: PO80164 
15/02/2006 11:42:21 org.republic.ParseFileSheet checkReportLine
INFO: SelectFieldData
15/02/2006 11:42:21 org.republic.ParseFileSheet makeNewDataColumn
INFO: Output Data: 10 end: 12
15/02/2006 11:42:21 org.republic.ParseFileSheet makeNewDataColumn
INFO: Report Line: PO80164    2 RC43893  AMC000   08/12/05 10   341-060040101           4,775.00 EA      0.3552        1,696.08        1,696.08        169.61 no                                                                     no, Value Extracted:   2
15/02/2006 11:42:21 org.republic.ParseFileSheet checkReportLine
INFO: SelectFieldData
15/02/2006 11:42:21 org.republic.ParseFileSheet makeNewDataColumn
INFO: Output Data: 14 end: 21
15/02/2006 11:42:21 org.republic.ParseFileSheet makeNewDataColumn
INFO: Report Line: PO80164    2 RC43893  AMC000   08/12/05 10   341-060040101           4,775.00 EA      0.3552        1,696.08        1,696.08        169.61 no                                                                     no, Value Extracted: RC43893 
15/02/2006 11:42:21 org.republic.ParseFileSheet checkReportLine
INFO: SelectFieldData
15/02/2006 11:42:21 org.republic.ParseFileSheet makeNewDataColumn
INFO: Output Data: 23 end: 30
15/02/2006 11:42:21 org.republic.ParseFileSheet makeNewDataColumn
INFO: Report Line: PO80164    2 RC43893  AMC000   08/12/05 10   341-060040101           4,775.00 EA      0.3552        1,696.08        1,696.08        169.61 no                                                                     no, Value Extracted: AMC000  
15/02/2006 11:42:21 org.republic.ParseFileSheet checkReportLine
INFO: SelectFieldData
15/02/2006 11:42:21 org.republic.ParseFileSheet makeNewDataColumn
INFO: Output Data: 32 end: 39
15/02/2006 11:42:21 org.republic.ParseFileSheet makeNewDataColumn
INFO: Report Line: PO80164    2 RC43893  AMC000   08/12/05 10   341-060040101           4,775.00 EA      0.3552        1,696.08        1,696.08        169.61 no                                                                     no, Value Extracted: 08/12/05
15/02/2006 11:42:21 org.republic.ParseFileSheet checkReportLine
INFO: SelectFieldData
15/02/2006 11:42:21 org.republic.ParseFileSheet makeNewDataColumn
INFO: Output Data: 41 end: 44
15/02/2006 11:42:21 org.republic.ParseFileSheet makeNewDataColumn
INFO: Report Line: PO80164    2 RC43893  AMC000   08/12/05 10   341-060040101           4,775.00 EA      0.3552        1,696.08        1,696.08        169.61 no                                                                     no, Value Extracted: 10  
15/02/2006 11:42:21 org.republic.ParseFileSheet checkReportLine
INFO: SelectFieldData
15/02/2006 11:42:21 org.republic.ParseFileSheet makeNewDataColumn
INFO: Output Data: 46 end: 63
15/02/2006 11:42:21 org.republic.ParseFileSheet makeNewDataColumn
INFO: Report Line: PO80164    2 RC43893  AMC000   08/12/05 10   341-060040101           4,775.00 EA      0.3552        1,696.08        1,696.08        169.61 no                                                                     no, Value Extracted: 341-060040101     
15/02/2006 11:42:21 org.republic.ParseFileSheet checkReportLine
INFO: SelectFieldData
15/02/2006 11:42:21 org.republic.ParseFileSheet makeNewDataColumn
INFO: Output Data: 65 end: 77
15/02/2006 11:42:21 org.republic.ParseFileSheet makeNewDataColumn
INFO: Report Line: PO80164    2 RC43893  AMC000   08/12/05 10   341-060040101           4,775.00 EA      0.3552        1,696.08        1,696.08        169.61 no                                                                     no, Value Extracted:      4,775.00
15/02/2006 11:42:21 org.republic.ParseFileSheet checkReportLine
INFO: SelectFieldData
15/02/2006 11:42:21 org.republic.ParseFileSheet makeNewDataColumn
INFO: Output Data: 79 end: 80
15/02/2006 11:42:21 org.republic.ParseFileSheet makeNewDataColumn
INFO: Report Line: PO80164    2 RC43893  AMC000   08/12/05 10   341-060040101           4,775.00 EA      0.3552        1,696.08        1,696.08        169.61 no                                                                     no, Value Extracted: EA
15/02/2006 11:42:21 org.republic.ParseFileSheet checkReportLine
INFO: SelectFieldData
15/02/2006 11:42:21 org.republic.ParseFileSheet makeNewDataColumn
INFO: Output Data: 82 end: 92
15/02/2006 11:42:21 org.republic.ParseFileSheet makeNewDataColumn
INFO: Report Line: PO80164    2 RC43893  AMC000   08/12/05 10   341-060040101           4,775.00 EA      0.3552        1,696.08        1,696.08        169.61 no                                                                     no, Value Extracted:      0.3552
15/02/2006 11:42:21 org.republic.ParseFileSheet checkReportLine
INFO: SelectFieldData
15/02/2006 11:42:21 org.republic.ParseFileSheet makeNewDataColumn
INFO: Output Data: 94 end: 108
15/02/2006 11:42:21 org.republic.ParseFileSheet makeNewDataColumn
INFO: Report Line: PO80164    2 RC43893  AMC000   08/12/05 10   341-060040101           4,775.00 EA      0.3552        1,696.08        1,696.08        169.61 no                                                                     no, Value Extracted:        1,696.08
15/02/2006 11:42:21 org.republic.ParseFileSheet checkReportLine
INFO: SelectFieldData
15/02/2006 11:42:21 org.republic.ParseFileSheet makeNewDataColumn
INFO: Output Data: 110 end: 124
15/02/2006 11:42:21 org.republic.ParseFileSheet makeNewDataColumn
INFO: Report Line: PO80164    2 RC43893  AMC000   08/12/05 10   341-060040101           4,775.00 EA      0.3552        1,696.08        1,696.08        169.61 no                                                                     no, Value Extracted:        1,696.08
15/02/2006 11:42:21 org.republic.ParseFileSheet checkReportLine
INFO: SelectFieldData
15/02/2006 11:42:21 org.republic.ParseFileSheet makeNewDataColumn
INFO: Output Data: 126 end: 138
15/02/2006 11:42:21 org.republic.ParseFileSheet makeNewDataColumn
INFO: Report Line: PO80164    2 RC43893  AMC000   08/12/05 10   341-060040101           4,775.00 EA      0.3552        1,696.08        1,696.08        169.61 no                                                                     no, Value Extracted:        169.61
15/02/2006 11:42:21 org.republic.ParseFileSheet checkReportLine
INFO: SelectFieldData
15/02/2006 11:42:21 org.republic.ParseFileSheet makeNewDataColumn
INFO: Output Data: 140 end: 142
15/02/2006 11:42:21 org.republic.ParseFileSheet makeNewDataColumn
INFO: Report Line: PO80164    2 RC43893  AMC000   08/12/05 10   341-060040101           4,775.00 EA      0.3552        1,696.08        1,696.08        169.61 no                                                                     no, Value Extracted: no 
15/02/2006 11:42:21 org.republic.ParseFileSheet checkReportLine
INFO: SelectFieldData
15/02/2006 11:42:21 org.republic.ParseFileSheet makeNewDataColumn
INFO: Output Data: 144 end: 151
15/02/2006 11:42:21 org.republic.ParseFileSheet makeNewDataColumn
INFO: Report Line: PO80164    2 RC43893  AMC000   08/12/05 10   341-060040101           4,775.00 EA      0.3552        1,696.08        1,696.08        169.61 no                                                                     no, Value Extracted:         
15/02/2006 11:42:21 org.republic.ParseFileSheet checkReportLine
INFO: SelectFieldData
15/02/2006 11:42:21 org.republic.ParseFileSheet makeNewDataColumn
INFO: Output Data: 153 end: 163
15/02/2006 11:42:21 org.republic.ParseFileSheet makeNewDataColumn
INFO: Report Line: PO80164    2 RC43893  AMC000   08/12/05 10   341-060040101           4,775.00 EA      0.3552        1,696.08        1,696.08        169.61 no                                                                     no, Value Extracted:            
15/02/2006 11:42:21 org.republic.ParseFileSheet checkReportLine
INFO: SelectFieldData
15/02/2006 11:42:21 org.republic.ParseFileSheet makeNewDataColumn
INFO: Output Data: 165 end: 179
15/02/2006 11:42:21 org.republic.ParseFileSheet makeNewDataColumn
INFO: Report Line: PO80164    2 RC43893  AMC000   08/12/05 10   341-060040101           4,775.00 EA      0.3552        1,696.08        1,696.08        169.61 no                                                                     no, Value Extracted:                
15/02/2006 11:42:21 org.republic.ParseFileSheet checkReportLine
INFO: SelectFieldData
15/02/2006 11:42:21 org.republic.ParseFileSheet makeNewDataColumn
INFO: Output Data: 181 end: 188
15/02/2006 11:42:21 org.republic.ParseFileSheet makeNewDataColumn
INFO: Report Line: PO80164    2 RC43893  AMC000   08/12/05 10   341-060040101           4,775.00 EA      0.3552        1,696.08        1,696.08        169.61 no                                                                     no, Value Extracted:         
15/02/2006 11:42:21 org.republic.ParseFileSheet checkReportLine
INFO: SelectFieldData
15/02/2006 11:42:21 org.republic.ParseFileSheet makeNewDataColumn
INFO: Output Data: 190 end: 207
15/02/2006 11:42:21 org.republic.ParseFileSheet makeNewDataColumn
INFO: Report Line: PO80164    2 RC43893  AMC000   08/12/05 10   341-060040101           4,775.00 EA      0.3552        1,696.08        1,696.08        169.61 no                                                                     no, Value Extracted:                   
15/02/2006 11:42:21 org.republic.ParseFileSheet checkReportLine
INFO: SelectFieldData
15/02/2006 11:42:21 org.republic.ParseFileSheet makeNewDataColumn
INFO: Output Data: 209 end: 209
15/02/2006 11:42:21 org.republic.ParseFileSheet makeNewDataColumn
INFO: Report Line: PO80164    2 RC43893  AMC000   08/12/05 10   341-060040101           4,775.00 EA      0.3552        1,696.08        1,696.08        169.61 no                                                                     no, Value Extracted:  
15/02/2006 11:42:21 org.republic.ParseFileSheet checkReportLine
INFO: SelectFieldData
15/02/2006 11:42:21 org.republic.ParseFileSheet makeNewDataColumn
INFO: Output Data: 211 end: 213
15/02/2006 11:42:21 org.republic.ParseFileSheet makeNewDataColumn
INFO: Report Line: PO80164    2 RC43893  AMC000   08/12/05 10   341-060040101           4,775.00 EA      0.3552        1,696.08        1,696.08        169.61 no                                                                     no, Value Extracted: no
15/02/2006 11:42:21 org.republic.ParseFileSheet parseInputFile
INFO: line:58 , line length() 212
15/02/2006 11:42:21 org.republic.ParseFileSheet parseInputFile
INFO: >>>>First char:80 new page?: false
15/02/2006 11:42:21 org.republic.ParseFileSheet parseInputFile
INFO: File Line:58, report page pos 58 , line:PO80165    2 RC44025  AMC003   15/12/05 10   35-11                 105,840.00 EA     0.12713       13,455.44       13,455.44      1,345.54 no                                                                     no
15/02/2006 11:42:21 org.republic.ParseFileSheet checkReportLine
INFO: NewRowIf
15/02/2006 11:42:21 org.republic.ParseFileSheet ruleMatchesReportLine
INFO: comparing: 'PO80165 ' with '        '
15/02/2006 11:42:21 org.republic.ParseFileSheet ruleMatchesReportLine
INFO: not blank: true
15/02/2006 11:42:21 org.republic.ParseFileSheet ruleMatchesReportLine
INFO: not blank Len: '8'
15/02/2006 11:42:21 org.republic.ParseFileSheet checkReportLine
INFO: SelectFieldData
15/02/2006 11:42:21 org.republic.ParseFileSheet makeNewDataColumn
INFO: Output Data: 1 end: 8
15/02/2006 11:42:21 org.republic.ParseFileSheet makeNewDataColumn
INFO: Report Line: PO80165    2 RC44025  AMC003   15/12/05 10   35-11                 105,840.00 EA     0.12713       13,455.44       13,455.44      1,345.54 no                                                                     no, Value Extracted: PO80165 
15/02/2006 11:42:21 org.republic.ParseFileSheet checkReportLine
INFO: SelectFieldData
15/02/2006 11:42:21 org.republic.ParseFileSheet makeNewDataColumn
INFO: Output Data: 10 end: 12
15/02/2006 11:42:21 org.republic.ParseFileSheet makeNewDataColumn
INFO: Report Line: PO80165    2 RC44025  AMC003   15/12/05 10   35-11                 105,840.00 EA     0.12713       13,455.44       13,455.44      1,345.54 no                                                                     no, Value Extracted:   2
15/02/2006 11:42:21 org.republic.ParseFileSheet checkReportLine
INFO: SelectFieldData
15/02/2006 11:42:21 org.republic.ParseFileSheet makeNewDataColumn
INFO: Output Data: 14 end: 21
15/02/2006 11:42:21 org.republic.ParseFileSheet makeNewDataColumn
INFO: Report Line: PO80165    2 RC44025  AMC003   15/12/05 10   35-11                 105,840.00 EA     0.12713       13,455.44       13,455.44      1,345.54 no                                                                     no, Value Extracted: RC44025 
15/02/2006 11:42:21 org.republic.ParseFileSheet checkReportLine
INFO: SelectFieldData
15/02/2006 11:42:21 org.republic.ParseFileSheet makeNewDataColumn
INFO: Output Data: 23 end: 30
15/02/2006 11:42:21 org.republic.ParseFileSheet makeNewDataColumn
INFO: Report Line: PO80165    2 RC44025  AMC003   15/12/05 10   35-11                 105,840.00 EA     0.12713       13,455.44       13,455.44      1,345.54 no                                                                     no, Value Extracted: AMC003  
15/02/2006 11:42:21 org.republic.ParseFileSheet checkReportLine
INFO: SelectFieldData
15/02/2006 11:42:21 org.republic.ParseFileSheet makeNewDataColumn
INFO: Output Data: 32 end: 39
15/02/2006 11:42:21 org.republic.ParseFileSheet makeNewDataColumn
INFO: Report Line: PO80165    2 RC44025  AMC003   15/12/05 10   35-11                 105,840.00 EA     0.12713       13,455.44       13,455.44      1,345.54 no                                                                     no, Value Extracted: 15/12/05
15/02/2006 11:42:21 org.republic.ParseFileSheet checkReportLine
INFO: SelectFieldData
15/02/2006 11:42:21 org.republic.ParseFileSheet makeNewDataColumn
INFO: Output Data: 41 end: 44
15/02/2006 11:42:21 org.republic.ParseFileSheet makeNewDataColumn
INFO: Report Line: PO80165    2 RC44025  AMC003   15/12/05 10   35-11                 105,840.00 EA     0.12713       13,455.44       13,455.44      1,345.54 no                                                                     no, Value Extracted: 10  
15/02/2006 11:42:21 org.republic.ParseFileSheet checkReportLine
INFO: SelectFieldData
15/02/2006 11:42:21 org.republic.ParseFileSheet makeNewDataColumn
INFO: Output Data: 46 end: 63
15/02/2006 11:42:21 org.republic.ParseFileSheet makeNewDataColumn
INFO: Report Line: PO80165    2 RC44025  AMC003   15/12/05 10   35-11                 105,840.00 EA     0.12713       13,455.44       13,455.44      1,345.54 no                                                                     no, Value Extracted: 35-11             
15/02/2006 11:42:21 org.republic.ParseFileSheet checkReportLine
INFO: SelectFieldData
15/02/2006 11:42:21 org.republic.ParseFileSheet makeNewDataColumn
INFO: Output Data: 65 end: 77
15/02/2006 11:42:21 org.republic.ParseFileSheet makeNewDataColumn
INFO: Report Line: PO80165    2 RC44025  AMC003   15/12/05 10   35-11                 105,840.00 EA     0.12713       13,455.44       13,455.44      1,345.54 no                                                                     no, Value Extracted:    105,840.00
15/02/2006 11:42:21 org.republic.ParseFileSheet checkReportLine
INFO: SelectFieldData
15/02/2006 11:42:21 org.republic.ParseFileSheet makeNewDataColumn
INFO: Output Data: 79 end: 80
15/02/2006 11:42:21 org.republic.ParseFileSheet makeNewDataColumn
INFO: Report Line: PO80165    2 RC44025  AMC003   15/12/05 10   35-11                 105,840.00 EA     0.12713       13,455.44       13,455.44      1,345.54 no                                                                     no, Value Extracted: EA
15/02/2006 11:42:21 org.republic.ParseFileSheet checkReportLine
INFO: SelectFieldData
15/02/2006 11:42:21 org.republic.ParseFileSheet makeNewDataColumn
INFO: Output Data: 82 end: 92
15/02/2006 11:42:21 org.republic.ParseFileSheet makeNewDataColumn
INFO: Report Line: PO80165    2 RC44025  AMC003   15/12/05 10   35-11                 105,840.00 EA     0.12713       13,455.44       13,455.44      1,345.54 no                                                                     no, Value Extracted:     0.12713
15/02/2006 11:42:21 org.republic.ParseFileSheet checkReportLine
INFO: SelectFieldData
15/02/2006 11:42:21 org.republic.ParseFileSheet makeNewDataColumn
INFO: Output Data: 94 end: 108
15/02/2006 11:42:21 org.republic.ParseFileSheet makeNewDataColumn
INFO: Report Line: PO80165    2 RC44025  AMC003   15/12/05 10   35-11                 105,840.00 EA     0.12713       13,455.44       13,455.44      1,345.54 no                                                                     no, Value Extracted:       13,455.44
15/02/2006 11:42:21 org.republic.ParseFileSheet checkReportLine
INFO: SelectFieldData
15/02/2006 11:42:21 org.republic.ParseFileSheet makeNewDataColumn
INFO: Output Data: 110 end: 124
15/02/2006 11:42:21 org.republic.ParseFileSheet makeNewDataColumn
INFO: Report Line: PO80165    2 RC44025  AMC003   15/12/05 10   35-11                 105,840.00 EA     0.12713       13,455.44       13,455.44      1,345.54 no                                                                     no, Value Extracted:       13,455.44
15/02/2006 11:42:21 org.republic.ParseFileSheet checkReportLine
INFO: SelectFieldData
15/02/2006 11:42:21 org.republic.ParseFileSheet makeNewDataColumn
INFO: Output Data: 126 end: 138
15/02/2006 11:42:21 org.republic.ParseFileSheet makeNewDataColumn
INFO: Report Line: PO80165    2 RC44025  AMC003   15/12/05 10   35-11                 105,840.00 EA     0.12713       13,455.44       13,455.44      1,345.54 no                                                                     no, Value Extracted:      1,345.54
15/02/2006 11:42:21 org.republic.ParseFileSheet checkReportLine
INFO: SelectFieldData
15/02/2006 11:42:21 org.republic.ParseFileSheet makeNewDataColumn
INFO: Output Data: 140 end: 142
15/02/2006 11:42:21 org.republic.ParseFileSheet makeNewDataColumn
INFO: Report Line: PO80165    2 RC44025  AMC003   15/12/05 10   35-11                 105,840.00 EA     0.12713       13,455.44       13,455.44      1,345.54 no                                                                     no, Value Extracted: no 
15/02/2006 11:42:21 org.republic.ParseFileSheet checkReportLine
INFO: SelectFieldData
15/02/2006 11:42:21 org.republic.ParseFileSheet makeNewDataColumn
INFO: Output Data: 144 end: 151
15/02/2006 11:42:21 org.republic.ParseFileSheet makeNewDataColumn
INFO: Report Line: PO80165    2 RC44025  AMC003   15/12/05 10   35-11                 105,840.00 EA     0.12713       13,455.44       13,455.44      1,345.54 no                                                                     no, Value Extracted:         
15/02/2006 11:42:21 org.republic.ParseFileSheet checkReportLine
INFO: SelectFieldData
15/02/2006 11:42:21 org.republic.ParseFileSheet makeNewDataColumn
INFO: Output Data: 153 end: 163
15/02/2006 11:42:21 org.republic.ParseFileSheet makeNewDataColumn
INFO: Report Line: PO80165    2 RC44025  AMC003   15/12/05 10   35-11                 105,840.00 EA     0.12713       13,455.44       13,455.44      1,345.54 no                                                                     no, Value Extracted:            
15/02/2006 11:42:21 org.republic.ParseFileSheet checkReportLine
INFO: SelectFieldData
15/02/2006 11:42:21 org.republic.ParseFileSheet makeNewDataColumn
INFO: Output Data: 165 end: 179
15/02/2006 11:42:21 org.republic.ParseFileSheet makeNewDataColumn
INFO: Report Line: PO80165    2 RC44025  AMC003   15/12/05 10   35-11                 105,840.00 EA     0.12713       13,455.44       13,455.44      1,345.54 no                                                                     no, Value Extracted:                
15/02/2006 11:42:21 org.republic.ParseFileSheet checkReportLine
INFO: SelectFieldData
15/02/2006 11:42:21 org.republic.ParseFileSheet makeNewDataColumn
INFO: Output Data: 181 end: 188
15/02/2006 11:42:21 org.republic.ParseFileSheet makeNewDataColumn
INFO: Report Line: PO80165    2 RC44025  AMC003   15/12/05 10   35-11                 105,840.00 EA     0.12713       13,455.44       13,455.44      1,345.54 no                                                                     no, Value Extracted:         
15/02/2006 11:42:21 org.republic.ParseFileSheet checkReportLine
INFO: SelectFieldData
15/02/2006 11:42:21 org.republic.ParseFileSheet makeNewDataColumn
INFO: Output Data: 190 end: 207
15/02/2006 11:42:21 org.republic.ParseFileSheet makeNewDataColumn
INFO: Report Line: PO80165    2 RC44025  AMC003   15/12/05 10   35-11                 105,840.00 EA     0.12713       13,455.44       13,455.44      1,345.54 no                                                                     no, Value Extracted:                   
15/02/2006 11:42:21 org.republic.ParseFileSheet checkReportLine
INFO: SelectFieldData
15/02/2006 11:42:21 org.republic.ParseFileSheet makeNewDataColumn
INFO: Output Data: 209 end: 209
15/02/2006 11:42:21 org.republic.ParseFileSheet makeNewDataColumn
INFO: Report Line: PO80165    2 RC44025  AMC003   15/12/05 10   35-11                 105,840.00 EA     0.12713       13,455.44       13,455.44      1,345.54 no                                                                     no, Value Extracted:  
15/02/2006 11:42:21 org.republic.ParseFileSheet checkReportLine
INFO: SelectFieldData
15/02/2006 11:42:21 org.republic.ParseFileSheet makeNewDataColumn
INFO: Output Data: 211 end: 213
15/02/2006 11:42:21 org.republic.ParseFileSheet makeNewDataColumn
INFO: Report Line: PO80165    2 RC44025  AMC003   15/12/05 10   35-11                 105,840.00 EA     0.12713       13,455.44       13,455.44      1,345.54 no                                                                     no, Value Extracted: no
15/02/2006 11:42:21 org.republic.ParseFileSheet parseInputFile
INFO: line:59 , line length() 212
15/02/2006 11:42:21 org.republic.ParseFileSheet parseInputFile
INFO: >>>>First char:80 new page?: false
15/02/2006 11:42:21 org.republic.ParseFileSheet parseInputFile
INFO: File Line:59, report page pos 59 , line:PO80178    1 RC43860  eve000   07/12/05 10   4015025-04100           7,000.00 EA        0.22        1,540.00        1,540.00        154.00 no                                                                     no
15/02/2006 11:42:21 org.republic.ParseFileSheet checkReportLine
INFO: NewRowIf
15/02/2006 11:42:21 org.republic.ParseFileSheet ruleMatchesReportLine
INFO: comparing: 'PO80178 ' with '        '
15/02/2006 11:42:21 org.republic.ParseFileSheet ruleMatchesReportLine
INFO: not blank: true
15/02/2006 11:42:21 org.republic.ParseFileSheet ruleMatchesReportLine
INFO: not blank Len: '8'
15/02/2006 11:42:21 org.republic.ParseFileSheet checkReportLine
INFO: SelectFieldData
15/02/2006 11:42:21 org.republic.ParseFileSheet makeNewDataColumn
INFO: Output Data: 1 end: 8
15/02/2006 11:42:21 org.republic.ParseFileSheet makeNewDataColumn
INFO: Report Line: PO80178    1 RC43860  eve000   07/12/05 10   4015025-04100           7,000.00 EA        0.22        1,540.00        1,540.00        154.00 no                                                                     no, Value Extracted: PO80178 
15/02/2006 11:42:21 org.republic.ParseFileSheet checkReportLine
INFO: SelectFieldData
15/02/2006 11:42:21 org.republic.ParseFileSheet makeNewDataColumn
INFO: Output Data: 10 end: 12
15/02/2006 11:42:21 org.republic.ParseFileSheet makeNewDataColumn
INFO: Report Line: PO80178    1 RC43860  eve000   07/12/05 10   4015025-04100           7,000.00 EA        0.22        1,540.00        1,540.00        154.00 no                                                                     no, Value Extracted:   1
15/02/2006 11:42:21 org.republic.ParseFileSheet checkReportLine
INFO: SelectFieldData
15/02/2006 11:42:21 org.republic.ParseFileSheet makeNewDataColumn
INFO: Output Data: 14 end: 21
15/02/2006 11:42:21 org.republic.ParseFileSheet makeNewDataColumn
INFO: Report Line: PO80178    1 RC43860  eve000   07/12/05 10   4015025-04100           7,000.00 EA        0.22        1,540.00        1,540.00        154.00 no                                                                     no, Value Extracted: RC43860 
15/02/2006 11:42:21 org.republic.ParseFileSheet checkReportLine
INFO: SelectFieldData
15/02/2006 11:42:21 org.republic.ParseFileSheet makeNewDataColumn
INFO: Output Data: 23 end: 30
15/02/2006 11:42:21 org.republic.ParseFileSheet makeNewDataColumn
INFO: Report Line: PO80178    1 RC43860  eve000   07/12/05 10   4015025-04100           7,000.00 EA        0.22        1,540.00        1,540.00        154.00 no                                                                     no, Value Extracted: eve000  
15/02/2006 11:42:21 org.republic.ParseFileSheet checkReportLine
INFO: SelectFieldData
15/02/2006 11:42:21 org.republic.ParseFileSheet makeNewDataColumn
INFO: Output Data: 32 end: 39
15/02/2006 11:42:21 org.republic.ParseFileSheet makeNewDataColumn
INFO: Report Line: PO80178    1 RC43860  eve000   07/12/05 10   4015025-04100           7,000.00 EA        0.22        1,540.00        1,540.00        154.00 no                                                                     no, Value Extracted: 07/12/05
15/02/2006 11:42:21 org.republic.ParseFileSheet checkReportLine
INFO: SelectFieldData
15/02/2006 11:42:21 org.republic.ParseFileSheet makeNewDataColumn
INFO: Output Data: 41 end: 44
15/02/2006 11:42:21 org.republic.ParseFileSheet makeNewDataColumn
INFO: Report Line: PO80178    1 RC43860  eve000   07/12/05 10   4015025-04100           7,000.00 EA        0.22        1,540.00        1,540.00        154.00 no                                                                     no, Value Extracted: 10  
15/02/2006 11:42:21 org.republic.ParseFileSheet checkReportLine
INFO: SelectFieldData
15/02/2006 11:42:21 org.republic.ParseFileSheet makeNewDataColumn
INFO: Output Data: 46 end: 63
15/02/2006 11:42:21 org.republic.ParseFileSheet makeNewDataColumn
INFO: Report Line: PO80178    1 RC43860  eve000   07/12/05 10   4015025-04100           7,000.00 EA        0.22        1,540.00        1,540.00        154.00 no                                                                     no, Value Extracted: 4015025-04100     
15/02/2006 11:42:21 org.republic.ParseFileSheet checkReportLine
INFO: SelectFieldData
15/02/2006 11:42:21 org.republic.ParseFileSheet makeNewDataColumn
INFO: Output Data: 65 end: 77
15/02/2006 11:42:21 org.republic.ParseFileSheet makeNewDataColumn
INFO: Report Line: PO80178    1 RC43860  eve000   07/12/05 10   4015025-04100           7,000.00 EA        0.22        1,540.00        1,540.00        154.00 no                                                                     no, Value Extracted:      7,000.00
15/02/2006 11:42:21 org.republic.ParseFileSheet checkReportLine
INFO: SelectFieldData
15/02/2006 11:42:21 org.republic.ParseFileSheet makeNewDataColumn
INFO: Output Data: 79 end: 80
15/02/2006 11:42:21 org.republic.ParseFileSheet makeNewDataColumn
INFO: Report Line: PO80178    1 RC43860  eve000   07/12/05 10   4015025-04100           7,000.00 EA        0.22        1,540.00        1,540.00        154.00 no                                                                     no, Value Extracted: EA
15/02/2006 11:42:21 org.republic.ParseFileSheet checkReportLine
INFO: SelectFieldData
15/02/2006 11:42:21 org.republic.ParseFileSheet makeNewDataColumn
INFO: Output Data: 82 end: 92
15/02/2006 11:42:21 org.republic.ParseFileSheet makeNewDataColumn
INFO: Report Line: PO80178    1 RC43860  eve000   07/12/05 10   4015025-04100           7,000.00 EA        0.22        1,540.00        1,540.00        154.00 no                                                                     no, Value Extracted:        0.22
15/02/2006 11:42:21 org.republic.ParseFileSheet checkReportLine
INFO: SelectFieldData
15/02/2006 11:42:21 org.republic.ParseFileSheet makeNewDataColumn
INFO: Output Data: 94 end: 108
15/02/2006 11:42:21 org.republic.ParseFileSheet makeNewDataColumn
INFO: Report Line: PO80178    1 RC43860  eve000   07/12/05 10   4015025-04100           7,000.00 EA        0.22        1,540.00        1,540.00        154.00 no                                                                     no, Value Extracted:        1,540.00
15/02/2006 11:42:21 org.republic.ParseFileSheet checkReportLine
INFO: SelectFieldData
15/02/2006 11:42:21 org.republic.ParseFileSheet makeNewDataColumn
INFO: Output Data: 110 end: 124
15/02/2006 11:42:21 org.republic.ParseFileSheet makeNewDataColumn
INFO: Report Line: PO80178    1 RC43860  eve000   07/12/05 10   4015025-04100           7,000.00 EA        0.22        1,540.00        1,540.00        154.00 no                                                                     no, Value Extracted:        1,540.00
15/02/2006 11:42:21 org.republic.ParseFileSheet checkReportLine
INFO: SelectFieldData
15/02/2006 11:42:21 org.republic.ParseFileSheet makeNewDataColumn
INFO: Output Data: 126 end: 138
15/02/2006 11:42:21 org.republic.ParseFileSheet makeNewDataColumn
INFO: Report Line: PO80178    1 RC43860  eve000   07/12/05 10   4015025-04100           7,000.00 EA        0.22        1,540.00        1,540.00        154.00 no                                                                     no, Value Extracted:        154.00
15/02/2006 11:42:21 org.republic.ParseFileSheet checkReportLine
INFO: SelectFieldData
15/02/2006 11:42:21 org.republic.ParseFileSheet makeNewDataColumn
INFO: Output Data: 140 end: 142
15/02/2006 11:42:21 org.republic.ParseFileSheet makeNewDataColumn
INFO: Report Line: PO80178    1 RC43860  eve000   07/12/05 10   4015025-04100           7,000.00 EA        0.22        1,540.00        1,540.00        154.00 no                                                                     no, Value Extracted: no 
15/02/2006 11:42:21 org.republic.ParseFileSheet checkReportLine
INFO: SelectFieldData
15/02/2006 11:42:21 org.republic.ParseFileSheet makeNewDataColumn
INFO: Output Data: 144 end: 151
15/02/2006 11:42:21 org.republic.ParseFileSheet makeNewDataColumn
INFO: Report Line: PO80178    1 RC43860  eve000   07/12/05 10   4015025-04100           7,000.00 EA        0.22        1,540.00        1,540.00        154.00 no                                                                     no, Value Extracted:         
15/02/2006 11:42:21 org.republic.ParseFileSheet checkReportLine
INFO: SelectFieldData
15/02/2006 11:42:21 org.republic.ParseFileSheet makeNewDataColumn
INFO: Output Data: 153 end: 163
15/02/2006 11:42:21 org.republic.ParseFileSheet makeNewDataColumn
INFO: Report Line: PO80178    1 RC43860  eve000   07/12/05 10   4015025-04100           7,000.00 EA        0.22        1,540.00        1,540.00        154.00 no                                                                     no, Value Extracted:            
15/02/2006 11:42:21 org.republic.ParseFileSheet checkReportLine
INFO: SelectFieldData
15/02/2006 11:42:21 org.republic.ParseFileSheet makeNewDataColumn
INFO: Output Data: 165 end: 179
15/02/2006 11:42:21 org.republic.ParseFileSheet makeNewDataColumn
INFO: Report Line: PO80178    1 RC43860  eve000   07/12/05 10   4015025-04100           7,000.00 EA        0.22        1,540.00        1,540.00        154.00 no                                                                     no, Value Extracted:                
15/02/2006 11:42:21 org.republic.ParseFileSheet checkReportLine
INFO: SelectFieldData
15/02/2006 11:42:21 org.republic.ParseFileSheet makeNewDataColumn
INFO: Output Data: 181 end: 188
15/02/2006 11:42:21 org.republic.ParseFileSheet makeNewDataColumn
INFO: Report Line: PO80178    1 RC43860  eve000   07/12/05 10   4015025-04100           7,000.00 EA        0.22        1,540.00        1,540.00        154.00 no                                                                     no, Value Extracted:         
15/02/2006 11:42:21 org.republic.ParseFileSheet checkReportLine
INFO: SelectFieldData
15/02/2006 11:42:21 org.republic.ParseFileSheet makeNewDataColumn
INFO: Output Data: 190 end: 207
15/02/2006 11:42:21 org.republic.ParseFileSheet makeNewDataColumn
INFO: Report Line: PO80178    1 RC43860  eve000   07/12/05 10   4015025-04100           7,000.00 EA        0.22        1,540.00        1,540.00        154.00 no                                                                     no, Value Extracted:                   
15/02/2006 11:42:21 org.republic.ParseFileSheet checkReportLine
INFO: SelectFieldData
15/02/2006 11:42:21 org.republic.ParseFileSheet makeNewDataColumn
INFO: Output Data: 209 end: 209
15/02/2006 11:42:21 org.republic.ParseFileSheet makeNewDataColumn
INFO: Report Line: PO80178    1 RC43860  eve000   07/12/05 10   4015025-04100           7,000.00 EA        0.22        1,540.00        1,540.00        154.00 no                                                                     no, Value Extracted:  
15/02/2006 11:42:21 org.republic.ParseFileSheet checkReportLine
INFO: SelectFieldData
15/02/2006 11:42:21 org.republic.ParseFileSheet makeNewDataColumn
INFO: Output Data: 211 end: 213
15/02/2006 11:42:21 org.republic.ParseFileSheet makeNewDataColumn
INFO: Report Line: PO80178    1 RC43860  eve000   07/12/05 10   4015025-04100           7,000.00 EA        0.22        1,540.00        1,540.00        154.00 no                                                                     no, Value Extracted: no
15/02/2006 11:42:21 org.republic.ParseFileSheet parseInputFile
INFO: line:60 , line length() 212
15/02/2006 11:42:21 org.republic.ParseFileSheet parseInputFile
INFO: >>>>First char:80 new page?: false
15/02/2006 11:42:21 org.republic.ParseFileSheet parseInputFile
INFO: File Line:60, report page pos 60 , line:PO80178    2 RC43804  eve000   02/12/05 10   4015025-04110           7,500.00 EA        0.06          450.00          450.00         45.00 no                                                                     no
15/02/2006 11:42:21 org.republic.ParseFileSheet checkReportLine
INFO: NewRowIf
15/02/2006 11:42:21 org.republic.ParseFileSheet ruleMatchesReportLine
INFO: comparing: 'PO80178 ' with '        '
15/02/2006 11:42:21 org.republic.ParseFileSheet ruleMatchesReportLine
INFO: not blank: true
15/02/2006 11:42:21 org.republic.ParseFileSheet ruleMatchesReportLine
INFO: not blank Len: '8'
15/02/2006 11:42:21 org.republic.ParseFileSheet checkReportLine
INFO: SelectFieldData
15/02/2006 11:42:21 org.republic.ParseFileSheet makeNewDataColumn
INFO: Output Data: 1 end: 8
15/02/2006 11:42:21 org.republic.ParseFileSheet makeNewDataColumn
INFO: Report Line: PO80178    2 RC43804  eve000   02/12/05 10   4015025-04110           7,500.00 EA        0.06          450.00          450.00         45.00 no                                                                     no, Value Extracted: PO80178 
15/02/2006 11:42:21 org.republic.ParseFileSheet checkReportLine
INFO: SelectFieldData
15/02/2006 11:42:21 org.republic.ParseFileSheet makeNewDataColumn
INFO: Output Data: 10 end: 12
15/02/2006 11:42:21 org.republic.ParseFileSheet makeNewDataColumn
INFO: Report Line: PO80178    2 RC43804  eve000   02/12/05 10   4015025-04110           7,500.00 EA        0.06          450.00          450.00         45.00 no                                                                     no, Value Extracted:   2
15/02/2006 11:42:21 org.republic.ParseFileSheet checkReportLine
INFO: SelectFieldData
15/02/2006 11:42:21 org.republic.ParseFileSheet makeNewDataColumn
INFO: Output Data: 14 end: 21
15/02/2006 11:42:21 org.republic.ParseFileSheet makeNewDataColumn
INFO: Report Line: PO80178    2 RC43804  eve000   02/12/05 10   4015025-04110           7,500.00 EA        0.06          450.00          450.00         45.00 no                                                                     no, Value Extracted: RC43804 
15/02/2006 11:42:21 org.republic.ParseFileSheet checkReportLine
INFO: SelectFieldData
15/02/2006 11:42:21 org.republic.ParseFileSheet makeNewDataColumn
INFO: Output Data: 23 end: 30
15/02/2006 11:42:21 org.republic.ParseFileSheet makeNewDataColumn
INFO: Report Line: PO80178    2 RC43804  eve000   02/12/05 10   4015025-04110           7,500.00 EA        0.06          450.00          450.00         45.00 no                                                                     no, Value Extracted: eve000  
15/02/2006 11:42:21 org.republic.ParseFileSheet checkReportLine
INFO: SelectFieldData
15/02/2006 11:42:21 org.republic.ParseFileSheet makeNewDataColumn
INFO: Output Data: 32 end: 39
15/02/2006 11:42:21 org.republic.ParseFileSheet makeNewDataColumn
INFO: Report Line: PO80178    2 RC43804  eve000   02/12/05 10   4015025-04110           7,500.00 EA        0.06          450.00          450.00         45.00 no                                                                     no, Value Extracted: 02/12/05
15/02/2006 11:42:21 org.republic.ParseFileSheet checkReportLine
INFO: SelectFieldData
15/02/2006 11:42:21 org.republic.ParseFileSheet makeNewDataColumn
INFO: Output Data: 41 end: 44
15/02/2006 11:42:21 org.republic.ParseFileSheet makeNewDataColumn
INFO: Report Line: PO80178    2 RC43804  eve000   02/12/05 10   4015025-04110           7,500.00 EA        0.06          450.00          450.00         45.00 no                                                                     no, Value Extracted: 10  
15/02/2006 11:42:21 org.republic.ParseFileSheet checkReportLine
INFO: SelectFieldData
15/02/2006 11:42:21 org.republic.ParseFileSheet makeNewDataColumn
INFO: Output Data: 46 end: 63
15/02/2006 11:42:21 org.republic.ParseFileSheet makeNewDataColumn
INFO: Report Line: PO80178    2 RC43804  eve000   02/12/05 10   4015025-04110           7,500.00 EA        0.06          450.00          450.00         45.00 no                                                                     no, Value Extracted: 4015025-04110     
15/02/2006 11:42:21 org.republic.ParseFileSheet checkReportLine
INFO: SelectFieldData
15/02/2006 11:42:21 org.republic.ParseFileSheet makeNewDataColumn
INFO: Output Data: 65 end: 77
15/02/2006 11:42:21 org.republic.ParseFileSheet makeNewDataColumn
INFO: Report Line: PO80178    2 RC43804  eve000   02/12/05 10   4015025-04110           7,500.00 EA        0.06          450.00          450.00         45.00 no                                                                     no, Value Extracted:      7,500.00
15/02/2006 11:42:21 org.republic.ParseFileSheet checkReportLine
INFO: SelectFieldData
15/02/2006 11:42:21 org.republic.ParseFileSheet makeNewDataColumn
INFO: Output Data: 79 end: 80
15/02/2006 11:42:21 org.republic.ParseFileSheet makeNewDataColumn
INFO: Report Line: PO80178    2 RC43804  eve000   02/12/05 10   4015025-04110           7,500.00 EA        0.06          450.00          450.00         45.00 no                                                                     no, Value Extracted: EA
15/02/2006 11:42:21 org.republic.ParseFileSheet checkReportLine
INFO: SelectFieldData
15/02/2006 11:42:21 org.republic.ParseFileSheet makeNewDataColumn
INFO: Output Data: 82 end: 92
15/02/2006 11:42:21 org.republic.ParseFileSheet makeNewDataColumn
INFO: Report Line: PO80178    2 RC43804  eve000   02/12/05 10   4015025-04110           7,500.00 EA        0.06          450.00          450.00         45.00 no                                                                     no, Value Extracted:        0.06
15/02/2006 11:42:21 org.republic.ParseFileSheet checkReportLine
INFO: SelectFieldData
15/02/2006 11:42:21 org.republic.ParseFileSheet makeNewDataColumn
INFO: Output Data: 94 end: 108
15/02/2006 11:42:21 org.republic.ParseFileSheet makeNewDataColumn
INFO: Report Line: PO80178    2 RC43804  eve000   02/12/05 10   4015025-04110           7,500.00 EA        0.06          450.00          450.00         45.00 no                                                                     no, Value Extracted:          450.00
15/02/2006 11:42:21 org.republic.ParseFileSheet checkReportLine
INFO: SelectFieldData
15/02/2006 11:42:21 org.republic.ParseFileSheet makeNewDataColumn
INFO: Output Data: 110 end: 124
15/02/2006 11:42:21 org.republic.ParseFileSheet makeNewDataColumn
INFO: Report Line: PO80178    2 RC43804  eve000   02/12/05 10   4015025-04110           7,500.00 EA        0.06          450.00          450.00         45.00 no                                                                     no, Value Extracted:          450.00
15/02/2006 11:42:21 org.republic.ParseFileSheet checkReportLine
INFO: SelectFieldData
15/02/2006 11:42:21 org.republic.ParseFileSheet makeNewDataColumn
INFO: Output Data: 126 end: 138
15/02/2006 11:42:21 org.republic.ParseFileSheet makeNewDataColumn
INFO: Report Line: PO80178    2 RC43804  eve000   02/12/05 10   4015025-04110           7,500.00 EA        0.06          450.00          450.00         45.00 no                                                                     no, Value Extracted:         45.00
15/02/2006 11:42:21 org.republic.ParseFileSheet checkReportLine
INFO: SelectFieldData
15/02/2006 11:42:21 org.republic.ParseFileSheet makeNewDataColumn
INFO: Output Data: 140 end: 142
15/02/2006 11:42:21 org.republic.ParseFileSheet makeNewDataColumn
INFO: Report Line: PO80178    2 RC43804  eve000   02/12/05 10   4015025-04110           7,500.00 EA        0.06          450.00          450.00         45.00 no                                                                     no, Value Extracted: no 
15/02/2006 11:42:21 org.republic.ParseFileSheet checkReportLine
INFO: SelectFieldData
15/02/2006 11:42:21 org.republic.ParseFileSheet makeNewDataColumn
INFO: Output Data: 144 end: 151
15/02/2006 11:42:21 org.republic.ParseFileSheet makeNewDataColumn
INFO: Report Line: PO80178    2 RC43804  eve000   02/12/05 10   4015025-04110           7,500.00 EA        0.06          450.00          450.00         45.00 no                                                                     no, Value Extracted:         
15/02/2006 11:42:21 org.republic.ParseFileSheet checkReportLine
INFO: SelectFieldData
15/02/2006 11:42:21 org.republic.ParseFileSheet makeNewDataColumn
INFO: Output Data: 153 end: 163
15/02/2006 11:42:21 org.republic.ParseFileSheet makeNewDataColumn
INFO: Report Line: PO80178    2 RC43804  eve000   02/12/05 10   4015025-04110           7,500.00 EA        0.06          450.00          450.00         45.00 no                                                                     no, Value Extracted:            
15/02/2006 11:42:21 org.republic.ParseFileSheet checkReportLine
INFO: SelectFieldData
15/02/2006 11:42:21 org.republic.ParseFileSheet makeNewDataColumn
INFO: Output Data: 165 end: 179
15/02/2006 11:42:21 org.republic.ParseFileSheet makeNewDataColumn
INFO: Report Line: PO80178    2 RC43804  eve000   02/12/05 10   4015025-04110           7,500.00 EA        0.06          450.00          450.00         45.00 no                                                                     no, Value Extracted:                
15/02/2006 11:42:21 org.republic.ParseFileSheet checkReportLine
INFO: SelectFieldData
15/02/2006 11:42:21 org.republic.ParseFileSheet makeNewDataColumn
INFO: Output Data: 181 end: 188
15/02/2006 11:42:21 org.republic.ParseFileSheet makeNewDataColumn
INFO: Report Line: PO80178    2 RC43804  eve000   02/12/05 10   4015025-04110           7,500.00 EA        0.06          450.00          450.00         45.00 no                                                                     no, Value Extracted:         
15/02/2006 11:42:21 org.republic.ParseFileSheet checkReportLine
INFO: SelectFieldData
15/02/2006 11:42:21 org.republic.ParseFileSheet makeNewDataColumn
INFO: Output Data: 190 end: 207
15/02/2006 11:42:21 org.republic.ParseFileSheet makeNewDataColumn
INFO: Report Line: PO80178    2 RC43804  eve000   02/12/05 10   4015025-04110           7,500.00 EA        0.06          450.00          450.00         45.00 no                                                                     no, Value Extracted:                   
15/02/2006 11:42:21 org.republic.ParseFileSheet checkReportLine
INFO: SelectFieldData
15/02/2006 11:42:21 org.republic.ParseFileSheet makeNewDataColumn
INFO: Output Data: 209 end: 209
15/02/2006 11:42:21 org.republic.ParseFileSheet makeNewDataColumn
INFO: Report Line: PO80178    2 RC43804  eve000   02/12/05 10   4015025-04110           7,500.00 EA        0.06          450.00          450.00         45.00 no                                                                     no, Value Extracted:  
15/02/2006 11:42:21 org.republic.ParseFileSheet checkReportLine
INFO: SelectFieldData
15/02/2006 11:42:21 org.republic.ParseFileSheet makeNewDataColumn
INFO: Output Data: 211 end: 213
15/02/2006 11:42:21 org.republic.ParseFileSheet makeNewDataColumn
INFO: Report Line: PO80178    2 RC43804  eve000   02/12/05 10   4015025-04110           7,500.00 EA        0.06          450.00          450.00         45.00 no                                                                     no, Value Extracted: no
15/02/2006 11:42:21 org.republic.ParseFileSheet parseInputFile
INFO: line:61 , line length() 133
15/02/2006 11:42:21 org.republic.ParseFileSheet parseInputFile
INFO: >>>>First char:12 new page?: true
15/02/2006 11:42:21 org.republic.ParseFileSheet parseInputFile
INFO: new page, row exists?true
15/02/2006 11:42:21 org.republic.ParseFileSheet parseInputFile
INFO: File Line:61, report page pos 1 , line:
15/02/2006 11:42:21 org.republic.ParseFileSheet ruleMatchesReportLine
INFO: rule matches FAILS
15/02/2006 11:42:21 org.republic.ParseFileSheet checkReportLine
INFO: IgnoreNewPageUntil1ReportLine:
15/02/2006 11:42:21 org.republic.ParseFileSheet parseInputFile
INFO: line:62 , line length() 132
15/02/2006 11:42:21 org.republic.ParseFileSheet parseInputFile
INFO: >>>>First char:80 new page?: false
15/02/2006 11:42:21 org.republic.ParseFileSheet parseInputFile
INFO: File Line:62, report page pos 2 , line:Page:    2                                           TEST SYSTEM, CLONED:21/12/05                                     Time: 10:55:58
15/02/2006 11:42:21 org.republic.ParseFileSheet ruleMatchesReportLine
INFO: rule matches FAILS
15/02/2006 11:42:21 org.republic.ParseFileSheet checkReportLine
INFO: IgnoreNewPageUntil2ReportLine:Page:    2                                           TEST SYSTEM, CLONED:21/12/05                                     Time: 10:55:58
15/02/2006 11:42:21 org.republic.ParseFileSheet parseInputFile
INFO: line:63 , line length() 150
15/02/2006 11:42:21 org.republic.ParseFileSheet parseInputFile
INFO: >>>>First char:32 new page?: false
15/02/2006 11:42:21 org.republic.ParseFileSheet parseInputFile
INFO: File Line:63, report page pos 3 , line:                                                                                                                      Ext PO                   Voucher
15/02/2006 11:42:21 org.republic.ParseFileSheet ruleMatchesReportLine
INFO: rule matches FAILS
15/02/2006 11:42:21 org.republic.ParseFileSheet checkReportLine
INFO: IgnoreNewPageUntil3ReportLine:                                                                                                                      Ext PO                   Voucher
15/02/2006 11:42:21 org.republic.ParseFileSheet parseInputFile
INFO: line:64 , line length() 179
15/02/2006 11:42:21 org.republic.ParseFileSheet parseInputFile
INFO: >>>>First char:32 new page?: false
15/02/2006 11:42:21 org.republic.ParseFileSheet parseInputFile
INFO: File Line:64, report page pos 4 , line:                                                                                                      Ext PO            Cost               Tax Eff              Inv         Ext Inv
15/02/2006 11:42:21 org.republic.ParseFileSheet ruleMatchesReportLine
INFO: rule matches FAILS
15/02/2006 11:42:21 org.republic.ParseFileSheet checkReportLine
INFO: IgnoreNewPageUntil4ReportLine:                                                                                                      Ext PO            Cost               Tax Eff              Inv         Ext Inv
15/02/2006 11:42:21 org.republic.ParseFileSheet parseInputFile
INFO: line:65 , line length() 217
15/02/2006 11:42:21 org.republic.ParseFileSheet parseInputFile
INFO: >>>>First char:80 new page?: false
15/02/2006 11:42:21 org.republic.ParseFileSheet parseInputFile
INFO: File Line:65, report page pos 5 , line:PO        Ln Receiver Supplier Receipt  Site Item Number             Qty Open UM     PO Cost            Cost          Ex GST    GST Amount In  Date            Cost            Cost Project  Lot/Serial         H Voucher
15/02/2006 11:42:21 org.republic.ParseFileSheet ruleMatchesReportLine
INFO: rule matches FAILS
15/02/2006 11:42:21 org.republic.ParseFileSheet checkReportLine
INFO: IgnoreNewPageUntil5ReportLine:PO        Ln Receiver Supplier Receipt  Site Item Number             Qty Open UM     PO Cost            Cost          Ex GST    GST Amount In  Date            Cost            Cost Project  Lot/Serial         H Voucher
15/02/2006 11:42:21 org.republic.ParseFileSheet parseInputFile
INFO: line:66 , line length() 217
15/02/2006 11:42:21 org.republic.ParseFileSheet parseInputFile
INFO: >>>>First char:45 new page?: false
15/02/2006 11:42:21 org.republic.ParseFileSheet parseInputFile
INFO: File Line:66, report page pos 6 , line:-------- --- -------- -------- -------- ---- ------------------ ------------- -- ----------- --------------- --------------- ------------- --- -------- ----------- --------------- -------- ------------------ - -------
15/02/2006 11:42:21 org.republic.ParseFileSheet parseInputFile
INFO: line:67 , line length() 212
15/02/2006 11:42:21 org.republic.ParseFileSheet parseInputFile
INFO: >>>>First char:80 new page?: false
15/02/2006 11:42:21 org.republic.ParseFileSheet parseInputFile
INFO: File Line:67, report page pos 7 , line:PO80197    1 RC44061  AIR013   16/12/05 11   warranty repair             1.00      23,761.85       23,761.85       23,761.85      2,376.19 no                                                                     no
15/02/2006 11:42:21 org.republic.ParseFileSheet checkReportLine
INFO: NewRowIf
15/02/2006 11:42:21 org.republic.ParseFileSheet ruleMatchesReportLine
INFO: comparing: 'PO80197 ' with '        '
15/02/2006 11:42:21 org.republic.ParseFileSheet ruleMatchesReportLine
INFO: not blank: true
15/02/2006 11:42:21 org.republic.ParseFileSheet ruleMatchesReportLine
INFO: not blank Len: '8'
15/02/2006 11:42:21 org.republic.ParseFileSheet checkReportLine
INFO: SelectFieldData
15/02/2006 11:42:21 org.republic.ParseFileSheet makeNewDataColumn
INFO: Output Data: 1 end: 8
15/02/2006 11:42:21 org.republic.ParseFileSheet makeNewDataColumn
INFO: Report Line: PO80197    1 RC44061  AIR013   16/12/05 11   warranty repair             1.00      23,761.85       23,761.85       23,761.85      2,376.19 no                                                                     no, Value Extracted: PO80197 
15/02/2006 11:42:21 org.republic.ParseFileSheet checkReportLine
INFO: SelectFieldData
15/02/2006 11:42:21 org.republic.ParseFileSheet makeNewDataColumn
INFO: Output Data: 10 end: 12
15/02/2006 11:42:21 org.republic.ParseFileSheet makeNewDataColumn
INFO: Report Line: PO80197    1 RC44061  AIR013   16/12/05 11   warranty repair             1.00      23,761.85       23,761.85       23,761.85      2,376.19 no                                                                     no, Value Extracted:   1
15/02/2006 11:42:21 org.republic.ParseFileSheet checkReportLine
INFO: SelectFieldData
15/02/2006 11:42:21 org.republic.ParseFileSheet makeNewDataColumn
INFO: Output Data: 14 end: 21
15/02/2006 11:42:21 org.republic.ParseFileSheet makeNewDataColumn
INFO: Report Line: PO80197    1 RC44061  AIR013   16/12/05 11   warranty repair             1.00      23,761.85       23,761.85       23,761.85      2,376.19 no                                                                     no, Value Extracted: RC44061 
15/02/2006 11:42:21 org.republic.ParseFileSheet checkReportLine
INFO: SelectFieldData
15/02/2006 11:42:21 org.republic.ParseFileSheet makeNewDataColumn
INFO: Output Data: 23 end: 30
15/02/2006 11:42:21 org.republic.ParseFileSheet makeNewDataColumn
INFO: Report Line: PO80197    1 RC44061  AIR013   16/12/05 11   warranty repair             1.00      23,761.85       23,761.85       23,761.85      2,376.19 no                                                                     no, Value Extracted: AIR013  
15/02/2006 11:42:21 org.republic.ParseFileSheet checkReportLine
INFO: SelectFieldData
15/02/2006 11:42:21 org.republic.ParseFileSheet makeNewDataColumn
INFO: Output Data: 32 end: 39
15/02/2006 11:42:21 org.republic.ParseFileSheet makeNewDataColumn
INFO: Report Line: PO80197    1 RC44061  AIR013   16/12/05 11   warranty repair             1.00      23,761.85       23,761.85       23,761.85      2,376.19 no                                                                     no, Value Extracted: 16/12/05
15/02/2006 11:42:21 org.republic.ParseFileSheet checkReportLine
INFO: SelectFieldData
15/02/2006 11:42:21 org.republic.ParseFileSheet makeNewDataColumn
INFO: Output Data: 41 end: 44
15/02/2006 11:42:21 org.republic.ParseFileSheet makeNewDataColumn
INFO: Report Line: PO80197    1 RC44061  AIR013   16/12/05 11   warranty repair             1.00      23,761.85       23,761.85       23,761.85      2,376.19 no                                                                     no, Value Extracted: 11  
15/02/2006 11:42:21 org.republic.ParseFileSheet checkReportLine
INFO: SelectFieldData
15/02/2006 11:42:21 org.republic.ParseFileSheet makeNewDataColumn
INFO: Output Data: 46 end: 63
15/02/2006 11:42:21 org.republic.ParseFileSheet makeNewDataColumn
INFO: Report Line: PO80197    1 RC44061  AIR013   16/12/05 11   warranty repair             1.00      23,761.85       23,761.85       23,761.85      2,376.19 no                                                                     no, Value Extracted: warranty repair   
15/02/2006 11:42:21 org.republic.ParseFileSheet checkReportLine
INFO: SelectFieldData
15/02/2006 11:42:21 org.republic.ParseFileSheet makeNewDataColumn
INFO: Output Data: 65 end: 77
15/02/2006 11:42:21 org.republic.ParseFileSheet makeNewDataColumn
INFO: Report Line: PO80197    1 RC44061  AIR013   16/12/05 11   warranty repair             1.00      23,761.85       23,761.85       23,761.85      2,376.19 no                                                                     no, Value Extracted:          1.00
15/02/2006 11:42:21 org.republic.ParseFileSheet checkReportLine
INFO: SelectFieldData
15/02/2006 11:42:21 org.republic.ParseFileSheet makeNewDataColumn
INFO: Output Data: 79 end: 80
15/02/2006 11:42:21 org.republic.ParseFileSheet makeNewDataColumn
INFO: Report Line: PO80197    1 RC44061  AIR013   16/12/05 11   warranty repair             1.00      23,761.85       23,761.85       23,761.85      2,376.19 no                                                                     no, Value Extracted:   
15/02/2006 11:42:21 org.republic.ParseFileSheet checkReportLine
INFO: SelectFieldData
15/02/2006 11:42:21 org.republic.ParseFileSheet makeNewDataColumn
INFO: Output Data: 82 end: 92
15/02/2006 11:42:21 org.republic.ParseFileSheet makeNewDataColumn
INFO: Report Line: PO80197    1 RC44061  AIR013   16/12/05 11   warranty repair             1.00      23,761.85       23,761.85       23,761.85      2,376.19 no                                                                     no, Value Extracted:   23,761.85
15/02/2006 11:42:21 org.republic.ParseFileSheet checkReportLine
INFO: SelectFieldData
15/02/2006 11:42:21 org.republic.ParseFileSheet makeNewDataColumn
INFO: Output Data: 94 end: 108
15/02/2006 11:42:21 org.republic.ParseFileSheet makeNewDataColumn
INFO: Report Line: PO80197    1 RC44061  AIR013   16/12/05 11   warranty repair             1.00      23,761.85       23,761.85       23,761.85      2,376.19 no                                                                     no, Value Extracted:       23,761.85
15/02/2006 11:42:21 org.republic.ParseFileSheet checkReportLine
INFO: SelectFieldData
15/02/2006 11:42:21 org.republic.ParseFileSheet makeNewDataColumn
INFO: Output Data: 110 end: 124
15/02/2006 11:42:21 org.republic.ParseFileSheet makeNewDataColumn
INFO: Report Line: PO80197    1 RC44061  AIR013   16/12/05 11   warranty repair             1.00      23,761.85       23,761.85       23,761.85      2,376.19 no                                                                     no, Value Extracted:       23,761.85
15/02/2006 11:42:21 org.republic.ParseFileSheet checkReportLine
INFO: SelectFieldData
15/02/2006 11:42:21 org.republic.ParseFileSheet makeNewDataColumn
INFO: Output Data: 126 end: 138
15/02/2006 11:42:21 org.republic.ParseFileSheet makeNewDataColumn
INFO: Report Line: PO80197    1 RC44061  AIR013   16/12/05 11   warranty repair             1.00      23,761.85       23,761.85       23,761.85      2,376.19 no                                                                     no, Value Extracted:      2,376.19
15/02/2006 11:42:21 org.republic.ParseFileSheet checkReportLine
INFO: SelectFieldData
15/02/2006 11:42:21 org.republic.ParseFileSheet makeNewDataColumn
INFO: Output Data: 140 end: 142
15/02/2006 11:42:21 org.republic.ParseFileSheet makeNewDataColumn
INFO: Report Line: PO80197    1 RC44061  AIR013   16/12/05 11   warranty repair             1.00      23,761.85       23,761.85       23,761.85      2,376.19 no                                                                     no, Value Extracted: no 
15/02/2006 11:42:21 org.republic.ParseFileSheet checkReportLine
INFO: SelectFieldData
15/02/2006 11:42:21 org.republic.ParseFileSheet makeNewDataColumn
INFO: Output Data: 144 end: 151
15/02/2006 11:42:21 org.republic.ParseFileSheet makeNewDataColumn
INFO: Report Line: PO80197    1 RC44061  AIR013   16/12/05 11   warranty repair             1.00      23,761.85       23,761.85       23,761.85      2,376.19 no                                                                     no, Value Extracted:         
15/02/2006 11:42:21 org.republic.ParseFileSheet checkReportLine
INFO: SelectFieldData
15/02/2006 11:42:21 org.republic.ParseFileSheet makeNewDataColumn
INFO: Output Data: 153 end: 163
15/02/2006 11:42:21 org.republic.ParseFileSheet makeNewDataColumn
INFO: Report Line: PO80197    1 RC44061  AIR013   16/12/05 11   warranty repair             1.00      23,761.85       23,761.85       23,761.85      2,376.19 no                                                                     no, Value Extracted:            
15/02/2006 11:42:21 org.republic.ParseFileSheet checkReportLine
INFO: SelectFieldData
15/02/2006 11:42:21 org.republic.ParseFileSheet makeNewDataColumn
INFO: Output Data: 165 end: 179
15/02/2006 11:42:21 org.republic.ParseFileSheet makeNewDataColumn
INFO: Report Line: PO80197    1 RC44061  AIR013   16/12/05 11   warranty repair             1.00      23,761.85       23,761.85       23,761.85      2,376.19 no                                                                     no, Value Extracted:                
15/02/2006 11:42:21 org.republic.ParseFileSheet checkReportLine
INFO: SelectFieldData
15/02/2006 11:42:21 org.republic.ParseFileSheet makeNewDataColumn
INFO: Output Data: 181 end: 188
15/02/2006 11:42:21 org.republic.ParseFileSheet makeNewDataColumn
INFO: Report Line: PO80197    1 RC44061  AIR013   16/12/05 11   warranty repair             1.00      23,761.85       23,761.85       23,761.85      2,376.19 no                                                                     no, Value Extracted:         
15/02/2006 11:42:21 org.republic.ParseFileSheet checkReportLine
INFO: SelectFieldData
15/02/2006 11:42:21 org.republic.ParseFileSheet makeNewDataColumn
INFO: Output Data: 190 end: 207
15/02/2006 11:42:21 org.republic.ParseFileSheet makeNewDataColumn
INFO: Report Line: PO80197    1 RC44061  AIR013   16/12/05 11   warranty repair             1.00      23,761.85       23,761.85       23,761.85      2,376.19 no                                                                     no, Value Extracted:                   
15/02/2006 11:42:21 org.republic.ParseFileSheet checkReportLine
INFO: SelectFieldData
15/02/2006 11:42:21 org.republic.ParseFileSheet makeNewDataColumn
INFO: Output Data: 209 end: 209
15/02/2006 11:42:21 org.republic.ParseFileSheet makeNewDataColumn
INFO: Report Line: PO80197    1 RC44061  AIR013   16/12/05 11   warranty repair             1.00      23,761.85       23,761.85       23,761.85      2,376.19 no                                                                     no, Value Extracted:  
15/02/2006 11:42:21 org.republic.ParseFileSheet checkReportLine
INFO: SelectFieldData
15/02/2006 11:42:21 org.republic.ParseFileSheet makeNewDataColumn
INFO: Output Data: 211 end: 213
15/02/2006 11:42:21 org.republic.ParseFileSheet makeNewDataColumn
INFO: Report Line: PO80197    1 RC44061  AIR013   16/12/05 11   warranty repair             1.00      23,761.85       23,761.85       23,761.85      2,376.19 no                                                                     no, Value Extracted: no
15/02/2006 11:42:21 org.republic.ParseFileSheet parseInputFile
INFO: line:68 , line length() 212
15/02/2006 11:42:21 org.republic.ParseFileSheet parseInputFile
INFO: >>>>First char:80 new page?: false
15/02/2006 11:42:21 org.republic.ParseFileSheet parseInputFile
INFO: File Line:68, report page pos 8 , line:PO80206    1 RC43902  FCR000   08/12/05 11   Vogel Gearbox               1.00 ea      922.00          922.00          922.00         92.20 no                                                                     no
15/02/2006 11:42:21 org.republic.ParseFileSheet checkReportLine
INFO: NewRowIf
15/02/2006 11:42:21 org.republic.ParseFileSheet ruleMatchesReportLine
INFO: comparing: 'PO80206 ' with '        '
15/02/2006 11:42:21 org.republic.ParseFileSheet ruleMatchesReportLine
INFO: not blank: true
15/02/2006 11:42:21 org.republic.ParseFileSheet ruleMatchesReportLine
INFO: not blank Len: '8'
15/02/2006 11:42:21 org.republic.ParseFileSheet checkReportLine
INFO: SelectFieldData
15/02/2006 11:42:21 org.republic.ParseFileSheet makeNewDataColumn
INFO: Output Data: 1 end: 8
15/02/2006 11:42:21 org.republic.ParseFileSheet makeNewDataColumn
INFO: Report Line: PO80206    1 RC43902  FCR000   08/12/05 11   Vogel Gearbox               1.00 ea      922.00          922.00          922.00         92.20 no                                                                     no, Value Extracted: PO80206 
15/02/2006 11:42:21 org.republic.ParseFileSheet checkReportLine
INFO: SelectFieldData
15/02/2006 11:42:21 org.republic.ParseFileSheet makeNewDataColumn
INFO: Output Data: 10 end: 12
15/02/2006 11:42:21 org.republic.ParseFileSheet makeNewDataColumn
INFO: Report Line: PO80206    1 RC43902  FCR000   08/12/05 11   Vogel Gearbox               1.00 ea      922.00          922.00          922.00         92.20 no                                                                     no, Value Extracted:   1
15/02/2006 11:42:21 org.republic.ParseFileSheet checkReportLine
INFO: SelectFieldData
15/02/2006 11:42:21 org.republic.ParseFileSheet makeNewDataColumn
INFO: Output Data: 14 end: 21
15/02/2006 11:42:21 org.republic.ParseFileSheet makeNewDataColumn
INFO: Report Line: PO80206    1 RC43902  FCR000   08/12/05 11   Vogel Gearbox               1.00 ea      922.00          922.00          922.00         92.20 no                                                                     no, Value Extracted: RC43902 
15/02/2006 11:42:21 org.republic.ParseFileSheet checkReportLine
INFO: SelectFieldData
15/02/2006 11:42:21 org.republic.ParseFileSheet makeNewDataColumn
INFO: Output Data: 23 end: 30
15/02/2006 11:42:21 org.republic.ParseFileSheet makeNewDataColumn
INFO: Report Line: PO80206    1 RC43902  FCR000   08/12/05 11   Vogel Gearbox               1.00 ea      922.00          922.00          922.00         92.20 no                                                                     no, Value Extracted: FCR000  
15/02/2006 11:42:21 org.republic.ParseFileSheet checkReportLine
INFO: SelectFieldData
15/02/2006 11:42:21 org.republic.ParseFileSheet makeNewDataColumn
INFO: Output Data: 32 end: 39
15/02/2006 11:42:21 org.republic.ParseFileSheet makeNewDataColumn
INFO: Report Line: PO80206    1 RC43902  FCR000   08/12/05 11   Vogel Gearbox               1.00 ea      922.00          922.00          922.00         92.20 no                                                                     no, Value Extracted: 08/12/05
15/02/2006 11:42:21 org.republic.ParseFileSheet checkReportLine
INFO: SelectFieldData
15/02/2006 11:42:21 org.republic.ParseFileSheet makeNewDataColumn
INFO: Output Data: 41 end: 44
15/02/2006 11:42:21 org.republic.ParseFileSheet makeNewDataColumn
INFO: Report Line: PO80206    1 RC43902  FCR000   08/12/05 11   Vogel Gearbox               1.00 ea      922.00          922.00          922.00         92.20 no                                                                     no, Value Extracted: 11  
15/02/2006 11:42:21 org.republic.ParseFileSheet checkReportLine
INFO: SelectFieldData
15/02/2006 11:42:21 org.republic.ParseFileSheet makeNewDataColumn
INFO: Output Data: 46 end: 63
15/02/2006 11:42:21 org.republic.ParseFileSheet makeNewDataColumn
INFO: Report Line: PO80206    1 RC43902  FCR000   08/12/05 11   Vogel Gearbox               1.00 ea      922.00          922.00          922.00         92.20 no                                                                     no, Value Extracted: Vogel Gearbox     
15/02/2006 11:42:21 org.republic.ParseFileSheet checkReportLine
INFO: SelectFieldData
15/02/2006 11:42:21 org.republic.ParseFileSheet makeNewDataColumn
INFO: Output Data: 65 end: 77
15/02/2006 11:42:21 org.republic.ParseFileSheet makeNewDataColumn
INFO: Report Line: PO80206    1 RC43902  FCR000   08/12/05 11   Vogel Gearbox               1.00 ea      922.00          922.00          922.00         92.20 no                                                                     no, Value Extracted:          1.00
15/02/2006 11:42:21 org.republic.ParseFileSheet checkReportLine
INFO: SelectFieldData
15/02/2006 11:42:21 org.republic.ParseFileSheet makeNewDataColumn
INFO: Output Data: 79 end: 80
15/02/2006 11:42:21 org.republic.ParseFileSheet makeNewDataColumn
INFO: Report Line: PO80206    1 RC43902  FCR000   08/12/05 11   Vogel Gearbox               1.00 ea      922.00          922.00          922.00         92.20 no                                                                     no, Value Extracted: ea
15/02/2006 11:42:21 org.republic.ParseFileSheet checkReportLine
INFO: SelectFieldData
15/02/2006 11:42:21 org.republic.ParseFileSheet makeNewDataColumn
INFO: Output Data: 82 end: 92
15/02/2006 11:42:21 org.republic.ParseFileSheet makeNewDataColumn
INFO: Report Line: PO80206    1 RC43902  FCR000   08/12/05 11   Vogel Gearbox               1.00 ea      922.00          922.00          922.00         92.20 no                                                                     no, Value Extracted:      922.00
15/02/2006 11:42:21 org.republic.ParseFileSheet checkReportLine
INFO: SelectFieldData
15/02/2006 11:42:21 org.republic.ParseFileSheet makeNewDataColumn
INFO: Output Data: 94 end: 108
15/02/2006 11:42:21 org.republic.ParseFileSheet makeNewDataColumn
INFO: Report Line: PO80206    1 RC43902  FCR000   08/12/05 11   Vogel Gearbox               1.00 ea      922.00          922.00          922.00         92.20 no                                                                     no, Value Extracted:          922.00
15/02/2006 11:42:21 org.republic.ParseFileSheet checkReportLine
INFO: SelectFieldData
15/02/2006 11:42:21 org.republic.ParseFileSheet makeNewDataColumn
INFO: Output Data: 110 end: 124
15/02/2006 11:42:21 org.republic.ParseFileSheet makeNewDataColumn
INFO: Report Line: PO80206    1 RC43902  FCR000   08/12/05 11   Vogel Gearbox               1.00 ea      922.00          922.00          922.00         92.20 no                                                                     no, Value Extracted:          922.00
15/02/2006 11:42:21 org.republic.ParseFileSheet checkReportLine
INFO: SelectFieldData
15/02/2006 11:42:21 org.republic.ParseFileSheet makeNewDataColumn
INFO: Output Data: 126 end: 138
15/02/2006 11:42:21 org.republic.ParseFileSheet makeNewDataColumn
INFO: Report Line: PO80206    1 RC43902  FCR000   08/12/05 11   Vogel Gearbox               1.00 ea      922.00          922.00          922.00         92.20 no                                                                     no, Value Extracted:         92.20
15/02/2006 11:42:21 org.republic.ParseFileSheet checkReportLine
INFO: SelectFieldData
15/02/2006 11:42:21 org.republic.ParseFileSheet makeNewDataColumn
INFO: Output Data: 140 end: 142
15/02/2006 11:42:21 org.republic.ParseFileSheet makeNewDataColumn
INFO: Report Line: PO80206    1 RC43902  FCR000   08/12/05 11   Vogel Gearbox               1.00 ea      922.00          922.00          922.00         92.20 no                                                                     no, Value Extracted: no 
15/02/2006 11:42:21 org.republic.ParseFileSheet checkReportLine
INFO: SelectFieldData
15/02/2006 11:42:21 org.republic.ParseFileSheet makeNewDataColumn
INFO: Output Data: 144 end: 151
15/02/2006 11:42:21 org.republic.ParseFileSheet makeNewDataColumn
INFO: Report Line: PO80206    1 RC43902  FCR000   08/12/05 11   Vogel Gearbox               1.00 ea      922.00          922.00          922.00         92.20 no                                                                     no, Value Extracted:         
15/02/2006 11:42:21 org.republic.ParseFileSheet checkReportLine
INFO: SelectFieldData
15/02/2006 11:42:21 org.republic.ParseFileSheet makeNewDataColumn
INFO: Output Data: 153 end: 163
15/02/2006 11:42:21 org.republic.ParseFileSheet makeNewDataColumn
INFO: Report Line: PO80206    1 RC43902  FCR000   08/12/05 11   Vogel Gearbox               1.00 ea      922.00          922.00          922.00         92.20 no                                                                     no, Value Extracted:            
15/02/2006 11:42:21 org.republic.ParseFileSheet checkReportLine
INFO: SelectFieldData
15/02/2006 11:42:21 org.republic.ParseFileSheet makeNewDataColumn
INFO: Output Data: 165 end: 179
15/02/2006 11:42:21 org.republic.ParseFileSheet makeNewDataColumn
INFO: Report Line: PO80206    1 RC43902  FCR000   08/12/05 11   Vogel Gearbox               1.00 ea      922.00          922.00          922.00         92.20 no                                                                     no, Value Extracted:                
15/02/2006 11:42:21 org.republic.ParseFileSheet checkReportLine
INFO: SelectFieldData
15/02/2006 11:42:21 org.republic.ParseFileSheet makeNewDataColumn
INFO: Output Data: 181 end: 188
15/02/2006 11:42:21 org.republic.ParseFileSheet makeNewDataColumn
INFO: Report Line: PO80206    1 RC43902  FCR000   08/12/05 11   Vogel Gearbox               1.00 ea      922.00          922.00          922.00         92.20 no                                                                     no, Value Extracted:         
15/02/2006 11:42:21 org.republic.ParseFileSheet checkReportLine
INFO: SelectFieldData
15/02/2006 11:42:21 org.republic.ParseFileSheet makeNewDataColumn
INFO: Output Data: 190 end: 207
15/02/2006 11:42:21 org.republic.ParseFileSheet makeNewDataColumn
INFO: Report Line: PO80206    1 RC43902  FCR000   08/12/05 11   Vogel Gearbox               1.00 ea      922.00          922.00          922.00         92.20 no                                                                     no, Value Extracted:                   
15/02/2006 11:42:21 org.republic.ParseFileSheet checkReportLine
INFO: SelectFieldData
15/02/2006 11:42:21 org.republic.ParseFileSheet makeNewDataColumn
INFO: Output Data: 209 end: 209
15/02/2006 11:42:21 org.republic.ParseFileSheet makeNewDataColumn
INFO: Report Line: PO80206    1 RC43902  FCR000   08/12/05 11   Vogel Gearbox               1.00 ea      922.00          922.00          922.00         92.20 no                                                                     no, Value Extracted:  
15/02/2006 11:42:21 org.republic.ParseFileSheet checkReportLine
INFO: SelectFieldData
15/02/2006 11:42:21 org.republic.ParseFileSheet makeNewDataColumn
INFO: Output Data: 211 end: 213
15/02/2006 11:42:21 org.republic.ParseFileSheet makeNewDataColumn
INFO: Report Line: PO80206    1 RC43902  FCR000   08/12/05 11   Vogel Gearbox               1.00 ea      922.00          922.00          922.00         92.20 no                                                                     no, Value Extracted: no
15/02/2006 11:42:21 org.republic.ParseFileSheet parseInputFile
INFO: line:69 , line length() 212
15/02/2006 11:42:21 org.republic.ParseFileSheet parseInputFile
INFO: >>>>First char:80 new page?: false
15/02/2006 11:42:21 org.republic.ParseFileSheet parseInputFile
INFO: File Line:69, report page pos 9 , line:PO80206    2 RC43902  FCR000   08/12/05 11   Air Freight                 1.00 ea      415.00          415.00          415.00         41.50 no                                                                     no
15/02/2006 11:42:21 org.republic.ParseFileSheet checkReportLine
INFO: NewRowIf
15/02/2006 11:42:21 org.republic.ParseFileSheet ruleMatchesReportLine
INFO: comparing: 'PO80206 ' with '        '
15/02/2006 11:42:21 org.republic.ParseFileSheet ruleMatchesReportLine
INFO: not blank: true
15/02/2006 11:42:21 org.republic.ParseFileSheet ruleMatchesReportLine
INFO: not blank Len: '8'
15/02/2006 11:42:21 org.republic.ParseFileSheet checkReportLine
INFO: SelectFieldData
15/02/2006 11:42:21 org.republic.ParseFileSheet makeNewDataColumn
INFO: Output Data: 1 end: 8
15/02/2006 11:42:21 org.republic.ParseFileSheet makeNewDataColumn
INFO: Report Line: PO80206    2 RC43902  FCR000   08/12/05 11   Air Freight                 1.00 ea      415.00          415.00          415.00         41.50 no                                                                     no, Value Extracted: PO80206 
15/02/2006 11:42:21 org.republic.ParseFileSheet checkReportLine
INFO: SelectFieldData
15/02/2006 11:42:21 org.republic.ParseFileSheet makeNewDataColumn
INFO: Output Data: 10 end: 12
15/02/2006 11:42:21 org.republic.ParseFileSheet makeNewDataColumn
INFO: Report Line: PO80206    2 RC43902  FCR000   08/12/05 11   Air Freight                 1.00 ea      415.00          415.00          415.00         41.50 no                                                                     no, Value Extracted:   2
15/02/2006 11:42:21 org.republic.ParseFileSheet checkReportLine
INFO: SelectFieldData
15/02/2006 11:42:21 org.republic.ParseFileSheet makeNewDataColumn
INFO: Output Data: 14 end: 21
15/02/2006 11:42:21 org.republic.ParseFileSheet makeNewDataColumn
INFO: Report Line: PO80206    2 RC43902  FCR000   08/12/05 11   Air Freight                 1.00 ea      415.00          415.00          415.00         41.50 no                                                                     no, Value Extracted: RC43902 
15/02/2006 11:42:21 org.republic.ParseFileSheet checkReportLine
INFO: SelectFieldData
15/02/2006 11:42:21 org.republic.ParseFileSheet makeNewDataColumn
INFO: Output Data: 23 end: 30
15/02/2006 11:42:21 org.republic.ParseFileSheet makeNewDataColumn
INFO: Report Line: PO80206    2 RC43902  FCR000   08/12/05 11   Air Freight                 1.00 ea      415.00          415.00          415.00         41.50 no                                                                     no, Value Extracted: FCR000  
15/02/2006 11:42:21 org.republic.ParseFileSheet checkReportLine
INFO: SelectFieldData
15/02/2006 11:42:21 org.republic.ParseFileSheet makeNewDataColumn
INFO: Output Data: 32 end: 39
15/02/2006 11:42:21 org.republic.ParseFileSheet makeNewDataColumn
INFO: Report Line: PO80206    2 RC43902  FCR000   08/12/05 11   Air Freight                 1.00 ea      415.00          415.00          415.00         41.50 no                                                                     no, Value Extracted: 08/12/05
15/02/2006 11:42:21 org.republic.ParseFileSheet checkReportLine
INFO: SelectFieldData
15/02/2006 11:42:21 org.republic.ParseFileSheet makeNewDataColumn
INFO: Output Data: 41 end: 44
15/02/2006 11:42:21 org.republic.ParseFileSheet makeNewDataColumn
INFO: Report Line: PO80206    2 RC43902  FCR000   08/12/05 11   Air Freight                 1.00 ea      415.00          415.00          415.00         41.50 no                                                                     no, Value Extracted: 11  
15/02/2006 11:42:21 org.republic.ParseFileSheet checkReportLine
INFO: SelectFieldData
15/02/2006 11:42:21 org.republic.ParseFileSheet makeNewDataColumn
INFO: Output Data: 46 end: 63
15/02/2006 11:42:21 org.republic.ParseFileSheet makeNewDataColumn
INFO: Report Line: PO80206    2 RC43902  FCR000   08/12/05 11   Air Freight                 1.00 ea      415.00          415.00          415.00         41.50 no                                                                     no, Value Extracted: Air Freight       
15/02/2006 11:42:21 org.republic.ParseFileSheet checkReportLine
INFO: SelectFieldData
15/02/2006 11:42:21 org.republic.ParseFileSheet makeNewDataColumn
INFO: Output Data: 65 end: 77
15/02/2006 11:42:21 org.republic.ParseFileSheet makeNewDataColumn
INFO: Report Line: PO80206    2 RC43902  FCR000   08/12/05 11   Air Freight                 1.00 ea      415.00          415.00          415.00         41.50 no                                                                     no, Value Extracted:          1.00
15/02/2006 11:42:21 org.republic.ParseFileSheet checkReportLine
INFO: SelectFieldData
15/02/2006 11:42:21 org.republic.ParseFileSheet makeNewDataColumn
INFO: Output Data: 79 end: 80
15/02/2006 11:42:21 org.republic.ParseFileSheet makeNewDataColumn
INFO: Report Line: PO80206    2 RC43902  FCR000   08/12/05 11   Air Freight                 1.00 ea      415.00          415.00          415.00         41.50 no                                                                     no, Value Extracted: ea
15/02/2006 11:42:21 org.republic.ParseFileSheet checkReportLine
INFO: SelectFieldData
15/02/2006 11:42:21 org.republic.ParseFileSheet makeNewDataColumn
INFO: Output Data: 82 end: 92
15/02/2006 11:42:21 org.republic.ParseFileSheet makeNewDataColumn
INFO: Report Line: PO80206    2 RC43902  FCR000   08/12/05 11   Air Freight                 1.00 ea      415.00          415.00          415.00         41.50 no                                                                     no, Value Extracted:      415.00
15/02/2006 11:42:21 org.republic.ParseFileSheet checkReportLine
INFO: SelectFieldData
15/02/2006 11:42:21 org.republic.ParseFileSheet makeNewDataColumn
INFO: Output Data: 94 end: 108
15/02/2006 11:42:21 org.republic.ParseFileSheet makeNewDataColumn
INFO: Report Line: PO80206    2 RC43902  FCR000   08/12/05 11   Air Freight                 1.00 ea      415.00          415.00          415.00         41.50 no                                                                     no, Value Extracted:          415.00
15/02/2006 11:42:21 org.republic.ParseFileSheet checkReportLine
INFO: SelectFieldData
15/02/2006 11:42:21 org.republic.ParseFileSheet makeNewDataColumn
INFO: Output Data: 110 end: 124
15/02/2006 11:42:21 org.republic.ParseFileSheet makeNewDataColumn
INFO: Report Line: PO80206    2 RC43902  FCR000   08/12/05 11   Air Freight                 1.00 ea      415.00          415.00          415.00         41.50 no                                                                     no, Value Extracted:          415.00
15/02/2006 11:42:21 org.republic.ParseFileSheet checkReportLine
INFO: SelectFieldData
15/02/2006 11:42:21 org.republic.ParseFileSheet makeNewDataColumn
INFO: Output Data: 126 end: 138
15/02/2006 11:42:21 org.republic.ParseFileSheet makeNewDataColumn
INFO: Report Line: PO80206    2 RC43902  FCR000   08/12/05 11   Air Freight                 1.00 ea      415.00          415.00          415.00         41.50 no                                                                     no, Value Extracted:         41.50
15/02/2006 11:42:21 org.republic.ParseFileSheet checkReportLine
INFO: SelectFieldData
15/02/2006 11:42:21 org.republic.ParseFileSheet makeNewDataColumn
INFO: Output Data: 140 end: 142
15/02/2006 11:42:21 org.republic.ParseFileSheet makeNewDataColumn
INFO: Report Line: PO80206    2 RC43902  FCR000   08/12/05 11   Air Freight                 1.00 ea      415.00          415.00          415.00         41.50 no                                                                     no, Value Extracted: no 
15/02/2006 11:42:21 org.republic.ParseFileSheet checkReportLine
INFO: SelectFieldData
15/02/2006 11:42:21 org.republic.ParseFileSheet makeNewDataColumn
INFO: Output Data: 144 end: 151
15/02/2006 11:42:21 org.republic.ParseFileSheet makeNewDataColumn
INFO: Report Line: PO80206    2 RC43902  FCR000   08/12/05 11   Air Freight                 1.00 ea      415.00          415.00          415.00         41.50 no                                                                     no, Value Extracted:         
15/02/2006 11:42:21 org.republic.ParseFileSheet checkReportLine
INFO: SelectFieldData
15/02/2006 11:42:21 org.republic.ParseFileSheet makeNewDataColumn
INFO: Output Data: 153 end: 163
15/02/2006 11:42:21 org.republic.ParseFileSheet makeNewDataColumn
INFO: Report Line: PO80206    2 RC43902  FCR000   08/12/05 11   Air Freight                 1.00 ea      415.00          415.00          415.00         41.50 no                                                                     no, Value Extracted:            
15/02/2006 11:42:21 org.republic.ParseFileSheet checkReportLine
INFO: SelectFieldData
15/02/2006 11:42:21 org.republic.ParseFileSheet makeNewDataColumn
INFO: Output Data: 165 end: 179
15/02/2006 11:42:21 org.republic.ParseFileSheet makeNewDataColumn
INFO: Report Line: PO80206    2 RC43902  FCR000   08/12/05 11   Air Freight                 1.00 ea      415.00          415.00          415.00         41.50 no                                                                     no, Value Extracted:                
15/02/2006 11:42:21 org.republic.ParseFileSheet checkReportLine
INFO: SelectFieldData
15/02/2006 11:42:21 org.republic.ParseFileSheet makeNewDataColumn
INFO: Output Data: 181 end: 188
15/02/2006 11:42:21 org.republic.ParseFileSheet makeNewDataColumn
INFO: Report Line: PO80206    2 RC43902  FCR000   08/12/05 11   Air Freight                 1.00 ea      415.00          415.00          415.00         41.50 no                                                                     no, Value Extracted:         
15/02/2006 11:42:21 org.republic.ParseFileSheet checkReportLine
INFO: SelectFieldData
15/02/2006 11:42:21 org.republic.ParseFileSheet makeNewDataColumn
INFO: Output Data: 190 end: 207
15/02/2006 11:42:21 org.republic.ParseFileSheet makeNewDataColumn
INFO: Report Line: PO80206    2 RC43902  FCR000   08/12/05 11   Air Freight                 1.00 ea      415.00          415.00          415.00         41.50 no                                                                     no, Value Extracted:                   
15/02/2006 11:42:21 org.republic.ParseFileSheet checkReportLine
INFO: SelectFieldData
15/02/2006 11:42:21 org.republic.ParseFileSheet makeNewDataColumn
INFO: Output Data: 209 end: 209
15/02/2006 11:42:21 org.republic.ParseFileSheet makeNewDataColumn
INFO: Report Line: PO80206    2 RC43902  FCR000   08/12/05 11   Air Freight                 1.00 ea      415.00          415.00          415.00         41.50 no                                                                     no, Value Extracted:  
15/02/2006 11:42:21 org.republic.ParseFileSheet checkReportLine
INFO: SelectFieldData
15/02/2006 11:42:21 org.republic.ParseFileSheet makeNewDataColumn
INFO: Output Data: 211 end: 213
15/02/2006 11:42:21 org.republic.ParseFileSheet makeNewDataColumn
INFO: Report Line: PO80206    2 RC43902  FCR000   08/12/05 11   Air Freight                 1.00 ea      415.00          415.00          415.00         41.50 no                                                                     no, Value Extracted: no
15/02/2006 11:42:21 org.republic.ParseFileSheet parseInputFile
INFO: line:70 , line length() 212
15/02/2006 11:42:21 org.republic.ParseFileSheet parseInputFile
INFO: >>>>First char:80 new page?: false
15/02/2006 11:42:21 org.republic.ParseFileSheet parseInputFile
INFO: File Line:70, report page pos 10 , line:PO80239    1 RC43911  amo002   08/12/05 10   310-320272             20,000.00 EA       0.202        4,040.00        4,040.00        404.00 no                                                AMO-DB36/05          no
15/02/2006 11:42:21 org.republic.ParseFileSheet checkReportLine
INFO: NewRowIf
15/02/2006 11:42:21 org.republic.ParseFileSheet ruleMatchesReportLine
INFO: comparing: 'PO80239 ' with '        '
15/02/2006 11:42:21 org.republic.ParseFileSheet ruleMatchesReportLine
INFO: not blank: true
15/02/2006 11:42:21 org.republic.ParseFileSheet ruleMatchesReportLine
INFO: not blank Len: '8'
15/02/2006 11:42:21 org.republic.ParseFileSheet checkReportLine
INFO: SelectFieldData
15/02/2006 11:42:21 org.republic.ParseFileSheet makeNewDataColumn
INFO: Output Data: 1 end: 8
15/02/2006 11:42:21 org.republic.ParseFileSheet makeNewDataColumn
INFO: Report Line: PO80239    1 RC43911  amo002   08/12/05 10   310-320272             20,000.00 EA       0.202        4,040.00        4,040.00        404.00 no                                                AMO-DB36/05          no, Value Extracted: PO80239 
15/02/2006 11:42:21 org.republic.ParseFileSheet checkReportLine
INFO: SelectFieldData
15/02/2006 11:42:21 org.republic.ParseFileSheet makeNewDataColumn
INFO: Output Data: 10 end: 12
15/02/2006 11:42:21 org.republic.ParseFileSheet makeNewDataColumn
INFO: Report Line: PO80239    1 RC43911  amo002   08/12/05 10   310-320272             20,000.00 EA       0.202        4,040.00        4,040.00        404.00 no                                                AMO-DB36/05          no, Value Extracted:   1
15/02/2006 11:42:21 org.republic.ParseFileSheet checkReportLine
INFO: SelectFieldData
15/02/2006 11:42:21 org.republic.ParseFileSheet makeNewDataColumn
INFO: Output Data: 14 end: 21
15/02/2006 11:42:21 org.republic.ParseFileSheet makeNewDataColumn
INFO: Report Line: PO80239    1 RC43911  amo002   08/12/05 10   310-320272             20,000.00 EA       0.202        4,040.00        4,040.00        404.00 no                                                AMO-DB36/05          no, Value Extracted: RC43911 
15/02/2006 11:42:21 org.republic.ParseFileSheet checkReportLine
INFO: SelectFieldData
15/02/2006 11:42:21 org.republic.ParseFileSheet makeNewDataColumn
INFO: Output Data: 23 end: 30
15/02/2006 11:42:21 org.republic.ParseFileSheet makeNewDataColumn
INFO: Report Line: PO80239    1 RC43911  amo002   08/12/05 10   310-320272             20,000.00 EA       0.202        4,040.00        4,040.00        404.00 no                                                AMO-DB36/05          no, Value Extracted: amo002  
15/02/2006 11:42:21 org.republic.ParseFileSheet checkReportLine
INFO: SelectFieldData
15/02/2006 11:42:21 org.republic.ParseFileSheet makeNewDataColumn
INFO: Output Data: 32 end: 39
15/02/2006 11:42:21 org.republic.ParseFileSheet makeNewDataColumn
INFO: Report Line: PO80239    1 RC43911  amo002   08/12/05 10   310-320272             20,000.00 EA       0.202        4,040.00        4,040.00        404.00 no                                                AMO-DB36/05          no, Value Extracted: 08/12/05
15/02/2006 11:42:21 org.republic.ParseFileSheet checkReportLine
INFO: SelectFieldData
15/02/2006 11:42:21 org.republic.ParseFileSheet makeNewDataColumn
INFO: Output Data: 41 end: 44
15/02/2006 11:42:21 org.republic.ParseFileSheet makeNewDataColumn
INFO: Report Line: PO80239    1 RC43911  amo002   08/12/05 10   310-320272             20,000.00 EA       0.202        4,040.00        4,040.00        404.00 no                                                AMO-DB36/05          no, Value Extracted: 10  
15/02/2006 11:42:21 org.republic.ParseFileSheet checkReportLine
INFO: SelectFieldData
15/02/2006 11:42:21 org.republic.ParseFileSheet makeNewDataColumn
INFO: Output Data: 46 end: 63
15/02/2006 11:42:21 org.republic.ParseFileSheet makeNewDataColumn
INFO: Report Line: PO80239    1 RC43911  amo002   08/12/05 10   310-320272             20,000.00 EA       0.202        4,040.00        4,040.00        404.00 no                                                AMO-DB36/05          no, Value Extracted: 310-320272        
15/02/2006 11:42:21 org.republic.ParseFileSheet checkReportLine
INFO: SelectFieldData
15/02/2006 11:42:21 org.republic.ParseFileSheet makeNewDataColumn
INFO: Output Data: 65 end: 77
15/02/2006 11:42:21 org.republic.ParseFileSheet makeNewDataColumn
INFO: Report Line: PO80239    1 RC43911  amo002   08/12/05 10   310-320272             20,000.00 EA       0.202        4,040.00        4,040.00        404.00 no                                                AMO-DB36/05          no, Value Extracted:     20,000.00
15/02/2006 11:42:21 org.republic.ParseFileSheet checkReportLine
INFO: SelectFieldData
15/02/2006 11:42:21 org.republic.ParseFileSheet makeNewDataColumn
INFO: Output Data: 79 end: 80
15/02/2006 11:42:21 org.republic.ParseFileSheet makeNewDataColumn
INFO: Report Line: PO80239    1 RC43911  amo002   08/12/05 10   310-320272             20,000.00 EA       0.202        4,040.00        4,040.00        404.00 no                                                AMO-DB36/05          no, Value Extracted: EA
15/02/2006 11:42:21 org.republic.ParseFileSheet checkReportLine
INFO: SelectFieldData
15/02/2006 11:42:21 org.republic.ParseFileSheet makeNewDataColumn
INFO: Output Data: 82 end: 92
15/02/2006 11:42:21 org.republic.ParseFileSheet makeNewDataColumn
INFO: Report Line: PO80239    1 RC43911  amo002   08/12/05 10   310-320272             20,000.00 EA       0.202        4,040.00        4,040.00        404.00 no                                                AMO-DB36/05          no, Value Extracted:       0.202
15/02/2006 11:42:21 org.republic.ParseFileSheet checkReportLine
INFO: SelectFieldData
15/02/2006 11:42:21 org.republic.ParseFileSheet makeNewDataColumn
INFO: Output Data: 94 end: 108
15/02/2006 11:42:21 org.republic.ParseFileSheet makeNewDataColumn
INFO: Report Line: PO80239    1 RC43911  amo002   08/12/05 10   310-320272             20,000.00 EA       0.202        4,040.00        4,040.00        404.00 no                                                AMO-DB36/05          no, Value Extracted:        4,040.00
15/02/2006 11:42:21 org.republic.ParseFileSheet checkReportLine
INFO: SelectFieldData
15/02/2006 11:42:21 org.republic.ParseFileSheet makeNewDataColumn
INFO: Output Data: 110 end: 124
15/02/2006 11:42:21 org.republic.ParseFileSheet makeNewDataColumn
INFO: Report Line: PO80239    1 RC43911  amo002   08/12/05 10   310-320272             20,000.00 EA       0.202        4,040.00        4,040.00        404.00 no                                                AMO-DB36/05          no, Value Extracted:        4,040.00
15/02/2006 11:42:21 org.republic.ParseFileSheet checkReportLine
INFO: SelectFieldData
15/02/2006 11:42:21 org.republic.ParseFileSheet makeNewDataColumn
INFO: Output Data: 126 end: 138
15/02/2006 11:42:21 org.republic.ParseFileSheet makeNewDataColumn
INFO: Report Line: PO80239    1 RC43911  amo002   08/12/05 10   310-320272             20,000.00 EA       0.202        4,040.00        4,040.00        404.00 no                                                AMO-DB36/05          no, Value Extracted:        404.00
15/02/2006 11:42:21 org.republic.ParseFileSheet checkReportLine
INFO: SelectFieldData
15/02/2006 11:42:21 org.republic.ParseFileSheet makeNewDataColumn
INFO: Output Data: 140 end: 142
15/02/2006 11:42:21 org.republic.ParseFileSheet makeNewDataColumn
INFO: Report Line: PO80239    1 RC43911  amo002   08/12/05 10   310-320272             20,000.00 EA       0.202        4,040.00        4,040.00        404.00 no                                                AMO-DB36/05          no, Value Extracted: no 
15/02/2006 11:42:21 org.republic.ParseFileSheet checkReportLine
INFO: SelectFieldData
15/02/2006 11:42:21 org.republic.ParseFileSheet makeNewDataColumn
INFO: Output Data: 144 end: 151
15/02/2006 11:42:21 org.republic.ParseFileSheet makeNewDataColumn
INFO: Report Line: PO80239    1 RC43911  amo002   08/12/05 10   310-320272             20,000.00 EA       0.202        4,040.00        4,040.00        404.00 no                                                AMO-DB36/05          no, Value Extracted:         
15/02/2006 11:42:21 org.republic.ParseFileSheet checkReportLine
INFO: SelectFieldData
15/02/2006 11:42:21 org.republic.ParseFileSheet makeNewDataColumn
INFO: Output Data: 153 end: 163
15/02/2006 11:42:21 org.republic.ParseFileSheet makeNewDataColumn
INFO: Report Line: PO80239    1 RC43911  amo002   08/12/05 10   310-320272             20,000.00 EA       0.202        4,040.00        4,040.00        404.00 no                                                AMO-DB36/05          no, Value Extracted:            
15/02/2006 11:42:21 org.republic.ParseFileSheet checkReportLine
INFO: SelectFieldData
15/02/2006 11:42:21 org.republic.ParseFileSheet makeNewDataColumn
INFO: Output Data: 165 end: 179
15/02/2006 11:42:21 org.republic.ParseFileSheet makeNewDataColumn
INFO: Report Line: PO80239    1 RC43911  amo002   08/12/05 10   310-320272             20,000.00 EA       0.202        4,040.00        4,040.00        404.00 no                                                AMO-DB36/05          no, Value Extracted:                
15/02/2006 11:42:21 org.republic.ParseFileSheet checkReportLine
INFO: SelectFieldData
15/02/2006 11:42:21 org.republic.ParseFileSheet makeNewDataColumn
INFO: Output Data: 181 end: 188
15/02/2006 11:42:21 org.republic.ParseFileSheet makeNewDataColumn
INFO: Report Line: PO80239    1 RC43911  amo002   08/12/05 10   310-320272             20,000.00 EA       0.202        4,040.00        4,040.00        404.00 no                                                AMO-DB36/05          no, Value Extracted:         
15/02/2006 11:42:21 org.republic.ParseFileSheet checkReportLine
INFO: SelectFieldData
15/02/2006 11:42:21 org.republic.ParseFileSheet makeNewDataColumn
INFO: Output Data: 190 end: 207
15/02/2006 11:42:21 org.republic.ParseFileSheet makeNewDataColumn
INFO: Report Line: PO80239    1 RC43911  amo002   08/12/05 10   310-320272             20,000.00 EA       0.202        4,040.00        4,040.00        404.00 no                                                AMO-DB36/05          no, Value Extracted: AMO-DB36/05       
15/02/2006 11:42:21 org.republic.ParseFileSheet checkReportLine
INFO: SelectFieldData
15/02/2006 11:42:21 org.republic.ParseFileSheet makeNewDataColumn
INFO: Output Data: 209 end: 209
15/02/2006 11:42:21 org.republic.ParseFileSheet makeNewDataColumn
INFO: Report Line: PO80239    1 RC43911  amo002   08/12/05 10   310-320272             20,000.00 EA       0.202        4,040.00        4,040.00        404.00 no                                                AMO-DB36/05          no, Value Extracted:  
15/02/2006 11:42:21 org.republic.ParseFileSheet checkReportLine
INFO: SelectFieldData
15/02/2006 11:42:21 org.republic.ParseFileSheet makeNewDataColumn
INFO: Output Data: 211 end: 213
15/02/2006 11:42:21 org.republic.ParseFileSheet makeNewDataColumn
INFO: Report Line: PO80239    1 RC43911  amo002   08/12/05 10   310-320272             20,000.00 EA       0.202        4,040.00        4,040.00        404.00 no                                                AMO-DB36/05          no, Value Extracted: no
15/02/2006 11:42:21 org.republic.ParseFileSheet parseInputFile
INFO: line:71 , line length() 212
15/02/2006 11:42:21 org.republic.ParseFileSheet parseInputFile
INFO: >>>>First char:80 new page?: false
15/02/2006 11:42:21 org.republic.ParseFileSheet parseInputFile
INFO: File Line:71, report page pos 11 , line:PO80243    1 RC43961  amc000   12/12/05 10   341-0060401            10,675.00 EA     0.53472        5,708.14        5,708.14        570.81 no                                                                     no
15/02/2006 11:42:21 org.republic.ParseFileSheet checkReportLine
INFO: NewRowIf
15/02/2006 11:42:21 org.republic.ParseFileSheet ruleMatchesReportLine
INFO: comparing: 'PO80243 ' with '        '
15/02/2006 11:42:21 org.republic.ParseFileSheet ruleMatchesReportLine
INFO: not blank: true
15/02/2006 11:42:21 org.republic.ParseFileSheet ruleMatchesReportLine
INFO: not blank Len: '8'
15/02/2006 11:42:21 org.republic.ParseFileSheet checkReportLine
INFO: SelectFieldData
15/02/2006 11:42:21 org.republic.ParseFileSheet makeNewDataColumn
INFO: Output Data: 1 end: 8
15/02/2006 11:42:21 org.republic.ParseFileSheet makeNewDataColumn
INFO: Report Line: PO80243    1 RC43961  amc000   12/12/05 10   341-0060401            10,675.00 EA     0.53472        5,708.14        5,708.14        570.81 no                                                                     no, Value Extracted: PO80243 
15/02/2006 11:42:21 org.republic.ParseFileSheet checkReportLine
INFO: SelectFieldData
15/02/2006 11:42:21 org.republic.ParseFileSheet makeNewDataColumn
INFO: Output Data: 10 end: 12
15/02/2006 11:42:21 org.republic.ParseFileSheet makeNewDataColumn
INFO: Report Line: PO80243    1 RC43961  amc000   12/12/05 10   341-0060401            10,675.00 EA     0.53472        5,708.14        5,708.14        570.81 no                                                                     no, Value Extracted:   1
15/02/2006 11:42:21 org.republic.ParseFileSheet checkReportLine
INFO: SelectFieldData
15/02/2006 11:42:21 org.republic.ParseFileSheet makeNewDataColumn
INFO: Output Data: 14 end: 21
15/02/2006 11:42:21 org.republic.ParseFileSheet makeNewDataColumn
INFO: Report Line: PO80243    1 RC43961  amc000   12/12/05 10   341-0060401            10,675.00 EA     0.53472        5,708.14        5,708.14        570.81 no                                                                     no, Value Extracted: RC43961 
15/02/2006 11:42:21 org.republic.ParseFileSheet checkReportLine
INFO: SelectFieldData
15/02/2006 11:42:21 org.republic.ParseFileSheet makeNewDataColumn
INFO: Output Data: 23 end: 30
15/02/2006 11:42:21 org.republic.ParseFileSheet makeNewDataColumn
INFO: Report Line: PO80243    1 RC43961  amc000   12/12/05 10   341-0060401            10,675.00 EA     0.53472        5,708.14        5,708.14        570.81 no                                                                     no, Value Extracted: amc000  
15/02/2006 11:42:21 org.republic.ParseFileSheet checkReportLine
INFO: SelectFieldData
15/02/2006 11:42:21 org.republic.ParseFileSheet makeNewDataColumn
INFO: Output Data: 32 end: 39
15/02/2006 11:42:21 org.republic.ParseFileSheet makeNewDataColumn
INFO: Report Line: PO80243    1 RC43961  amc000   12/12/05 10   341-0060401            10,675.00 EA     0.53472        5,708.14        5,708.14        570.81 no                                                                     no, Value Extracted: 12/12/05
15/02/2006 11:42:21 org.republic.ParseFileSheet checkReportLine
INFO: SelectFieldData
15/02/2006 11:42:21 org.republic.ParseFileSheet makeNewDataColumn
INFO: Output Data: 41 end: 44
15/02/2006 11:42:21 org.republic.ParseFileSheet makeNewDataColumn
INFO: Report Line: PO80243    1 RC43961  amc000   12/12/05 10   341-0060401            10,675.00 EA     0.53472        5,708.14        5,708.14        570.81 no                                                                     no, Value Extracted: 10  
15/02/2006 11:42:21 org.republic.ParseFileSheet checkReportLine
INFO: SelectFieldData
15/02/2006 11:42:21 org.republic.ParseFileSheet makeNewDataColumn
INFO: Output Data: 46 end: 63
15/02/2006 11:42:21 org.republic.ParseFileSheet makeNewDataColumn
INFO: Report Line: PO80243    1 RC43961  amc000   12/12/05 10   341-0060401            10,675.00 EA     0.53472        5,708.14        5,708.14        570.81 no                                                                     no, Value Extracted: 341-0060401       
15/02/2006 11:42:21 org.republic.ParseFileSheet checkReportLine
INFO: SelectFieldData
15/02/2006 11:42:21 org.republic.ParseFileSheet makeNewDataColumn
INFO: Output Data: 65 end: 77
15/02/2006 11:42:21 org.republic.ParseFileSheet makeNewDataColumn
INFO: Report Line: PO80243    1 RC43961  amc000   12/12/05 10   341-0060401            10,675.00 EA     0.53472        5,708.14        5,708.14        570.81 no                                                                     no, Value Extracted:     10,675.00
15/02/2006 11:42:21 org.republic.ParseFileSheet checkReportLine
INFO: SelectFieldData
15/02/2006 11:42:21 org.republic.ParseFileSheet makeNewDataColumn
INFO: Output Data: 79 end: 80
15/02/2006 11:42:21 org.republic.ParseFileSheet makeNewDataColumn
INFO: Report Line: PO80243    1 RC43961  amc000   12/12/05 10   341-0060401            10,675.00 EA     0.53472        5,708.14        5,708.14        570.81 no                                                                     no, Value Extracted: EA
15/02/2006 11:42:21 org.republic.ParseFileSheet checkReportLine
INFO: SelectFieldData
15/02/2006 11:42:21 org.republic.ParseFileSheet makeNewDataColumn
INFO: Output Data: 82 end: 92
15/02/2006 11:42:21 org.republic.ParseFileSheet makeNewDataColumn
INFO: Report Line: PO80243    1 RC43961  amc000   12/12/05 10   341-0060401            10,675.00 EA     0.53472        5,708.14        5,708.14        570.81 no                                                                     no, Value Extracted:     0.53472
15/02/2006 11:42:21 org.republic.ParseFileSheet checkReportLine
INFO: SelectFieldData
15/02/2006 11:42:21 org.republic.ParseFileSheet makeNewDataColumn
INFO: Output Data: 94 end: 108
15/02/2006 11:42:21 org.republic.ParseFileSheet makeNewDataColumn
INFO: Report Line: PO80243    1 RC43961  amc000   12/12/05 10   341-0060401            10,675.00 EA     0.53472        5,708.14        5,708.14        570.81 no                                                                     no, Value Extracted:        5,708.14
15/02/2006 11:42:21 org.republic.ParseFileSheet checkReportLine
INFO: SelectFieldData
15/02/2006 11:42:21 org.republic.ParseFileSheet makeNewDataColumn
INFO: Output Data: 110 end: 124
15/02/2006 11:42:21 org.republic.ParseFileSheet makeNewDataColumn
INFO: Report Line: PO80243    1 RC43961  amc000   12/12/05 10   341-0060401            10,675.00 EA     0.53472        5,708.14        5,708.14        570.81 no                                                                     no, Value Extracted:        5,708.14
15/02/2006 11:42:21 org.republic.ParseFileSheet checkReportLine
INFO: SelectFieldData
15/02/2006 11:42:21 org.republic.ParseFileSheet makeNewDataColumn
INFO: Output Data: 126 end: 138
15/02/2006 11:42:21 org.republic.ParseFileSheet makeNewDataColumn
INFO: Report Line: PO80243    1 RC43961  amc000   12/12/05 10   341-0060401            10,675.00 EA     0.53472        5,708.14        5,708.14        570.81 no                                                                     no, Value Extracted:        570.81
15/02/2006 11:42:21 org.republic.ParseFileSheet checkReportLine
INFO: SelectFieldData
15/02/2006 11:42:21 org.republic.ParseFileSheet makeNewDataColumn
INFO: Output Data: 140 end: 142
15/02/2006 11:42:21 org.republic.ParseFileSheet makeNewDataColumn
INFO: Report Line: PO80243    1 RC43961  amc000   12/12/05 10   341-0060401            10,675.00 EA     0.53472        5,708.14        5,708.14        570.81 no                                                                     no, Value Extracted: no 
15/02/2006 11:42:21 org.republic.ParseFileSheet checkReportLine
INFO: SelectFieldData
15/02/2006 11:42:21 org.republic.ParseFileSheet makeNewDataColumn
INFO: Output Data: 144 end: 151
15/02/2006 11:42:21 org.republic.ParseFileSheet makeNewDataColumn
INFO: Report Line: PO80243    1 RC43961  amc000   12/12/05 10   341-0060401            10,675.00 EA     0.53472        5,708.14        5,708.14        570.81 no                                                                     no, Value Extracted:         
15/02/2006 11:42:21 org.republic.ParseFileSheet checkReportLine
INFO: SelectFieldData
15/02/2006 11:42:21 org.republic.ParseFileSheet makeNewDataColumn
INFO: Output Data: 153 end: 163
15/02/2006 11:42:21 org.republic.ParseFileSheet makeNewDataColumn
INFO: Report Line: PO80243    1 RC43961  amc000   12/12/05 10   341-0060401            10,675.00 EA     0.53472        5,708.14        5,708.14        570.81 no                                                                     no, Value Extracted:            
15/02/2006 11:42:21 org.republic.ParseFileSheet checkReportLine
INFO: SelectFieldData
15/02/2006 11:42:21 org.republic.ParseFileSheet makeNewDataColumn
INFO: Output Data: 165 end: 179
15/02/2006 11:42:21 org.republic.ParseFileSheet makeNewDataColumn
INFO: Report Line: PO80243    1 RC43961  amc000   12/12/05 10   341-0060401            10,675.00 EA     0.53472        5,708.14        5,708.14        570.81 no                                                                     no, Value Extracted:                
15/02/2006 11:42:21 org.republic.ParseFileSheet checkReportLine
INFO: SelectFieldData
15/02/2006 11:42:21 org.republic.ParseFileSheet makeNewDataColumn
INFO: Output Data: 181 end: 188
15/02/2006 11:42:21 org.republic.ParseFileSheet makeNewDataColumn
INFO: Report Line: PO80243    1 RC43961  amc000   12/12/05 10   341-0060401            10,675.00 EA     0.53472        5,708.14        5,708.14        570.81 no                                                                     no, Value Extracted:         
15/02/2006 11:42:21 org.republic.ParseFileSheet checkReportLine
INFO: SelectFieldData
15/02/2006 11:42:21 org.republic.ParseFileSheet makeNewDataColumn
INFO: Output Data: 190 end: 207
15/02/2006 11:42:21 org.republic.ParseFileSheet makeNewDataColumn
INFO: Report Line: PO80243    1 RC43961  amc000   12/12/05 10   341-0060401            10,675.00 EA     0.53472        5,708.14        5,708.14        570.81 no                                                                     no, Value Extracted:                   
15/02/2006 11:42:21 org.republic.ParseFileSheet checkReportLine
INFO: SelectFieldData
15/02/2006 11:42:21 org.republic.ParseFileSheet makeNewDataColumn
INFO: Output Data: 209 end: 209
15/02/2006 11:42:21 org.republic.ParseFileSheet makeNewDataColumn
INFO: Report Line: PO80243    1 RC43961  amc000   12/12/05 10   341-0060401            10,675.00 EA     0.53472        5,708.14        5,708.14        570.81 no                                                                     no, Value Extracted:  
15/02/2006 11:42:21 org.republic.ParseFileSheet checkReportLine
INFO: SelectFieldData
15/02/2006 11:42:21 org.republic.ParseFileSheet makeNewDataColumn
INFO: Output Data: 211 end: 213
15/02/2006 11:42:21 org.republic.ParseFileSheet makeNewDataColumn
INFO: Report Line: PO80243    1 RC43961  amc000   12/12/05 10   341-0060401            10,675.00 EA     0.53472        5,708.14        5,708.14        570.81 no                                                                     no, Value Extracted: no
15/02/2006 11:42:21 org.republic.ParseFileSheet parseInputFile
INFO: line:72 , line length() 212
15/02/2006 11:42:21 org.republic.ParseFileSheet parseInputFile
INFO: >>>>First char:80 new page?: false
15/02/2006 11:42:21 org.republic.ParseFileSheet parseInputFile
INFO: File Line:72, report page pos 12 , line:PO80243    2 RC43998  amc000   14/12/05 10   341-0101251s            6,300.00 EA      0.5136        3,235.68        3,235.68        323.57 no                                                                     no
15/02/2006 11:42:21 org.republic.ParseFileSheet checkReportLine
INFO: NewRowIf
15/02/2006 11:42:21 org.republic.ParseFileSheet ruleMatchesReportLine
INFO: comparing: 'PO80243 ' with '        '
15/02/2006 11:42:21 org.republic.ParseFileSheet ruleMatchesReportLine
INFO: not blank: true
15/02/2006 11:42:21 org.republic.ParseFileSheet ruleMatchesReportLine
INFO: not blank Len: '8'
15/02/2006 11:42:21 org.republic.ParseFileSheet checkReportLine
INFO: SelectFieldData
15/02/2006 11:42:21 org.republic.ParseFileSheet makeNewDataColumn
INFO: Output Data: 1 end: 8
15/02/2006 11:42:21 org.republic.ParseFileSheet makeNewDataColumn
INFO: Report Line: PO80243    2 RC43998  amc000   14/12/05 10   341-0101251s            6,300.00 EA      0.5136        3,235.68        3,235.68        323.57 no                                                                     no, Value Extracted: PO80243 
15/02/2006 11:42:21 org.republic.ParseFileSheet checkReportLine
INFO: SelectFieldData
15/02/2006 11:42:21 org.republic.ParseFileSheet makeNewDataColumn
INFO: Output Data: 10 end: 12
15/02/2006 11:42:21 org.republic.ParseFileSheet makeNewDataColumn
INFO: Report Line: PO80243    2 RC43998  amc000   14/12/05 10   341-0101251s            6,300.00 EA      0.5136        3,235.68        3,235.68        323.57 no                                                                     no, Value Extracted:   2
15/02/2006 11:42:21 org.republic.ParseFileSheet checkReportLine
INFO: SelectFieldData
15/02/2006 11:42:21 org.republic.ParseFileSheet makeNewDataColumn
INFO: Output Data: 14 end: 21
15/02/2006 11:42:21 org.republic.ParseFileSheet makeNewDataColumn
INFO: Report Line: PO80243    2 RC43998  amc000   14/12/05 10   341-0101251s            6,300.00 EA      0.5136        3,235.68        3,235.68        323.57 no                                                                     no, Value Extracted: RC43998 
15/02/2006 11:42:21 org.republic.ParseFileSheet checkReportLine
INFO: SelectFieldData
15/02/2006 11:42:21 org.republic.ParseFileSheet makeNewDataColumn
INFO: Output Data: 23 end: 30
15/02/2006 11:42:21 org.republic.ParseFileSheet makeNewDataColumn
INFO: Report Line: PO80243    2 RC43998  amc000   14/12/05 10   341-0101251s            6,300.00 EA      0.5136        3,235.68        3,235.68        323.57 no                                                                     no, Value Extracted: amc000  
15/02/2006 11:42:21 org.republic.ParseFileSheet checkReportLine
INFO: SelectFieldData
15/02/2006 11:42:21 org.republic.ParseFileSheet makeNewDataColumn
INFO: Output Data: 32 end: 39
15/02/2006 11:42:21 org.republic.ParseFileSheet makeNewDataColumn
INFO: Report Line: PO80243    2 RC43998  amc000   14/12/05 10   341-0101251s            6,300.00 EA      0.5136        3,235.68        3,235.68        323.57 no                                                                     no, Value Extracted: 14/12/05
15/02/2006 11:42:21 org.republic.ParseFileSheet checkReportLine
INFO: SelectFieldData
15/02/2006 11:42:21 org.republic.ParseFileSheet makeNewDataColumn
INFO: Output Data: 41 end: 44
15/02/2006 11:42:21 org.republic.ParseFileSheet makeNewDataColumn
INFO: Report Line: PO80243    2 RC43998  amc000   14/12/05 10   341-0101251s            6,300.00 EA      0.5136        3,235.68        3,235.68        323.57 no                                                                     no, Value Extracted: 10  
15/02/2006 11:42:21 org.republic.ParseFileSheet checkReportLine
INFO: SelectFieldData
15/02/2006 11:42:21 org.republic.ParseFileSheet makeNewDataColumn
INFO: Output Data: 46 end: 63
15/02/2006 11:42:21 org.republic.ParseFileSheet makeNewDataColumn
INFO: Report Line: PO80243    2 RC43998  amc000   14/12/05 10   341-0101251s            6,300.00 EA      0.5136        3,235.68        3,235.68        323.57 no                                                                     no, Value Extracted: 341-0101251s      
15/02/2006 11:42:21 org.republic.ParseFileSheet checkReportLine
INFO: SelectFieldData
15/02/2006 11:42:21 org.republic.ParseFileSheet makeNewDataColumn
INFO: Output Data: 65 end: 77
15/02/2006 11:42:21 org.republic.ParseFileSheet makeNewDataColumn
INFO: Report Line: PO80243    2 RC43998  amc000   14/12/05 10   341-0101251s            6,300.00 EA      0.5136        3,235.68        3,235.68        323.57 no                                                                     no, Value Extracted:      6,300.00
15/02/2006 11:42:21 org.republic.ParseFileSheet checkReportLine
INFO: SelectFieldData
15/02/2006 11:42:21 org.republic.ParseFileSheet makeNewDataColumn
INFO: Output Data: 79 end: 80
15/02/2006 11:42:21 org.republic.ParseFileSheet makeNewDataColumn
INFO: Report Line: PO80243    2 RC43998  amc000   14/12/05 10   341-0101251s            6,300.00 EA      0.5136        3,235.68        3,235.68        323.57 no                                                                     no, Value Extracted: EA
15/02/2006 11:42:21 org.republic.ParseFileSheet checkReportLine
INFO: SelectFieldData
15/02/2006 11:42:21 org.republic.ParseFileSheet makeNewDataColumn
INFO: Output Data: 82 end: 92
15/02/2006 11:42:21 org.republic.ParseFileSheet makeNewDataColumn
INFO: Report Line: PO80243    2 RC43998  amc000   14/12/05 10   341-0101251s            6,300.00 EA      0.5136        3,235.68        3,235.68        323.57 no                                                                     no, Value Extracted:      0.5136
15/02/2006 11:42:21 org.republic.ParseFileSheet checkReportLine
INFO: SelectFieldData
15/02/2006 11:42:21 org.republic.ParseFileSheet makeNewDataColumn
INFO: Output Data: 94 end: 108
15/02/2006 11:42:21 org.republic.ParseFileSheet makeNewDataColumn
INFO: Report Line: PO80243    2 RC43998  amc000   14/12/05 10   341-0101251s            6,300.00 EA      0.5136        3,235.68        3,235.68        323.57 no                                                                     no, Value Extracted:        3,235.68
15/02/2006 11:42:21 org.republic.ParseFileSheet checkReportLine
INFO: SelectFieldData
15/02/2006 11:42:21 org.republic.ParseFileSheet makeNewDataColumn
INFO: Output Data: 110 end: 124
15/02/2006 11:42:21 org.republic.ParseFileSheet makeNewDataColumn
INFO: Report Line: PO80243    2 RC43998  amc000   14/12/05 10   341-0101251s            6,300.00 EA      0.5136        3,235.68        3,235.68        323.57 no                                                                     no, Value Extracted:        3,235.68
15/02/2006 11:42:21 org.republic.ParseFileSheet checkReportLine
INFO: SelectFieldData
15/02/2006 11:42:21 org.republic.ParseFileSheet makeNewDataColumn
INFO: Output Data: 126 end: 138
15/02/2006 11:42:21 org.republic.ParseFileSheet makeNewDataColumn
INFO: Report Line: PO80243    2 RC43998  amc000   14/12/05 10   341-0101251s            6,300.00 EA      0.5136        3,235.68        3,235.68        323.57 no                                                                     no, Value Extracted:        323.57
15/02/2006 11:42:21 org.republic.ParseFileSheet checkReportLine
INFO: SelectFieldData
15/02/2006 11:42:21 org.republic.ParseFileSheet makeNewDataColumn
INFO: Output Data: 140 end: 142
15/02/2006 11:42:21 org.republic.ParseFileSheet makeNewDataColumn
INFO: Report Line: PO80243    2 RC43998  amc000   14/12/05 10   341-0101251s            6,300.00 EA      0.5136        3,235.68        3,235.68        323.57 no                                                                     no, Value Extracted: no 
15/02/2006 11:42:21 org.republic.ParseFileSheet checkReportLine
INFO: SelectFieldData
15/02/2006 11:42:21 org.republic.ParseFileSheet makeNewDataColumn
INFO: Output Data: 144 end: 151
15/02/2006 11:42:21 org.republic.ParseFileSheet makeNewDataColumn
INFO: Report Line: PO80243    2 RC43998  amc000   14/12/05 10   341-0101251s            6,300.00 EA      0.5136        3,235.68        3,235.68        323.57 no                                                                     no, Value Extracted:         
15/02/2006 11:42:21 org.republic.ParseFileSheet checkReportLine
INFO: SelectFieldData
15/02/2006 11:42:21 org.republic.ParseFileSheet makeNewDataColumn
INFO: Output Data: 153 end: 163
15/02/2006 11:42:21 org.republic.ParseFileSheet makeNewDataColumn
INFO: Report Line: PO80243    2 RC43998  amc000   14/12/05 10   341-0101251s            6,300.00 EA      0.5136        3,235.68        3,235.68        323.57 no                                                                     no, Value Extracted:            
15/02/2006 11:42:21 org.republic.ParseFileSheet checkReportLine
INFO: SelectFieldData
15/02/2006 11:42:21 org.republic.ParseFileSheet makeNewDataColumn
INFO: Output Data: 165 end: 179
15/02/2006 11:42:21 org.republic.ParseFileSheet makeNewDataColumn
INFO: Report Line: PO80243    2 RC43998  amc000   14/12/05 10   341-0101251s            6,300.00 EA      0.5136        3,235.68        3,235.68        323.57 no                                                                     no, Value Extracted:                
15/02/2006 11:42:21 org.republic.ParseFileSheet checkReportLine
INFO: SelectFieldData
15/02/2006 11:42:21 org.republic.ParseFileSheet makeNewDataColumn
INFO: Output Data: 181 end: 188
15/02/2006 11:42:21 org.republic.ParseFileSheet makeNewDataColumn
INFO: Report Line: PO80243    2 RC43998  amc000   14/12/05 10   341-0101251s            6,300.00 EA      0.5136        3,235.68        3,235.68        323.57 no                                                                     no, Value Extracted:         
15/02/2006 11:42:21 org.republic.ParseFileSheet checkReportLine
INFO: SelectFieldData
15/02/2006 11:42:21 org.republic.ParseFileSheet makeNewDataColumn
INFO: Output Data: 190 end: 207
15/02/2006 11:42:21 org.republic.ParseFileSheet makeNewDataColumn
INFO: Report Line: PO80243    2 RC43998  amc000   14/12/05 10   341-0101251s            6,300.00 EA      0.5136        3,235.68        3,235.68        323.57 no                                                                     no, Value Extracted:                   
15/02/2006 11:42:21 org.republic.ParseFileSheet checkReportLine
INFO: SelectFieldData
15/02/2006 11:42:21 org.republic.ParseFileSheet makeNewDataColumn
INFO: Output Data: 209 end: 209
15/02/2006 11:42:21 org.republic.ParseFileSheet makeNewDataColumn
INFO: Report Line: PO80243    2 RC43998  amc000   14/12/05 10   341-0101251s            6,300.00 EA      0.5136        3,235.68        3,235.68        323.57 no                                                                     no, Value Extracted:  
15/02/2006 11:42:21 org.republic.ParseFileSheet checkReportLine
INFO: SelectFieldData
15/02/2006 11:42:21 org.republic.ParseFileSheet makeNewDataColumn
INFO: Output Data: 211 end: 213
15/02/2006 11:42:21 org.republic.ParseFileSheet makeNewDataColumn
INFO: Report Line: PO80243    2 RC43998  amc000   14/12/05 10   341-0101251s            6,300.00 EA      0.5136        3,235.68        3,235.68        323.57 no                                                                     no, Value Extracted: no
15/02/2006 11:42:21 org.republic.ParseFileSheet parseInputFile
INFO: line:73 , line length() 212
15/02/2006 11:42:21 org.republic.ParseFileSheet parseInputFile
INFO: >>>>First char:80 new page?: false
15/02/2006 11:42:21 org.republic.ParseFileSheet parseInputFile
INFO: File Line:73, report page pos 13 , line:PO80243    3 RC43944  amc000   09/12/05 10   341-0102251             5,150.00 EA     0.47904        2,467.06        2,467.06        246.71 no                                                                     no
15/02/2006 11:42:21 org.republic.ParseFileSheet checkReportLine
INFO: NewRowIf
15/02/2006 11:42:21 org.republic.ParseFileSheet ruleMatchesReportLine
INFO: comparing: 'PO80243 ' with '        '
15/02/2006 11:42:21 org.republic.ParseFileSheet ruleMatchesReportLine
INFO: not blank: true
15/02/2006 11:42:21 org.republic.ParseFileSheet ruleMatchesReportLine
INFO: not blank Len: '8'
15/02/2006 11:42:21 org.republic.ParseFileSheet checkReportLine
INFO: SelectFieldData
15/02/2006 11:42:21 org.republic.ParseFileSheet makeNewDataColumn
INFO: Output Data: 1 end: 8
15/02/2006 11:42:21 org.republic.ParseFileSheet makeNewDataColumn
INFO: Report Line: PO80243    3 RC43944  amc000   09/12/05 10   341-0102251             5,150.00 EA     0.47904        2,467.06        2,467.06        246.71 no                                                                     no, Value Extracted: PO80243 
15/02/2006 11:42:21 org.republic.ParseFileSheet checkReportLine
INFO: SelectFieldData
15/02/2006 11:42:21 org.republic.ParseFileSheet makeNewDataColumn
INFO: Output Data: 10 end: 12
15/02/2006 11:42:21 org.republic.ParseFileSheet makeNewDataColumn
INFO: Report Line: PO80243    3 RC43944  amc000   09/12/05 10   341-0102251             5,150.00 EA     0.47904        2,467.06        2,467.06        246.71 no                                                                     no, Value Extracted:   3
15/02/2006 11:42:21 org.republic.ParseFileSheet checkReportLine
INFO: SelectFieldData
15/02/2006 11:42:21 org.republic.ParseFileSheet makeNewDataColumn
INFO: Output Data: 14 end: 21
15/02/2006 11:42:21 org.republic.ParseFileSheet makeNewDataColumn
INFO: Report Line: PO80243    3 RC43944  amc000   09/12/05 10   341-0102251             5,150.00 EA     0.47904        2,467.06        2,467.06        246.71 no                                                                     no, Value Extracted: RC43944 
15/02/2006 11:42:21 org.republic.ParseFileSheet checkReportLine
INFO: SelectFieldData
15/02/2006 11:42:21 org.republic.ParseFileSheet makeNewDataColumn
INFO: Output Data: 23 end: 30
15/02/2006 11:42:21 org.republic.ParseFileSheet makeNewDataColumn
INFO: Report Line: PO80243    3 RC43944  amc000   09/12/05 10   341-0102251             5,150.00 EA     0.47904        2,467.06        2,467.06        246.71 no                                                                     no, Value Extracted: amc000  
15/02/2006 11:42:21 org.republic.ParseFileSheet checkReportLine
INFO: SelectFieldData
15/02/2006 11:42:21 org.republic.ParseFileSheet makeNewDataColumn
INFO: Output Data: 32 end: 39
15/02/2006 11:42:21 org.republic.ParseFileSheet makeNewDataColumn
INFO: Report Line: PO80243    3 RC43944  amc000   09/12/05 10   341-0102251             5,150.00 EA     0.47904        2,467.06        2,467.06        246.71 no                                                                     no, Value Extracted: 09/12/05
15/02/2006 11:42:21 org.republic.ParseFileSheet checkReportLine
INFO: SelectFieldData
15/02/2006 11:42:21 org.republic.ParseFileSheet makeNewDataColumn
INFO: Output Data: 41 end: 44
15/02/2006 11:42:21 org.republic.ParseFileSheet makeNewDataColumn
INFO: Report Line: PO80243    3 RC43944  amc000   09/12/05 10   341-0102251             5,150.00 EA     0.47904        2,467.06        2,467.06        246.71 no                                                                     no, Value Extracted: 10  
15/02/2006 11:42:21 org.republic.ParseFileSheet checkReportLine
INFO: SelectFieldData
15/02/2006 11:42:21 org.republic.ParseFileSheet makeNewDataColumn
INFO: Output Data: 46 end: 63
15/02/2006 11:42:21 org.republic.ParseFileSheet makeNewDataColumn
INFO: Report Line: PO80243    3 RC43944  amc000   09/12/05 10   341-0102251             5,150.00 EA     0.47904        2,467.06        2,467.06        246.71 no                                                                     no, Value Extracted: 341-0102251       
15/02/2006 11:42:21 org.republic.ParseFileSheet checkReportLine
INFO: SelectFieldData
15/02/2006 11:42:21 org.republic.ParseFileSheet makeNewDataColumn
INFO: Output Data: 65 end: 77
15/02/2006 11:42:21 org.republic.ParseFileSheet makeNewDataColumn
INFO: Report Line: PO80243    3 RC43944  amc000   09/12/05 10   341-0102251             5,150.00 EA     0.47904        2,467.06        2,467.06        246.71 no                                                                     no, Value Extracted:      5,150.00
15/02/2006 11:42:21 org.republic.ParseFileSheet checkReportLine
INFO: SelectFieldData
15/02/2006 11:42:21 org.republic.ParseFileSheet makeNewDataColumn
INFO: Output Data: 79 end: 80
15/02/2006 11:42:21 org.republic.ParseFileSheet makeNewDataColumn
INFO: Report Line: PO80243    3 RC43944  amc000   09/12/05 10   341-0102251             5,150.00 EA     0.47904        2,467.06        2,467.06        246.71 no                                                                     no, Value Extracted: EA
15/02/2006 11:42:21 org.republic.ParseFileSheet checkReportLine
INFO: SelectFieldData
15/02/2006 11:42:21 org.republic.ParseFileSheet makeNewDataColumn
INFO: Output Data: 82 end: 92
15/02/2006 11:42:21 org.republic.ParseFileSheet makeNewDataColumn
INFO: Report Line: PO80243    3 RC43944  amc000   09/12/05 10   341-0102251             5,150.00 EA     0.47904        2,467.06        2,467.06        246.71 no                                                                     no, Value Extracted:     0.47904
15/02/2006 11:42:21 org.republic.ParseFileSheet checkReportLine
INFO: SelectFieldData
15/02/2006 11:42:21 org.republic.ParseFileSheet makeNewDataColumn
INFO: Output Data: 94 end: 108
15/02/2006 11:42:21 org.republic.ParseFileSheet makeNewDataColumn
INFO: Report Line: PO80243    3 RC43944  amc000   09/12/05 10   341-0102251             5,150.00 EA     0.47904        2,467.06        2,467.06        246.71 no                                                                     no, Value Extracted:        2,467.06
15/02/2006 11:42:21 org.republic.ParseFileSheet checkReportLine
INFO: SelectFieldData
15/02/2006 11:42:21 org.republic.ParseFileSheet makeNewDataColumn
INFO: Output Data: 110 end: 124
15/02/2006 11:42:21 org.republic.ParseFileSheet makeNewDataColumn
INFO: Report Line: PO80243    3 RC43944  amc000   09/12/05 10   341-0102251             5,150.00 EA     0.47904        2,467.06        2,467.06        246.71 no                                                                     no, Value Extracted:        2,467.06
15/02/2006 11:42:21 org.republic.ParseFileSheet checkReportLine
INFO: SelectFieldData
15/02/2006 11:42:21 org.republic.ParseFileSheet makeNewDataColumn
INFO: Output Data: 126 end: 138
15/02/2006 11:42:21 org.republic.ParseFileSheet makeNewDataColumn
INFO: Report Line: PO80243    3 RC43944  amc000   09/12/05 10   341-0102251             5,150.00 EA     0.47904        2,467.06        2,467.06        246.71 no                                                                     no, Value Extracted:        246.71
15/02/2006 11:42:21 org.republic.ParseFileSheet checkReportLine
INFO: SelectFieldData
15/02/2006 11:42:21 org.republic.ParseFileSheet makeNewDataColumn
INFO: Output Data: 140 end: 142
15/02/2006 11:42:21 org.republic.ParseFileSheet makeNewDataColumn
INFO: Report Line: PO80243    3 RC43944  amc000   09/12/05 10   341-0102251             5,150.00 EA     0.47904        2,467.06        2,467.06        246.71 no                                                                     no, Value Extracted: no 
15/02/2006 11:42:21 org.republic.ParseFileSheet checkReportLine
INFO: SelectFieldData
15/02/2006 11:42:21 org.republic.ParseFileSheet makeNewDataColumn
INFO: Output Data: 144 end: 151
15/02/2006 11:42:21 org.republic.ParseFileSheet makeNewDataColumn
INFO: Report Line: PO80243    3 RC43944  amc000   09/12/05 10   341-0102251             5,150.00 EA     0.47904        2,467.06        2,467.06        246.71 no                                                                     no, Value Extracted:         
15/02/2006 11:42:21 org.republic.ParseFileSheet checkReportLine
INFO: SelectFieldData
15/02/2006 11:42:21 org.republic.ParseFileSheet makeNewDataColumn
INFO: Output Data: 153 end: 163
15/02/2006 11:42:21 org.republic.ParseFileSheet makeNewDataColumn
INFO: Report Line: PO80243    3 RC43944  amc000   09/12/05 10   341-0102251             5,150.00 EA     0.47904        2,467.06        2,467.06        246.71 no                                                                     no, Value Extracted:            
15/02/2006 11:42:21 org.republic.ParseFileSheet checkReportLine
INFO: SelectFieldData
15/02/2006 11:42:21 org.republic.ParseFileSheet makeNewDataColumn
INFO: Output Data: 165 end: 179
15/02/2006 11:42:21 org.republic.ParseFileSheet makeNewDataColumn
INFO: Report Line: PO80243    3 RC43944  amc000   09/12/05 10   341-0102251             5,150.00 EA     0.47904        2,467.06        2,467.06        246.71 no                                                                     no, Value Extracted:                
15/02/2006 11:42:21 org.republic.ParseFileSheet checkReportLine
INFO: SelectFieldData
15/02/2006 11:42:21 org.republic.ParseFileSheet makeNewDataColumn
INFO: Output Data: 181 end: 188
15/02/2006 11:42:21 org.republic.ParseFileSheet makeNewDataColumn
INFO: Report Line: PO80243    3 RC43944  amc000   09/12/05 10   341-0102251             5,150.00 EA     0.47904        2,467.06        2,467.06        246.71 no                                                                     no, Value Extracted:         
15/02/2006 11:42:21 org.republic.ParseFileSheet checkReportLine
INFO: SelectFieldData
15/02/2006 11:42:21 org.republic.ParseFileSheet makeNewDataColumn
INFO: Output Data: 190 end: 207
15/02/2006 11:42:21 org.republic.ParseFileSheet makeNewDataColumn
INFO: Report Line: PO80243    3 RC43944  amc000   09/12/05 10   341-0102251             5,150.00 EA     0.47904        2,467.06        2,467.06        246.71 no                                                                     no, Value Extracted:                   
15/02/2006 11:42:21 org.republic.ParseFileSheet checkReportLine
INFO: SelectFieldData
15/02/2006 11:42:21 org.republic.ParseFileSheet makeNewDataColumn
INFO: Output Data: 209 end: 209
15/02/2006 11:42:21 org.republic.ParseFileSheet makeNewDataColumn
INFO: Report Line: PO80243    3 RC43944  amc000   09/12/05 10   341-0102251             5,150.00 EA     0.47904        2,467.06        2,467.06        246.71 no                                                                     no, Value Extracted:  
15/02/2006 11:42:21 org.republic.ParseFileSheet checkReportLine
INFO: SelectFieldData
15/02/2006 11:42:21 org.republic.ParseFileSheet makeNewDataColumn
INFO: Output Data: 211 end: 213
15/02/2006 11:42:21 org.republic.ParseFileSheet makeNewDataColumn
INFO: Report Line: PO80243    3 RC43944  amc000   09/12/05 10   341-0102251             5,150.00 EA     0.47904        2,467.06        2,467.06        246.71 no                                                                     no, Value Extracted: no
15/02/2006 11:42:21 org.republic.ParseFileSheet parseInputFile
INFO: line:74 , line length() 212
15/02/2006 11:42:21 org.republic.ParseFileSheet parseInputFile
INFO: >>>>First char:80 new page?: false
15/02/2006 11:42:21 org.republic.ParseFileSheet parseInputFile
INFO: File Line:74, report page pos 14 , line:PO80243    3 RC44128  amc000   20/12/05 10   341-0102251            -5,150.00 EA     0.47904       -2,467.06       -2,467.06       -246.71 no                                                                     no
15/02/2006 11:42:21 org.republic.ParseFileSheet checkReportLine
INFO: NewRowIf
15/02/2006 11:42:21 org.republic.ParseFileSheet ruleMatchesReportLine
INFO: comparing: 'PO80243 ' with '        '
15/02/2006 11:42:21 org.republic.ParseFileSheet ruleMatchesReportLine
INFO: not blank: true
15/02/2006 11:42:21 org.republic.ParseFileSheet ruleMatchesReportLine
INFO: not blank Len: '8'
15/02/2006 11:42:21 org.republic.ParseFileSheet checkReportLine
INFO: SelectFieldData
15/02/2006 11:42:21 org.republic.ParseFileSheet makeNewDataColumn
INFO: Output Data: 1 end: 8
15/02/2006 11:42:21 org.republic.ParseFileSheet makeNewDataColumn
INFO: Report Line: PO80243    3 RC44128  amc000   20/12/05 10   341-0102251            -5,150.00 EA     0.47904       -2,467.06       -2,467.06       -246.71 no                                                                     no, Value Extracted: PO80243 
15/02/2006 11:42:21 org.republic.ParseFileSheet checkReportLine
INFO: SelectFieldData
15/02/2006 11:42:21 org.republic.ParseFileSheet makeNewDataColumn
INFO: Output Data: 10 end: 12
15/02/2006 11:42:21 org.republic.ParseFileSheet makeNewDataColumn
INFO: Report Line: PO80243    3 RC44128  amc000   20/12/05 10   341-0102251            -5,150.00 EA     0.47904       -2,467.06       -2,467.06       -246.71 no                                                                     no, Value Extracted:   3
15/02/2006 11:42:21 org.republic.ParseFileSheet checkReportLine
INFO: SelectFieldData
15/02/2006 11:42:21 org.republic.ParseFileSheet makeNewDataColumn
INFO: Output Data: 14 end: 21
15/02/2006 11:42:21 org.republic.ParseFileSheet makeNewDataColumn
INFO: Report Line: PO80243    3 RC44128  amc000   20/12/05 10   341-0102251            -5,150.00 EA     0.47904       -2,467.06       -2,467.06       -246.71 no                                                                     no, Value Extracted: RC44128 
15/02/2006 11:42:21 org.republic.ParseFileSheet checkReportLine
INFO: SelectFieldData
15/02/2006 11:42:21 org.republic.ParseFileSheet makeNewDataColumn
INFO: Output Data: 23 end: 30
15/02/2006 11:42:21 org.republic.ParseFileSheet makeNewDataColumn
INFO: Report Line: PO80243    3 RC44128  amc000   20/12/05 10   341-0102251            -5,150.00 EA     0.47904       -2,467.06       -2,467.06       -246.71 no                                                                     no, Value Extracted: amc000  
15/02/2006 11:42:21 org.republic.ParseFileSheet checkReportLine
INFO: SelectFieldData
15/02/2006 11:42:21 org.republic.ParseFileSheet makeNewDataColumn
INFO: Output Data: 32 end: 39
15/02/2006 11:42:22 org.republic.ParseFileSheet makeNewDataColumn
INFO: Report Line: PO80243    3 RC44128  amc000   20/12/05 10   341-0102251            -5,150.00 EA     0.47904       -2,467.06       -2,467.06       -246.71 no                                                                     no, Value Extracted: 20/12/05
15/02/2006 11:42:22 org.republic.ParseFileSheet checkReportLine
INFO: SelectFieldData
15/02/2006 11:42:22 org.republic.ParseFileSheet makeNewDataColumn
INFO: Output Data: 41 end: 44
15/02/2006 11:42:22 org.republic.ParseFileSheet makeNewDataColumn
INFO: Report Line: PO80243    3 RC44128  amc000   20/12/05 10   341-0102251            -5,150.00 EA     0.47904       -2,467.06       -2,467.06       -246.71 no                                                                     no, Value Extracted: 10  
15/02/2006 11:42:22 org.republic.ParseFileSheet checkReportLine
INFO: SelectFieldData
15/02/2006 11:42:22 org.republic.ParseFileSheet makeNewDataColumn
INFO: Output Data: 46 end: 63
15/02/2006 11:42:22 org.republic.ParseFileSheet makeNewDataColumn
INFO: Report Line: PO80243    3 RC44128  amc000   20/12/05 10   341-0102251            -5,150.00 EA     0.47904       -2,467.06       -2,467.06       -246.71 no                                                                     no, Value Extracted: 341-0102251       
15/02/2006 11:42:22 org.republic.ParseFileSheet checkReportLine
INFO: SelectFieldData
15/02/2006 11:42:22 org.republic.ParseFileSheet makeNewDataColumn
INFO: Output Data: 65 end: 77
15/02/2006 11:42:22 org.republic.ParseFileSheet makeNewDataColumn
INFO: Report Line: PO80243    3 RC44128  amc000   20/12/05 10   341-0102251            -5,150.00 EA     0.47904       -2,467.06       -2,467.06       -246.71 no                                                                     no, Value Extracted:     -5,150.00
15/02/2006 11:42:22 org.republic.ParseFileSheet checkReportLine
INFO: SelectFieldData
15/02/2006 11:42:22 org.republic.ParseFileSheet makeNewDataColumn
INFO: Output Data: 79 end: 80
15/02/2006 11:42:22 org.republic.ParseFileSheet makeNewDataColumn
INFO: Report Line: PO80243    3 RC44128  amc000   20/12/05 10   341-0102251            -5,150.00 EA     0.47904       -2,467.06       -2,467.06       -246.71 no                                                                     no, Value Extracted: EA
15/02/2006 11:42:22 org.republic.ParseFileSheet checkReportLine
INFO: SelectFieldData
15/02/2006 11:42:22 org.republic.ParseFileSheet makeNewDataColumn
INFO: Output Data: 82 end: 92
15/02/2006 11:42:22 org.republic.ParseFileSheet makeNewDataColumn
INFO: Report Line: PO80243    3 RC44128  amc000   20/12/05 10   341-0102251            -5,150.00 EA     0.47904       -2,467.06       -2,467.06       -246.71 no                                                                     no, Value Extracted:     0.47904
15/02/2006 11:42:22 org.republic.ParseFileSheet checkReportLine
INFO: SelectFieldData
15/02/2006 11:42:22 org.republic.ParseFileSheet makeNewDataColumn
INFO: Output Data: 94 end: 108
15/02/2006 11:42:22 org.republic.ParseFileSheet makeNewDataColumn
INFO: Report Line: PO80243    3 RC44128  amc000   20/12/05 10   341-0102251            -5,150.00 EA     0.47904       -2,467.06       -2,467.06       -246.71 no                                                                     no, Value Extracted:       -2,467.06
15/02/2006 11:42:22 org.republic.ParseFileSheet checkReportLine
INFO: SelectFieldData
15/02/2006 11:42:22 org.republic.ParseFileSheet makeNewDataColumn
INFO: Output Data: 110 end: 124
15/02/2006 11:42:22 org.republic.ParseFileSheet makeNewDataColumn
INFO: Report Line: PO80243    3 RC44128  amc000   20/12/05 10   341-0102251            -5,150.00 EA     0.47904       -2,467.06       -2,467.06       -246.71 no                                                                     no, Value Extracted:       -2,467.06
15/02/2006 11:42:22 org.republic.ParseFileSheet checkReportLine
INFO: SelectFieldData
15/02/2006 11:42:22 org.republic.ParseFileSheet makeNewDataColumn
INFO: Output Data: 126 end: 138
15/02/2006 11:42:22 org.republic.ParseFileSheet makeNewDataColumn
INFO: Report Line: PO80243    3 RC44128  amc000   20/12/05 10   341-0102251            -5,150.00 EA     0.47904       -2,467.06       -2,467.06       -246.71 no                                                                     no, Value Extracted:       -246.71
15/02/2006 11:42:22 org.republic.ParseFileSheet checkReportLine
INFO: SelectFieldData
15/02/2006 11:42:22 org.republic.ParseFileSheet makeNewDataColumn
INFO: Output Data: 140 end: 142
15/02/2006 11:42:22 org.republic.ParseFileSheet makeNewDataColumn
INFO: Report Line: PO80243    3 RC44128  amc000   20/12/05 10   341-0102251            -5,150.00 EA     0.47904       -2,467.06       -2,467.06       -246.71 no                                                                     no, Value Extracted: no 
15/02/2006 11:42:22 org.republic.ParseFileSheet checkReportLine
INFO: SelectFieldData
15/02/2006 11:42:22 org.republic.ParseFileSheet makeNewDataColumn
INFO: Output Data: 144 end: 151
15/02/2006 11:42:22 org.republic.ParseFileSheet makeNewDataColumn
INFO: Report Line: PO80243    3 RC44128  amc000   20/12/05 10   341-0102251            -5,150.00 EA     0.47904       -2,467.06       -2,467.06       -246.71 no                                                                     no, Value Extracted:         
15/02/2006 11:42:22 org.republic.ParseFileSheet checkReportLine
INFO: SelectFieldData
15/02/2006 11:42:22 org.republic.ParseFileSheet makeNewDataColumn
INFO: Output Data: 153 end: 163
15/02/2006 11:42:22 org.republic.ParseFileSheet makeNewDataColumn
INFO: Report Line: PO80243    3 RC44128  amc000   20/12/05 10   341-0102251            -5,150.00 EA     0.47904       -2,467.06       -2,467.06       -246.71 no                                                                     no, Value Extracted:            
15/02/2006 11:42:22 org.republic.ParseFileSheet checkReportLine
INFO: SelectFieldData
15/02/2006 11:42:22 org.republic.ParseFileSheet makeNewDataColumn
INFO: Output Data: 165 end: 179
15/02/2006 11:42:22 org.republic.ParseFileSheet makeNewDataColumn
INFO: Report Line: PO80243    3 RC44128  amc000   20/12/05 10   341-0102251            -5,150.00 EA     0.47904       -2,467.06       -2,467.06       -246.71 no                                                                     no, Value Extracted:                
15/02/2006 11:42:22 org.republic.ParseFileSheet checkReportLine
INFO: SelectFieldData
15/02/2006 11:42:22 org.republic.ParseFileSheet makeNewDataColumn
INFO: Output Data: 181 end: 188
15/02/2006 11:42:22 org.republic.ParseFileSheet makeNewDataColumn
INFO: Report Line: PO80243    3 RC44128  amc000   20/12/05 10   341-0102251            -5,150.00 EA     0.47904       -2,467.06       -2,467.06       -246.71 no                                                                     no, Value Extracted:         
15/02/2006 11:42:22 org.republic.ParseFileSheet checkReportLine
INFO: SelectFieldData
15/02/2006 11:42:22 org.republic.ParseFileSheet makeNewDataColumn
INFO: Output Data: 190 end: 207
15/02/2006 11:42:22 org.republic.ParseFileSheet makeNewDataColumn
INFO: Report Line: PO80243    3 RC44128  amc000   20/12/05 10   341-0102251            -5,150.00 EA     0.47904       -2,467.06       -2,467.06       -246.71 no                                                                     no, Value Extracted:                   
15/02/2006 11:42:22 org.republic.ParseFileSheet checkReportLine
INFO: SelectFieldData
15/02/2006 11:42:22 org.republic.ParseFileSheet makeNewDataColumn
INFO: Output Data: 209 end: 209
15/02/2006 11:42:22 org.republic.ParseFileSheet makeNewDataColumn
INFO: Report Line: PO80243    3 RC44128  amc000   20/12/05 10   341-0102251            -5,150.00 EA     0.47904       -2,467.06       -2,467.06       -246.71 no                                                                     no, Value Extracted:  
15/02/2006 11:42:22 org.republic.ParseFileSheet checkReportLine
INFO: SelectFieldData
15/02/2006 11:42:22 org.republic.ParseFileSheet makeNewDataColumn
INFO: Output Data: 211 end: 213
15/02/2006 11:42:22 org.republic.ParseFileSheet makeNewDataColumn
INFO: Report Line: PO80243    3 RC44128  amc000   20/12/05 10   341-0102251            -5,150.00 EA     0.47904       -2,467.06       -2,467.06       -246.71 no                                                                     no, Value Extracted: no
15/02/2006 11:42:22 org.republic.ParseFileSheet parseInputFile
INFO: line:75 , line length() 212
15/02/2006 11:42:22 org.republic.ParseFileSheet parseInputFile
INFO: >>>>First char:80 new page?: false
15/02/2006 11:42:22 org.republic.ParseFileSheet parseInputFile
INFO: File Line:75, report page pos 15 , line:PO80243    3 RC44129  amc000   20/12/05 10   341-0102251             5,150.00 EA      0.4464        2,298.96        2,298.96        229.90 no                                                                     no
15/02/2006 11:42:22 org.republic.ParseFileSheet checkReportLine
INFO: NewRowIf
15/02/2006 11:42:22 org.republic.ParseFileSheet ruleMatchesReportLine
INFO: comparing: 'PO80243 ' with '        '
15/02/2006 11:42:22 org.republic.ParseFileSheet ruleMatchesReportLine
INFO: not blank: true
15/02/2006 11:42:22 org.republic.ParseFileSheet ruleMatchesReportLine
INFO: not blank Len: '8'
15/02/2006 11:42:22 org.republic.ParseFileSheet checkReportLine
INFO: SelectFieldData
15/02/2006 11:42:22 org.republic.ParseFileSheet makeNewDataColumn
INFO: Output Data: 1 end: 8
15/02/2006 11:42:22 org.republic.ParseFileSheet makeNewDataColumn
INFO: Report Line: PO80243    3 RC44129  amc000   20/12/05 10   341-0102251             5,150.00 EA      0.4464        2,298.96        2,298.96        229.90 no                                                                     no, Value Extracted: PO80243 
15/02/2006 11:42:22 org.republic.ParseFileSheet checkReportLine
INFO: SelectFieldData
15/02/2006 11:42:22 org.republic.ParseFileSheet makeNewDataColumn
INFO: Output Data: 10 end: 12
15/02/2006 11:42:22 org.republic.ParseFileSheet makeNewDataColumn
INFO: Report Line: PO80243    3 RC44129  amc000   20/12/05 10   341-0102251             5,150.00 EA      0.4464        2,298.96        2,298.96        229.90 no                                                                     no, Value Extracted:   3
15/02/2006 11:42:22 org.republic.ParseFileSheet checkReportLine
INFO: SelectFieldData
15/02/2006 11:42:22 org.republic.ParseFileSheet makeNewDataColumn
INFO: Output Data: 14 end: 21
15/02/2006 11:42:22 org.republic.ParseFileSheet makeNewDataColumn
INFO: Report Line: PO80243    3 RC44129  amc000   20/12/05 10   341-0102251             5,150.00 EA      0.4464        2,298.96        2,298.96        229.90 no                                                                     no, Value Extracted: RC44129 
15/02/2006 11:42:22 org.republic.ParseFileSheet checkReportLine
INFO: SelectFieldData
15/02/2006 11:42:22 org.republic.ParseFileSheet makeNewDataColumn
INFO: Output Data: 23 end: 30
15/02/2006 11:42:22 org.republic.ParseFileSheet makeNewDataColumn
INFO: Report Line: PO80243    3 RC44129  amc000   20/12/05 10   341-0102251             5,150.00 EA      0.4464        2,298.96        2,298.96        229.90 no                                                                     no, Value Extracted: amc000  
15/02/2006 11:42:22 org.republic.ParseFileSheet checkReportLine
INFO: SelectFieldData
15/02/2006 11:42:22 org.republic.ParseFileSheet makeNewDataColumn
INFO: Output Data: 32 end: 39
15/02/2006 11:42:22 org.republic.ParseFileSheet makeNewDataColumn
INFO: Report Line: PO80243    3 RC44129  amc000   20/12/05 10   341-0102251             5,150.00 EA      0.4464        2,298.96        2,298.96        229.90 no                                                                     no, Value Extracted: 20/12/05
15/02/2006 11:42:22 org.republic.ParseFileSheet checkReportLine
INFO: SelectFieldData
15/02/2006 11:42:22 org.republic.ParseFileSheet makeNewDataColumn
INFO: Output Data: 41 end: 44
15/02/2006 11:42:22 org.republic.ParseFileSheet makeNewDataColumn
INFO: Report Line: PO80243    3 RC44129  amc000   20/12/05 10   341-0102251             5,150.00 EA      0.4464        2,298.96        2,298.96        229.90 no                                                                     no, Value Extracted: 10  
15/02/2006 11:42:22 org.republic.ParseFileSheet checkReportLine
INFO: SelectFieldData
15/02/2006 11:42:22 org.republic.ParseFileSheet makeNewDataColumn
INFO: Output Data: 46 end: 63
15/02/2006 11:42:22 org.republic.ParseFileSheet makeNewDataColumn
INFO: Report Line: PO80243    3 RC44129  amc000   20/12/05 10   341-0102251             5,150.00 EA      0.4464        2,298.96        2,298.96        229.90 no                                                                     no, Value Extracted: 341-0102251       
15/02/2006 11:42:22 org.republic.ParseFileSheet checkReportLine
INFO: SelectFieldData
15/02/2006 11:42:22 org.republic.ParseFileSheet makeNewDataColumn
INFO: Output Data: 65 end: 77
15/02/2006 11:42:22 org.republic.ParseFileSheet makeNewDataColumn
INFO: Report Line: PO80243    3 RC44129  amc000   20/12/05 10   341-0102251             5,150.00 EA      0.4464        2,298.96        2,298.96        229.90 no                                                                     no, Value Extracted:      5,150.00
15/02/2006 11:42:22 org.republic.ParseFileSheet checkReportLine
INFO: SelectFieldData
15/02/2006 11:42:22 org.republic.ParseFileSheet makeNewDataColumn
INFO: Output Data: 79 end: 80
15/02/2006 11:42:22 org.republic.ParseFileSheet makeNewDataColumn
INFO: Report Line: PO80243    3 RC44129  amc000   20/12/05 10   341-0102251             5,150.00 EA      0.4464        2,298.96        2,298.96        229.90 no                                                                     no, Value Extracted: EA
15/02/2006 11:42:22 org.republic.ParseFileSheet checkReportLine
INFO: SelectFieldData
15/02/2006 11:42:22 org.republic.ParseFileSheet makeNewDataColumn
INFO: Output Data: 82 end: 92
15/02/2006 11:42:22 org.republic.ParseFileSheet makeNewDataColumn
INFO: Report Line: PO80243    3 RC44129  amc000   20/12/05 10   341-0102251             5,150.00 EA      0.4464        2,298.96        2,298.96        229.90 no                                                                     no, Value Extracted:      0.4464
15/02/2006 11:42:22 org.republic.ParseFileSheet checkReportLine
INFO: SelectFieldData
15/02/2006 11:42:22 org.republic.ParseFileSheet makeNewDataColumn
INFO: Output Data: 94 end: 108
15/02/2006 11:42:22 org.republic.ParseFileSheet makeNewDataColumn
INFO: Report Line: PO80243    3 RC44129  amc000   20/12/05 10   341-0102251             5,150.00 EA      0.4464        2,298.96        2,298.96        229.90 no                                                                     no, Value Extracted:        2,298.96
15/02/2006 11:42:22 org.republic.ParseFileSheet checkReportLine
INFO: SelectFieldData
15/02/2006 11:42:22 org.republic.ParseFileSheet makeNewDataColumn
INFO: Output Data: 110 end: 124
15/02/2006 11:42:22 org.republic.ParseFileSheet makeNewDataColumn
INFO: Report Line: PO80243    3 RC44129  amc000   20/12/05 10   341-0102251             5,150.00 EA      0.4464        2,298.96        2,298.96        229.90 no                                                                     no, Value Extracted:        2,298.96
15/02/2006 11:42:22 org.republic.ParseFileSheet checkReportLine
INFO: SelectFieldData
15/02/2006 11:42:22 org.republic.ParseFileSheet makeNewDataColumn
INFO: Output Data: 126 end: 138
15/02/2006 11:42:22 org.republic.ParseFileSheet makeNewDataColumn
INFO: Report Line: PO80243    3 RC44129  amc000   20/12/05 10   341-0102251             5,150.00 EA      0.4464        2,298.96        2,298.96        229.90 no                                                                     no, Value Extracted:        229.90
15/02/2006 11:42:22 org.republic.ParseFileSheet checkReportLine
INFO: SelectFieldData
15/02/2006 11:42:22 org.republic.ParseFileSheet makeNewDataColumn
INFO: Output Data: 140 end: 142
15/02/2006 11:42:22 org.republic.ParseFileSheet makeNewDataColumn
INFO: Report Line: PO80243    3 RC44129  amc000   20/12/05 10   341-0102251             5,150.00 EA      0.4464        2,298.96        2,298.96        229.90 no                                                                     no, Value Extracted: no 
15/02/2006 11:42:22 org.republic.ParseFileSheet checkReportLine
INFO: SelectFieldData
15/02/2006 11:42:22 org.republic.ParseFileSheet makeNewDataColumn
INFO: Output Data: 144 end: 151
15/02/2006 11:42:22 org.republic.ParseFileSheet makeNewDataColumn
INFO: Report Line: PO80243    3 RC44129  amc000   20/12/05 10   341-0102251             5,150.00 EA      0.4464        2,298.96        2,298.96        229.90 no                                                                     no, Value Extracted:         
15/02/2006 11:42:22 org.republic.ParseFileSheet checkReportLine
INFO: SelectFieldData
15/02/2006 11:42:22 org.republic.ParseFileSheet makeNewDataColumn
INFO: Output Data: 153 end: 163
15/02/2006 11:42:22 org.republic.ParseFileSheet makeNewDataColumn
INFO: Report Line: PO80243    3 RC44129  amc000   20/12/05 10   341-0102251             5,150.00 EA      0.4464        2,298.96        2,298.96        229.90 no                                                                     no, Value Extracted:            
15/02/2006 11:42:22 org.republic.ParseFileSheet checkReportLine
INFO: SelectFieldData
15/02/2006 11:42:22 org.republic.ParseFileSheet makeNewDataColumn
INFO: Output Data: 165 end: 179
15/02/2006 11:42:22 org.republic.ParseFileSheet makeNewDataColumn
INFO: Report Line: PO80243    3 RC44129  amc000   20/12/05 10   341-0102251             5,150.00 EA      0.4464        2,298.96        2,298.96        229.90 no                                                                     no, Value Extracted:                
15/02/2006 11:42:22 org.republic.ParseFileSheet checkReportLine
INFO: SelectFieldData
15/02/2006 11:42:22 org.republic.ParseFileSheet makeNewDataColumn
INFO: Output Data: 181 end: 188
15/02/2006 11:42:22 org.republic.ParseFileSheet makeNewDataColumn
INFO: Report Line: PO80243    3 RC44129  amc000   20/12/05 10   341-0102251             5,150.00 EA      0.4464        2,298.96        2,298.96        229.90 no                                                                     no, Value Extracted:         
15/02/2006 11:42:22 org.republic.ParseFileSheet checkReportLine
INFO: SelectFieldData
15/02/2006 11:42:22 org.republic.ParseFileSheet makeNewDataColumn
INFO: Output Data: 190 end: 207
15/02/2006 11:42:22 org.republic.ParseFileSheet makeNewDataColumn
INFO: Report Line: PO80243    3 RC44129  amc000   20/12/05 10   341-0102251             5,150.00 EA      0.4464        2,298.96        2,298.96        229.90 no                                                                     no, Value Extracted:                   
15/02/2006 11:42:22 org.republic.ParseFileSheet checkReportLine
INFO: SelectFieldData
15/02/2006 11:42:22 org.republic.ParseFileSheet makeNewDataColumn
INFO: Output Data: 209 end: 209
15/02/2006 11:42:22 org.republic.ParseFileSheet makeNewDataColumn
INFO: Report Line: PO80243    3 RC44129  amc000   20/12/05 10   341-0102251             5,150.00 EA      0.4464        2,298.96        2,298.96        229.90 no                                                                     no, Value Extracted:  
15/02/2006 11:42:22 org.republic.ParseFileSheet checkReportLine
INFO: SelectFieldData
15/02/2006 11:42:22 org.republic.ParseFileSheet makeNewDataColumn
INFO: Output Data: 211 end: 213
15/02/2006 11:42:22 org.republic.ParseFileSheet makeNewDataColumn
INFO: Report Line: PO80243    3 RC44129  amc000   20/12/05 10   341-0102251             5,150.00 EA      0.4464        2,298.96        2,298.96        229.90 no                                                                     no, Value Extracted: no
15/02/2006 11:42:22 org.republic.ParseFileSheet parseInputFile
INFO: line:76 , line length() 212
15/02/2006 11:42:22 org.republic.ParseFileSheet parseInputFile
INFO: >>>>First char:112 new page?: false
15/02/2006 11:42:22 org.republic.ParseFileSheet parseInputFile
INFO: File Line:76, report page pos 16 , line:po80245    1 RC44073  ant001   19/12/05 10   32-100006             132,192.00 EA      0.0325        4,296.24        4,296.24        429.62 no                                                                     no
15/02/2006 11:42:22 org.republic.ParseFileSheet checkReportLine
INFO: NewRowIf
15/02/2006 11:42:22 org.republic.ParseFileSheet ruleMatchesReportLine
INFO: comparing: 'po80245 ' with '        '
15/02/2006 11:42:22 org.republic.ParseFileSheet ruleMatchesReportLine
INFO: not blank: true
15/02/2006 11:42:22 org.republic.ParseFileSheet ruleMatchesReportLine
INFO: not blank Len: '8'
15/02/2006 11:42:22 org.republic.ParseFileSheet checkReportLine
INFO: SelectFieldData
15/02/2006 11:42:22 org.republic.ParseFileSheet makeNewDataColumn
INFO: Output Data: 1 end: 8
15/02/2006 11:42:22 org.republic.ParseFileSheet makeNewDataColumn
INFO: Report Line: po80245    1 RC44073  ant001   19/12/05 10   32-100006             132,192.00 EA      0.0325        4,296.24        4,296.24        429.62 no                                                                     no, Value Extracted: po80245 
15/02/2006 11:42:22 org.republic.ParseFileSheet checkReportLine
INFO: SelectFieldData
15/02/2006 11:42:22 org.republic.ParseFileSheet makeNewDataColumn
INFO: Output Data: 10 end: 12
15/02/2006 11:42:22 org.republic.ParseFileSheet makeNewDataColumn
INFO: Report Line: po80245    1 RC44073  ant001   19/12/05 10   32-100006             132,192.00 EA      0.0325        4,296.24        4,296.24        429.62 no                                                                     no, Value Extracted:   1
15/02/2006 11:42:22 org.republic.ParseFileSheet checkReportLine
INFO: SelectFieldData
15/02/2006 11:42:22 org.republic.ParseFileSheet makeNewDataColumn
INFO: Output Data: 14 end: 21
15/02/2006 11:42:22 org.republic.ParseFileSheet makeNewDataColumn
INFO: Report Line: po80245    1 RC44073  ant001   19/12/05 10   32-100006             132,192.00 EA      0.0325        4,296.24        4,296.24        429.62 no                                                                     no, Value Extracted: RC44073 
15/02/2006 11:42:22 org.republic.ParseFileSheet checkReportLine
INFO: SelectFieldData
15/02/2006 11:42:22 org.republic.ParseFileSheet makeNewDataColumn
INFO: Output Data: 23 end: 30
15/02/2006 11:42:22 org.republic.ParseFileSheet makeNewDataColumn
INFO: Report Line: po80245    1 RC44073  ant001   19/12/05 10   32-100006             132,192.00 EA      0.0325        4,296.24        4,296.24        429.62 no                                                                     no, Value Extracted: ant001  
15/02/2006 11:42:22 org.republic.ParseFileSheet checkReportLine
INFO: SelectFieldData
15/02/2006 11:42:22 org.republic.ParseFileSheet makeNewDataColumn
INFO: Output Data: 32 end: 39
15/02/2006 11:42:22 org.republic.ParseFileSheet makeNewDataColumn
INFO: Report Line: po80245    1 RC44073  ant001   19/12/05 10   32-100006             132,192.00 EA      0.0325        4,296.24        4,296.24        429.62 no                                                                     no, Value Extracted: 19/12/05
15/02/2006 11:42:22 org.republic.ParseFileSheet checkReportLine
INFO: SelectFieldData
15/02/2006 11:42:22 org.republic.ParseFileSheet makeNewDataColumn
INFO: Output Data: 41 end: 44
15/02/2006 11:42:22 org.republic.ParseFileSheet makeNewDataColumn
INFO: Report Line: po80245    1 RC44073  ant001   19/12/05 10   32-100006             132,192.00 EA      0.0325        4,296.24        4,296.24        429.62 no                                                                     no, Value Extracted: 10  
15/02/2006 11:42:22 org.republic.ParseFileSheet checkReportLine
INFO: SelectFieldData
15/02/2006 11:42:22 org.republic.ParseFileSheet makeNewDataColumn
INFO: Output Data: 46 end: 63
15/02/2006 11:42:22 org.republic.ParseFileSheet makeNewDataColumn
INFO: Report Line: po80245    1 RC44073  ant001   19/12/05 10   32-100006             132,192.00 EA      0.0325        4,296.24        4,296.24        429.62 no                                                                     no, Value Extracted: 32-100006         
15/02/2006 11:42:22 org.republic.ParseFileSheet checkReportLine
INFO: SelectFieldData
15/02/2006 11:42:22 org.republic.ParseFileSheet makeNewDataColumn
INFO: Output Data: 65 end: 77
15/02/2006 11:42:22 org.republic.ParseFileSheet makeNewDataColumn
INFO: Report Line: po80245    1 RC44073  ant001   19/12/05 10   32-100006             132,192.00 EA      0.0325        4,296.24        4,296.24        429.62 no                                                                     no, Value Extracted:    132,192.00
15/02/2006 11:42:22 org.republic.ParseFileSheet checkReportLine
INFO: SelectFieldData
15/02/2006 11:42:22 org.republic.ParseFileSheet makeNewDataColumn
INFO: Output Data: 79 end: 80
15/02/2006 11:42:22 org.republic.ParseFileSheet makeNewDataColumn
INFO: Report Line: po80245    1 RC44073  ant001   19/12/05 10   32-100006             132,192.00 EA      0.0325        4,296.24        4,296.24        429.62 no                                                                     no, Value Extracted: EA
15/02/2006 11:42:22 org.republic.ParseFileSheet checkReportLine
INFO: SelectFieldData
15/02/2006 11:42:22 org.republic.ParseFileSheet makeNewDataColumn
INFO: Output Data: 82 end: 92
15/02/2006 11:42:22 org.republic.ParseFileSheet makeNewDataColumn
INFO: Report Line: po80245    1 RC44073  ant001   19/12/05 10   32-100006             132,192.00 EA      0.0325        4,296.24        4,296.24        429.62 no                                                                     no, Value Extracted:      0.0325
15/02/2006 11:42:22 org.republic.ParseFileSheet checkReportLine
INFO: SelectFieldData
15/02/2006 11:42:22 org.republic.ParseFileSheet makeNewDataColumn
INFO: Output Data: 94 end: 108
15/02/2006 11:42:22 org.republic.ParseFileSheet makeNewDataColumn
INFO: Report Line: po80245    1 RC44073  ant001   19/12/05 10   32-100006             132,192.00 EA      0.0325        4,296.24        4,296.24        429.62 no                                                                     no, Value Extracted:        4,296.24
15/02/2006 11:42:22 org.republic.ParseFileSheet checkReportLine
INFO: SelectFieldData
15/02/2006 11:42:22 org.republic.ParseFileSheet makeNewDataColumn
INFO: Output Data: 110 end: 124
15/02/2006 11:42:22 org.republic.ParseFileSheet makeNewDataColumn
INFO: Report Line: po80245    1 RC44073  ant001   19/12/05 10   32-100006             132,192.00 EA      0.0325        4,296.24        4,296.24        429.62 no                                                                     no, Value Extracted:        4,296.24
15/02/2006 11:42:22 org.republic.ParseFileSheet checkReportLine
INFO: SelectFieldData
15/02/2006 11:42:22 org.republic.ParseFileSheet makeNewDataColumn
INFO: Output Data: 126 end: 138
15/02/2006 11:42:22 org.republic.ParseFileSheet makeNewDataColumn
INFO: Report Line: po80245    1 RC44073  ant001   19/12/05 10   32-100006             132,192.00 EA      0.0325        4,296.24        4,296.24        429.62 no                                                                     no, Value Extracted:        429.62
15/02/2006 11:42:22 org.republic.ParseFileSheet checkReportLine
INFO: SelectFieldData
15/02/2006 11:42:22 org.republic.ParseFileSheet makeNewDataColumn
INFO: Output Data: 140 end: 142
15/02/2006 11:42:22 org.republic.ParseFileSheet makeNewDataColumn
INFO: Report Line: po80245    1 RC44073  ant001   19/12/05 10   32-100006             132,192.00 EA      0.0325        4,296.24        4,296.24        429.62 no                                                                     no, Value Extracted: no 
15/02/2006 11:42:22 org.republic.ParseFileSheet checkReportLine
INFO: SelectFieldData
15/02/2006 11:42:22 org.republic.ParseFileSheet makeNewDataColumn
INFO: Output Data: 144 end: 151
15/02/2006 11:42:22 org.republic.ParseFileSheet makeNewDataColumn
INFO: Report Line: po80245    1 RC44073  ant001   19/12/05 10   32-100006             132,192.00 EA      0.0325        4,296.24        4,296.24        429.62 no                                                                     no, Value Extracted:         
15/02/2006 11:42:22 org.republic.ParseFileSheet checkReportLine
INFO: SelectFieldData
15/02/2006 11:42:22 org.republic.ParseFileSheet makeNewDataColumn
INFO: Output Data: 153 end: 163
15/02/2006 11:42:22 org.republic.ParseFileSheet makeNewDataColumn
INFO: Report Line: po80245    1 RC44073  ant001   19/12/05 10   32-100006             132,192.00 EA      0.0325        4,296.24        4,296.24        429.62 no                                                                     no, Value Extracted:            
15/02/2006 11:42:22 org.republic.ParseFileSheet checkReportLine
INFO: SelectFieldData
15/02/2006 11:42:22 org.republic.ParseFileSheet makeNewDataColumn
INFO: Output Data: 165 end: 179
15/02/2006 11:42:22 org.republic.ParseFileSheet makeNewDataColumn
INFO: Report Line: po80245    1 RC44073  ant001   19/12/05 10   32-100006             132,192.00 EA      0.0325        4,296.24        4,296.24        429.62 no                                                                     no, Value Extracted:                
15/02/2006 11:42:22 org.republic.ParseFileSheet checkReportLine
INFO: SelectFieldData
15/02/2006 11:42:22 org.republic.ParseFileSheet makeNewDataColumn
INFO: Output Data: 181 end: 188
15/02/2006 11:42:22 org.republic.ParseFileSheet makeNewDataColumn
INFO: Report Line: po80245    1 RC44073  ant001   19/12/05 10   32-100006             132,192.00 EA      0.0325        4,296.24        4,296.24        429.62 no                                                                     no, Value Extracted:         
15/02/2006 11:42:22 org.republic.ParseFileSheet checkReportLine
INFO: SelectFieldData
15/02/2006 11:42:22 org.republic.ParseFileSheet makeNewDataColumn
INFO: Output Data: 190 end: 207
15/02/2006 11:42:22 org.republic.ParseFileSheet makeNewDataColumn
INFO: Report Line: po80245    1 RC44073  ant001   19/12/05 10   32-100006             132,192.00 EA      0.0325        4,296.24        4,296.24        429.62 no                                                                     no, Value Extracted:                   
15/02/2006 11:42:22 org.republic.ParseFileSheet checkReportLine
INFO: SelectFieldData
15/02/2006 11:42:22 org.republic.ParseFileSheet makeNewDataColumn
INFO: Output Data: 209 end: 209
15/02/2006 11:42:22 org.republic.ParseFileSheet makeNewDataColumn
INFO: Report Line: po80245    1 RC44073  ant001   19/12/05 10   32-100006             132,192.00 EA      0.0325        4,296.24        4,296.24        429.62 no                                                                     no, Value Extracted:  
15/02/2006 11:42:22 org.republic.ParseFileSheet checkReportLine
INFO: SelectFieldData
15/02/2006 11:42:22 org.republic.ParseFileSheet makeNewDataColumn
INFO: Output Data: 211 end: 213
15/02/2006 11:42:22 org.republic.ParseFileSheet makeNewDataColumn
INFO: Report Line: po80245    1 RC44073  ant001   19/12/05 10   32-100006             132,192.00 EA      0.0325        4,296.24        4,296.24        429.62 no                                                                     no, Value Extracted: no
15/02/2006 11:42:22 org.republic.ParseFileSheet parseInputFile
INFO: line:77 , line length() 212
15/02/2006 11:42:22 org.republic.ParseFileSheet parseInputFile
INFO: >>>>First char:112 new page?: false
15/02/2006 11:42:22 org.republic.ParseFileSheet parseInputFile
INFO: File Line:77, report page pos 17 , line:po80245    1 RC44119  ant001   20/12/05 10   32-100006             173,502.00 EA      0.0325        5,638.82        5,638.82        563.88 no                                                                     no
15/02/2006 11:42:22 org.republic.ParseFileSheet checkReportLine
INFO: NewRowIf
15/02/2006 11:42:22 org.republic.ParseFileSheet ruleMatchesReportLine
INFO: comparing: 'po80245 ' with '        '
15/02/2006 11:42:22 org.republic.ParseFileSheet ruleMatchesReportLine
INFO: not blank: true
15/02/2006 11:42:22 org.republic.ParseFileSheet ruleMatchesReportLine
INFO: not blank Len: '8'
15/02/2006 11:42:22 org.republic.ParseFileSheet checkReportLine
INFO: SelectFieldData
15/02/2006 11:42:22 org.republic.ParseFileSheet makeNewDataColumn
INFO: Output Data: 1 end: 8
15/02/2006 11:42:22 org.republic.ParseFileSheet makeNewDataColumn
INFO: Report Line: po80245    1 RC44119  ant001   20/12/05 10   32-100006             173,502.00 EA      0.0325        5,638.82        5,638.82        563.88 no                                                                     no, Value Extracted: po80245 
15/02/2006 11:42:22 org.republic.ParseFileSheet checkReportLine
INFO: SelectFieldData
15/02/2006 11:42:22 org.republic.ParseFileSheet makeNewDataColumn
INFO: Output Data: 10 end: 12
15/02/2006 11:42:22 org.republic.ParseFileSheet makeNewDataColumn
INFO: Report Line: po80245    1 RC44119  ant001   20/12/05 10   32-100006             173,502.00 EA      0.0325        5,638.82        5,638.82        563.88 no                                                                     no, Value Extracted:   1
15/02/2006 11:42:22 org.republic.ParseFileSheet checkReportLine
INFO: SelectFieldData
15/02/2006 11:42:22 org.republic.ParseFileSheet makeNewDataColumn
INFO: Output Data: 14 end: 21
15/02/2006 11:42:22 org.republic.ParseFileSheet makeNewDataColumn
INFO: Report Line: po80245    1 RC44119  ant001   20/12/05 10   32-100006             173,502.00 EA      0.0325        5,638.82        5,638.82        563.88 no                                                                     no, Value Extracted: RC44119 
15/02/2006 11:42:22 org.republic.ParseFileSheet checkReportLine
INFO: SelectFieldData
15/02/2006 11:42:22 org.republic.ParseFileSheet makeNewDataColumn
INFO: Output Data: 23 end: 30
15/02/2006 11:42:22 org.republic.ParseFileSheet makeNewDataColumn
INFO: Report Line: po80245    1 RC44119  ant001   20/12/05 10   32-100006             173,502.00 EA      0.0325        5,638.82        5,638.82        563.88 no                                                                     no, Value Extracted: ant001  
15/02/2006 11:42:22 org.republic.ParseFileSheet checkReportLine
INFO: SelectFieldData
15/02/2006 11:42:22 org.republic.ParseFileSheet makeNewDataColumn
INFO: Output Data: 32 end: 39
15/02/2006 11:42:22 org.republic.ParseFileSheet makeNewDataColumn
INFO: Report Line: po80245    1 RC44119  ant001   20/12/05 10   32-100006             173,502.00 EA      0.0325        5,638.82        5,638.82        563.88 no                                                                     no, Value Extracted: 20/12/05
15/02/2006 11:42:22 org.republic.ParseFileSheet checkReportLine
INFO: SelectFieldData
15/02/2006 11:42:22 org.republic.ParseFileSheet makeNewDataColumn
INFO: Output Data: 41 end: 44
15/02/2006 11:42:22 org.republic.ParseFileSheet makeNewDataColumn
INFO: Report Line: po80245    1 RC44119  ant001   20/12/05 10   32-100006             173,502.00 EA      0.0325        5,638.82        5,638.82        563.88 no                                                                     no, Value Extracted: 10  
15/02/2006 11:42:22 org.republic.ParseFileSheet checkReportLine
INFO: SelectFieldData
15/02/2006 11:42:22 org.republic.ParseFileSheet makeNewDataColumn
INFO: Output Data: 46 end: 63
15/02/2006 11:42:22 org.republic.ParseFileSheet makeNewDataColumn
INFO: Report Line: po80245    1 RC44119  ant001   20/12/05 10   32-100006             173,502.00 EA      0.0325        5,638.82        5,638.82        563.88 no                                                                     no, Value Extracted: 32-100006         
15/02/2006 11:42:22 org.republic.ParseFileSheet checkReportLine
INFO: SelectFieldData
15/02/2006 11:42:22 org.republic.ParseFileSheet makeNewDataColumn
INFO: Output Data: 65 end: 77
15/02/2006 11:42:22 org.republic.ParseFileSheet makeNewDataColumn
INFO: Report Line: po80245    1 RC44119  ant001   20/12/05 10   32-100006             173,502.00 EA      0.0325        5,638.82        5,638.82        563.88 no                                                                     no, Value Extracted:    173,502.00
15/02/2006 11:42:22 org.republic.ParseFileSheet checkReportLine
INFO: SelectFieldData
15/02/2006 11:42:22 org.republic.ParseFileSheet makeNewDataColumn
INFO: Output Data: 79 end: 80
15/02/2006 11:42:22 org.republic.ParseFileSheet makeNewDataColumn
INFO: Report Line: po80245    1 RC44119  ant001   20/12/05 10   32-100006             173,502.00 EA      0.0325        5,638.82        5,638.82        563.88 no                                                                     no, Value Extracted: EA
15/02/2006 11:42:22 org.republic.ParseFileSheet checkReportLine
INFO: SelectFieldData
15/02/2006 11:42:22 org.republic.ParseFileSheet makeNewDataColumn
INFO: Output Data: 82 end: 92
15/02/2006 11:42:22 org.republic.ParseFileSheet makeNewDataColumn
INFO: Report Line: po80245    1 RC44119  ant001   20/12/05 10   32-100006             173,502.00 EA      0.0325        5,638.82        5,638.82        563.88 no                                                                     no, Value Extracted:      0.0325
15/02/2006 11:42:22 org.republic.ParseFileSheet checkReportLine
INFO: SelectFieldData
15/02/2006 11:42:22 org.republic.ParseFileSheet makeNewDataColumn
INFO: Output Data: 94 end: 108
15/02/2006 11:42:22 org.republic.ParseFileSheet makeNewDataColumn
INFO: Report Line: po80245    1 RC44119  ant001   20/12/05 10   32-100006             173,502.00 EA      0.0325        5,638.82        5,638.82        563.88 no                                                                     no, Value Extracted:        5,638.82
15/02/2006 11:42:22 org.republic.ParseFileSheet checkReportLine
INFO: SelectFieldData
15/02/2006 11:42:22 org.republic.ParseFileSheet makeNewDataColumn
INFO: Output Data: 110 end: 124
15/02/2006 11:42:22 org.republic.ParseFileSheet makeNewDataColumn
INFO: Report Line: po80245    1 RC44119  ant001   20/12/05 10   32-100006             173,502.00 EA      0.0325        5,638.82        5,638.82        563.88 no                                                                     no, Value Extracted:        5,638.82
15/02/2006 11:42:22 org.republic.ParseFileSheet checkReportLine
INFO: SelectFieldData
15/02/2006 11:42:22 org.republic.ParseFileSheet makeNewDataColumn
INFO: Output Data: 126 end: 138
15/02/2006 11:42:22 org.republic.ParseFileSheet makeNewDataColumn
INFO: Report Line: po80245    1 RC44119  ant001   20/12/05 10   32-100006             173,502.00 EA      0.0325        5,638.82        5,638.82        563.88 no                                                                     no, Value Extracted:        563.88
15/02/2006 11:42:22 org.republic.ParseFileSheet checkReportLine
INFO: SelectFieldData
15/02/2006 11:42:22 org.republic.ParseFileSheet makeNewDataColumn
INFO: Output Data: 140 end: 142
15/02/2006 11:42:22 org.republic.ParseFileSheet makeNewDataColumn
INFO: Report Line: po80245    1 RC44119  ant001   20/12/05 10   32-100006             173,502.00 EA      0.0325        5,638.82        5,638.82        563.88 no                                                                     no, Value Extracted: no 
15/02/2006 11:42:22 org.republic.ParseFileSheet checkReportLine
INFO: SelectFieldData
15/02/2006 11:42:22 org.republic.ParseFileSheet makeNewDataColumn
INFO: Output Data: 144 end: 151
15/02/2006 11:42:22 org.republic.ParseFileSheet makeNewDataColumn
INFO: Report Line: po80245    1 RC44119  ant001   20/12/05 10   32-100006             173,502.00 EA      0.0325        5,638.82        5,638.82        563.88 no                                                                     no, Value Extracted:         
15/02/2006 11:42:22 org.republic.ParseFileSheet checkReportLine
INFO: SelectFieldData
15/02/2006 11:42:22 org.republic.ParseFileSheet makeNewDataColumn
INFO: Output Data: 153 end: 163
15/02/2006 11:42:22 org.republic.ParseFileSheet makeNewDataColumn
INFO: Report Line: po80245    1 RC44119  ant001   20/12/05 10   32-100006             173,502.00 EA      0.0325        5,638.82        5,638.82        563.88 no                                                                     no, Value Extracted:            
15/02/2006 11:42:22 org.republic.ParseFileSheet checkReportLine
INFO: SelectFieldData
15/02/2006 11:42:22 org.republic.ParseFileSheet makeNewDataColumn
INFO: Output Data: 165 end: 179
15/02/2006 11:42:22 org.republic.ParseFileSheet makeNewDataColumn
INFO: Report Line: po80245    1 RC44119  ant001   20/12/05 10   32-100006             173,502.00 EA      0.0325        5,638.82        5,638.82        563.88 no                                                                     no, Value Extracted:                
15/02/2006 11:42:22 org.republic.ParseFileSheet checkReportLine
INFO: SelectFieldData
15/02/2006 11:42:22 org.republic.ParseFileSheet makeNewDataColumn
INFO: Output Data: 181 end: 188
15/02/2006 11:42:22 org.republic.ParseFileSheet makeNewDataColumn
INFO: Report Line: po80245    1 RC44119  ant001   20/12/05 10   32-100006             173,502.00 EA      0.0325        5,638.82        5,638.82        563.88 no                                                                     no, Value Extracted:         
15/02/2006 11:42:22 org.republic.ParseFileSheet checkReportLine
INFO: SelectFieldData
15/02/2006 11:42:22 org.republic.ParseFileSheet makeNewDataColumn
INFO: Output Data: 190 end: 207
15/02/2006 11:42:22 org.republic.ParseFileSheet makeNewDataColumn
INFO: Report Line: po80245    1 RC44119  ant001   20/12/05 10   32-100006             173,502.00 EA      0.0325        5,638.82        5,638.82        563.88 no                                                                     no, Value Extracted:                   
15/02/2006 11:42:22 org.republic.ParseFileSheet checkReportLine
INFO: SelectFieldData
15/02/2006 11:42:22 org.republic.ParseFileSheet makeNewDataColumn
INFO: Output Data: 209 end: 209
15/02/2006 11:42:22 org.republic.ParseFileSheet makeNewDataColumn
INFO: Report Line: po80245    1 RC44119  ant001   20/12/05 10   32-100006             173,502.00 EA      0.0325        5,638.82        5,638.82        563.88 no                                                                     no, Value Extracted:  
15/02/2006 11:42:22 org.republic.ParseFileSheet checkReportLine
INFO: SelectFieldData
15/02/2006 11:42:22 org.republic.ParseFileSheet makeNewDataColumn
INFO: Output Data: 211 end: 213
15/02/2006 11:42:22 org.republic.ParseFileSheet makeNewDataColumn
INFO: Report Line: po80245    1 RC44119  ant001   20/12/05 10   32-100006             173,502.00 EA      0.0325        5,638.82        5,638.82        563.88 no                                                                     no, Value Extracted: no
15/02/2006 11:42:22 org.republic.ParseFileSheet parseInputFile
INFO: line:78 , line length() 212
15/02/2006 11:42:22 org.republic.ParseFileSheet parseInputFile
INFO: >>>>First char:112 new page?: false
15/02/2006 11:42:22 org.republic.ParseFileSheet parseInputFile
INFO: File Line:78, report page pos 18 , line:po80245    2 RC44074  ant001   19/12/05 10   32-1010040            119,340.00 EA      0.0325        3,878.55        3,878.55        387.86 no                                                                     no
15/02/2006 11:42:22 org.republic.ParseFileSheet checkReportLine
INFO: NewRowIf
15/02/2006 11:42:22 org.republic.ParseFileSheet ruleMatchesReportLine
INFO: comparing: 'po80245 ' with '        '
15/02/2006 11:42:22 org.republic.ParseFileSheet ruleMatchesReportLine
INFO: not blank: true
15/02/2006 11:42:22 org.republic.ParseFileSheet ruleMatchesReportLine
INFO: not blank Len: '8'
15/02/2006 11:42:22 org.republic.ParseFileSheet checkReportLine
INFO: SelectFieldData
15/02/2006 11:42:22 org.republic.ParseFileSheet makeNewDataColumn
INFO: Output Data: 1 end: 8
15/02/2006 11:42:22 org.republic.ParseFileSheet makeNewDataColumn
INFO: Report Line: po80245    2 RC44074  ant001   19/12/05 10   32-1010040            119,340.00 EA      0.0325        3,878.55        3,878.55        387.86 no                                                                     no, Value Extracted: po80245 
15/02/2006 11:42:22 org.republic.ParseFileSheet checkReportLine
INFO: SelectFieldData
15/02/2006 11:42:22 org.republic.ParseFileSheet makeNewDataColumn
INFO: Output Data: 10 end: 12
15/02/2006 11:42:22 org.republic.ParseFileSheet makeNewDataColumn
INFO: Report Line: po80245    2 RC44074  ant001   19/12/05 10   32-1010040            119,340.00 EA      0.0325        3,878.55        3,878.55        387.86 no                                                                     no, Value Extracted:   2
15/02/2006 11:42:22 org.republic.ParseFileSheet checkReportLine
INFO: SelectFieldData
15/02/2006 11:42:22 org.republic.ParseFileSheet makeNewDataColumn
INFO: Output Data: 14 end: 21
15/02/2006 11:42:22 org.republic.ParseFileSheet makeNewDataColumn
INFO: Report Line: po80245    2 RC44074  ant001   19/12/05 10   32-1010040            119,340.00 EA      0.0325        3,878.55        3,878.55        387.86 no                                                                     no, Value Extracted: RC44074 
15/02/2006 11:42:22 org.republic.ParseFileSheet checkReportLine
INFO: SelectFieldData
15/02/2006 11:42:22 org.republic.ParseFileSheet makeNewDataColumn
INFO: Output Data: 23 end: 30
15/02/2006 11:42:22 org.republic.ParseFileSheet makeNewDataColumn
INFO: Report Line: po80245    2 RC44074  ant001   19/12/05 10   32-1010040            119,340.00 EA      0.0325        3,878.55        3,878.55        387.86 no                                                                     no, Value Extracted: ant001  
15/02/2006 11:42:22 org.republic.ParseFileSheet checkReportLine
INFO: SelectFieldData
15/02/2006 11:42:22 org.republic.ParseFileSheet makeNewDataColumn
INFO: Output Data: 32 end: 39
15/02/2006 11:42:22 org.republic.ParseFileSheet makeNewDataColumn
INFO: Report Line: po80245    2 RC44074  ant001   19/12/05 10   32-1010040            119,340.00 EA      0.0325        3,878.55        3,878.55        387.86 no                                                                     no, Value Extracted: 19/12/05
15/02/2006 11:42:22 org.republic.ParseFileSheet checkReportLine
INFO: SelectFieldData
15/02/2006 11:42:22 org.republic.ParseFileSheet makeNewDataColumn
INFO: Output Data: 41 end: 44
15/02/2006 11:42:22 org.republic.ParseFileSheet makeNewDataColumn
INFO: Report Line: po80245    2 RC44074  ant001   19/12/05 10   32-1010040            119,340.00 EA      0.0325        3,878.55        3,878.55        387.86 no                                                                     no, Value Extracted: 10  
15/02/2006 11:42:22 org.republic.ParseFileSheet checkReportLine
INFO: SelectFieldData
15/02/2006 11:42:22 org.republic.ParseFileSheet makeNewDataColumn
INFO: Output Data: 46 end: 63
15/02/2006 11:42:22 org.republic.ParseFileSheet makeNewDataColumn
INFO: Report Line: po80245    2 RC44074  ant001   19/12/05 10   32-1010040            119,340.00 EA      0.0325        3,878.55        3,878.55        387.86 no                                                                     no, Value Extracted: 32-1010040        
15/02/2006 11:42:22 org.republic.ParseFileSheet checkReportLine
INFO: SelectFieldData
15/02/2006 11:42:22 org.republic.ParseFileSheet makeNewDataColumn
INFO: Output Data: 65 end: 77
15/02/2006 11:42:22 org.republic.ParseFileSheet makeNewDataColumn
INFO: Report Line: po80245    2 RC44074  ant001   19/12/05 10   32-1010040            119,340.00 EA      0.0325        3,878.55        3,878.55        387.86 no                                                                     no, Value Extracted:    119,340.00
15/02/2006 11:42:22 org.republic.ParseFileSheet checkReportLine
INFO: SelectFieldData
15/02/2006 11:42:22 org.republic.ParseFileSheet makeNewDataColumn
INFO: Output Data: 79 end: 80
15/02/2006 11:42:22 org.republic.ParseFileSheet makeNewDataColumn
INFO: Report Line: po80245    2 RC44074  ant001   19/12/05 10   32-1010040            119,340.00 EA      0.0325        3,878.55        3,878.55        387.86 no                                                                     no, Value Extracted: EA
15/02/2006 11:42:22 org.republic.ParseFileSheet checkReportLine
INFO: SelectFieldData
15/02/2006 11:42:22 org.republic.ParseFileSheet makeNewDataColumn
INFO: Output Data: 82 end: 92
15/02/2006 11:42:22 org.republic.ParseFileSheet makeNewDataColumn
INFO: Report Line: po80245    2 RC44074  ant001   19/12/05 10   32-1010040            119,340.00 EA      0.0325        3,878.55        3,878.55        387.86 no                                                                     no, Value Extracted:      0.0325
15/02/2006 11:42:22 org.republic.ParseFileSheet checkReportLine
INFO: SelectFieldData
15/02/2006 11:42:22 org.republic.ParseFileSheet makeNewDataColumn
INFO: Output Data: 94 end: 108
15/02/2006 11:42:22 org.republic.ParseFileSheet makeNewDataColumn
INFO: Report Line: po80245    2 RC44074  ant001   19/12/05 10   32-1010040            119,340.00 EA      0.0325        3,878.55        3,878.55        387.86 no                                                                     no, Value Extracted:        3,878.55
15/02/2006 11:42:22 org.republic.ParseFileSheet checkReportLine
INFO: SelectFieldData
15/02/2006 11:42:22 org.republic.ParseFileSheet makeNewDataColumn
INFO: Output Data: 110 end: 124
15/02/2006 11:42:22 org.republic.ParseFileSheet makeNewDataColumn
INFO: Report Line: po80245    2 RC44074  ant001   19/12/05 10   32-1010040            119,340.00 EA      0.0325        3,878.55        3,878.55        387.86 no                                                                     no, Value Extracted:        3,878.55
15/02/2006 11:42:22 org.republic.ParseFileSheet checkReportLine
INFO: SelectFieldData
15/02/2006 11:42:22 org.republic.ParseFileSheet makeNewDataColumn
INFO: Output Data: 126 end: 138
15/02/2006 11:42:22 org.republic.ParseFileSheet makeNewDataColumn
INFO: Report Line: po80245    2 RC44074  ant001   19/12/05 10   32-1010040            119,340.00 EA      0.0325        3,878.55        3,878.55        387.86 no                                                                     no, Value Extracted:        387.86
15/02/2006 11:42:22 org.republic.ParseFileSheet checkReportLine
INFO: SelectFieldData
15/02/2006 11:42:22 org.republic.ParseFileSheet makeNewDataColumn
INFO: Output Data: 140 end: 142
15/02/2006 11:42:22 org.republic.ParseFileSheet makeNewDataColumn
INFO: Report Line: po80245    2 RC44074  ant001   19/12/05 10   32-1010040            119,340.00 EA      0.0325        3,878.55        3,878.55        387.86 no                                                                     no, Value Extracted: no 
15/02/2006 11:42:22 org.republic.ParseFileSheet checkReportLine
INFO: SelectFieldData
15/02/2006 11:42:22 org.republic.ParseFileSheet makeNewDataColumn
INFO: Output Data: 144 end: 151
15/02/2006 11:42:22 org.republic.ParseFileSheet makeNewDataColumn
INFO: Report Line: po80245    2 RC44074  ant001   19/12/05 10   32-1010040            119,340.00 EA      0.0325        3,878.55        3,878.55        387.86 no                                                                     no, Value Extracted:         
15/02/2006 11:42:22 org.republic.ParseFileSheet checkReportLine
INFO: SelectFieldData
15/02/2006 11:42:22 org.republic.ParseFileSheet makeNewDataColumn
INFO: Output Data: 153 end: 163
15/02/2006 11:42:22 org.republic.ParseFileSheet makeNewDataColumn
INFO: Report Line: po80245    2 RC44074  ant001   19/12/05 10   32-1010040            119,340.00 EA      0.0325        3,878.55        3,878.55        387.86 no                                                                     no, Value Extracted:            
15/02/2006 11:42:22 org.republic.ParseFileSheet checkReportLine
INFO: SelectFieldData
15/02/2006 11:42:22 org.republic.ParseFileSheet makeNewDataColumn
INFO: Output Data: 165 end: 179
15/02/2006 11:42:22 org.republic.ParseFileSheet makeNewDataColumn
INFO: Report Line: po80245    2 RC44074  ant001   19/12/05 10   32-1010040            119,340.00 EA      0.0325        3,878.55        3,878.55        387.86 no                                                                     no, Value Extracted:                
15/02/2006 11:42:22 org.republic.ParseFileSheet checkReportLine
INFO: SelectFieldData
15/02/2006 11:42:22 org.republic.ParseFileSheet makeNewDataColumn
INFO: Output Data: 181 end: 188
15/02/2006 11:42:22 org.republic.ParseFileSheet makeNewDataColumn
INFO: Report Line: po80245    2 RC44074  ant001   19/12/05 10   32-1010040            119,340.00 EA      0.0325        3,878.55        3,878.55        387.86 no                                                                     no, Value Extracted:         
15/02/2006 11:42:22 org.republic.ParseFileSheet checkReportLine
INFO: SelectFieldData
15/02/2006 11:42:22 org.republic.ParseFileSheet makeNewDataColumn
INFO: Output Data: 190 end: 207
15/02/2006 11:42:22 org.republic.ParseFileSheet makeNewDataColumn
INFO: Report Line: po80245    2 RC44074  ant001   19/12/05 10   32-1010040            119,340.00 EA      0.0325        3,878.55        3,878.55        387.86 no                                                                     no, Value Extracted:                   
15/02/2006 11:42:22 org.republic.ParseFileSheet checkReportLine
INFO: SelectFieldData
15/02/2006 11:42:22 org.republic.ParseFileSheet makeNewDataColumn
INFO: Output Data: 209 end: 209
15/02/2006 11:42:22 org.republic.ParseFileSheet makeNewDataColumn
INFO: Report Line: po80245    2 RC44074  ant001   19/12/05 10   32-1010040            119,340.00 EA      0.0325        3,878.55        3,878.55        387.86 no                                                                     no, Value Extracted:  
15/02/2006 11:42:22 org.republic.ParseFileSheet checkReportLine
INFO: SelectFieldData
15/02/2006 11:42:22 org.republic.ParseFileSheet makeNewDataColumn
INFO: Output Data: 211 end: 213
15/02/2006 11:42:22 org.republic.ParseFileSheet makeNewDataColumn
INFO: Report Line: po80245    2 RC44074  ant001   19/12/05 10   32-1010040            119,340.00 EA      0.0325        3,878.55        3,878.55        387.86 no                                                                     no, Value Extracted: no
15/02/2006 11:42:22 org.republic.ParseFileSheet parseInputFile
INFO: line:79 , line length() 179
15/02/2006 11:42:22 org.republic.ParseFileSheet parseInputFile
INFO: >>>>First char:32 new page?: false
15/02/2006 11:42:22 org.republic.ParseFileSheet parseInputFile
INFO: File Line:79, report page pos 19 , line:                                                                                             --------------- --------------- -------------                          ---------------
15/02/2006 11:42:22 org.republic.ParseFileSheet checkReportLine
INFO: NewRowIf
15/02/2006 11:42:22 org.republic.ParseFileSheet ruleMatchesReportLine
INFO: comparing: '        ' with '        '
15/02/2006 11:42:22 org.republic.ParseFileSheet ruleMatchesReportLine
INFO: not blank: false
15/02/2006 11:42:22 org.republic.ParseFileSheet ruleMatchesReportLine
INFO: not blank Len: '8'
15/02/2006 11:42:22 org.republic.ParseFileSheet ruleMatchesReportLine
INFO: rule matches FAILS
15/02/2006 11:42:22 org.republic.ParseFileSheet parseInputFile
INFO: line:80 , line length() 179
15/02/2006 11:42:22 org.republic.ParseFileSheet parseInputFile
INFO: >>>>First char:32 new page?: false
15/02/2006 11:42:22 org.republic.ParseFileSheet parseInputFile
INFO: File Line:80, report page pos 20 , line:                                                                                                  277,166.64      277,166.64     27,716.68                                     0.00
15/02/2006 11:42:22 org.republic.ParseFileSheet checkReportLine
INFO: NewRowIf
15/02/2006 11:42:22 org.republic.ParseFileSheet ruleMatchesReportLine
INFO: comparing: '        ' with '        '
15/02/2006 11:42:22 org.republic.ParseFileSheet ruleMatchesReportLine
INFO: not blank: false
15/02/2006 11:42:22 org.republic.ParseFileSheet ruleMatchesReportLine
INFO: not blank Len: '8'
15/02/2006 11:42:22 org.republic.ParseFileSheet ruleMatchesReportLine
INFO: rule matches FAILS
15/02/2006 11:42:22 org.republic.ParseFileSheet parseInputFile
INFO: line:81 , line length() 0
15/02/2006 11:42:22 org.republic.ParseFileSheet parseInputFile
INFO: File Line:81, report page pos 21 , line:
15/02/2006 11:42:22 org.republic.ParseFileSheet checkReportLine
INFO: NewRowIf
15/02/2006 11:42:22 org.republic.ParseFileSheet ruleMatchesReportLine
INFO: comparing: '' with ''
15/02/2006 11:42:22 org.republic.ParseFileSheet ruleMatchesReportLine
INFO: not blank: false
15/02/2006 11:42:22 org.republic.ParseFileSheet ruleMatchesReportLine
INFO: not blank Len: '0'
15/02/2006 11:42:22 org.republic.ParseFileSheet parseInputFile
INFO: line:82 , line length() 138
15/02/2006 11:42:22 org.republic.ParseFileSheet parseInputFile
INFO: >>>>First char:32 new page?: false
15/02/2006 11:42:22 org.republic.ParseFileSheet parseInputFile
INFO: File Line:82, report page pos 22 , line:                                                                                             --------------- --------------- -------------
15/02/2006 11:42:22 org.republic.ParseFileSheet checkReportLine
INFO: NewRowIf
15/02/2006 11:42:22 org.republic.ParseFileSheet ruleMatchesReportLine
INFO: comparing: '        ' with '        '
15/02/2006 11:42:22 org.republic.ParseFileSheet ruleMatchesReportLine
INFO: not blank: false
15/02/2006 11:42:22 org.republic.ParseFileSheet ruleMatchesReportLine
INFO: not blank Len: '8'
15/02/2006 11:42:22 org.republic.ParseFileSheet ruleMatchesReportLine
INFO: rule matches FAILS
15/02/2006 11:42:22 org.republic.ParseFileSheet parseInputFile
INFO: line:83 , line length() 0
15/02/2006 11:42:22 org.republic.ParseFileSheet parseInputFile
INFO: File Line:83, report page pos 23 , line:
15/02/2006 11:42:22 org.republic.ParseFileSheet checkReportLine
INFO: NewRowIf
15/02/2006 11:42:22 org.republic.ParseFileSheet ruleMatchesReportLine
INFO: comparing: '' with ''
15/02/2006 11:42:22 org.republic.ParseFileSheet ruleMatchesReportLine
INFO: not blank: false
15/02/2006 11:42:22 org.republic.ParseFileSheet ruleMatchesReportLine
INFO: not blank Len: '0'
15/02/2006 11:42:22 org.republic.ParseFileSheet parseInputFile
INFO: line:84 , line length() 144
15/02/2006 11:42:22 org.republic.ParseFileSheet parseInputFile
INFO: >>>>First char:32 new page?: false
15/02/2006 11:42:22 org.republic.ParseFileSheet parseInputFile
INFO: File Line:84, report page pos 24 , line:                                                                                                  277,166.64      277,166.64     27,716.68 Total
15/02/2006 11:42:22 org.republic.ParseFileSheet checkReportLine
INFO: NewRowIf
15/02/2006 11:42:22 org.republic.ParseFileSheet ruleMatchesReportLine
INFO: comparing: '        ' with '        '
15/02/2006 11:42:22 org.republic.ParseFileSheet ruleMatchesReportLine
INFO: not blank: false
15/02/2006 11:42:22 org.republic.ParseFileSheet ruleMatchesReportLine
INFO: not blank Len: '8'
15/02/2006 11:42:22 org.republic.ParseFileSheet ruleMatchesReportLine
INFO: rule matches FAILS
15/02/2006 11:42:22 org.republic.ParseFileSheet parseInputFile
INFO: line:85 , line length() 13
15/02/2006 11:42:22 org.republic.ParseFileSheet parseInputFile
INFO: >>>>First char:32 new page?: false
15/02/2006 11:42:22 org.republic.ParseFileSheet parseInputFile
INFO: File Line:85, report page pos 25 , line:   304,883.32
15/02/2006 11:42:22 org.republic.ParseFileSheet checkReportLine
INFO: NewRowIf
15/02/2006 11:42:22 org.republic.ParseFileSheet ruleMatchesReportLine
INFO: comparing: '   304,8' with '        '
15/02/2006 11:42:22 org.republic.ParseFileSheet ruleMatchesReportLine
INFO: not blank: true
15/02/2006 11:42:22 org.republic.ParseFileSheet ruleMatchesReportLine
INFO: not blank Len: '8'
15/02/2006 11:42:22 org.republic.ParseFileSheet checkReportLine
INFO: SelectFieldData
15/02/2006 11:42:22 org.republic.ParseFileSheet makeNewDataColumn
INFO: Output Data: 1 end: 8
15/02/2006 11:42:22 org.republic.ParseFileSheet makeNewDataColumn
INFO: Report Line:    304,883.32, Value Extracted:    304,8
15/02/2006 11:42:22 org.republic.ParseFileSheet checkReportLine
INFO: SelectFieldData
15/02/2006 11:42:22 org.republic.ParseFileSheet makeNewDataColumn
INFO: Output Data: 10 end: 12
15/02/2006 11:42:22 org.republic.ParseFileSheet makeNewDataColumn
INFO: Report Line:    304,883.32, Value Extracted: 3.3
15/02/2006 11:42:22 org.republic.ParseFileSheet checkReportLine
INFO: SelectFieldData
15/02/2006 11:42:22 org.republic.ParseFileSheet makeNewDataColumn
INFO: Output Data: 14 end: 21
15/02/2006 11:42:22 org.republic.ParseFileSheet makeNewDataColumn
INFO: Report Line:    304,883.32, Value Extracted: 
15/02/2006 11:42:22 org.republic.ParseFileSheet checkReportLine
INFO: SelectFieldData
15/02/2006 11:42:22 org.republic.ParseFileSheet makeNewDataColumn
INFO: Output Data: 23 end: 30
15/02/2006 11:42:22 org.republic.ParseFileSheet makeNewDataColumn
INFO: Report Line:    304,883.32, Value Extracted: 
15/02/2006 11:42:22 org.republic.ParseFileSheet checkReportLine
INFO: SelectFieldData
15/02/2006 11:42:22 org.republic.ParseFileSheet makeNewDataColumn
INFO: Output Data: 32 end: 39
15/02/2006 11:42:22 org.republic.ParseFileSheet makeNewDataColumn
INFO: Report Line:    304,883.32, Value Extracted: 
15/02/2006 11:42:22 org.republic.ParseFileSheet checkReportLine
INFO: SelectFieldData
15/02/2006 11:42:22 org.republic.ParseFileSheet makeNewDataColumn
INFO: Output Data: 41 end: 44
15/02/2006 11:42:22 org.republic.ParseFileSheet makeNewDataColumn
INFO: Report Line:    304,883.32, Value Extracted: 
15/02/2006 11:42:22 org.republic.ParseFileSheet checkReportLine
INFO: SelectFieldData
15/02/2006 11:42:22 org.republic.ParseFileSheet makeNewDataColumn
INFO: Output Data: 46 end: 63
15/02/2006 11:42:22 org.republic.ParseFileSheet makeNewDataColumn
INFO: Report Line:    304,883.32, Value Extracted: 
15/02/2006 11:42:22 org.republic.ParseFileSheet checkReportLine
INFO: SelectFieldData
15/02/2006 11:42:22 org.republic.ParseFileSheet makeNewDataColumn
INFO: Output Data: 65 end: 77
15/02/2006 11:42:22 org.republic.ParseFileSheet makeNewDataColumn
INFO: Report Line:    304,883.32, Value Extracted: 
15/02/2006 11:42:22 org.republic.ParseFileSheet checkReportLine
INFO: SelectFieldData
15/02/2006 11:42:22 org.republic.ParseFileSheet makeNewDataColumn
INFO: Output Data: 79 end: 80
15/02/2006 11:42:22 org.republic.ParseFileSheet makeNewDataColumn
INFO: Report Line:    304,883.32, Value Extracted: 
15/02/2006 11:42:22 org.republic.ParseFileSheet checkReportLine
INFO: SelectFieldData
15/02/2006 11:42:22 org.republic.ParseFileSheet makeNewDataColumn
INFO: Output Data: 82 end: 92
15/02/2006 11:42:22 org.republic.ParseFileSheet makeNewDataColumn
INFO: Report Line:    304,883.32, Value Extracted: 
15/02/2006 11:42:22 org.republic.ParseFileSheet checkReportLine
INFO: SelectFieldData
15/02/2006 11:42:22 org.republic.ParseFileSheet makeNewDataColumn
INFO: Output Data: 94 end: 108
15/02/2006 11:42:22 org.republic.ParseFileSheet makeNewDataColumn
INFO: Report Line:    304,883.32, Value Extracted: 
15/02/2006 11:42:22 org.republic.ParseFileSheet checkReportLine
INFO: SelectFieldData
15/02/2006 11:42:22 org.republic.ParseFileSheet makeNewDataColumn
INFO: Output Data: 110 end: 124
15/02/2006 11:42:22 org.republic.ParseFileSheet makeNewDataColumn
INFO: Report Line:    304,883.32, Value Extracted: 
15/02/2006 11:42:22 org.republic.ParseFileSheet checkReportLine
INFO: SelectFieldData
15/02/2006 11:42:22 org.republic.ParseFileSheet makeNewDataColumn
INFO: Output Data: 126 end: 138
15/02/2006 11:42:22 org.republic.ParseFileSheet makeNewDataColumn
INFO: Report Line:    304,883.32, Value Extracted: 
15/02/2006 11:42:22 org.republic.ParseFileSheet checkReportLine
INFO: SelectFieldData
15/02/2006 11:42:22 org.republic.ParseFileSheet makeNewDataColumn
INFO: Output Data: 140 end: 142
15/02/2006 11:42:22 org.republic.ParseFileSheet makeNewDataColumn
INFO: Report Line:    304,883.32, Value Extracted: 
15/02/2006 11:42:22 org.republic.ParseFileSheet checkReportLine
INFO: SelectFieldData
15/02/2006 11:42:22 org.republic.ParseFileSheet makeNewDataColumn
INFO: Output Data: 144 end: 151
15/02/2006 11:42:22 org.republic.ParseFileSheet makeNewDataColumn
INFO: Report Line:    304,883.32, Value Extracted: 
15/02/2006 11:42:22 org.republic.ParseFileSheet checkReportLine
INFO: SelectFieldData
15/02/2006 11:42:22 org.republic.ParseFileSheet makeNewDataColumn
INFO: Output Data: 153 end: 163
15/02/2006 11:42:22 org.republic.ParseFileSheet makeNewDataColumn
INFO: Report Line:    304,883.32, Value Extracted: 
15/02/2006 11:42:22 org.republic.ParseFileSheet checkReportLine
INFO: SelectFieldData
15/02/2006 11:42:22 org.republic.ParseFileSheet makeNewDataColumn
INFO: Output Data: 165 end: 179
15/02/2006 11:42:22 org.republic.ParseFileSheet makeNewDataColumn
INFO: Report Line:    304,883.32, Value Extracted: 
15/02/2006 11:42:22 org.republic.ParseFileSheet checkReportLine
INFO: SelectFieldData
15/02/2006 11:42:22 org.republic.ParseFileSheet makeNewDataColumn
INFO: Output Data: 181 end: 188
15/02/2006 11:42:22 org.republic.ParseFileSheet makeNewDataColumn
INFO: Report Line:    304,883.32, Value Extracted: 
15/02/2006 11:42:22 org.republic.ParseFileSheet checkReportLine
INFO: SelectFieldData
15/02/2006 11:42:22 org.republic.ParseFileSheet makeNewDataColumn
INFO: Output Data: 190 end: 207
15/02/2006 11:42:22 org.republic.ParseFileSheet makeNewDataColumn
INFO: Report Line:    304,883.32, Value Extracted: 
15/02/2006 11:42:22 org.republic.ParseFileSheet checkReportLine
INFO: SelectFieldData
15/02/2006 11:42:22 org.republic.ParseFileSheet makeNewDataColumn
INFO: Output Data: 209 end: 209
15/02/2006 11:42:22 org.republic.ParseFileSheet makeNewDataColumn
INFO: Report Line:    304,883.32, Value Extracted: 
15/02/2006 11:42:22 org.republic.ParseFileSheet checkReportLine
INFO: SelectFieldData
15/02/2006 11:42:22 org.republic.ParseFileSheet makeNewDataColumn
INFO: Output Data: 211 end: 213
15/02/2006 11:42:22 org.republic.ParseFileSheet makeNewDataColumn
INFO: Report Line:    304,883.32, Value Extracted: 
15/02/2006 11:42:22 org.republic.ParseFileSheet parseInputFile
INFO: line:86 , line length() 0
15/02/2006 11:42:22 org.republic.ParseFileSheet parseInputFile
INFO: File Line:86, report page pos 26 , line:
15/02/2006 11:42:22 org.republic.ParseFileSheet checkReportLine
INFO: NewRowIf
15/02/2006 11:42:22 org.republic.ParseFileSheet ruleMatchesReportLine
INFO: comparing: '' with ''
15/02/2006 11:42:22 org.republic.ParseFileSheet ruleMatchesReportLine
INFO: not blank: false
15/02/2006 11:42:22 org.republic.ParseFileSheet ruleMatchesReportLine
INFO: not blank Len: '0'
15/02/2006 11:42:22 org.republic.ParseFileSheet parseInputFile
INFO: line:87 , line length() 0
15/02/2006 11:42:22 org.republic.ParseFileSheet parseInputFile
INFO: File Line:87, report page pos 27 , line:
15/02/2006 11:42:22 org.republic.ParseFileSheet checkReportLine
INFO: NewRowIf
15/02/2006 11:42:22 org.republic.ParseFileSheet ruleMatchesReportLine
INFO: comparing: '' with ''
15/02/2006 11:42:22 org.republic.ParseFileSheet ruleMatchesReportLine
INFO: not blank: false
15/02/2006 11:42:22 org.republic.ParseFileSheet ruleMatchesReportLine
INFO: not blank Len: '0'
15/02/2006 11:42:22 org.republic.ParseFileSheet parseInputFile
INFO: line:88 , line length() 72
15/02/2006 11:42:22 org.republic.ParseFileSheet parseInputFile
INFO: >>>>First char:32 new page?: false
15/02/2006 11:42:22 org.republic.ParseFileSheet parseInputFile
INFO: File Line:88, report page pos 28 , line:                                                           End of Report
15/02/2006 11:42:22 org.republic.ParseFileSheet checkReportLine
INFO: NewRowIf
15/02/2006 11:42:22 org.republic.ParseFileSheet ruleMatchesReportLine
INFO: comparing: '        ' with '        '
15/02/2006 11:42:22 org.republic.ParseFileSheet ruleMatchesReportLine
INFO: not blank: false
15/02/2006 11:42:22 org.republic.ParseFileSheet ruleMatchesReportLine
INFO: not blank Len: '8'
15/02/2006 11:42:22 org.republic.ParseFileSheet ruleMatchesReportLine
INFO: rule matches FAILS
15/02/2006 11:42:22 org.republic.ParseFileSheet parseInputFile
INFO: line:89 , line length() 133
15/02/2006 11:42:22 org.republic.ParseFileSheet parseInputFile
INFO: >>>>First char:12 new page?: true
15/02/2006 11:42:22 org.republic.ParseFileSheet parseInputFile
INFO: new page, row exists?true
15/02/2006 11:42:22 org.republic.ParseFileSheet parseInputFile
INFO: File Line:89, report page pos 1 , line:
15/02/2006 11:42:22 org.republic.ParseFileSheet ruleMatchesReportLine
INFO: rule matches FAILS
15/02/2006 11:42:22 org.republic.ParseFileSheet checkReportLine
INFO: IgnoreNewPageUntil1ReportLine:
15/02/2006 11:42:22 org.republic.ParseFileSheet parseInputFile
INFO: line:90 , line length() 132
15/02/2006 11:42:22 org.republic.ParseFileSheet parseInputFile
INFO: >>>>First char:80 new page?: false
15/02/2006 11:42:22 org.republic.ParseFileSheet parseInputFile
INFO: File Line:90, report page pos 2 , line:Page:    3                                           TEST SYSTEM, CLONED:21/12/05                                     Time: 10:55:58
15/02/2006 11:42:22 org.republic.ParseFileSheet ruleMatchesReportLine
INFO: rule matches FAILS
15/02/2006 11:42:22 org.republic.ParseFileSheet checkReportLine
INFO: IgnoreNewPageUntil2ReportLine:Page:    3                                           TEST SYSTEM, CLONED:21/12/05                                     Time: 10:55:58
15/02/2006 11:42:22 org.republic.ParseFileSheet parseInputFile
INFO: line:91 , line length() 0
15/02/2006 11:42:22 org.republic.ParseFileSheet parseInputFile
INFO: File Line:91, report page pos 3 , line:
15/02/2006 11:42:22 org.republic.ParseFileSheet ruleMatchesReportLine
INFO: rule matches FAILS
15/02/2006 11:42:22 org.republic.ParseFileSheet checkReportLine
INFO: IgnoreNewPageUntil3ReportLine:
15/02/2006 11:42:22 org.republic.ParseFileSheet parseInputFile
INFO: line:92 , line length() 0
15/02/2006 11:42:22 org.republic.ParseFileSheet parseInputFile
INFO: File Line:92, report page pos 4 , line:
15/02/2006 11:42:22 org.republic.ParseFileSheet ruleMatchesReportLine
INFO: rule matches FAILS
15/02/2006 11:42:22 org.republic.ParseFileSheet checkReportLine
INFO: IgnoreNewPageUntil4ReportLine:
15/02/2006 11:42:22 org.republic.ParseFileSheet parseInputFile
INFO: line:93 , line length() 0
15/02/2006 11:42:22 org.republic.ParseFileSheet parseInputFile
INFO: File Line:93, report page pos 5 , line:
15/02/2006 11:42:22 org.republic.ParseFileSheet ruleMatchesReportLine
INFO: rule matches FAILS
15/02/2006 11:42:22 org.republic.ParseFileSheet checkReportLine
INFO: IgnoreNewPageUntil5ReportLine:
15/02/2006 11:42:22 org.republic.ParseFileSheet parseInputFile
INFO: line:94 , line length() 0
15/02/2006 11:42:22 org.republic.ParseFileSheet parseInputFile
INFO: File Line:94, report page pos 6 , line:
15/02/2006 11:42:22 org.republic.ParseFileSheet ruleMatchesReportLine
INFO: rule matches FAILS
15/02/2006 11:42:22 org.republic.ParseFileSheet checkReportLine
INFO: IgnoreNewPageUntil6ReportLine:
15/02/2006 11:42:22 org.republic.ParseFileSheet parseInputFile
INFO: line:95 , line length() 73
15/02/2006 11:42:22 org.republic.ParseFileSheet parseInputFile
INFO: >>>>First char:82 new page?: false
15/02/2006 11:42:22 org.republic.ParseFileSheet parseInputFile
INFO: File Line:95, report page pos 7 , line:Report Criteria:                        Report Submitted By:       gbaca2
15/02/2006 11:42:22 org.republic.ParseFileSheet ruleMatchesReportLine
INFO: rule matches FAILS
15/02/2006 11:42:22 org.republic.ParseFileSheet checkReportLine
INFO: IgnoreNewPageUntil7ReportLine:Report Criteria:                        Report Submitted By:       gbaca2
15/02/2006 11:42:22 org.republic.ParseFileSheet parseInputFile
INFO: line:96 , line length() 0
15/02/2006 11:42:22 org.republic.ParseFileSheet parseInputFile
INFO: File Line:96, report page pos 8 , line:
15/02/2006 11:42:22 org.republic.ParseFileSheet ruleMatchesReportLine
INFO: rule matches FAILS
15/02/2006 11:42:22 org.republic.ParseFileSheet checkReportLine
INFO: IgnoreNewPageUntil8ReportLine:
15/02/2006 11:42:22 org.republic.ParseFileSheet parseInputFile
INFO: line:97 , line length() 51
15/02/2006 11:42:22 org.republic.ParseFileSheet parseInputFile
INFO: >>>>First char:32 new page?: false
15/02/2006 11:42:22 org.republic.ParseFileSheet parseInputFile
INFO: File Line:97, report page pos 9 , line:     ** Receipt Date: 01/06/05                  To:
15/02/2006 11:42:22 org.republic.ParseFileSheet ruleMatchesReportLine
INFO: rule matches FAILS
15/02/2006 11:42:22 org.republic.ParseFileSheet checkReportLine
INFO: IgnoreNewPageUntil9ReportLine:     ** Receipt Date: 01/06/05                  To:
15/02/2006 11:42:22 org.republic.ParseFileSheet parseInputFile
INFO: line:98 , line length() 51
15/02/2006 11:42:22 org.republic.ParseFileSheet parseInputFile
INFO: >>>>First char:32 new page?: false
15/02/2006 11:42:22 org.republic.ParseFileSheet parseInputFile
INFO: File Line:98, report page pos 10 , line:              Vendor:                           To:
15/02/2006 11:42:22 org.republic.ParseFileSheet ruleMatchesReportLine
INFO: rule matches FAILS
15/02/2006 11:42:22 org.republic.ParseFileSheet checkReportLine
INFO: IgnoreNewPageUntil10ReportLine:              Vendor:                           To:
15/02/2006 11:42:22 org.republic.ParseFileSheet parseInputFile
INFO: line:99 , line length() 59
15/02/2006 11:42:22 org.republic.ParseFileSheet parseInputFile
INFO: >>>>First char:32 new page?: false
15/02/2006 11:42:22 org.republic.ParseFileSheet parseInputFile
INFO: File Line:99, report page pos 11 , line:      Purchase Order: PO78354                   To: po80245
15/02/2006 11:42:22 org.republic.ParseFileSheet ruleMatchesReportLine
INFO: rule matches FAILS
15/02/2006 11:42:22 org.republic.ParseFileSheet checkReportLine
INFO: IgnoreNewPageUntil11ReportLine:      Purchase Order: PO78354                   To: po80245
15/02/2006 11:42:22 org.republic.ParseFileSheet parseInputFile
INFO: line:100 , line length() 51
15/02/2006 11:42:22 org.republic.ParseFileSheet parseInputFile
INFO: >>>>First char:32 new page?: false
15/02/2006 11:42:22 org.republic.ParseFileSheet parseInputFile
INFO: File Line:100, report page pos 12 , line:                Site:                           To:
15/02/2006 11:42:22 org.republic.ParseFileSheet ruleMatchesReportLine
INFO: rule matches FAILS
15/02/2006 11:42:22 org.republic.ParseFileSheet checkReportLine
INFO: IgnoreNewPageUntil12ReportLine:                Site:                           To:
15/02/2006 11:42:22 org.republic.ParseFileSheet parseInputFile
INFO: line:101 , line length() 51
15/02/2006 11:42:22 org.republic.ParseFileSheet parseInputFile
INFO: >>>>First char:32 new page?: false
15/02/2006 11:42:22 org.republic.ParseFileSheet parseInputFile
INFO: File Line:101, report page pos 13 , line:         Item Number:                           To:
15/02/2006 11:42:22 org.republic.ParseFileSheet ruleMatchesReportLine
INFO: rule matches FAILS
15/02/2006 11:42:22 org.republic.ParseFileSheet checkReportLine
INFO: IgnoreNewPageUntil13ReportLine:         Item Number:                           To:
15/02/2006 11:42:22 org.republic.ParseFileSheet parseInputFile
INFO: line:102 , line length() 51
15/02/2006 11:42:22 org.republic.ParseFileSheet parseInputFile
INFO: >>>>First char:32 new page?: false
15/02/2006 11:42:22 org.republic.ParseFileSheet parseInputFile
INFO: File Line:102, report page pos 14 , line:             Project:                           To:
15/02/2006 11:42:22 org.republic.ParseFileSheet ruleMatchesReportLine
INFO: rule matches FAILS
15/02/2006 11:42:22 org.republic.ParseFileSheet checkReportLine
INFO: IgnoreNewPageUntil14ReportLine:             Project:                           To:
15/02/2006 11:42:22 org.republic.ParseFileSheet parseInputFile
INFO: line:103 , line length() 34
15/02/2006 11:42:22 org.republic.ParseFileSheet parseInputFile
INFO: >>>>First char:32 new page?: false
15/02/2006 11:42:22 org.republic.ParseFileSheet parseInputFile
INFO: File Line:103, report page pos 15 , line:  Non-Vouchered only: Yes (Yes/No)
15/02/2006 11:42:22 org.republic.ParseFileSheet ruleMatchesReportLine
INFO: rule matches FAILS
15/02/2006 11:42:22 org.republic.ParseFileSheet checkReportLine
INFO: IgnoreNewPageUntil15ReportLine:  Non-Vouchered only: Yes (Yes/No)
15/02/2006 11:42:22 org.republic.ParseFileSheet parseInputFile
INFO: line:104 , line length() 25
15/02/2006 11:42:22 org.republic.ParseFileSheet parseInputFile
INFO: >>>>First char:32 new page?: false
15/02/2006 11:42:22 org.republic.ParseFileSheet parseInputFile
INFO: File Line:104, report page pos 16 , line:     Exclude Vintage: Yes
15/02/2006 11:42:22 org.republic.ParseFileSheet ruleMatchesReportLine
INFO: rule matches FAILS
15/02/2006 11:42:22 org.republic.ParseFileSheet checkReportLine
INFO: IgnoreNewPageUntil16ReportLine:     Exclude Vintage: Yes
15/02/2006 11:42:22 org.republic.ParseFileSheet parseInputFile
INFO: line:105 , line length() 0
15/02/2006 11:42:22 org.republic.ParseFileSheet parseInputFile
INFO: File Line:105, report page pos 17 , line:
15/02/2006 11:42:22 org.republic.ParseFileSheet ruleMatchesReportLine
INFO: rule matches FAILS
15/02/2006 11:42:22 org.republic.ParseFileSheet checkReportLine
INFO: IgnoreNewPageUntil17ReportLine:
15/02/2006 11:42:22 org.republic.ParseFileSheet parseInputFile
INFO: line:106 , line length() 64
15/02/2006 11:42:22 org.republic.ParseFileSheet parseInputFile
INFO: >>>>First char:40 new page?: false
15/02/2006 11:42:22 org.republic.ParseFileSheet parseInputFile
INFO: File Line:106, report page pos 18 , line:(Report may run faster if selection criteria marked ** are used)
15/02/2006 11:42:22 org.republic.ParseFileSheet ruleMatchesReportLine
INFO: rule matches FAILS
15/02/2006 11:42:22 org.republic.ParseFileSheet checkReportLine
INFO: IgnoreNewPageUntil18ReportLine:(Report may run faster if selection criteria marked ** are used)
15/02/2006 11:42:22 org.republic.ParseFileSheet parseInputFile
INFO: line:107 , line length() 0
15/02/2006 11:42:22 org.republic.ParseFileSheet parseInputFile
INFO: File Line:107, report page pos 19 , line:
15/02/2006 11:42:22 org.republic.ParseFileSheet ruleMatchesReportLine
INFO: rule matches FAILS
15/02/2006 11:42:22 org.republic.ParseFileSheet checkReportLine
INFO: IgnoreNewPageUntil19ReportLine:
15/02/2006 11:42:22 org.republic.ParseFileSheet parseInputFile
INFO: line:108 , line length() 74
15/02/2006 11:42:22 org.republic.ParseFileSheet parseInputFile
INFO: >>>>First char:32 new page?: false
15/02/2006 11:42:22 org.republic.ParseFileSheet parseInputFile
INFO: File Line:108, report page pos 20 , line:                                                             Output: e_txt
15/02/2006 11:42:22 org.republic.ParseFileSheet ruleMatchesReportLine
INFO: rule matches FAILS
15/02/2006 11:42:22 org.republic.ParseFileSheet checkReportLine
INFO: IgnoreNewPageUntil20ReportLine:                                                             Output: e_txt
15/02/2006 11:42:22 org.republic.ParseFileSheet parseInputFile
INFO: line:109 , line length() 68
15/02/2006 11:42:22 org.republic.ParseFileSheet parseInputFile
INFO: >>>>First char:32 new page?: false
15/02/2006 11:42:22 org.republic.ParseFileSheet parseInputFile
INFO: File Line:109, report page pos 21 , line:                                                           Batch ID:
15/02/2006 11:42:22 org.republic.ParseFileSheet ruleMatchesReportLine
INFO: rule matches FAILS
15/02/2006 11:42:22 org.republic.ParseFileSheet checkReportLine
INFO: IgnoreNewPageUntil21ReportLine:                                                           Batch ID:
15/02/2006 11:42:22 org.republic.ParseFileSheet executeParseFileSheet
INFO: Db Name: Database
15/02/2006 11:42:22 org.republic.ParseFileSheet setColumnNames
INFO: Column Names, AllDataIf ParseType:AllDataIf
15/02/2006 11:42:22 org.republic.ParseFileSheet setColumnNames
INFO: Column Names, SelectAllData ParseType:SelectAllData
15/02/2006 11:42:22 org.republic.ParseFileSheet setColumnNames
INFO: Adding Col Name:Criteria
15/02/2006 11:42:22 org.republic.ParseFileSheet parseInputFile
INFO: inputReport:/home/sfg/javadev/republic-0.6/TestData/dbpollrp.p.txt
15/02/2006 11:42:22 org.republic.ParseFileSheet parseInputFile
INFO: inputReport 2:java.io.BufferedReader@d6a05e
15/02/2006 11:42:22 org.republic.ParseFileSheet parseInputFile
INFO: line:1 , line length() 132
15/02/2006 11:42:22 org.republic.ParseFileSheet parseInputFile
INFO: >>>>First char:100 new page?: false
15/02/2006 11:42:22 org.republic.ParseFileSheet parseInputFile
INFO: File Line:1, report page pos 1 , line:dbpollrp.p f                                   5.12.3 +*DBW PUR RECEIPTS LEDGER LISTIN                                Date: 21/12/05
15/02/2006 11:42:22 org.republic.ParseFileSheet ruleMatchesReportLine
INFO: rule matches FAILS
15/02/2006 11:42:22 org.republic.ParseFileSheet parseInputFile
INFO: line:2 , line length() 132
15/02/2006 11:42:22 org.republic.ParseFileSheet parseInputFile
INFO: >>>>First char:80 new page?: false
15/02/2006 11:42:22 org.republic.ParseFileSheet parseInputFile
INFO: File Line:2, report page pos 2 , line:Page:    1                                           TEST SYSTEM, CLONED:21/12/05                                     Time: 10:55:58
15/02/2006 11:42:22 org.republic.ParseFileSheet ruleMatchesReportLine
INFO: rule matches FAILS
15/02/2006 11:42:22 org.republic.ParseFileSheet parseInputFile
INFO: line:3 , line length() 150
15/02/2006 11:42:22 org.republic.ParseFileSheet parseInputFile
INFO: >>>>First char:32 new page?: false
15/02/2006 11:42:22 org.republic.ParseFileSheet parseInputFile
INFO: File Line:3, report page pos 3 , line:                                                                                                                      Ext PO                   Voucher
15/02/2006 11:42:22 org.republic.ParseFileSheet ruleMatchesReportLine
INFO: rule matches FAILS
15/02/2006 11:42:22 org.republic.ParseFileSheet parseInputFile
INFO: line:4 , line length() 179
15/02/2006 11:42:22 org.republic.ParseFileSheet parseInputFile
INFO: >>>>First char:32 new page?: false
15/02/2006 11:42:22 org.republic.ParseFileSheet parseInputFile
INFO: File Line:4, report page pos 4 , line:                                                                                                      Ext PO            Cost               Tax Eff              Inv         Ext Inv
15/02/2006 11:42:22 org.republic.ParseFileSheet ruleMatchesReportLine
INFO: rule matches FAILS
15/02/2006 11:42:22 org.republic.ParseFileSheet parseInputFile
INFO: line:5 , line length() 217
15/02/2006 11:42:22 org.republic.ParseFileSheet parseInputFile
INFO: >>>>First char:80 new page?: false
15/02/2006 11:42:22 org.republic.ParseFileSheet parseInputFile
INFO: File Line:5, report page pos 5 , line:PO        Ln Receiver Supplier Receipt  Site Item Number             Qty Open UM     PO Cost            Cost          Ex GST    GST Amount In  Date            Cost            Cost Project  Lot/Serial         H Voucher
15/02/2006 11:42:22 org.republic.ParseFileSheet ruleMatchesReportLine
INFO: rule matches FAILS
15/02/2006 11:42:22 org.republic.ParseFileSheet parseInputFile
INFO: line:6 , line length() 217
15/02/2006 11:42:22 org.republic.ParseFileSheet parseInputFile
INFO: >>>>First char:45 new page?: false
15/02/2006 11:42:22 org.republic.ParseFileSheet parseInputFile
INFO: File Line:6, report page pos 6 , line:-------- --- -------- -------- -------- ---- ------------------ ------------- -- ----------- --------------- --------------- ------------- --- -------- ----------- --------------- -------- ------------------ - -------
15/02/2006 11:42:22 org.republic.ParseFileSheet ruleMatchesReportLine
INFO: rule matches FAILS
15/02/2006 11:42:22 org.republic.ParseFileSheet parseInputFile
INFO: line:7 , line length() 212
15/02/2006 11:42:22 org.republic.ParseFileSheet parseInputFile
INFO: >>>>First char:80 new page?: false
15/02/2006 11:42:22 org.republic.ParseFileSheet parseInputFile
INFO: File Line:7, report page pos 7 , line:PO78354    1 RC43908  AMC000   08/12/05 10   341-01002512             -134.00 EA     0.59616          -79.89          -79.89         -7.99 no                                                No Glue              no
15/02/2006 11:42:22 org.republic.ParseFileSheet ruleMatchesReportLine
INFO: rule matches FAILS
15/02/2006 11:42:22 org.republic.ParseFileSheet parseInputFile
INFO: line:8 , line length() 212
15/02/2006 11:42:22 org.republic.ParseFileSheet parseInputFile
INFO: >>>>First char:80 new page?: false
15/02/2006 11:42:22 org.republic.ParseFileSheet parseInputFile
INFO: File Line:8, report page pos 8 , line:PO78952    1 RC42125  AMC000   23/08/05 10   35-11                  30,240.00 EA     0.12713        3,844.41        3,844.41        384.44 no                                                                     no
15/02/2006 11:42:22 org.republic.ParseFileSheet ruleMatchesReportLine
INFO: rule matches FAILS
15/02/2006 11:42:22 org.republic.ParseFileSheet parseInputFile
INFO: line:9 , line length() 212
15/02/2006 11:42:22 org.republic.ParseFileSheet parseInputFile
INFO: >>>>First char:80 new page?: false
15/02/2006 11:42:22 org.republic.ParseFileSheet parseInputFile
INFO: File Line:9, report page pos 9 , line:PO78952    1 RC42493  AMC000   14/09/05 10   35-11                  22,680.00 EA     0.12713        2,883.31        2,883.31        288.33 no                                                                     no
15/02/2006 11:42:22 org.republic.ParseFileSheet ruleMatchesReportLine
INFO: rule matches FAILS
15/02/2006 11:42:22 org.republic.ParseFileSheet parseInputFile
INFO: line:10 , line length() 212
15/02/2006 11:42:22 org.republic.ParseFileSheet parseInputFile
INFO: >>>>First char:80 new page?: false
15/02/2006 11:42:22 org.republic.ParseFileSheet parseInputFile
INFO: File Line:10, report page pos 10 , line:PO79129    1 RC42922  AUS000   07/10/05 10   312-3144080400         11,280.00 EA       0.102        1,150.56        1,150.56        115.06 no                                                                     no
15/02/2006 11:42:22 org.republic.ParseFileSheet ruleMatchesReportLine
INFO: rule matches FAILS
15/02/2006 11:42:22 org.republic.ParseFileSheet parseInputFile
INFO: line:11 , line length() 212
15/02/2006 11:42:22 org.republic.ParseFileSheet parseInputFile
INFO: >>>>First char:80 new page?: false
15/02/2006 11:42:22 org.republic.ParseFileSheet parseInputFile
INFO: File Line:11, report page pos 11 , line:PO79334    3 RC44047  GLA000   16/12/05 10   342-0451302            10,800.00 EA        0.34        3,672.00        3,672.00        367.20 no                                                                     no
15/02/2006 11:42:22 org.republic.ParseFileSheet ruleMatchesReportLine
INFO: rule matches FAILS
15/02/2006 11:42:22 org.republic.ParseFileSheet parseInputFile
INFO: line:12 , line length() 212
15/02/2006 11:42:22 org.republic.ParseFileSheet parseInputFile
INFO: >>>>First char:112 new page?: false
15/02/2006 11:42:22 org.republic.ParseFileSheet parseInputFile
INFO: File Line:12, report page pos 12 , line:po79347    6 RC43953  VIS000   09/12/05 10   342-0401104              -670.00 EA       0.295         -197.65         -197.65        -19.77 no                                                                     no
15/02/2006 11:42:22 org.republic.ParseFileSheet ruleMatchesReportLine
INFO: rule matches FAILS
15/02/2006 11:42:22 org.republic.ParseFileSheet parseInputFile
INFO: line:13 , line length() 212
15/02/2006 11:42:22 org.republic.ParseFileSheet parseInputFile
INFO: >>>>First char:112 new page?: false
15/02/2006 11:42:22 org.republic.ParseFileSheet parseInputFile
INFO: File Line:13, report page pos 13 , line:po79347    8 RC43954  VIS000   09/12/05 10   342-0403154            -2,030.00 EA       0.295         -598.85         -598.85        -59.89 no                                                Faulty               no
15/02/2006 11:42:22 org.republic.ParseFileSheet ruleMatchesReportLine
INFO: rule matches FAILS
15/02/2006 11:42:22 org.republic.ParseFileSheet parseInputFile
INFO: line:14 , line length() 212
15/02/2006 11:42:22 org.republic.ParseFileSheet parseInputFile
INFO: >>>>First char:112 new page?: false
15/02/2006 11:42:22 org.republic.ParseFileSheet parseInputFile
INFO: File Line:14, report page pos 14 , line:po79348    6 RC44059  VIS000   16/12/05 10   342-0401254            43,715.00 EA       0.295       12,895.93       12,895.93      1,289.59 no                                                                     no
15/02/2006 11:42:22 org.republic.ParseFileSheet ruleMatchesReportLine
INFO: rule matches FAILS
15/02/2006 11:42:22 org.republic.ParseFileSheet parseInputFile
INFO: line:15 , line length() 212
15/02/2006 11:42:22 org.republic.ParseFileSheet parseInputFile
INFO: >>>>First char:112 new page?: false
15/02/2006 11:42:22 org.republic.ParseFileSheet parseInputFile
INFO: File Line:15, report page pos 15 , line:po79348    7 RC43964  VIS000   12/12/05 10   342-0403154            32,130.00 EA       0.295        9,478.35        9,478.35        947.84 no                                                                     no
15/02/2006 11:42:22 org.republic.ParseFileSheet ruleMatchesReportLine
INFO: rule matches FAILS
15/02/2006 11:42:22 org.republic.ParseFileSheet parseInputFile
INFO: line:16 , line length() 212
15/02/2006 11:42:22 org.republic.ParseFileSheet parseInputFile
INFO: >>>>First char:112 new page?: false
15/02/2006 11:42:22 org.republic.ParseFileSheet parseInputFile
INFO: File Line:16, report page pos 16 , line:po79348    7 RC44060  VIS000   16/12/05 10   342-0403154             6,300.00 EA       0.295        1,858.50        1,858.50        185.85 no                                                                     no
15/02/2006 11:42:22 org.republic.ParseFileSheet ruleMatchesReportLine
INFO: rule matches FAILS
15/02/2006 11:42:22 org.republic.ParseFileSheet parseInputFile
INFO: line:17 , line length() 212
15/02/2006 11:42:22 org.republic.ParseFileSheet parseInputFile
INFO: >>>>First char:112 new page?: false
15/02/2006 11:42:22 org.republic.ParseFileSheet parseInputFile
INFO: File Line:17, report page pos 17 , line:po79348    8 RC43964  VIS000   12/12/05 10   342-0430804            19,320.00 EA       0.295        5,699.40        5,699.40        569.94 no                                                                     no
15/02/2006 11:42:22 org.republic.ParseFileSheet ruleMatchesReportLine
INFO: rule matches FAILS
15/02/2006 11:42:22 org.republic.ParseFileSheet parseInputFile
INFO: line:18 , line length() 212
15/02/2006 11:42:22 org.republic.ParseFileSheet parseInputFile
INFO: >>>>First char:112 new page?: false
15/02/2006 11:42:22 org.republic.ParseFileSheet parseInputFile
INFO: File Line:18, report page pos 18 , line:po79348    9 RC43964  VIS000   12/12/05 10   342-0430854            19,530.00 EA       0.295        5,761.35        5,761.35        576.14 no                                                                     no
15/02/2006 11:42:22 org.republic.ParseFileSheet ruleMatchesReportLine
INFO: rule matches FAILS
15/02/2006 11:42:22 org.republic.ParseFileSheet parseInputFile
INFO: line:19 , line length() 212
15/02/2006 11:42:22 org.republic.ParseFileSheet parseInputFile
INFO: >>>>First char:80 new page?: false
15/02/2006 11:42:22 org.republic.ParseFileSheet parseInputFile
INFO: File Line:19, report page pos 19 , line:PO79384    1 RC42093  BOO004   19/08/05 34   799100                 17,500.00 EA       0.018          315.00          315.00         31.50 no                                                B424928              no
15/02/2006 11:42:22 org.republic.ParseFileSheet ruleMatchesReportLine
INFO: rule matches FAILS
15/02/2006 11:42:22 org.republic.ParseFileSheet parseInputFile
INFO: line:20 , line length() 212
15/02/2006 11:42:22 org.republic.ParseFileSheet parseInputFile
INFO: >>>>First char:80 new page?: false
15/02/2006 11:42:22 org.republic.ParseFileSheet parseInputFile
INFO: File Line:20, report page pos 20 , line:PO79489    1 RC44009  ANT001   14/12/05 10   310-138251           -115,000.00 EA       0.342      -39,330.00      -39,330.00     -3,933.00 no                                                ASA-100442           no
15/02/2006 11:42:22 org.republic.ParseFileSheet ruleMatchesReportLine
INFO: rule matches FAILS
15/02/2006 11:42:22 org.republic.ParseFileSheet parseInputFile
INFO: line:21 , line length() 212
15/02/2006 11:42:22 org.republic.ParseFileSheet parseInputFile
INFO: >>>>First char:80 new page?: false
15/02/2006 11:42:22 org.republic.ParseFileSheet parseInputFile
INFO: File Line:21, report page pos 21 , line:PO79489    1 RC44011  ANT001   14/12/05 10   310-138251            115,000.00 EA      0.4232       48,668.00       48,668.00      4,866.80 no                                                ASA-100442           no
15/02/2006 11:42:22 org.republic.ParseFileSheet ruleMatchesReportLine
INFO: rule matches FAILS
15/02/2006 11:42:22 org.republic.ParseFileSheet parseInputFile
INFO: line:22 , line length() 212
15/02/2006 11:42:22 org.republic.ParseFileSheet parseInputFile
INFO: >>>>First char:80 new page?: false
15/02/2006 11:42:22 org.republic.ParseFileSheet parseInputFile
INFO: File Line:22, report page pos 22 , line:PO79489    1 RC43915  ANT001   08/12/05 10   310-138251            115,000.00 EA       0.342       39,330.00       39,330.00      3,933.00 no                                                ASA-100442           no
15/02/2006 11:42:22 org.republic.ParseFileSheet ruleMatchesReportLine
INFO: rule matches FAILS
15/02/2006 11:42:22 org.republic.ParseFileSheet parseInputFile
INFO: line:23 , line length() 212
15/02/2006 11:42:22 org.republic.ParseFileSheet parseInputFile
INFO: >>>>First char:80 new page?: false
15/02/2006 11:42:22 org.republic.ParseFileSheet parseInputFile
INFO: File Line:23, report page pos 23 , line:PO79762    1 RC42678  NIN000   27/09/05 10   0078065-0011            1,950.00 ea        0.60        1,170.00        1,170.00        117.00 no                                                                     no
15/02/2006 11:42:22 org.republic.ParseFileSheet ruleMatchesReportLine
INFO: rule matches FAILS
15/02/2006 11:42:22 org.republic.ParseFileSheet parseInputFile
INFO: line:24 , line length() 212
15/02/2006 11:42:22 org.republic.ParseFileSheet parseInputFile
INFO: >>>>First char:80 new page?: false
15/02/2006 11:42:22 org.republic.ParseFileSheet parseInputFile
INFO: File Line:24, report page pos 24 , line:PO79784    1 RC44014  eve000   15/12/05 10   4006110-05100          31,500.00 EA       0.039        1,228.50        1,228.50        122.85 no                                                                     no
15/02/2006 11:42:22 org.republic.ParseFileSheet ruleMatchesReportLine
INFO: rule matches FAILS
15/02/2006 11:42:22 org.republic.ParseFileSheet parseInputFile
INFO: line:25 , line length() 212
15/02/2006 11:42:22 org.republic.ParseFileSheet parseInputFile
INFO: >>>>First char:80 new page?: false
15/02/2006 11:42:22 org.republic.ParseFileSheet parseInputFile
INFO: File Line:25, report page pos 25 , line:PO79784    2 RC44014  eve000   15/12/05 10   4006110-05110          31,500.00 EA       0.039        1,228.50        1,228.50        122.85 no                                                                     no
15/02/2006 11:42:22 org.republic.ParseFileSheet ruleMatchesReportLine
INFO: rule matches FAILS
15/02/2006 11:42:22 org.republic.ParseFileSheet parseInputFile
INFO: line:26 , line length() 212
15/02/2006 11:42:22 org.republic.ParseFileSheet parseInputFile
INFO: >>>>First char:80 new page?: false
15/02/2006 11:42:22 org.republic.ParseFileSheet parseInputFile
INFO: File Line:26, report page pos 26 , line:PO79828    1 RC43914  AUS000   08/12/05 10   312-30600031           38,250.00 EA       0.139        5,316.75        5,316.75        531.68 no                                                                     no
15/02/2006 11:42:22 org.republic.ParseFileSheet ruleMatchesReportLine
INFO: rule matches FAILS
15/02/2006 11:42:22 org.republic.ParseFileSheet parseInputFile
INFO: line:27 , line length() 212
15/02/2006 11:42:22 org.republic.ParseFileSheet parseInputFile
INFO: >>>>First char:80 new page?: false
15/02/2006 11:42:22 org.republic.ParseFileSheet parseInputFile
INFO: File Line:27, report page pos 27 , line:PO79839    2 RC43907  amc000   08/12/05 10   341-0060401              -421.00 EA     0.53472         -225.12         -225.12        -22.51 no                                                Delaminated          no
15/02/2006 11:42:22 org.republic.ParseFileSheet ruleMatchesReportLine
INFO: rule matches FAILS
15/02/2006 11:42:22 org.republic.ParseFileSheet parseInputFile
INFO: line:28 , line length() 212
15/02/2006 11:42:22 org.republic.ParseFileSheet parseInputFile
INFO: >>>>First char:112 new page?: false
15/02/2006 11:42:22 org.republic.ParseFileSheet parseInputFile
INFO: File Line:28, report page pos 28 , line:po79982    1 RC43909  AMC000   08/12/05 10   341-0362851               -57.00 EA     0.58752          -33.49          -33.49         -3.35 no                                                No Glue              no
15/02/2006 11:42:22 org.republic.ParseFileSheet ruleMatchesReportLine
INFO: rule matches FAILS
15/02/2006 11:42:22 org.republic.ParseFileSheet parseInputFile
INFO: line:29 , line length() 212
15/02/2006 11:42:22 org.republic.ParseFileSheet parseInputFile
INFO: >>>>First char:80 new page?: false
15/02/2006 11:42:22 org.republic.ParseFileSheet parseInputFile
INFO: File Line:29, report page pos 29 , line:PO79996    3 RC44117  LIV000   20/12/05 11   CS22X22-2                  10.00 EA        2.80           28.00           28.00          2.80 no                                                                     no
15/02/2006 11:42:22 org.republic.ParseFileSheet ruleMatchesReportLine
INFO: rule matches FAILS
15/02/2006 11:42:22 org.republic.ParseFileSheet parseInputFile
INFO: line:30 , line length() 212
15/02/2006 11:42:22 org.republic.ParseFileSheet parseInputFile
INFO: >>>>First char:80 new page?: false
15/02/2006 11:42:22 org.republic.ParseFileSheet parseInputFile
INFO: File Line:30, report page pos 30 , line:PO79996    8 RC44117  LIV000   20/12/05 11   post                        1.00 ea       15.00           15.00           15.00          1.50 no                                                                     no
15/02/2006 11:42:22 org.republic.ParseFileSheet ruleMatchesReportLine
INFO: rule matches FAILS
15/02/2006 11:42:22 org.republic.ParseFileSheet parseInputFile
INFO: line:31 , line length() 212
15/02/2006 11:42:22 org.republic.ParseFileSheet parseInputFile
INFO: >>>>First char:80 new page?: false
15/02/2006 11:42:22 org.republic.ParseFileSheet parseInputFile
INFO: File Line:31, report page pos 31 , line:PO80012    1 RC44032  IND001   15/12/05 10   30-5036708            -33,075.00 EA      0.6604      -21,842.73      -21,842.73     -2,184.27 no                                                ACI                  no
15/02/2006 11:42:22 org.republic.ParseFileSheet ruleMatchesReportLine
INFO: rule matches FAILS
15/02/2006 11:42:22 org.republic.ParseFileSheet parseInputFile
INFO: line:32 , line length() 212
15/02/2006 11:42:22 org.republic.ParseFileSheet parseInputFile
INFO: >>>>First char:80 new page?: false
15/02/2006 11:42:22 org.republic.ParseFileSheet parseInputFile
INFO: File Line:32, report page pos 32 , line:PO80012    1 RC43932  IND001   09/12/05 10   30-5036708             33,075.00 EA      0.6604       21,842.73       21,842.73      2,184.27 no                                                ACI                  no
15/02/2006 11:42:22 org.republic.ParseFileSheet ruleMatchesReportLine
INFO: rule matches FAILS
15/02/2006 11:42:22 org.republic.ParseFileSheet parseInputFile
INFO: line:33 , line length() 212
15/02/2006 11:42:22 org.republic.ParseFileSheet parseInputFile
INFO: >>>>First char:80 new page?: false
15/02/2006 11:42:22 org.republic.ParseFileSheet parseInputFile
INFO: File Line:33, report page pos 33 , line:PO80012    1 RC44033  IND001   15/12/05 10   30-5036708             33,075.00 EA      0.6254       20,685.11       20,685.11      2,068.51 no                                                ACI                  no
15/02/2006 11:42:22 org.republic.ParseFileSheet ruleMatchesReportLine
INFO: rule matches FAILS
15/02/2006 11:42:22 org.republic.ParseFileSheet parseInputFile
INFO: line:34 , line length() 212
15/02/2006 11:42:22 org.republic.ParseFileSheet parseInputFile
INFO: >>>>First char:80 new page?: false
15/02/2006 11:42:22 org.republic.ParseFileSheet parseInputFile
INFO: File Line:34, report page pos 34 , line:PO80064    2 RC43904  AMC000   08/12/05 10   341-0030251              -330.00 EA     0.54624         -180.26         -180.26        -18.03 no                                                No Glue              no
15/02/2006 11:42:22 org.republic.ParseFileSheet ruleMatchesReportLine
INFO: rule matches FAILS
15/02/2006 11:42:22 org.republic.ParseFileSheet parseInputFile
INFO: line:35 , line length() 212
15/02/2006 11:42:22 org.republic.ParseFileSheet parseInputFile
INFO: >>>>First char:80 new page?: false
15/02/2006 11:42:22 org.republic.ParseFileSheet parseInputFile
INFO: File Line:35, report page pos 35 , line:PO80067    1 RC43905  sch004   08/12/05 10   36-00                 -27,658.00 EA       0.361       -9,984.54       -9,984.54       -998.45 no                                                Orientation Issues   no
15/02/2006 11:42:22 org.republic.ParseFileSheet ruleMatchesReportLine
INFO: rule matches FAILS
15/02/2006 11:42:22 org.republic.ParseFileSheet parseInputFile
INFO: line:36 , line length() 212
15/02/2006 11:42:22 org.republic.ParseFileSheet parseInputFile
INFO: >>>>First char:80 new page?: false
15/02/2006 11:42:22 org.republic.ParseFileSheet parseInputFile
INFO: File Line:36, report page pos 36 , line:PO80091    1 RC44015  eve000   15/12/05 10   4006125-05100         205,500.00 EA      0.0337        6,925.35        6,925.35        692.54 no                                                                     no
15/02/2006 11:42:22 org.republic.ParseFileSheet ruleMatchesReportLine
INFO: rule matches FAILS
15/02/2006 11:42:22 org.republic.ParseFileSheet parseInputFile
INFO: line:37 , line length() 212
15/02/2006 11:42:22 org.republic.ParseFileSheet parseInputFile
INFO: >>>>First char:80 new page?: false
15/02/2006 11:42:22 org.republic.ParseFileSheet parseInputFile
INFO: File Line:37, report page pos 37 , line:PO80091    2 RC44015  eve000   15/12/05 10   4006125-05110         205,500.00 EA      0.0337        6,925.35        6,925.35        692.54 no                                                                     no
15/02/2006 11:42:22 org.republic.ParseFileSheet ruleMatchesReportLine
INFO: rule matches FAILS
15/02/2006 11:42:22 org.republic.ParseFileSheet parseInputFile
INFO: line:38 , line length() 212
15/02/2006 11:42:22 org.republic.ParseFileSheet parseInputFile
INFO: >>>>First char:80 new page?: false
15/02/2006 11:42:22 org.republic.ParseFileSheet parseInputFile
INFO: File Line:38, report page pos 38 , line:PO80092    1 RC43924  eve000   09/12/05 10   4006220-00100          20,500.00 EA      0.0423          867.15          867.15         86.72 no                                                                     no
15/02/2006 11:42:22 org.republic.ParseFileSheet ruleMatchesReportLine
INFO: rule matches FAILS
15/02/2006 11:42:22 org.republic.ParseFileSheet parseInputFile
INFO: line:39 , line length() 212
15/02/2006 11:42:22 org.republic.ParseFileSheet parseInputFile
INFO: >>>>First char:80 new page?: false
15/02/2006 11:42:22 org.republic.ParseFileSheet parseInputFile
INFO: File Line:39, report page pos 39 , line:PO80092    2 RC43924  eve000   09/12/05 10   4006220-00110          16,500.00 EA       0.043          709.50          709.50         70.95 no                                                                     no
15/02/2006 11:42:22 org.republic.ParseFileSheet ruleMatchesReportLine
INFO: rule matches FAILS
15/02/2006 11:42:22 org.republic.ParseFileSheet parseInputFile
INFO: line:40 , line length() 212
15/02/2006 11:42:22 org.republic.ParseFileSheet parseInputFile
INFO: >>>>First char:80 new page?: false
15/02/2006 11:42:22 org.republic.ParseFileSheet parseInputFile
INFO: File Line:40, report page pos 40 , line:PO80092    2 RC43862  eve000   07/12/05 10   4006220-00110           4,000.00 EA       0.043          172.00          172.00         17.20 no                                                                     no
15/02/2006 11:42:22 org.republic.ParseFileSheet ruleMatchesReportLine
INFO: rule matches FAILS
15/02/2006 11:42:22 org.republic.ParseFileSheet parseInputFile
INFO: line:41 , line length() 212
15/02/2006 11:42:22 org.republic.ParseFileSheet parseInputFile
INFO: >>>>First char:80 new page?: false
15/02/2006 11:42:22 org.republic.ParseFileSheet parseInputFile
INFO: File Line:41, report page pos 41 , line:PO80092    4 RC43924  eve000   09/12/05 10   4006220-00120          20,500.00 EA        0.08        1,640.00        1,640.00        164.00 no                                                                     no
15/02/2006 11:42:22 org.republic.ParseFileSheet ruleMatchesReportLine
INFO: rule matches FAILS
15/02/2006 11:42:22 org.republic.ParseFileSheet parseInputFile
INFO: line:42 , line length() 212
15/02/2006 11:42:22 org.republic.ParseFileSheet parseInputFile
INFO: >>>>First char:80 new page?: false
15/02/2006 11:42:22 org.republic.ParseFileSheet parseInputFile
INFO: File Line:42, report page pos 42 , line:PO80093    1 RC43802  eve000   02/12/05 10   4010040-05100         151,000.00 EA        0.05        7,550.00        7,550.00        755.00 no                                                                     no
15/02/2006 11:42:22 org.republic.ParseFileSheet ruleMatchesReportLine
INFO: rule matches FAILS
15/02/2006 11:42:22 org.republic.ParseFileSheet parseInputFile
INFO: line:43 , line length() 212
15/02/2006 11:42:22 org.republic.ParseFileSheet parseInputFile
INFO: >>>>First char:80 new page?: false
15/02/2006 11:42:22 org.republic.ParseFileSheet parseInputFile
INFO: File Line:43, report page pos 43 , line:PO80093    2 RC43802  eve000   02/12/05 10   4010125-05100         203,000.00 EA        0.05       10,150.00       10,150.00      1,015.00 no                                                                     no
15/02/2006 11:42:22 org.republic.ParseFileSheet ruleMatchesReportLine
INFO: rule matches FAILS
15/02/2006 11:42:22 org.republic.ParseFileSheet parseInputFile
INFO: line:44 , line length() 212
15/02/2006 11:42:22 org.republic.ParseFileSheet parseInputFile
INFO: >>>>First char:80 new page?: false
15/02/2006 11:42:22 org.republic.ParseFileSheet parseInputFile
INFO: File Line:44, report page pos 44 , line:PO80099    1 RC43865  eve000   07/12/05 10   4034250-00100         100,000.00 EA     0.02584        2,584.00        2,584.00        258.40 no                                                                     no
15/02/2006 11:42:22 org.republic.ParseFileSheet ruleMatchesReportLine
INFO: rule matches FAILS
15/02/2006 11:42:22 org.republic.ParseFileSheet parseInputFile
INFO: line:45 , line length() 212
15/02/2006 11:42:22 org.republic.ParseFileSheet parseInputFile
INFO: >>>>First char:80 new page?: false
15/02/2006 11:42:22 org.republic.ParseFileSheet parseInputFile
INFO: File Line:45, report page pos 45 , line:PO80099    1 RC43864  eve000   07/12/05 10   4034250-00100         100,000.00 EA     0.02584        2,584.00        2,584.00        258.40 no                                                                     no
15/02/2006 11:42:22 org.republic.ParseFileSheet ruleMatchesReportLine
INFO: rule matches FAILS
15/02/2006 11:42:22 org.republic.ParseFileSheet parseInputFile
INFO: line:46 , line length() 212
15/02/2006 11:42:22 org.republic.ParseFileSheet parseInputFile
INFO: >>>>First char:80 new page?: false
15/02/2006 11:42:22 org.republic.ParseFileSheet parseInputFile
INFO: File Line:46, report page pos 46 , line:PO80099    2 RC43865  eve000   07/12/05 10   4034250-00120         100,000.00 EA     0.02252        2,252.00        2,252.00        225.20 no                                                                     no
15/02/2006 11:42:22 org.republic.ParseFileSheet ruleMatchesReportLine
INFO: rule matches FAILS
15/02/2006 11:42:22 org.republic.ParseFileSheet parseInputFile
INFO: line:47 , line length() 212
15/02/2006 11:42:22 org.republic.ParseFileSheet parseInputFile
INFO: >>>>First char:80 new page?: false
15/02/2006 11:42:22 org.republic.ParseFileSheet parseInputFile
INFO: File Line:47, report page pos 47 , line:PO80099    2 RC43864  eve000   07/12/05 10   4034250-00120         100,000.00 EA     0.02252        2,252.00        2,252.00        225.20 no                                                                     no
15/02/2006 11:42:22 org.republic.ParseFileSheet ruleMatchesReportLine
INFO: rule matches FAILS
15/02/2006 11:42:22 org.republic.ParseFileSheet parseInputFile
INFO: line:48 , line length() 212
15/02/2006 11:42:22 org.republic.ParseFileSheet parseInputFile
INFO: >>>>First char:80 new page?: false
15/02/2006 11:42:22 org.republic.ParseFileSheet parseInputFile
INFO: File Line:48, report page pos 48 , line:PO80101    1 RC43805  eve000   02/12/05 10   4056250-00100          80,000.00 EA       0.033        2,640.00        2,640.00        264.00 no                                                                     no
15/02/2006 11:42:22 org.republic.ParseFileSheet ruleMatchesReportLine
INFO: rule matches FAILS
15/02/2006 11:42:22 org.republic.ParseFileSheet parseInputFile
INFO: line:49 , line length() 212
15/02/2006 11:42:22 org.republic.ParseFileSheet parseInputFile
INFO: >>>>First char:80 new page?: false
15/02/2006 11:42:22 org.republic.ParseFileSheet parseInputFile
INFO: File Line:49, report page pos 49 , line:PO80132    3 RC43731  ASA001   30/11/05 10   310-24830b23          150,000.00 EA       0.089       13,350.00       13,350.00      1,335.00 no                                                ASA-100503           no
15/02/2006 11:42:22 org.republic.ParseFileSheet ruleMatchesReportLine
INFO: rule matches FAILS
15/02/2006 11:42:22 org.republic.ParseFileSheet parseInputFile
INFO: line:50 , line length() 212
15/02/2006 11:42:22 org.republic.ParseFileSheet parseInputFile
INFO: >>>>First char:80 new page?: false
15/02/2006 11:42:22 org.republic.ParseFileSheet parseInputFile
INFO: File Line:50, report page pos 50 , line:PO80132    4 RC43732  ASA001   30/11/05 10   310-24830b23          150,000.00 EA       0.089       13,350.00       13,350.00      1,335.00 no                                                ASA-100503           no
15/02/2006 11:42:22 org.republic.ParseFileSheet ruleMatchesReportLine
INFO: rule matches FAILS
15/02/2006 11:42:22 org.republic.ParseFileSheet parseInputFile
INFO: line:51 , line length() 212
15/02/2006 11:42:22 org.republic.ParseFileSheet parseInputFile
INFO: >>>>First char:80 new page?: false
15/02/2006 11:42:22 org.republic.ParseFileSheet parseInputFile
INFO: File Line:51, report page pos 51 , line:PO80135    1 RC43962  LIV000   12/12/05 11   HNH198130                   1.00 ea      233.00          233.00          233.00         23.30 no                                       CW06055                       no
15/02/2006 11:42:22 org.republic.ParseFileSheet ruleMatchesReportLine
INFO: rule matches FAILS
15/02/2006 11:42:22 org.republic.ParseFileSheet parseInputFile
INFO: line:52 , line length() 212
15/02/2006 11:42:22 org.republic.ParseFileSheet parseInputFile
INFO: >>>>First char:80 new page?: false
15/02/2006 11:42:22 org.republic.ParseFileSheet parseInputFile
INFO: File Line:52, report page pos 52 , line:PO80135    2 RC43962  LIV000   12/12/05 11   Freight                     1.00 ea       35.00           35.00           35.00          3.50 no                                       CW06055                       no
15/02/2006 11:42:22 org.republic.ParseFileSheet ruleMatchesReportLine
INFO: rule matches FAILS
15/02/2006 11:42:22 org.republic.ParseFileSheet parseInputFile
INFO: line:53 , line length() 212
15/02/2006 11:42:22 org.republic.ParseFileSheet parseInputFile
INFO: >>>>First char:80 new page?: false
15/02/2006 11:42:22 org.republic.ParseFileSheet parseInputFile
INFO: File Line:53, report page pos 53 , line:PO80163    2 RC43912  AMC000   08/12/05 10   341-0061101            12,700.00 EA      0.4992        6,339.84        6,339.84        633.98 no                                                                     no
15/02/2006 11:42:22 org.republic.ParseFileSheet ruleMatchesReportLine
INFO: rule matches FAILS
15/02/2006 11:42:22 org.republic.ParseFileSheet parseInputFile
INFO: line:54 , line length() 212
15/02/2006 11:42:22 org.republic.ParseFileSheet parseInputFile
INFO: >>>>First char:80 new page?: false
15/02/2006 11:42:22 org.republic.ParseFileSheet parseInputFile
INFO: File Line:54, report page pos 54 , line:PO80163    3 RC43912  AMC000   08/12/05 10   341-0061251            10,570.00 EA     0.50304        5,317.13        5,317.13        531.71 no                                                                     no
15/02/2006 11:42:22 org.republic.ParseFileSheet ruleMatchesReportLine
INFO: rule matches FAILS
15/02/2006 11:42:22 org.republic.ParseFileSheet parseInputFile
INFO: line:55 , line length() 212
15/02/2006 11:42:22 org.republic.ParseFileSheet parseInputFile
INFO: >>>>First char:80 new page?: false
15/02/2006 11:42:22 org.republic.ParseFileSheet parseInputFile
INFO: File Line:55, report page pos 55 , line:PO80163    8 RC43842  AMC000   06/12/05 10   341-0312251             6,600.00 EA     0.51168        3,377.09        3,377.09        337.71 no                                                                     no
15/02/2006 11:42:22 org.republic.ParseFileSheet ruleMatchesReportLine
INFO: rule matches FAILS
15/02/2006 11:42:22 org.republic.ParseFileSheet parseInputFile
INFO: line:56 , line length() 212
15/02/2006 11:42:22 org.republic.ParseFileSheet parseInputFile
INFO: >>>>First char:80 new page?: false
15/02/2006 11:42:22 org.republic.ParseFileSheet parseInputFile
INFO: File Line:56, report page pos 56 , line:PO80164    1 RC43945  AMC000   09/12/05 10   341-0342501             4,000.00 EA      0.4944        1,977.60        1,977.60        197.76 no                                                                     no
15/02/2006 11:42:22 org.republic.ParseFileSheet ruleMatchesReportLine
INFO: rule matches FAILS
15/02/2006 11:42:22 org.republic.ParseFileSheet parseInputFile
INFO: line:57 , line length() 212
15/02/2006 11:42:22 org.republic.ParseFileSheet parseInputFile
INFO: >>>>First char:80 new page?: false
15/02/2006 11:42:22 org.republic.ParseFileSheet parseInputFile
INFO: File Line:57, report page pos 57 , line:PO80164    2 RC43893  AMC000   08/12/05 10   341-060040101           4,775.00 EA      0.3552        1,696.08        1,696.08        169.61 no                                                                     no
15/02/2006 11:42:22 org.republic.ParseFileSheet ruleMatchesReportLine
INFO: rule matches FAILS
15/02/2006 11:42:22 org.republic.ParseFileSheet parseInputFile
INFO: line:58 , line length() 212
15/02/2006 11:42:22 org.republic.ParseFileSheet parseInputFile
INFO: >>>>First char:80 new page?: false
15/02/2006 11:42:22 org.republic.ParseFileSheet parseInputFile
INFO: File Line:58, report page pos 58 , line:PO80165    2 RC44025  AMC003   15/12/05 10   35-11                 105,840.00 EA     0.12713       13,455.44       13,455.44      1,345.54 no                                                                     no
15/02/2006 11:42:22 org.republic.ParseFileSheet ruleMatchesReportLine
INFO: rule matches FAILS
15/02/2006 11:42:22 org.republic.ParseFileSheet parseInputFile
INFO: line:59 , line length() 212
15/02/2006 11:42:22 org.republic.ParseFileSheet parseInputFile
INFO: >>>>First char:80 new page?: false
15/02/2006 11:42:22 org.republic.ParseFileSheet parseInputFile
INFO: File Line:59, report page pos 59 , line:PO80178    1 RC43860  eve000   07/12/05 10   4015025-04100           7,000.00 EA        0.22        1,540.00        1,540.00        154.00 no                                                                     no
15/02/2006 11:42:22 org.republic.ParseFileSheet ruleMatchesReportLine
INFO: rule matches FAILS
15/02/2006 11:42:22 org.republic.ParseFileSheet parseInputFile
INFO: line:60 , line length() 212
15/02/2006 11:42:22 org.republic.ParseFileSheet parseInputFile
INFO: >>>>First char:80 new page?: false
15/02/2006 11:42:22 org.republic.ParseFileSheet parseInputFile
INFO: File Line:60, report page pos 60 , line:PO80178    2 RC43804  eve000   02/12/05 10   4015025-04110           7,500.00 EA        0.06          450.00          450.00         45.00 no                                                                     no
15/02/2006 11:42:22 org.republic.ParseFileSheet ruleMatchesReportLine
INFO: rule matches FAILS
15/02/2006 11:42:22 org.republic.ParseFileSheet parseInputFile
INFO: line:61 , line length() 133
15/02/2006 11:42:22 org.republic.ParseFileSheet parseInputFile
INFO: >>>>First char:12 new page?: true
15/02/2006 11:42:22 org.republic.ParseFileSheet parseInputFile
INFO: new page, row exists?true
15/02/2006 11:42:22 org.republic.ParseFileSheet parseInputFile
INFO: File Line:61, report page pos 1 , line:
15/02/2006 11:42:22 org.republic.ParseFileSheet ruleMatchesReportLine
INFO: rule matches FAILS
15/02/2006 11:42:22 org.republic.ParseFileSheet parseInputFile
INFO: line:62 , line length() 132
15/02/2006 11:42:22 org.republic.ParseFileSheet parseInputFile
INFO: >>>>First char:80 new page?: false
15/02/2006 11:42:22 org.republic.ParseFileSheet parseInputFile
INFO: File Line:62, report page pos 2 , line:Page:    2                                           TEST SYSTEM, CLONED:21/12/05                                     Time: 10:55:58
15/02/2006 11:42:22 org.republic.ParseFileSheet ruleMatchesReportLine
INFO: rule matches FAILS
15/02/2006 11:42:22 org.republic.ParseFileSheet parseInputFile
INFO: line:63 , line length() 150
15/02/2006 11:42:22 org.republic.ParseFileSheet parseInputFile
INFO: >>>>First char:32 new page?: false
15/02/2006 11:42:22 org.republic.ParseFileSheet parseInputFile
INFO: File Line:63, report page pos 3 , line:                                                                                                                      Ext PO                   Voucher
15/02/2006 11:42:22 org.republic.ParseFileSheet ruleMatchesReportLine
INFO: rule matches FAILS
15/02/2006 11:42:22 org.republic.ParseFileSheet parseInputFile
INFO: line:64 , line length() 179
15/02/2006 11:42:22 org.republic.ParseFileSheet parseInputFile
INFO: >>>>First char:32 new page?: false
15/02/2006 11:42:22 org.republic.ParseFileSheet parseInputFile
INFO: File Line:64, report page pos 4 , line:                                                                                                      Ext PO            Cost               Tax Eff              Inv         Ext Inv
15/02/2006 11:42:22 org.republic.ParseFileSheet ruleMatchesReportLine
INFO: rule matches FAILS
15/02/2006 11:42:22 org.republic.ParseFileSheet parseInputFile
INFO: line:65 , line length() 217
15/02/2006 11:42:22 org.republic.ParseFileSheet parseInputFile
INFO: >>>>First char:80 new page?: false
15/02/2006 11:42:22 org.republic.ParseFileSheet parseInputFile
INFO: File Line:65, report page pos 5 , line:PO        Ln Receiver Supplier Receipt  Site Item Number             Qty Open UM     PO Cost            Cost          Ex GST    GST Amount In  Date            Cost            Cost Project  Lot/Serial         H Voucher
15/02/2006 11:42:22 org.republic.ParseFileSheet ruleMatchesReportLine
INFO: rule matches FAILS
15/02/2006 11:42:22 org.republic.ParseFileSheet parseInputFile
INFO: line:66 , line length() 217
15/02/2006 11:42:22 org.republic.ParseFileSheet parseInputFile
INFO: >>>>First char:45 new page?: false
15/02/2006 11:42:22 org.republic.ParseFileSheet parseInputFile
INFO: File Line:66, report page pos 6 , line:-------- --- -------- -------- -------- ---- ------------------ ------------- -- ----------- --------------- --------------- ------------- --- -------- ----------- --------------- -------- ------------------ - -------
15/02/2006 11:42:22 org.republic.ParseFileSheet ruleMatchesReportLine
INFO: rule matches FAILS
15/02/2006 11:42:22 org.republic.ParseFileSheet parseInputFile
INFO: line:67 , line length() 212
15/02/2006 11:42:22 org.republic.ParseFileSheet parseInputFile
INFO: >>>>First char:80 new page?: false
15/02/2006 11:42:22 org.republic.ParseFileSheet parseInputFile
INFO: File Line:67, report page pos 7 , line:PO80197    1 RC44061  AIR013   16/12/05 11   warranty repair             1.00      23,761.85       23,761.85       23,761.85      2,376.19 no                                                                     no
15/02/2006 11:42:22 org.republic.ParseFileSheet ruleMatchesReportLine
INFO: rule matches FAILS
15/02/2006 11:42:22 org.republic.ParseFileSheet parseInputFile
INFO: line:68 , line length() 212
15/02/2006 11:42:22 org.republic.ParseFileSheet parseInputFile
INFO: >>>>First char:80 new page?: false
15/02/2006 11:42:22 org.republic.ParseFileSheet parseInputFile
INFO: File Line:68, report page pos 8 , line:PO80206    1 RC43902  FCR000   08/12/05 11   Vogel Gearbox               1.00 ea      922.00          922.00          922.00         92.20 no                                                                     no
15/02/2006 11:42:22 org.republic.ParseFileSheet ruleMatchesReportLine
INFO: rule matches FAILS
15/02/2006 11:42:22 org.republic.ParseFileSheet parseInputFile
INFO: line:69 , line length() 212
15/02/2006 11:42:22 org.republic.ParseFileSheet parseInputFile
INFO: >>>>First char:80 new page?: false
15/02/2006 11:42:22 org.republic.ParseFileSheet parseInputFile
INFO: File Line:69, report page pos 9 , line:PO80206    2 RC43902  FCR000   08/12/05 11   Air Freight                 1.00 ea      415.00          415.00          415.00         41.50 no                                                                     no
15/02/2006 11:42:22 org.republic.ParseFileSheet ruleMatchesReportLine
INFO: rule matches FAILS
15/02/2006 11:42:22 org.republic.ParseFileSheet parseInputFile
INFO: line:70 , line length() 212
15/02/2006 11:42:22 org.republic.ParseFileSheet parseInputFile
INFO: >>>>First char:80 new page?: false
15/02/2006 11:42:22 org.republic.ParseFileSheet parseInputFile
INFO: File Line:70, report page pos 10 , line:PO80239    1 RC43911  amo002   08/12/05 10   310-320272             20,000.00 EA       0.202        4,040.00        4,040.00        404.00 no                                                AMO-DB36/05          no
15/02/2006 11:42:22 org.republic.ParseFileSheet ruleMatchesReportLine
INFO: rule matches FAILS
15/02/2006 11:42:22 org.republic.ParseFileSheet parseInputFile
INFO: line:71 , line length() 212
15/02/2006 11:42:22 org.republic.ParseFileSheet parseInputFile
INFO: >>>>First char:80 new page?: false
15/02/2006 11:42:22 org.republic.ParseFileSheet parseInputFile
INFO: File Line:71, report page pos 11 , line:PO80243    1 RC43961  amc000   12/12/05 10   341-0060401            10,675.00 EA     0.53472        5,708.14        5,708.14        570.81 no                                                                     no
15/02/2006 11:42:22 org.republic.ParseFileSheet ruleMatchesReportLine
INFO: rule matches FAILS
15/02/2006 11:42:22 org.republic.ParseFileSheet parseInputFile
INFO: line:72 , line length() 212
15/02/2006 11:42:22 org.republic.ParseFileSheet parseInputFile
INFO: >>>>First char:80 new page?: false
15/02/2006 11:42:22 org.republic.ParseFileSheet parseInputFile
INFO: File Line:72, report page pos 12 , line:PO80243    2 RC43998  amc000   14/12/05 10   341-0101251s            6,300.00 EA      0.5136        3,235.68        3,235.68        323.57 no                                                                     no
15/02/2006 11:42:22 org.republic.ParseFileSheet ruleMatchesReportLine
INFO: rule matches FAILS
15/02/2006 11:42:22 org.republic.ParseFileSheet parseInputFile
INFO: line:73 , line length() 212
15/02/2006 11:42:22 org.republic.ParseFileSheet parseInputFile
INFO: >>>>First char:80 new page?: false
15/02/2006 11:42:22 org.republic.ParseFileSheet parseInputFile
INFO: File Line:73, report page pos 13 , line:PO80243    3 RC43944  amc000   09/12/05 10   341-0102251             5,150.00 EA     0.47904        2,467.06        2,467.06        246.71 no                                                                     no
15/02/2006 11:42:22 org.republic.ParseFileSheet ruleMatchesReportLine
INFO: rule matches FAILS
15/02/2006 11:42:22 org.republic.ParseFileSheet parseInputFile
INFO: line:74 , line length() 212
15/02/2006 11:42:22 org.republic.ParseFileSheet parseInputFile
INFO: >>>>First char:80 new page?: false
15/02/2006 11:42:22 org.republic.ParseFileSheet parseInputFile
INFO: File Line:74, report page pos 14 , line:PO80243    3 RC44128  amc000   20/12/05 10   341-0102251            -5,150.00 EA     0.47904       -2,467.06       -2,467.06       -246.71 no                                                                     no
15/02/2006 11:42:22 org.republic.ParseFileSheet ruleMatchesReportLine
INFO: rule matches FAILS
15/02/2006 11:42:22 org.republic.ParseFileSheet parseInputFile
INFO: line:75 , line length() 212
15/02/2006 11:42:22 org.republic.ParseFileSheet parseInputFile
INFO: >>>>First char:80 new page?: false
15/02/2006 11:42:22 org.republic.ParseFileSheet parseInputFile
INFO: File Line:75, report page pos 15 , line:PO80243    3 RC44129  amc000   20/12/05 10   341-0102251             5,150.00 EA      0.4464        2,298.96        2,298.96        229.90 no                                                                     no
15/02/2006 11:42:22 org.republic.ParseFileSheet ruleMatchesReportLine
INFO: rule matches FAILS
15/02/2006 11:42:22 org.republic.ParseFileSheet parseInputFile
INFO: line:76 , line length() 212
15/02/2006 11:42:22 org.republic.ParseFileSheet parseInputFile
INFO: >>>>First char:112 new page?: false
15/02/2006 11:42:22 org.republic.ParseFileSheet parseInputFile
INFO: File Line:76, report page pos 16 , line:po80245    1 RC44073  ant001   19/12/05 10   32-100006             132,192.00 EA      0.0325        4,296.24        4,296.24        429.62 no                                                                     no
15/02/2006 11:42:22 org.republic.ParseFileSheet ruleMatchesReportLine
INFO: rule matches FAILS
15/02/2006 11:42:22 org.republic.ParseFileSheet parseInputFile
INFO: line:77 , line length() 212
15/02/2006 11:42:22 org.republic.ParseFileSheet parseInputFile
INFO: >>>>First char:112 new page?: false
15/02/2006 11:42:22 org.republic.ParseFileSheet parseInputFile
INFO: File Line:77, report page pos 17 , line:po80245    1 RC44119  ant001   20/12/05 10   32-100006             173,502.00 EA      0.0325        5,638.82        5,638.82        563.88 no                                                                     no
15/02/2006 11:42:22 org.republic.ParseFileSheet ruleMatchesReportLine
INFO: rule matches FAILS
15/02/2006 11:42:22 org.republic.ParseFileSheet parseInputFile
INFO: line:78 , line length() 212
15/02/2006 11:42:22 org.republic.ParseFileSheet parseInputFile
INFO: >>>>First char:112 new page?: false
15/02/2006 11:42:22 org.republic.ParseFileSheet parseInputFile
INFO: File Line:78, report page pos 18 , line:po80245    2 RC44074  ant001   19/12/05 10   32-1010040            119,340.00 EA      0.0325        3,878.55        3,878.55        387.86 no                                                                     no
15/02/2006 11:42:22 org.republic.ParseFileSheet ruleMatchesReportLine
INFO: rule matches FAILS
15/02/2006 11:42:22 org.republic.ParseFileSheet parseInputFile
INFO: line:79 , line length() 179
15/02/2006 11:42:22 org.republic.ParseFileSheet parseInputFile
INFO: >>>>First char:32 new page?: false
15/02/2006 11:42:22 org.republic.ParseFileSheet parseInputFile
INFO: File Line:79, report page pos 19 , line:                                                                                             --------------- --------------- -------------                          ---------------
15/02/2006 11:42:22 org.republic.ParseFileSheet ruleMatchesReportLine
INFO: rule matches FAILS
15/02/2006 11:42:22 org.republic.ParseFileSheet parseInputFile
INFO: line:80 , line length() 179
15/02/2006 11:42:22 org.republic.ParseFileSheet parseInputFile
INFO: >>>>First char:32 new page?: false
15/02/2006 11:42:22 org.republic.ParseFileSheet parseInputFile
INFO: File Line:80, report page pos 20 , line:                                                                                                  277,166.64      277,166.64     27,716.68                                     0.00
15/02/2006 11:42:22 org.republic.ParseFileSheet ruleMatchesReportLine
INFO: rule matches FAILS
15/02/2006 11:42:22 org.republic.ParseFileSheet parseInputFile
INFO: line:81 , line length() 0
15/02/2006 11:42:22 org.republic.ParseFileSheet parseInputFile
INFO: File Line:81, report page pos 21 , line:
15/02/2006 11:42:22 org.republic.ParseFileSheet ruleMatchesReportLine
INFO: rule matches FAILS
15/02/2006 11:42:22 org.republic.ParseFileSheet parseInputFile
INFO: line:82 , line length() 138
15/02/2006 11:42:22 org.republic.ParseFileSheet parseInputFile
INFO: >>>>First char:32 new page?: false
15/02/2006 11:42:22 org.republic.ParseFileSheet parseInputFile
INFO: File Line:82, report page pos 22 , line:                                                                                             --------------- --------------- -------------
15/02/2006 11:42:22 org.republic.ParseFileSheet ruleMatchesReportLine
INFO: rule matches FAILS
15/02/2006 11:42:22 org.republic.ParseFileSheet parseInputFile
INFO: line:83 , line length() 0
15/02/2006 11:42:22 org.republic.ParseFileSheet parseInputFile
INFO: File Line:83, report page pos 23 , line:
15/02/2006 11:42:22 org.republic.ParseFileSheet ruleMatchesReportLine
INFO: rule matches FAILS
15/02/2006 11:42:22 org.republic.ParseFileSheet parseInputFile
INFO: line:84 , line length() 144
15/02/2006 11:42:22 org.republic.ParseFileSheet parseInputFile
INFO: >>>>First char:32 new page?: false
15/02/2006 11:42:22 org.republic.ParseFileSheet parseInputFile
INFO: File Line:84, report page pos 24 , line:                                                                                                  277,166.64      277,166.64     27,716.68 Total
15/02/2006 11:42:22 org.republic.ParseFileSheet ruleMatchesReportLine
INFO: rule matches FAILS
15/02/2006 11:42:22 org.republic.ParseFileSheet parseInputFile
INFO: line:85 , line length() 13
15/02/2006 11:42:22 org.republic.ParseFileSheet parseInputFile
INFO: >>>>First char:32 new page?: false
15/02/2006 11:42:22 org.republic.ParseFileSheet parseInputFile
INFO: File Line:85, report page pos 25 , line:   304,883.32
15/02/2006 11:42:22 org.republic.ParseFileSheet ruleMatchesReportLine
INFO: rule matches FAILS
15/02/2006 11:42:22 org.republic.ParseFileSheet parseInputFile
INFO: line:86 , line length() 0
15/02/2006 11:42:22 org.republic.ParseFileSheet parseInputFile
INFO: File Line:86, report page pos 26 , line:
15/02/2006 11:42:22 org.republic.ParseFileSheet ruleMatchesReportLine
INFO: rule matches FAILS
15/02/2006 11:42:22 org.republic.ParseFileSheet parseInputFile
INFO: line:87 , line length() 0
15/02/2006 11:42:22 org.republic.ParseFileSheet parseInputFile
INFO: File Line:87, report page pos 27 , line:
15/02/2006 11:42:22 org.republic.ParseFileSheet ruleMatchesReportLine
INFO: rule matches FAILS
15/02/2006 11:42:22 org.republic.ParseFileSheet parseInputFile
INFO: line:88 , line length() 72
15/02/2006 11:42:22 org.republic.ParseFileSheet parseInputFile
INFO: >>>>First char:32 new page?: false
15/02/2006 11:42:22 org.republic.ParseFileSheet parseInputFile
INFO: File Line:88, report page pos 28 , line:                                                           End of Report
15/02/2006 11:42:22 org.republic.ParseFileSheet checkReportLine
INFO: SelectAllData
15/02/2006 11:42:22 org.republic.ParseFileSheet makeNewDataColumn
INFO: Output Data: 1 end: 132
15/02/2006 11:42:22 org.republic.ParseFileSheet makeNewDataColumn
INFO: Report Line:                                                            End of Report, Value Extracted:                                                            End of Report
15/02/2006 11:42:22 org.republic.ParseFileSheet parseInputFile
INFO: line:89 , line length() 133
15/02/2006 11:42:22 org.republic.ParseFileSheet parseInputFile
INFO: >>>>First char:12 new page?: true
15/02/2006 11:42:22 org.republic.ParseFileSheet parseInputFile
INFO: new page, row exists?true
15/02/2006 11:42:22 org.republic.ParseFileSheet parseInputFile
INFO: File Line:89, report page pos 1 , line:
15/02/2006 11:42:22 org.republic.ParseFileSheet ruleMatchesReportLine
INFO: rule matches FAILS
15/02/2006 11:42:22 org.republic.ParseFileSheet checkReportLine
INFO: SelectAllData
15/02/2006 11:42:22 org.republic.ParseFileSheet makeNewDataColumn
INFO: Output Data: 1 end: 132
15/02/2006 11:42:22 org.republic.ParseFileSheet makeNewDataColumn
INFO: Report Line: , Value Extracted: 
15/02/2006 11:42:22 org.republic.ParseFileSheet parseInputFile
INFO: line:90 , line length() 132
15/02/2006 11:42:22 org.republic.ParseFileSheet parseInputFile
INFO: >>>>First char:80 new page?: false
15/02/2006 11:42:22 org.republic.ParseFileSheet parseInputFile
INFO: File Line:90, report page pos 2 , line:Page:    3                                           TEST SYSTEM, CLONED:21/12/05                                     Time: 10:55:58
15/02/2006 11:42:22 org.republic.ParseFileSheet ruleMatchesReportLine
INFO: rule matches FAILS
15/02/2006 11:42:22 org.republic.ParseFileSheet checkReportLine
INFO: SelectAllData
15/02/2006 11:42:22 org.republic.ParseFileSheet makeNewDataColumn
INFO: Output Data: 1 end: 132
15/02/2006 11:42:22 org.republic.ParseFileSheet makeNewDataColumn
INFO: Report Line: Page:    3                                           TEST SYSTEM, CLONED:21/12/05                                     Time: 10:55:58, Value Extracted: Page:    3                                           TEST SYSTEM, CLONED:21/12/05                                     Time: 10:55:58
15/02/2006 11:42:22 org.republic.ParseFileSheet parseInputFile
INFO: line:91 , line length() 0
15/02/2006 11:42:22 org.republic.ParseFileSheet parseInputFile
INFO: File Line:91, report page pos 3 , line:
15/02/2006 11:42:22 org.republic.ParseFileSheet ruleMatchesReportLine
INFO: rule matches FAILS
15/02/2006 11:42:22 org.republic.ParseFileSheet checkReportLine
INFO: SelectAllData
15/02/2006 11:42:22 org.republic.ParseFileSheet makeNewDataColumn
INFO: Output Data: 1 end: 132
15/02/2006 11:42:22 org.republic.ParseFileSheet makeNewDataColumn
INFO: Report Line: , Value Extracted: 
15/02/2006 11:42:22 org.republic.ParseFileSheet parseInputFile
INFO: line:92 , line length() 0
15/02/2006 11:42:22 org.republic.ParseFileSheet parseInputFile
INFO: File Line:92, report page pos 4 , line:
15/02/2006 11:42:22 org.republic.ParseFileSheet ruleMatchesReportLine
INFO: rule matches FAILS
15/02/2006 11:42:22 org.republic.ParseFileSheet checkReportLine
INFO: SelectAllData
15/02/2006 11:42:22 org.republic.ParseFileSheet makeNewDataColumn
INFO: Output Data: 1 end: 132
15/02/2006 11:42:22 org.republic.ParseFileSheet makeNewDataColumn
INFO: Report Line: , Value Extracted: 
15/02/2006 11:42:22 org.republic.ParseFileSheet parseInputFile
INFO: line:93 , line length() 0
15/02/2006 11:42:22 org.republic.ParseFileSheet parseInputFile
INFO: File Line:93, report page pos 5 , line:
15/02/2006 11:42:22 org.republic.ParseFileSheet ruleMatchesReportLine
INFO: rule matches FAILS
15/02/2006 11:42:22 org.republic.ParseFileSheet checkReportLine
INFO: SelectAllData
15/02/2006 11:42:22 org.republic.ParseFileSheet makeNewDataColumn
INFO: Output Data: 1 end: 132
15/02/2006 11:42:22 org.republic.ParseFileSheet makeNewDataColumn
INFO: Report Line: , Value Extracted: 
15/02/2006 11:42:22 org.republic.ParseFileSheet parseInputFile
INFO: line:94 , line length() 0
15/02/2006 11:42:22 org.republic.ParseFileSheet parseInputFile
INFO: File Line:94, report page pos 6 , line:
15/02/2006 11:42:22 org.republic.ParseFileSheet ruleMatchesReportLine
INFO: rule matches FAILS
15/02/2006 11:42:22 org.republic.ParseFileSheet checkReportLine
INFO: SelectAllData
15/02/2006 11:42:22 org.republic.ParseFileSheet makeNewDataColumn
INFO: Output Data: 1 end: 132
15/02/2006 11:42:22 org.republic.ParseFileSheet makeNewDataColumn
INFO: Report Line: , Value Extracted: 
15/02/2006 11:42:22 org.republic.ParseFileSheet parseInputFile
INFO: line:95 , line length() 73
15/02/2006 11:42:22 org.republic.ParseFileSheet parseInputFile
INFO: >>>>First char:82 new page?: false
15/02/2006 11:42:22 org.republic.ParseFileSheet parseInputFile
INFO: File Line:95, report page pos 7 , line:Report Criteria:                        Report Submitted By:       gbaca2
15/02/2006 11:42:22 org.republic.ParseFileSheet ruleMatchesReportLine
INFO: rule matches FAILS
15/02/2006 11:42:22 org.republic.ParseFileSheet checkReportLine
INFO: SelectAllData
15/02/2006 11:42:22 org.republic.ParseFileSheet makeNewDataColumn
INFO: Output Data: 1 end: 132
15/02/2006 11:42:22 org.republic.ParseFileSheet makeNewDataColumn
INFO: Report Line: Report Criteria:                        Report Submitted By:       gbaca2, Value Extracted: Report Criteria:                        Report Submitted By:       gbaca2
15/02/2006 11:42:22 org.republic.ParseFileSheet parseInputFile
INFO: line:96 , line length() 0
15/02/2006 11:42:22 org.republic.ParseFileSheet parseInputFile
INFO: File Line:96, report page pos 8 , line:
15/02/2006 11:42:22 org.republic.ParseFileSheet ruleMatchesReportLine
INFO: rule matches FAILS
15/02/2006 11:42:22 org.republic.ParseFileSheet checkReportLine
INFO: SelectAllData
15/02/2006 11:42:22 org.republic.ParseFileSheet makeNewDataColumn
INFO: Output Data: 1 end: 132
15/02/2006 11:42:22 org.republic.ParseFileSheet makeNewDataColumn
INFO: Report Line: , Value Extracted: 
15/02/2006 11:42:22 org.republic.ParseFileSheet parseInputFile
INFO: line:97 , line length() 51
15/02/2006 11:42:22 org.republic.ParseFileSheet parseInputFile
INFO: >>>>First char:32 new page?: false
15/02/2006 11:42:22 org.republic.ParseFileSheet parseInputFile
INFO: File Line:97, report page pos 9 , line:     ** Receipt Date: 01/06/05                  To:
15/02/2006 11:42:22 org.republic.ParseFileSheet ruleMatchesReportLine
INFO: rule matches FAILS
15/02/2006 11:42:22 org.republic.ParseFileSheet checkReportLine
INFO: SelectAllData
15/02/2006 11:42:22 org.republic.ParseFileSheet makeNewDataColumn
INFO: Output Data: 1 end: 132
15/02/2006 11:42:22 org.republic.ParseFileSheet makeNewDataColumn
INFO: Report Line:      ** Receipt Date: 01/06/05                  To:, Value Extracted:      ** Receipt Date: 01/06/05                  To:
15/02/2006 11:42:22 org.republic.ParseFileSheet parseInputFile
INFO: line:98 , line length() 51
15/02/2006 11:42:22 org.republic.ParseFileSheet parseInputFile
INFO: >>>>First char:32 new page?: false
15/02/2006 11:42:22 org.republic.ParseFileSheet parseInputFile
INFO: File Line:98, report page pos 10 , line:              Vendor:                           To:
15/02/2006 11:42:22 org.republic.ParseFileSheet ruleMatchesReportLine
INFO: rule matches FAILS
15/02/2006 11:42:22 org.republic.ParseFileSheet checkReportLine
INFO: SelectAllData
15/02/2006 11:42:22 org.republic.ParseFileSheet makeNewDataColumn
INFO: Output Data: 1 end: 132
15/02/2006 11:42:22 org.republic.ParseFileSheet makeNewDataColumn
INFO: Report Line:               Vendor:                           To:, Value Extracted:               Vendor:                           To:
15/02/2006 11:42:22 org.republic.ParseFileSheet parseInputFile
INFO: line:99 , line length() 59
15/02/2006 11:42:22 org.republic.ParseFileSheet parseInputFile
INFO: >>>>First char:32 new page?: false
15/02/2006 11:42:22 org.republic.ParseFileSheet parseInputFile
INFO: File Line:99, report page pos 11 , line:      Purchase Order: PO78354                   To: po80245
15/02/2006 11:42:22 org.republic.ParseFileSheet ruleMatchesReportLine
INFO: rule matches FAILS
15/02/2006 11:42:22 org.republic.ParseFileSheet checkReportLine
INFO: SelectAllData
15/02/2006 11:42:22 org.republic.ParseFileSheet makeNewDataColumn
INFO: Output Data: 1 end: 132
15/02/2006 11:42:22 org.republic.ParseFileSheet makeNewDataColumn
INFO: Report Line:       Purchase Order: PO78354                   To: po80245, Value Extracted:       Purchase Order: PO78354                   To: po80245
15/02/2006 11:42:22 org.republic.ParseFileSheet parseInputFile
INFO: line:100 , line length() 51
15/02/2006 11:42:22 org.republic.ParseFileSheet parseInputFile
INFO: >>>>First char:32 new page?: false
15/02/2006 11:42:22 org.republic.ParseFileSheet parseInputFile
INFO: File Line:100, report page pos 12 , line:                Site:                           To:
15/02/2006 11:42:22 org.republic.ParseFileSheet ruleMatchesReportLine
INFO: rule matches FAILS
15/02/2006 11:42:22 org.republic.ParseFileSheet checkReportLine
INFO: SelectAllData
15/02/2006 11:42:22 org.republic.ParseFileSheet makeNewDataColumn
INFO: Output Data: 1 end: 132
15/02/2006 11:42:22 org.republic.ParseFileSheet makeNewDataColumn
INFO: Report Line:                 Site:                           To:, Value Extracted:                 Site:                           To:
15/02/2006 11:42:22 org.republic.ParseFileSheet parseInputFile
INFO: line:101 , line length() 51
15/02/2006 11:42:22 org.republic.ParseFileSheet parseInputFile
INFO: >>>>First char:32 new page?: false
15/02/2006 11:42:22 org.republic.ParseFileSheet parseInputFile
INFO: File Line:101, report page pos 13 , line:         Item Number:                           To:
15/02/2006 11:42:22 org.republic.ParseFileSheet ruleMatchesReportLine
INFO: rule matches FAILS
15/02/2006 11:42:22 org.republic.ParseFileSheet checkReportLine
INFO: SelectAllData
15/02/2006 11:42:22 org.republic.ParseFileSheet makeNewDataColumn
INFO: Output Data: 1 end: 132
15/02/2006 11:42:22 org.republic.ParseFileSheet makeNewDataColumn
INFO: Report Line:          Item Number:                           To:, Value Extracted:          Item Number:                           To:
15/02/2006 11:42:22 org.republic.ParseFileSheet parseInputFile
INFO: line:102 , line length() 51
15/02/2006 11:42:22 org.republic.ParseFileSheet parseInputFile
INFO: >>>>First char:32 new page?: false
15/02/2006 11:42:22 org.republic.ParseFileSheet parseInputFile
INFO: File Line:102, report page pos 14 , line:             Project:                           To:
15/02/2006 11:42:22 org.republic.ParseFileSheet ruleMatchesReportLine
INFO: rule matches FAILS
15/02/2006 11:42:22 org.republic.ParseFileSheet checkReportLine
INFO: SelectAllData
15/02/2006 11:42:22 org.republic.ParseFileSheet makeNewDataColumn
INFO: Output Data: 1 end: 132
15/02/2006 11:42:22 org.republic.ParseFileSheet makeNewDataColumn
INFO: Report Line:              Project:                           To:, Value Extracted:              Project:                           To:
15/02/2006 11:42:22 org.republic.ParseFileSheet parseInputFile
INFO: line:103 , line length() 34
15/02/2006 11:42:22 org.republic.ParseFileSheet parseInputFile
INFO: >>>>First char:32 new page?: false
15/02/2006 11:42:22 org.republic.ParseFileSheet parseInputFile
INFO: File Line:103, report page pos 15 , line:  Non-Vouchered only: Yes (Yes/No)
15/02/2006 11:42:22 org.republic.ParseFileSheet ruleMatchesReportLine
INFO: rule matches FAILS
15/02/2006 11:42:22 org.republic.ParseFileSheet checkReportLine
INFO: SelectAllData
15/02/2006 11:42:22 org.republic.ParseFileSheet makeNewDataColumn
INFO: Output Data: 1 end: 132
15/02/2006 11:42:22 org.republic.ParseFileSheet makeNewDataColumn
INFO: Report Line:   Non-Vouchered only: Yes (Yes/No), Value Extracted:   Non-Vouchered only: Yes (Yes/No)
15/02/2006 11:42:22 org.republic.ParseFileSheet parseInputFile
INFO: line:104 , line length() 25
15/02/2006 11:42:22 org.republic.ParseFileSheet parseInputFile
INFO: >>>>First char:32 new page?: false
15/02/2006 11:42:22 org.republic.ParseFileSheet parseInputFile
INFO: File Line:104, report page pos 16 , line:     Exclude Vintage: Yes
15/02/2006 11:42:22 org.republic.ParseFileSheet ruleMatchesReportLine
INFO: rule matches FAILS
15/02/2006 11:42:22 org.republic.ParseFileSheet checkReportLine
INFO: SelectAllData
15/02/2006 11:42:22 org.republic.ParseFileSheet makeNewDataColumn
INFO: Output Data: 1 end: 132
15/02/2006 11:42:22 org.republic.ParseFileSheet makeNewDataColumn
INFO: Report Line:      Exclude Vintage: Yes, Value Extracted:      Exclude Vintage: Yes
15/02/2006 11:42:22 org.republic.ParseFileSheet parseInputFile
INFO: line:105 , line length() 0
15/02/2006 11:42:22 org.republic.ParseFileSheet parseInputFile
INFO: File Line:105, report page pos 17 , line:
15/02/2006 11:42:22 org.republic.ParseFileSheet ruleMatchesReportLine
INFO: rule matches FAILS
15/02/2006 11:42:22 org.republic.ParseFileSheet checkReportLine
INFO: SelectAllData
15/02/2006 11:42:22 org.republic.ParseFileSheet makeNewDataColumn
INFO: Output Data: 1 end: 132
15/02/2006 11:42:22 org.republic.ParseFileSheet makeNewDataColumn
INFO: Report Line: , Value Extracted: 
15/02/2006 11:42:22 org.republic.ParseFileSheet parseInputFile
INFO: line:106 , line length() 64
15/02/2006 11:42:22 org.republic.ParseFileSheet parseInputFile
INFO: >>>>First char:40 new page?: false
15/02/2006 11:42:22 org.republic.ParseFileSheet parseInputFile
INFO: File Line:106, report page pos 18 , line:(Report may run faster if selection criteria marked ** are used)
15/02/2006 11:42:22 org.republic.ParseFileSheet ruleMatchesReportLine
INFO: rule matches FAILS
15/02/2006 11:42:22 org.republic.ParseFileSheet checkReportLine
INFO: SelectAllData
15/02/2006 11:42:22 org.republic.ParseFileSheet makeNewDataColumn
INFO: Output Data: 1 end: 132
15/02/2006 11:42:22 org.republic.ParseFileSheet makeNewDataColumn
INFO: Report Line: (Report may run faster if selection criteria marked ** are used), Value Extracted: (Report may run faster if selection criteria marked ** are used)
15/02/2006 11:42:22 org.republic.ParseFileSheet parseInputFile
INFO: line:107 , line length() 0
15/02/2006 11:42:22 org.republic.ParseFileSheet parseInputFile
INFO: File Line:107, report page pos 19 , line:
15/02/2006 11:42:22 org.republic.ParseFileSheet ruleMatchesReportLine
INFO: rule matches FAILS
15/02/2006 11:42:22 org.republic.ParseFileSheet checkReportLine
INFO: SelectAllData
15/02/2006 11:42:22 org.republic.ParseFileSheet makeNewDataColumn
INFO: Output Data: 1 end: 132
15/02/2006 11:42:22 org.republic.ParseFileSheet makeNewDataColumn
INFO: Report Line: , Value Extracted: 
15/02/2006 11:42:22 org.republic.ParseFileSheet parseInputFile
INFO: line:108 , line length() 74
15/02/2006 11:42:22 org.republic.ParseFileSheet parseInputFile
INFO: >>>>First char:32 new page?: false
15/02/2006 11:42:22 org.republic.ParseFileSheet parseInputFile
INFO: File Line:108, report page pos 20 , line:                                                             Output: e_txt
15/02/2006 11:42:22 org.republic.ParseFileSheet ruleMatchesReportLine
INFO: rule matches FAILS
15/02/2006 11:42:22 org.republic.ParseFileSheet checkReportLine
INFO: SelectAllData
15/02/2006 11:42:22 org.republic.ParseFileSheet makeNewDataColumn
INFO: Output Data: 1 end: 132
15/02/2006 11:42:22 org.republic.ParseFileSheet makeNewDataColumn
INFO: Report Line:                                                              Output: e_txt, Value Extracted:                                                              Output: e_txt
15/02/2006 11:42:22 org.republic.ParseFileSheet parseInputFile
INFO: line:109 , line length() 68
15/02/2006 11:42:22 org.republic.ParseFileSheet parseInputFile
INFO: >>>>First char:32 new page?: false
15/02/2006 11:42:22 org.republic.ParseFileSheet parseInputFile
INFO: File Line:109, report page pos 21 , line:                                                           Batch ID:
15/02/2006 11:42:22 org.republic.ParseFileSheet ruleMatchesReportLine
INFO: rule matches FAILS
15/02/2006 11:42:22 org.republic.ParseFileSheet checkReportLine
INFO: SelectAllData
15/02/2006 11:42:22 org.republic.ParseFileSheet makeNewDataColumn
INFO: Output Data: 1 end: 132
15/02/2006 11:42:22 org.republic.ParseFileSheet makeNewDataColumn
INFO: Report Line:                                                            Batch ID:, Value Extracted:                                                            Batch ID:
15/02/2006 11:42:22 org.republic.ParseFileSheet executeParseFileSheet
INFO: Db Name: Criteria
15/02/2006 11:42:22 org.republic.ParseFile executeParseFile
INFO: Number of Parse Sheets:2
15/02/2006 11:42:22 org.republic.ParseFile executeParseFile
INFO: New Sheet:Database
15/02/2006 11:42:22 org.republic.ParseFile executeParseFile
INFO: Cols:21
15/02/2006 11:42:22 org.republic.ParseFile executeParseFile
INFO: Rows:68
15/02/2006 11:42:22 org.republic.ParseFile executeParseFile
INFO: 1.Column Value:PO, Sheet:Database
15/02/2006 11:42:22 org.republic.ParseFile executeParseFile
INFO: 1.Column Value:Ln, Sheet:Database
15/02/2006 11:42:22 org.republic.ParseFile executeParseFile
INFO: 1.Column Value:Receiver, Sheet:Database
15/02/2006 11:42:22 org.republic.ParseFile executeParseFile
INFO: 1.Column Value:Supplier, Sheet:Database
15/02/2006 11:42:22 org.republic.ParseFile executeParseFile
INFO: 1.Column Value:Receipt, Sheet:Database
15/02/2006 11:42:22 org.republic.ParseFile executeParseFile
INFO: 1.Column Value:Site, Sheet:Database
15/02/2006 11:42:22 org.republic.ParseFile executeParseFile
INFO: 1.Column Value:Item Number, Sheet:Database
15/02/2006 11:42:22 org.republic.ParseFile executeParseFile
INFO: 1.Column Value:Qty Open, Sheet:Database
15/02/2006 11:42:22 org.republic.ParseFile executeParseFile
INFO: 1.Column Value:UM, Sheet:Database
15/02/2006 11:42:22 org.republic.ParseFile executeParseFile
INFO: 1.Column Value:PO Cost, Sheet:Database
15/02/2006 11:42:22 org.republic.ParseFile executeParseFile
INFO: 1.Column Value:Ext PO Cost, Sheet:Database
15/02/2006 11:42:22 org.republic.ParseFile executeParseFile
INFO: 1.Column Value:Ext PO Cost Ex GST, Sheet:Database
15/02/2006 11:42:22 org.republic.ParseFile executeParseFile
INFO: 1.Column Value:GST Amount, Sheet:Database
15/02/2006 11:42:22 org.republic.ParseFile executeParseFile
INFO: 1.Column Value:Tax In, Sheet:Database
15/02/2006 11:42:22 org.republic.ParseFile executeParseFile
INFO: 1.Column Value:Voucher Eff Date, Sheet:Database
15/02/2006 11:42:22 org.republic.ParseFile executeParseFile
INFO: 1.Column Value:Inv Cost, Sheet:Database
15/02/2006 11:42:22 org.republic.ParseFile executeParseFile
INFO: 1.Column Value:Ext Inv Cost, Sheet:Database
15/02/2006 11:42:22 org.republic.ParseFile executeParseFile
INFO: 1.Column Value:Project, Sheet:Database
15/02/2006 11:42:22 org.republic.ParseFile executeParseFile
INFO: 1.Column Value:Lot/Serial, Sheet:Database
15/02/2006 11:42:22 org.republic.ParseFile executeParseFile
INFO: 1.Column Value:H, Sheet:Database
15/02/2006 11:42:22 org.republic.ParseFile executeParseFile
INFO: 1.Column Value:Voucher, Sheet:Database
15/02/2006 11:42:22 org.republic.ParseFile executeParseFile
INFO: Output Data Rows:68
15/02/2006 11:42:22 org.republic.ParseFile executeParseFile
INFO: data is :PO78354 
15/02/2006 11:42:22 org.republic.ParseFile executeParseFile
INFO: dataType is:string
15/02/2006 11:42:22 org.republic.ParseFile executeParseFile
INFO: Getting For:Data1
15/02/2006 11:42:22 org.republic.ParseFile executeParseFile
INFO: data is :  1
15/02/2006 11:42:22 org.republic.ParseFile executeParseFile
INFO: dataType is:string
15/02/2006 11:42:22 org.republic.ParseFile executeParseFile
INFO: Getting For:Data2
15/02/2006 11:42:22 org.republic.ParseFile executeParseFile
INFO: data is :RC43908 
15/02/2006 11:42:22 org.republic.ParseFile executeParseFile
INFO: dataType is:string
15/02/2006 11:42:22 org.republic.ParseFile executeParseFile
INFO: Getting For:Data3
15/02/2006 11:42:22 org.republic.ParseFile executeParseFile
INFO: data is :AMC000  
15/02/2006 11:42:22 org.republic.ParseFile executeParseFile
INFO: dataType is:string
15/02/2006 11:42:22 org.republic.ParseFile executeParseFile
INFO: Getting For:Data4
15/02/2006 11:42:22 org.republic.ParseFile executeParseFile
INFO: data is :08/12/05
15/02/2006 11:42:22 org.republic.ParseFile executeParseFile
INFO: dataType is:date
15/02/2006 11:42:22 org.republic.ParseFile executeParseFile
INFO: Getting For:Data5
15/02/2006 11:42:22 org.republic.ParseFile executeParseFile
INFO: data is :10  
15/02/2006 11:42:22 org.republic.ParseFile executeParseFile
INFO: dataType is:string
15/02/2006 11:42:22 org.republic.ParseFile executeParseFile
INFO: Getting For:Data6
15/02/2006 11:42:22 org.republic.ParseFile executeParseFile
INFO: data is :341-01002512      
15/02/2006 11:42:22 org.republic.ParseFile executeParseFile
INFO: dataType is:string
15/02/2006 11:42:22 org.republic.ParseFile executeParseFile
INFO: Getting For:Data7
15/02/2006 11:42:22 org.republic.ParseFile executeParseFile
INFO: data is :      -134.00
15/02/2006 11:42:22 org.republic.ParseFile executeParseFile
INFO: dataType is:number
15/02/2006 11:42:22 org.republic.ParseFile executeParseFile
INFO: Getting For:Data8
15/02/2006 11:42:22 org.republic.ParseFile executeParseFile
INFO: data is :EA
15/02/2006 11:42:22 org.republic.ParseFile executeParseFile
INFO: dataType is:string
15/02/2006 11:42:22 org.republic.ParseFile executeParseFile
INFO: Getting For:Data9
15/02/2006 11:42:22 org.republic.ParseFile executeParseFile
INFO: data is :    0.59616
15/02/2006 11:42:22 org.republic.ParseFile executeParseFile
INFO: dataType is:number
15/02/2006 11:42:22 org.republic.ParseFile executeParseFile
INFO: Getting For:Data10
15/02/2006 11:42:22 org.republic.ParseFile executeParseFile
INFO: data is :         -79.89
15/02/2006 11:42:22 org.republic.ParseFile executeParseFile
INFO: dataType is:number
15/02/2006 11:42:22 org.republic.ParseFile executeParseFile
INFO: Getting For:Data11
15/02/2006 11:42:22 org.republic.ParseFile executeParseFile
INFO: data is :         -79.89
15/02/2006 11:42:22 org.republic.ParseFile executeParseFile
INFO: dataType is:number
15/02/2006 11:42:22 org.republic.ParseFile executeParseFile
INFO: Getting For:Data12
15/02/2006 11:42:22 org.republic.ParseFile executeParseFile
INFO: data is :        -7.99
15/02/2006 11:42:22 org.republic.ParseFile executeParseFile
INFO: dataType is:number
15/02/2006 11:42:22 org.republic.ParseFile executeParseFile
INFO: Getting For:Data13
15/02/2006 11:42:22 org.republic.ParseFile executeParseFile
INFO: data is :no 
15/02/2006 11:42:22 org.republic.ParseFile executeParseFile
INFO: dataType is:string
15/02/2006 11:42:22 org.republic.ParseFile executeParseFile
INFO: Getting For:Data14
15/02/2006 11:42:22 org.republic.ParseFile executeParseFile
INFO: data is :        
15/02/2006 11:42:22 org.republic.ParseFile executeParseFile
INFO: dataType is:string
15/02/2006 11:42:22 org.republic.ParseFile executeParseFile
INFO: Getting For:Data15
15/02/2006 11:42:22 org.republic.ParseFile executeParseFile
INFO: data is :           
15/02/2006 11:42:22 org.republic.ParseFile executeParseFile
INFO: dataType is:number
15/02/2006 11:42:22 org.republic.ParseFile executeParseFile
INFO: Getting For:Data16
15/02/2006 11:42:22 org.republic.ParseFile executeParseFile
INFO: data is :               
15/02/2006 11:42:22 org.republic.ParseFile executeParseFile
INFO: dataType is:number
15/02/2006 11:42:22 org.republic.ParseFile executeParseFile
INFO: Getting For:Data17
15/02/2006 11:42:22 org.republic.ParseFile executeParseFile
INFO: data is :        
15/02/2006 11:42:22 org.republic.ParseFile executeParseFile
INFO: dataType is:string
15/02/2006 11:42:22 org.republic.ParseFile executeParseFile
INFO: Getting For:Data18
15/02/2006 11:42:22 org.republic.ParseFile executeParseFile
INFO: data is :No Glue           
15/02/2006 11:42:22 org.republic.ParseFile executeParseFile
INFO: dataType is:string
15/02/2006 11:42:22 org.republic.ParseFile executeParseFile
INFO: Getting For:Data19
15/02/2006 11:42:22 org.republic.ParseFile executeParseFile
INFO: data is : 
15/02/2006 11:42:22 org.republic.ParseFile executeParseFile
INFO: dataType is:string
15/02/2006 11:42:22 org.republic.ParseFile executeParseFile
INFO: Getting For:Data20
15/02/2006 11:42:22 org.republic.ParseFile executeParseFile
INFO: data is :no
15/02/2006 11:42:22 org.republic.ParseFile executeParseFile
INFO: dataType is:string
15/02/2006 11:42:22 org.republic.ParseFile executeParseFile
INFO: Getting For:Data21
15/02/2006 11:42:22 org.republic.ParseFile executeParseFile
INFO: data is :PO78952 
15/02/2006 11:42:22 org.republic.ParseFile executeParseFile
INFO: dataType is:string
15/02/2006 11:42:22 org.republic.ParseFile executeParseFile
INFO: Getting For:Data1
15/02/2006 11:42:22 org.republic.ParseFile executeParseFile
INFO: data is :  1
15/02/2006 11:42:22 org.republic.ParseFile executeParseFile
INFO: dataType is:string
15/02/2006 11:42:22 org.republic.ParseFile executeParseFile
INFO: Getting For:Data2
15/02/2006 11:42:22 org.republic.ParseFile executeParseFile
INFO: data is :RC42125 
15/02/2006 11:42:22 org.republic.ParseFile executeParseFile
INFO: dataType is:string
15/02/2006 11:42:22 org.republic.ParseFile executeParseFile
INFO: Getting For:Data3
15/02/2006 11:42:22 org.republic.ParseFile executeParseFile
INFO: data is :AMC000  
15/02/2006 11:42:22 org.republic.ParseFile executeParseFile
INFO: dataType is:string
15/02/2006 11:42:22 org.republic.ParseFile executeParseFile
INFO: Getting For:Data4
15/02/2006 11:42:22 org.republic.ParseFile executeParseFile
INFO: data is :23/08/05
15/02/2006 11:42:22 org.republic.ParseFile executeParseFile
INFO: dataType is:date
15/02/2006 11:42:22 org.republic.ParseFile executeParseFile
INFO: Getting For:Data5
15/02/2006 11:42:22 org.republic.ParseFile executeParseFile
INFO: data is :10  
15/02/2006 11:42:22 org.republic.ParseFile executeParseFile
INFO: dataType is:string
15/02/2006 11:42:22 org.republic.ParseFile executeParseFile
INFO: Getting For:Data6
15/02/2006 11:42:22 org.republic.ParseFile executeParseFile
INFO: data is :35-11             
15/02/2006 11:42:22 org.republic.ParseFile executeParseFile
INFO: dataType is:string
15/02/2006 11:42:22 org.republic.ParseFile executeParseFile
INFO: Getting For:Data7
15/02/2006 11:42:22 org.republic.ParseFile executeParseFile
INFO: data is :    30,240.00
15/02/2006 11:42:22 org.republic.ParseFile executeParseFile
INFO: dataType is:number
15/02/2006 11:42:22 org.republic.ParseFile executeParseFile
INFO: Getting For:Data8
15/02/2006 11:42:22 org.republic.ParseFile executeParseFile
INFO: data is :EA
15/02/2006 11:42:22 org.republic.ParseFile executeParseFile
INFO: dataType is:string
15/02/2006 11:42:22 org.republic.ParseFile executeParseFile
INFO: Getting For:Data9
15/02/2006 11:42:22 org.republic.ParseFile executeParseFile
INFO: data is :    0.12713
15/02/2006 11:42:22 org.republic.ParseFile executeParseFile
INFO: dataType is:number
15/02/2006 11:42:22 org.republic.ParseFile executeParseFile
INFO: Getting For:Data10
15/02/2006 11:42:22 org.republic.ParseFile executeParseFile
INFO: data is :       3,844.41
15/02/2006 11:42:22 org.republic.ParseFile executeParseFile
INFO: dataType is:number
15/02/2006 11:42:22 org.republic.ParseFile executeParseFile
INFO: Getting For:Data11
15/02/2006 11:42:22 org.republic.ParseFile executeParseFile
INFO: data is :       3,844.41
15/02/2006 11:42:22 org.republic.ParseFile executeParseFile
INFO: dataType is:number
15/02/2006 11:42:22 org.republic.ParseFile executeParseFile
INFO: Getting For:Data12
15/02/2006 11:42:22 org.republic.ParseFile executeParseFile
INFO: data is :       384.44
15/02/2006 11:42:22 org.republic.ParseFile executeParseFile
INFO: dataType is:number
15/02/2006 11:42:22 org.republic.ParseFile executeParseFile
INFO: Getting For:Data13
15/02/2006 11:42:22 org.republic.ParseFile executeParseFile
INFO: data is :no 
15/02/2006 11:42:22 org.republic.ParseFile executeParseFile
INFO: dataType is:string
15/02/2006 11:42:22 org.republic.ParseFile executeParseFile
INFO: Getting For:Data14
15/02/2006 11:42:22 org.republic.ParseFile executeParseFile
INFO: data is :        
15/02/2006 11:42:22 org.republic.ParseFile executeParseFile
INFO: dataType is:string
15/02/2006 11:42:22 org.republic.ParseFile executeParseFile
INFO: Getting For:Data15
15/02/2006 11:42:22 org.republic.ParseFile executeParseFile
INFO: data is :           
15/02/2006 11:42:22 org.republic.ParseFile executeParseFile
INFO: dataType is:number
15/02/2006 11:42:22 org.republic.ParseFile executeParseFile
INFO: Getting For:Data16
15/02/2006 11:42:22 org.republic.ParseFile executeParseFile
INFO: data is :               
15/02/2006 11:42:22 org.republic.ParseFile executeParseFile
INFO: dataType is:number
15/02/2006 11:42:22 org.republic.ParseFile executeParseFile
INFO: Getting For:Data17
15/02/2006 11:42:22 org.republic.ParseFile executeParseFile
INFO: data is :        
15/02/2006 11:42:22 org.republic.ParseFile executeParseFile
INFO: dataType is:string
15/02/2006 11:42:22 org.republic.ParseFile executeParseFile
INFO: Getting For:Data18
15/02/2006 11:42:22 org.republic.ParseFile executeParseFile
INFO: data is :                  
15/02/2006 11:42:22 org.republic.ParseFile executeParseFile
INFO: dataType is:string
15/02/2006 11:42:22 org.republic.ParseFile executeParseFile
INFO: Getting For:Data19
15/02/2006 11:42:22 org.republic.ParseFile executeParseFile
INFO: data is : 
15/02/2006 11:42:22 org.republic.ParseFile executeParseFile
INFO: dataType is:string
15/02/2006 11:42:22 org.republic.ParseFile executeParseFile
INFO: Getting For:Data20
15/02/2006 11:42:22 org.republic.ParseFile executeParseFile
INFO: data is :no
15/02/2006 11:42:22 org.republic.ParseFile executeParseFile
INFO: dataType is:string
15/02/2006 11:42:22 org.republic.ParseFile executeParseFile
INFO: Getting For:Data21
15/02/2006 11:42:22 org.republic.ParseFile executeParseFile
INFO: data is :PO78952 
15/02/2006 11:42:22 org.republic.ParseFile executeParseFile
INFO: dataType is:string
15/02/2006 11:42:22 org.republic.ParseFile executeParseFile
INFO: Getting For:Data1
15/02/2006 11:42:22 org.republic.ParseFile executeParseFile
INFO: data is :  1
15/02/2006 11:42:22 org.republic.ParseFile executeParseFile
INFO: dataType is:string
15/02/2006 11:42:22 org.republic.ParseFile executeParseFile
INFO: Getting For:Data2
15/02/2006 11:42:22 org.republic.ParseFile executeParseFile
INFO: data is :RC42493 
15/02/2006 11:42:22 org.republic.ParseFile executeParseFile
INFO: dataType is:string
15/02/2006 11:42:22 org.republic.ParseFile executeParseFile
INFO: Getting For:Data3
15/02/2006 11:42:22 org.republic.ParseFile executeParseFile
INFO: data is :AMC000  
15/02/2006 11:42:22 org.republic.ParseFile executeParseFile
INFO: dataType is:string
15/02/2006 11:42:22 org.republic.ParseFile executeParseFile
INFO: Getting For:Data4
15/02/2006 11:42:22 org.republic.ParseFile executeParseFile
INFO: data is :14/09/05
15/02/2006 11:42:22 org.republic.ParseFile executeParseFile
INFO: dataType is:date
15/02/2006 11:42:22 org.republic.ParseFile executeParseFile
INFO: Getting For:Data5
15/02/2006 11:42:22 org.republic.ParseFile executeParseFile
INFO: data is :10  
15/02/2006 11:42:22 org.republic.ParseFile executeParseFile
INFO: dataType is:string
15/02/2006 11:42:22 org.republic.ParseFile executeParseFile
INFO: Getting For:Data6
15/02/2006 11:42:22 org.republic.ParseFile executeParseFile
INFO: data is :35-11             
15/02/2006 11:42:22 org.republic.ParseFile executeParseFile
INFO: dataType is:string
15/02/2006 11:42:22 org.republic.ParseFile executeParseFile
INFO: Getting For:Data7
15/02/2006 11:42:22 org.republic.ParseFile executeParseFile
INFO: data is :    22,680.00
15/02/2006 11:42:22 org.republic.ParseFile executeParseFile
INFO: dataType is:number
15/02/2006 11:42:22 org.republic.ParseFile executeParseFile
INFO: Getting For:Data8
15/02/2006 11:42:22 org.republic.ParseFile executeParseFile
INFO: data is :EA
15/02/2006 11:42:22 org.republic.ParseFile executeParseFile
INFO: dataType is:string
15/02/2006 11:42:22 org.republic.ParseFile executeParseFile
INFO: Getting For:Data9
15/02/2006 11:42:22 org.republic.ParseFile executeParseFile
INFO: data is :    0.12713
15/02/2006 11:42:22 org.republic.ParseFile executeParseFile
INFO: dataType is:number
15/02/2006 11:42:22 org.republic.ParseFile executeParseFile
INFO: Getting For:Data10
15/02/2006 11:42:22 org.republic.ParseFile executeParseFile
INFO: data is :       2,883.31
15/02/2006 11:42:22 org.republic.ParseFile executeParseFile
INFO: dataType is:number
15/02/2006 11:42:22 org.republic.ParseFile executeParseFile
INFO: Getting For:Data11
15/02/2006 11:42:22 org.republic.ParseFile executeParseFile
INFO: data is :       2,883.31
15/02/2006 11:42:22 org.republic.ParseFile executeParseFile
INFO: dataType is:number
15/02/2006 11:42:22 org.republic.ParseFile executeParseFile
INFO: Getting For:Data12
15/02/2006 11:42:22 org.republic.ParseFile executeParseFile
INFO: data is :       288.33
15/02/2006 11:42:22 org.republic.ParseFile executeParseFile
INFO: dataType is:number
15/02/2006 11:42:22 org.republic.ParseFile executeParseFile
INFO: Getting For:Data13
15/02/2006 11:42:22 org.republic.ParseFile executeParseFile
INFO: data is :no 
15/02/2006 11:42:22 org.republic.ParseFile executeParseFile
INFO: dataType is:string
15/02/2006 11:42:22 org.republic.ParseFile executeParseFile
INFO: Getting For:Data14
15/02/2006 11:42:22 org.republic.ParseFile executeParseFile
INFO: data is :        
15/02/2006 11:42:22 org.republic.ParseFile executeParseFile
INFO: dataType is:string
15/02/2006 11:42:22 org.republic.ParseFile executeParseFile
INFO: Getting For:Data15
15/02/2006 11:42:22 org.republic.ParseFile executeParseFile
INFO: data is :           
15/02/2006 11:42:22 org.republic.ParseFile executeParseFile
INFO: dataType is:number
15/02/2006 11:42:22 org.republic.ParseFile executeParseFile
INFO: Getting For:Data16
15/02/2006 11:42:22 org.republic.ParseFile executeParseFile
INFO: data is :               
15/02/2006 11:42:22 org.republic.ParseFile executeParseFile
INFO: dataType is:number
15/02/2006 11:42:22 org.republic.ParseFile executeParseFile
INFO: Getting For:Data17
15/02/2006 11:42:22 org.republic.ParseFile executeParseFile
INFO: data is :        
15/02/2006 11:42:22 org.republic.ParseFile executeParseFile
INFO: dataType is:string
15/02/2006 11:42:22 org.republic.ParseFile executeParseFile
INFO: Getting For:Data18
15/02/2006 11:42:22 org.republic.ParseFile executeParseFile
INFO: data is :                  
15/02/2006 11:42:22 org.republic.ParseFile executeParseFile
INFO: dataType is:string
15/02/2006 11:42:22 org.republic.ParseFile executeParseFile
INFO: Getting For:Data19
15/02/2006 11:42:22 org.republic.ParseFile executeParseFile
INFO: data is : 
15/02/2006 11:42:22 org.republic.ParseFile executeParseFile
INFO: dataType is:string
15/02/2006 11:42:22 org.republic.ParseFile executeParseFile
INFO: Getting For:Data20
15/02/2006 11:42:22 org.republic.ParseFile executeParseFile
INFO: data is :no
15/02/2006 11:42:22 org.republic.ParseFile executeParseFile
INFO: dataType is:string
15/02/2006 11:42:22 org.republic.ParseFile executeParseFile
INFO: Getting For:Data21
15/02/2006 11:42:22 org.republic.ParseFile executeParseFile
INFO: data is :PO79129 
15/02/2006 11:42:22 org.republic.ParseFile executeParseFile
INFO: dataType is:string
15/02/2006 11:42:22 org.republic.ParseFile executeParseFile
INFO: Getting For:Data1
15/02/2006 11:42:22 org.republic.ParseFile executeParseFile
INFO: data is :  1
15/02/2006 11:42:22 org.republic.ParseFile executeParseFile
INFO: dataType is:string
15/02/2006 11:42:22 org.republic.ParseFile executeParseFile
INFO: Getting For:Data2
15/02/2006 11:42:22 org.republic.ParseFile executeParseFile
INFO: data is :RC42922 
15/02/2006 11:42:22 org.republic.ParseFile executeParseFile
INFO: dataType is:string
15/02/2006 11:42:22 org.republic.ParseFile executeParseFile
INFO: Getting For:Data3
15/02/2006 11:42:22 org.republic.ParseFile executeParseFile
INFO: data is :AUS000  
15/02/2006 11:42:22 org.republic.ParseFile executeParseFile
INFO: dataType is:string
15/02/2006 11:42:22 org.republic.ParseFile executeParseFile
INFO: Getting For:Data4
15/02/2006 11:42:22 org.republic.ParseFile executeParseFile
INFO: data is :07/10/05
15/02/2006 11:42:22 org.republic.ParseFile executeParseFile
INFO: dataType is:date
15/02/2006 11:42:22 org.republic.ParseFile executeParseFile
INFO: Getting For:Data5
15/02/2006 11:42:22 org.republic.ParseFile executeParseFile
INFO: data is :10  
15/02/2006 11:42:22 org.republic.ParseFile executeParseFile
INFO: dataType is:string
15/02/2006 11:42:22 org.republic.ParseFile executeParseFile
INFO: Getting For:Data6
15/02/2006 11:42:22 org.republic.ParseFile executeParseFile
INFO: data is :312-3144080400    
15/02/2006 11:42:22 org.republic.ParseFile executeParseFile
INFO: dataType is:string
15/02/2006 11:42:22 org.republic.ParseFile executeParseFile
INFO: Getting For:Data7
15/02/2006 11:42:22 org.republic.ParseFile executeParseFile
INFO: data is :    11,280.00
15/02/2006 11:42:22 org.republic.ParseFile executeParseFile
INFO: dataType is:number
15/02/2006 11:42:22 org.republic.ParseFile executeParseFile
INFO: Getting For:Data8
15/02/2006 11:42:22 org.republic.ParseFile executeParseFile
INFO: data is :EA
15/02/2006 11:42:22 org.republic.ParseFile executeParseFile
INFO: dataType is:string
15/02/2006 11:42:22 org.republic.ParseFile executeParseFile
INFO: Getting For:Data9
15/02/2006 11:42:22 org.republic.ParseFile executeParseFile
INFO: data is :      0.102
15/02/2006 11:42:22 org.republic.ParseFile executeParseFile
INFO: dataType is:number
15/02/2006 11:42:22 org.republic.ParseFile executeParseFile
INFO: Getting For:Data10
15/02/2006 11:42:22 org.republic.ParseFile executeParseFile
INFO: data is :       1,150.56
15/02/2006 11:42:22 org.republic.ParseFile executeParseFile
INFO: dataType is:number
15/02/2006 11:42:22 org.republic.ParseFile executeParseFile
INFO: Getting For:Data11
15/02/2006 11:42:22 org.republic.ParseFile executeParseFile
INFO: data is :       1,150.56
15/02/2006 11:42:22 org.republic.ParseFile executeParseFile
INFO: dataType is:number
15/02/2006 11:42:22 org.republic.ParseFile executeParseFile
INFO: Getting For:Data12
15/02/2006 11:42:22 org.republic.ParseFile executeParseFile
INFO: data is :       115.06
15/02/2006 11:42:22 org.republic.ParseFile executeParseFile
INFO: dataType is:number
15/02/2006 11:42:22 org.republic.ParseFile executeParseFile
INFO: Getting For:Data13
15/02/2006 11:42:22 org.republic.ParseFile executeParseFile
INFO: data is :no 
15/02/2006 11:42:22 org.republic.ParseFile executeParseFile
INFO: dataType is:string
15/02/2006 11:42:22 org.republic.ParseFile executeParseFile
INFO: Getting For:Data14
15/02/2006 11:42:22 org.republic.ParseFile executeParseFile
INFO: data is :        
15/02/2006 11:42:22 org.republic.ParseFile executeParseFile
INFO: dataType is:string
15/02/2006 11:42:22 org.republic.ParseFile executeParseFile
INFO: Getting For:Data15
15/02/2006 11:42:22 org.republic.ParseFile executeParseFile
INFO: data is :           
15/02/2006 11:42:22 org.republic.ParseFile executeParseFile
INFO: dataType is:number
15/02/2006 11:42:22 org.republic.ParseFile executeParseFile
INFO: Getting For:Data16
15/02/2006 11:42:22 org.republic.ParseFile executeParseFile
INFO: data is :               
15/02/2006 11:42:22 org.republic.ParseFile executeParseFile
INFO: dataType is:number
15/02/2006 11:42:22 org.republic.ParseFile executeParseFile
INFO: Getting For:Data17
15/02/2006 11:42:22 org.republic.ParseFile executeParseFile
INFO: data is :        
15/02/2006 11:42:22 org.republic.ParseFile executeParseFile
INFO: dataType is:string
15/02/2006 11:42:22 org.republic.ParseFile executeParseFile
INFO: Getting For:Data18
15/02/2006 11:42:22 org.republic.ParseFile executeParseFile
INFO: data is :                  
15/02/2006 11:42:22 org.republic.ParseFile executeParseFile
INFO: dataType is:string
15/02/2006 11:42:22 org.republic.ParseFile executeParseFile
INFO: Getting For:Data19
15/02/2006 11:42:22 org.republic.ParseFile executeParseFile
INFO: data is : 
15/02/2006 11:42:22 org.republic.ParseFile executeParseFile
INFO: dataType is:string
15/02/2006 11:42:22 org.republic.ParseFile executeParseFile
INFO: Getting For:Data20
15/02/2006 11:42:22 org.republic.ParseFile executeParseFile
INFO: data is :no
15/02/2006 11:42:22 org.republic.ParseFile executeParseFile
INFO: dataType is:string
15/02/2006 11:42:22 org.republic.ParseFile executeParseFile
INFO: Getting For:Data21
15/02/2006 11:42:22 org.republic.ParseFile executeParseFile
INFO: data is :PO79334 
15/02/2006 11:42:22 org.republic.ParseFile executeParseFile
INFO: dataType is:string
15/02/2006 11:42:22 org.republic.ParseFile executeParseFile
INFO: Getting For:Data1
15/02/2006 11:42:22 org.republic.ParseFile executeParseFile
INFO: data is :  3
15/02/2006 11:42:22 org.republic.ParseFile executeParseFile
INFO: dataType is:string
15/02/2006 11:42:22 org.republic.ParseFile executeParseFile
INFO: Getting For:Data2
15/02/2006 11:42:22 org.republic.ParseFile executeParseFile
INFO: data is :RC44047 
15/02/2006 11:42:22 org.republic.ParseFile executeParseFile
INFO: dataType is:string
15/02/2006 11:42:22 org.republic.ParseFile executeParseFile
INFO: Getting For:Data3
15/02/2006 11:42:22 org.republic.ParseFile executeParseFile
INFO: data is :GLA000  
15/02/2006 11:42:22 org.republic.ParseFile executeParseFile
INFO: dataType is:string
15/02/2006 11:42:22 org.republic.ParseFile executeParseFile
INFO: Getting For:Data4
15/02/2006 11:42:22 org.republic.ParseFile executeParseFile
INFO: data is :16/12/05
15/02/2006 11:42:22 org.republic.ParseFile executeParseFile
INFO: dataType is:date
15/02/2006 11:42:22 org.republic.ParseFile executeParseFile
INFO: Getting For:Data5
15/02/2006 11:42:22 org.republic.ParseFile executeParseFile
INFO: data is :10  
15/02/2006 11:42:22 org.republic.ParseFile executeParseFile
INFO: dataType is:string
15/02/2006 11:42:22 org.republic.ParseFile executeParseFile
INFO: Getting For:Data6
15/02/2006 11:42:22 org.republic.ParseFile executeParseFile
INFO: data is :342-0451302       
15/02/2006 11:42:22 org.republic.ParseFile executeParseFile
INFO: dataType is:string
15/02/2006 11:42:22 org.republic.ParseFile executeParseFile
INFO: Getting For:Data7
15/02/2006 11:42:22 org.republic.ParseFile executeParseFile
INFO: data is :    10,800.00
15/02/2006 11:42:22 org.republic.ParseFile executeParseFile
INFO: dataType is:number
15/02/2006 11:42:22 org.republic.ParseFile executeParseFile
INFO: Getting For:Data8
15/02/2006 11:42:22 org.republic.ParseFile executeParseFile
INFO: data is :EA
15/02/2006 11:42:22 org.republic.ParseFile executeParseFile
INFO: dataType is:string
15/02/2006 11:42:22 org.republic.ParseFile executeParseFile
INFO: Getting For:Data9
15/02/2006 11:42:22 org.republic.ParseFile executeParseFile
INFO: data is :       0.34
15/02/2006 11:42:22 org.republic.ParseFile executeParseFile
INFO: dataType is:number
15/02/2006 11:42:22 org.republic.ParseFile executeParseFile
INFO: Getting For:Data10
15/02/2006 11:42:22 org.republic.ParseFile executeParseFile
INFO: data is :       3,672.00
15/02/2006 11:42:22 org.republic.ParseFile executeParseFile
INFO: dataType is:number
15/02/2006 11:42:22 org.republic.ParseFile executeParseFile
INFO: Getting For:Data11
15/02/2006 11:42:22 org.republic.ParseFile executeParseFile
INFO: data is :       3,672.00
15/02/2006 11:42:22 org.republic.ParseFile executeParseFile
INFO: dataType is:number
15/02/2006 11:42:22 org.republic.ParseFile executeParseFile
INFO: Getting For:Data12
15/02/2006 11:42:22 org.republic.ParseFile executeParseFile
INFO: data is :       367.20
15/02/2006 11:42:22 org.republic.ParseFile executeParseFile
INFO: dataType is:number
15/02/2006 11:42:22 org.republic.ParseFile executeParseFile
INFO: Getting For:Data13
15/02/2006 11:42:22 org.republic.ParseFile executeParseFile
INFO: data is :no 
15/02/2006 11:42:22 org.republic.ParseFile executeParseFile
INFO: dataType is:string
15/02/2006 11:42:22 org.republic.ParseFile executeParseFile
INFO: Getting For:Data14
15/02/2006 11:42:22 org.republic.ParseFile executeParseFile
INFO: data is :        
15/02/2006 11:42:22 org.republic.ParseFile executeParseFile
INFO: dataType is:string
15/02/2006 11:42:22 org.republic.ParseFile executeParseFile
INFO: Getting For:Data15
15/02/2006 11:42:22 org.republic.ParseFile executeParseFile
INFO: data is :           
15/02/2006 11:42:22 org.republic.ParseFile executeParseFile
INFO: dataType is:number
15/02/2006 11:42:22 org.republic.ParseFile executeParseFile
INFO: Getting For:Data16
15/02/2006 11:42:22 org.republic.ParseFile executeParseFile
INFO: data is :               
15/02/2006 11:42:22 org.republic.ParseFile executeParseFile
INFO: dataType is:number
15/02/2006 11:42:22 org.republic.ParseFile executeParseFile
INFO: Getting For:Data17
15/02/2006 11:42:22 org.republic.ParseFile executeParseFile
INFO: data is :        
15/02/2006 11:42:22 org.republic.ParseFile executeParseFile
INFO: dataType is:string
15/02/2006 11:42:22 org.republic.ParseFile executeParseFile
INFO: Getting For:Data18
15/02/2006 11:42:22 org.republic.ParseFile executeParseFile
INFO: data is :                  
15/02/2006 11:42:22 org.republic.ParseFile executeParseFile
INFO: dataType is:string
15/02/2006 11:42:22 org.republic.ParseFile executeParseFile
INFO: Getting For:Data19
15/02/2006 11:42:22 org.republic.ParseFile executeParseFile
INFO: data is : 
15/02/2006 11:42:22 org.republic.ParseFile executeParseFile
INFO: dataType is:string
15/02/2006 11:42:22 org.republic.ParseFile executeParseFile
INFO: Getting For:Data20
15/02/2006 11:42:22 org.republic.ParseFile executeParseFile
INFO: data is :no
15/02/2006 11:42:22 org.republic.ParseFile executeParseFile
INFO: dataType is:string
15/02/2006 11:42:22 org.republic.ParseFile executeParseFile
INFO: Getting For:Data21
15/02/2006 11:42:22 org.republic.ParseFile executeParseFile
INFO: data is :po79347 
15/02/2006 11:42:22 org.republic.ParseFile executeParseFile
INFO: dataType is:string
15/02/2006 11:42:22 org.republic.ParseFile executeParseFile
INFO: Getting For:Data1
15/02/2006 11:42:22 org.republic.ParseFile executeParseFile
INFO: data is :  6
15/02/2006 11:42:22 org.republic.ParseFile executeParseFile
INFO: dataType is:string
15/02/2006 11:42:22 org.republic.ParseFile executeParseFile
INFO: Getting For:Data2
15/02/2006 11:42:22 org.republic.ParseFile executeParseFile
INFO: data is :RC43953 
15/02/2006 11:42:22 org.republic.ParseFile executeParseFile
INFO: dataType is:string
15/02/2006 11:42:22 org.republic.ParseFile executeParseFile
INFO: Getting For:Data3
15/02/2006 11:42:22 org.republic.ParseFile executeParseFile
INFO: data is :VIS000  
15/02/2006 11:42:22 org.republic.ParseFile executeParseFile
INFO: dataType is:string
15/02/2006 11:42:22 org.republic.ParseFile executeParseFile
INFO: Getting For:Data4
15/02/2006 11:42:22 org.republic.ParseFile executeParseFile
INFO: data is :09/12/05
15/02/2006 11:42:22 org.republic.ParseFile executeParseFile
INFO: dataType is:date
15/02/2006 11:42:22 org.republic.ParseFile executeParseFile
INFO: Getting For:Data5
15/02/2006 11:42:22 org.republic.ParseFile executeParseFile
INFO: data is :10  
15/02/2006 11:42:22 org.republic.ParseFile executeParseFile
INFO: dataType is:string
15/02/2006 11:42:22 org.republic.ParseFile executeParseFile
INFO: Getting For:Data6
15/02/2006 11:42:22 org.republic.ParseFile executeParseFile
INFO: data is :342-0401104       
15/02/2006 11:42:22 org.republic.ParseFile executeParseFile
INFO: dataType is:string
15/02/2006 11:42:22 org.republic.ParseFile executeParseFile
INFO: Getting For:Data7
15/02/2006 11:42:22 org.republic.ParseFile executeParseFile
INFO: data is :      -670.00
15/02/2006 11:42:22 org.republic.ParseFile executeParseFile
INFO: dataType is:number
15/02/2006 11:42:22 org.republic.ParseFile executeParseFile
INFO: Getting For:Data8
15/02/2006 11:42:22 org.republic.ParseFile executeParseFile
INFO: data is :EA
15/02/2006 11:42:22 org.republic.ParseFile executeParseFile
INFO: dataType is:string
15/02/2006 11:42:22 org.republic.ParseFile executeParseFile
INFO: Getting For:Data9
15/02/2006 11:42:22 org.republic.ParseFile executeParseFile
INFO: data is :      0.295
15/02/2006 11:42:22 org.republic.ParseFile executeParseFile
INFO: dataType is:number
15/02/2006 11:42:22 org.republic.ParseFile executeParseFile
INFO: Getting For:Data10
15/02/2006 11:42:22 org.republic.ParseFile executeParseFile
INFO: data is :        -197.65
15/02/2006 11:42:22 org.republic.ParseFile executeParseFile
INFO: dataType is:number
15/02/2006 11:42:22 org.republic.ParseFile executeParseFile
INFO: Getting For:Data11
15/02/2006 11:42:22 org.republic.ParseFile executeParseFile
INFO: data is :        -197.65
15/02/2006 11:42:22 org.republic.ParseFile executeParseFile
INFO: dataType is:number
15/02/2006 11:42:22 org.republic.ParseFile executeParseFile
INFO: Getting For:Data12
15/02/2006 11:42:22 org.republic.ParseFile executeParseFile
INFO: data is :       -19.77
15/02/2006 11:42:22 org.republic.ParseFile executeParseFile
INFO: dataType is:number
15/02/2006 11:42:22 org.republic.ParseFile executeParseFile
INFO: Getting For:Data13
15/02/2006 11:42:22 org.republic.ParseFile executeParseFile
INFO: data is :no 
15/02/2006 11:42:22 org.republic.ParseFile executeParseFile
INFO: dataType is:string
15/02/2006 11:42:22 org.republic.ParseFile executeParseFile
INFO: Getting For:Data14
15/02/2006 11:42:22 org.republic.ParseFile executeParseFile
INFO: data is :        
15/02/2006 11:42:22 org.republic.ParseFile executeParseFile
INFO: dataType is:string
15/02/2006 11:42:22 org.republic.ParseFile executeParseFile
INFO: Getting For:Data15
15/02/2006 11:42:22 org.republic.ParseFile executeParseFile
INFO: data is :           
15/02/2006 11:42:22 org.republic.ParseFile executeParseFile
INFO: dataType is:number
15/02/2006 11:42:22 org.republic.ParseFile executeParseFile
INFO: Getting For:Data16
15/02/2006 11:42:22 org.republic.ParseFile executeParseFile
INFO: data is :               
15/02/2006 11:42:22 org.republic.ParseFile executeParseFile
INFO: dataType is:number
15/02/2006 11:42:22 org.republic.ParseFile executeParseFile
INFO: Getting For:Data17
15/02/2006 11:42:22 org.republic.ParseFile executeParseFile
INFO: data is :        
15/02/2006 11:42:22 org.republic.ParseFile executeParseFile
INFO: dataType is:string
15/02/2006 11:42:22 org.republic.ParseFile executeParseFile
INFO: Getting For:Data18
15/02/2006 11:42:22 org.republic.ParseFile executeParseFile
INFO: data is :                  
15/02/2006 11:42:22 org.republic.ParseFile executeParseFile
INFO: dataType is:string
15/02/2006 11:42:22 org.republic.ParseFile executeParseFile
INFO: Getting For:Data19
15/02/2006 11:42:22 org.republic.ParseFile executeParseFile
INFO: data is : 
15/02/2006 11:42:22 org.republic.ParseFile executeParseFile
INFO: dataType is:string
15/02/2006 11:42:22 org.republic.ParseFile executeParseFile
INFO: Getting For:Data20
15/02/2006 11:42:22 org.republic.ParseFile executeParseFile
INFO: data is :no
15/02/2006 11:42:22 org.republic.ParseFile executeParseFile
INFO: dataType is:string
15/02/2006 11:42:22 org.republic.ParseFile executeParseFile
INFO: Getting For:Data21
15/02/2006 11:42:22 org.republic.ParseFile executeParseFile
INFO: data is :po79347 
15/02/2006 11:42:22 org.republic.ParseFile executeParseFile
INFO: dataType is:string
15/02/2006 11:42:22 org.republic.ParseFile executeParseFile
INFO: Getting For:Data1
15/02/2006 11:42:22 org.republic.ParseFile executeParseFile
INFO: data is :  8
15/02/2006 11:42:22 org.republic.ParseFile executeParseFile
INFO: dataType is:string
15/02/2006 11:42:22 org.republic.ParseFile executeParseFile
INFO: Getting For:Data2
15/02/2006 11:42:22 org.republic.ParseFile executeParseFile
INFO: data is :RC43954 
15/02/2006 11:42:22 org.republic.ParseFile executeParseFile
INFO: dataType is:string
15/02/2006 11:42:22 org.republic.ParseFile executeParseFile
INFO: Getting For:Data3
15/02/2006 11:42:22 org.republic.ParseFile executeParseFile
INFO: data is :VIS000  
15/02/2006 11:42:22 org.republic.ParseFile executeParseFile
INFO: dataType is:string
15/02/2006 11:42:22 org.republic.ParseFile executeParseFile
INFO: Getting For:Data4
15/02/2006 11:42:22 org.republic.ParseFile executeParseFile
INFO: data is :09/12/05
15/02/2006 11:42:22 org.republic.ParseFile executeParseFile
INFO: dataType is:date
15/02/2006 11:42:22 org.republic.ParseFile executeParseFile
INFO: Getting For:Data5
15/02/2006 11:42:22 org.republic.ParseFile executeParseFile
INFO: data is :10  
15/02/2006 11:42:22 org.republic.ParseFile executeParseFile
INFO: dataType is:string
15/02/2006 11:42:22 org.republic.ParseFile executeParseFile
INFO: Getting For:Data6
15/02/2006 11:42:22 org.republic.ParseFile executeParseFile
INFO: data is :342-0403154       
15/02/2006 11:42:22 org.republic.ParseFile executeParseFile
INFO: dataType is:string
15/02/2006 11:42:22 org.republic.ParseFile executeParseFile
INFO: Getting For:Data7
15/02/2006 11:42:22 org.republic.ParseFile executeParseFile
INFO: data is :    -2,030.00
15/02/2006 11:42:22 org.republic.ParseFile executeParseFile
INFO: dataType is:number
15/02/2006 11:42:22 org.republic.ParseFile executeParseFile
INFO: Getting For:Data8
15/02/2006 11:42:22 org.republic.ParseFile executeParseFile
INFO: data is :EA
15/02/2006 11:42:22 org.republic.ParseFile executeParseFile
INFO: dataType is:string
15/02/2006 11:42:22 org.republic.ParseFile executeParseFile
INFO: Getting For:Data9
15/02/2006 11:42:22 org.republic.ParseFile executeParseFile
INFO: data is :      0.295
15/02/2006 11:42:22 org.republic.ParseFile executeParseFile
INFO: dataType is:number
15/02/2006 11:42:22 org.republic.ParseFile executeParseFile
INFO: Getting For:Data10
15/02/2006 11:42:22 org.republic.ParseFile executeParseFile
INFO: data is :        -598.85
15/02/2006 11:42:22 org.republic.ParseFile executeParseFile
INFO: dataType is:number
15/02/2006 11:42:22 org.republic.ParseFile executeParseFile
INFO: Getting For:Data11
15/02/2006 11:42:22 org.republic.ParseFile executeParseFile
INFO: data is :        -598.85
15/02/2006 11:42:22 org.republic.ParseFile executeParseFile
INFO: dataType is:number
15/02/2006 11:42:22 org.republic.ParseFile executeParseFile
INFO: Getting For:Data12
15/02/2006 11:42:22 org.republic.ParseFile executeParseFile
INFO: data is :       -59.89
15/02/2006 11:42:22 org.republic.ParseFile executeParseFile
INFO: dataType is:number
15/02/2006 11:42:22 org.republic.ParseFile executeParseFile
INFO: Getting For:Data13
15/02/2006 11:42:22 org.republic.ParseFile executeParseFile
INFO: data is :no 
15/02/2006 11:42:22 org.republic.ParseFile executeParseFile
INFO: dataType is:string
15/02/2006 11:42:22 org.republic.ParseFile executeParseFile
INFO: Getting For:Data14
15/02/2006 11:42:22 org.republic.ParseFile executeParseFile
INFO: data is :        
15/02/2006 11:42:22 org.republic.ParseFile executeParseFile
INFO: dataType is:string
15/02/2006 11:42:22 org.republic.ParseFile executeParseFile
INFO: Getting For:Data15
15/02/2006 11:42:22 org.republic.ParseFile executeParseFile
INFO: data is :           
15/02/2006 11:42:22 org.republic.ParseFile executeParseFile
INFO: dataType is:number
15/02/2006 11:42:22 org.republic.ParseFile executeParseFile
INFO: Getting For:Data16
15/02/2006 11:42:22 org.republic.ParseFile executeParseFile
INFO: data is :               
15/02/2006 11:42:22 org.republic.ParseFile executeParseFile
INFO: dataType is:number
15/02/2006 11:42:22 org.republic.ParseFile executeParseFile
INFO: Getting For:Data17
15/02/2006 11:42:22 org.republic.ParseFile executeParseFile
INFO: data is :        
15/02/2006 11:42:22 org.republic.ParseFile executeParseFile
INFO: dataType is:string
15/02/2006 11:42:22 org.republic.ParseFile executeParseFile
INFO: Getting For:Data18
15/02/2006 11:42:22 org.republic.ParseFile executeParseFile
INFO: data is :Faulty            
15/02/2006 11:42:22 org.republic.ParseFile executeParseFile
INFO: dataType is:string
15/02/2006 11:42:22 org.republic.ParseFile executeParseFile
INFO: Getting For:Data19
15/02/2006 11:42:22 org.republic.ParseFile executeParseFile
INFO: data is : 
15/02/2006 11:42:22 org.republic.ParseFile executeParseFile
INFO: dataType is:string
15/02/2006 11:42:22 org.republic.ParseFile executeParseFile
INFO: Getting For:Data20
15/02/2006 11:42:22 org.republic.ParseFile executeParseFile
INFO: data is :no
15/02/2006 11:42:22 org.republic.ParseFile executeParseFile
INFO: dataType is:string
15/02/2006 11:42:22 org.republic.ParseFile executeParseFile
INFO: Getting For:Data21
15/02/2006 11:42:22 org.republic.ParseFile executeParseFile
INFO: data is :po79348 
15/02/2006 11:42:22 org.republic.ParseFile executeParseFile
INFO: dataType is:string
15/02/2006 11:42:22 org.republic.ParseFile executeParseFile
INFO: Getting For:Data1
15/02/2006 11:42:22 org.republic.ParseFile executeParseFile
INFO: data is :  6
15/02/2006 11:42:22 org.republic.ParseFile executeParseFile
INFO: dataType is:string
15/02/2006 11:42:22 org.republic.ParseFile executeParseFile
INFO: Getting For:Data2
15/02/2006 11:42:22 org.republic.ParseFile executeParseFile
INFO: data is :RC44059 
15/02/2006 11:42:22 org.republic.ParseFile executeParseFile
INFO: dataType is:string
15/02/2006 11:42:22 org.republic.ParseFile executeParseFile
INFO: Getting For:Data3
15/02/2006 11:42:22 org.republic.ParseFile executeParseFile
INFO: data is :VIS000  
15/02/2006 11:42:22 org.republic.ParseFile executeParseFile
INFO: dataType is:string
15/02/2006 11:42:22 org.republic.ParseFile executeParseFile
INFO: Getting For:Data4
15/02/2006 11:42:22 org.republic.ParseFile executeParseFile
INFO: data is :16/12/05
15/02/2006 11:42:22 org.republic.ParseFile executeParseFile
INFO: dataType is:date
15/02/2006 11:42:22 org.republic.ParseFile executeParseFile
INFO: Getting For:Data5
15/02/2006 11:42:22 org.republic.ParseFile executeParseFile
INFO: data is :10  
15/02/2006 11:42:22 org.republic.ParseFile executeParseFile
INFO: dataType is:string
15/02/2006 11:42:22 org.republic.ParseFile executeParseFile
INFO: Getting For:Data6
15/02/2006 11:42:22 org.republic.ParseFile executeParseFile
INFO: data is :342-0401254       
15/02/2006 11:42:22 org.republic.ParseFile executeParseFile
INFO: dataType is:string
15/02/2006 11:42:22 org.republic.ParseFile executeParseFile
INFO: Getting For:Data7
15/02/2006 11:42:22 org.republic.ParseFile executeParseFile
INFO: data is :    43,715.00
15/02/2006 11:42:22 org.republic.ParseFile executeParseFile
INFO: dataType is:number
15/02/2006 11:42:22 org.republic.ParseFile executeParseFile
INFO: Getting For:Data8
15/02/2006 11:42:22 org.republic.ParseFile executeParseFile
INFO: data is :EA
15/02/2006 11:42:22 org.republic.ParseFile executeParseFile
INFO: dataType is:string
15/02/2006 11:42:22 org.republic.ParseFile executeParseFile
INFO: Getting For:Data9
15/02/2006 11:42:22 org.republic.ParseFile executeParseFile
INFO: data is :      0.295
15/02/2006 11:42:22 org.republic.ParseFile executeParseFile
INFO: dataType is:number
15/02/2006 11:42:22 org.republic.ParseFile executeParseFile
INFO: Getting For:Data10
15/02/2006 11:42:22 org.republic.ParseFile executeParseFile
INFO: data is :      12,895.93
15/02/2006 11:42:22 org.republic.ParseFile executeParseFile
INFO: dataType is:number
15/02/2006 11:42:22 org.republic.ParseFile executeParseFile
INFO: Getting For:Data11
15/02/2006 11:42:22 org.republic.ParseFile executeParseFile
INFO: data is :      12,895.93
15/02/2006 11:42:22 org.republic.ParseFile executeParseFile
INFO: dataType is:number
15/02/2006 11:42:22 org.republic.ParseFile executeParseFile
INFO: Getting For:Data12
15/02/2006 11:42:22 org.republic.ParseFile executeParseFile
INFO: data is :     1,289.59
15/02/2006 11:42:22 org.republic.ParseFile executeParseFile
INFO: dataType is:number
15/02/2006 11:42:22 org.republic.ParseFile executeParseFile
INFO: Getting For:Data13
15/02/2006 11:42:22 org.republic.ParseFile executeParseFile
INFO: data is :no 
15/02/2006 11:42:22 org.republic.ParseFile executeParseFile
INFO: dataType is:string
15/02/2006 11:42:22 org.republic.ParseFile executeParseFile
INFO: Getting For:Data14
15/02/2006 11:42:22 org.republic.ParseFile executeParseFile
INFO: data is :        
15/02/2006 11:42:22 org.republic.ParseFile executeParseFile
INFO: dataType is:string
15/02/2006 11:42:22 org.republic.ParseFile executeParseFile
INFO: Getting For:Data15
15/02/2006 11:42:22 org.republic.ParseFile executeParseFile
INFO: data is :           
15/02/2006 11:42:22 org.republic.ParseFile executeParseFile
INFO: dataType is:number
15/02/2006 11:42:22 org.republic.ParseFile executeParseFile
INFO: Getting For:Data16
15/02/2006 11:42:22 org.republic.ParseFile executeParseFile
INFO: data is :               
15/02/2006 11:42:22 org.republic.ParseFile executeParseFile
INFO: dataType is:number
15/02/2006 11:42:22 org.republic.ParseFile executeParseFile
INFO: Getting For:Data17
15/02/2006 11:42:22 org.republic.ParseFile executeParseFile
INFO: data is :        
15/02/2006 11:42:22 org.republic.ParseFile executeParseFile
INFO: dataType is:string
15/02/2006 11:42:22 org.republic.ParseFile executeParseFile
INFO: Getting For:Data18
15/02/2006 11:42:22 org.republic.ParseFile executeParseFile
INFO: data is :                  
15/02/2006 11:42:22 org.republic.ParseFile executeParseFile
INFO: dataType is:string
15/02/2006 11:42:22 org.republic.ParseFile executeParseFile
INFO: Getting For:Data19
15/02/2006 11:42:22 org.republic.ParseFile executeParseFile
INFO: data is : 
15/02/2006 11:42:22 org.republic.ParseFile executeParseFile
INFO: dataType is:string
15/02/2006 11:42:22 org.republic.ParseFile executeParseFile
INFO: Getting For:Data20
15/02/2006 11:42:22 org.republic.ParseFile executeParseFile
INFO: data is :no
15/02/2006 11:42:22 org.republic.ParseFile executeParseFile
INFO: dataType is:string
15/02/2006 11:42:22 org.republic.ParseFile executeParseFile
INFO: Getting For:Data21
15/02/2006 11:42:22 org.republic.ParseFile executeParseFile
INFO: data is :po79348 
15/02/2006 11:42:22 org.republic.ParseFile executeParseFile
INFO: dataType is:string
15/02/2006 11:42:22 org.republic.ParseFile executeParseFile
INFO: Getting For:Data1
15/02/2006 11:42:22 org.republic.ParseFile executeParseFile
INFO: data is :  7
15/02/2006 11:42:22 org.republic.ParseFile executeParseFile
INFO: dataType is:string
15/02/2006 11:42:22 org.republic.ParseFile executeParseFile
INFO: Getting For:Data2
15/02/2006 11:42:22 org.republic.ParseFile executeParseFile
INFO: data is :RC43964 
15/02/2006 11:42:22 org.republic.ParseFile executeParseFile
INFO: dataType is:string
15/02/2006 11:42:22 org.republic.ParseFile executeParseFile
INFO: Getting For:Data3
15/02/2006 11:42:22 org.republic.ParseFile executeParseFile
INFO: data is :VIS000  
15/02/2006 11:42:22 org.republic.ParseFile executeParseFile
INFO: dataType is:string
15/02/2006 11:42:22 org.republic.ParseFile executeParseFile
INFO: Getting For:Data4
15/02/2006 11:42:22 org.republic.ParseFile executeParseFile
INFO: data is :12/12/05
15/02/2006 11:42:22 org.republic.ParseFile executeParseFile
INFO: dataType is:date
15/02/2006 11:42:22 org.republic.ParseFile executeParseFile
INFO: Getting For:Data5
15/02/2006 11:42:22 org.republic.ParseFile executeParseFile
INFO: data is :10  
15/02/2006 11:42:22 org.republic.ParseFile executeParseFile
INFO: dataType is:string
15/02/2006 11:42:22 org.republic.ParseFile executeParseFile
INFO: Getting For:Data6
15/02/2006 11:42:22 org.republic.ParseFile executeParseFile
INFO: data is :342-0403154       
15/02/2006 11:42:22 org.republic.ParseFile executeParseFile
INFO: dataType is:string
15/02/2006 11:42:22 org.republic.ParseFile executeParseFile
INFO: Getting For:Data7
15/02/2006 11:42:22 org.republic.ParseFile executeParseFile
INFO: data is :    32,130.00
15/02/2006 11:42:22 org.republic.ParseFile executeParseFile
INFO: dataType is:number
15/02/2006 11:42:22 org.republic.ParseFile executeParseFile
INFO: Getting For:Data8
15/02/2006 11:42:22 org.republic.ParseFile executeParseFile
INFO: data is :EA
15/02/2006 11:42:22 org.republic.ParseFile executeParseFile
INFO: dataType is:string
15/02/2006 11:42:22 org.republic.ParseFile executeParseFile
INFO: Getting For:Data9
15/02/2006 11:42:22 org.republic.ParseFile executeParseFile
INFO: data is :      0.295
15/02/2006 11:42:22 org.republic.ParseFile executeParseFile
INFO: dataType is:number
15/02/2006 11:42:22 org.republic.ParseFile executeParseFile
INFO: Getting For:Data10
15/02/2006 11:42:22 org.republic.ParseFile executeParseFile
INFO: data is :       9,478.35
15/02/2006 11:42:22 org.republic.ParseFile executeParseFile
INFO: dataType is:number
15/02/2006 11:42:22 org.republic.ParseFile executeParseFile
INFO: Getting For:Data11
15/02/2006 11:42:22 org.republic.ParseFile executeParseFile
INFO: data is :       9,478.35
15/02/2006 11:42:22 org.republic.ParseFile executeParseFile
INFO: dataType is:number
15/02/2006 11:42:22 org.republic.ParseFile executeParseFile
INFO: Getting For:Data12
15/02/2006 11:42:22 org.republic.ParseFile executeParseFile
INFO: data is :       947.84
15/02/2006 11:42:22 org.republic.ParseFile executeParseFile
INFO: dataType is:number
15/02/2006 11:42:22 org.republic.ParseFile executeParseFile
INFO: Getting For:Data13
15/02/2006 11:42:22 org.republic.ParseFile executeParseFile
INFO: data is :no 
15/02/2006 11:42:22 org.republic.ParseFile executeParseFile
INFO: dataType is:string
15/02/2006 11:42:22 org.republic.ParseFile executeParseFile
INFO: Getting For:Data14
15/02/2006 11:42:22 org.republic.ParseFile executeParseFile
INFO: data is :        
15/02/2006 11:42:22 org.republic.ParseFile executeParseFile
INFO: dataType is:string
15/02/2006 11:42:22 org.republic.ParseFile executeParseFile
INFO: Getting For:Data15
15/02/2006 11:42:22 org.republic.ParseFile executeParseFile
INFO: data is :           
15/02/2006 11:42:22 org.republic.ParseFile executeParseFile
INFO: dataType is:number
15/02/2006 11:42:22 org.republic.ParseFile executeParseFile
INFO: Getting For:Data16
15/02/2006 11:42:22 org.republic.ParseFile executeParseFile
INFO: data is :               
15/02/2006 11:42:22 org.republic.ParseFile executeParseFile
INFO: dataType is:number
15/02/2006 11:42:22 org.republic.ParseFile executeParseFile
INFO: Getting For:Data17
15/02/2006 11:42:22 org.republic.ParseFile executeParseFile
INFO: data is :        
15/02/2006 11:42:22 org.republic.ParseFile executeParseFile
INFO: dataType is:string
15/02/2006 11:42:22 org.republic.ParseFile executeParseFile
INFO: Getting For:Data18
15/02/2006 11:42:22 org.republic.ParseFile executeParseFile
INFO: data is :                  
15/02/2006 11:42:22 org.republic.ParseFile executeParseFile
INFO: dataType is:string
15/02/2006 11:42:22 org.republic.ParseFile executeParseFile
INFO: Getting For:Data19
15/02/2006 11:42:22 org.republic.ParseFile executeParseFile
INFO: data is : 
15/02/2006 11:42:22 org.republic.ParseFile executeParseFile
INFO: dataType is:string
15/02/2006 11:42:22 org.republic.ParseFile executeParseFile
INFO: Getting For:Data20
15/02/2006 11:42:22 org.republic.ParseFile executeParseFile
INFO: data is :no
15/02/2006 11:42:22 org.republic.ParseFile executeParseFile
INFO: dataType is:string
15/02/2006 11:42:22 org.republic.ParseFile executeParseFile
INFO: Getting For:Data21
15/02/2006 11:42:22 org.republic.ParseFile executeParseFile
INFO: data is :po79348 
15/02/2006 11:42:22 org.republic.ParseFile executeParseFile
INFO: dataType is:string
15/02/2006 11:42:22 org.republic.ParseFile executeParseFile
INFO: Getting For:Data1
15/02/2006 11:42:22 org.republic.ParseFile executeParseFile
INFO: data is :  7
15/02/2006 11:42:22 org.republic.ParseFile executeParseFile
INFO: dataType is:string
15/02/2006 11:42:22 org.republic.ParseFile executeParseFile
INFO: Getting For:Data2
15/02/2006 11:42:22 org.republic.ParseFile executeParseFile
INFO: data is :RC44060 
15/02/2006 11:42:22 org.republic.ParseFile executeParseFile
INFO: dataType is:string
15/02/2006 11:42:22 org.republic.ParseFile executeParseFile
INFO: Getting For:Data3
15/02/2006 11:42:22 org.republic.ParseFile executeParseFile
INFO: data is :VIS000  
15/02/2006 11:42:22 org.republic.ParseFile executeParseFile
INFO: dataType is:string
15/02/2006 11:42:22 org.republic.ParseFile executeParseFile
INFO: Getting For:Data4
15/02/2006 11:42:22 org.republic.ParseFile executeParseFile
INFO: data is :16/12/05
15/02/2006 11:42:22 org.republic.ParseFile executeParseFile
INFO: dataType is:date
15/02/2006 11:42:22 org.republic.ParseFile executeParseFile
INFO: Getting For:Data5
15/02/2006 11:42:22 org.republic.ParseFile executeParseFile
INFO: data is :10  
15/02/2006 11:42:22 org.republic.ParseFile executeParseFile
INFO: dataType is:string
15/02/2006 11:42:22 org.republic.ParseFile executeParseFile
INFO: Getting For:Data6
15/02/2006 11:42:22 org.republic.ParseFile executeParseFile
INFO: data is :342-0403154       
15/02/2006 11:42:22 org.republic.ParseFile executeParseFile
INFO: dataType is:string
15/02/2006 11:42:22 org.republic.ParseFile executeParseFile
INFO: Getting For:Data7
15/02/2006 11:42:22 org.republic.ParseFile executeParseFile
INFO: data is :     6,300.00
15/02/2006 11:42:22 org.republic.ParseFile executeParseFile
INFO: dataType is:number
15/02/2006 11:42:22 org.republic.ParseFile executeParseFile
INFO: Getting For:Data8
15/02/2006 11:42:22 org.republic.ParseFile executeParseFile
INFO: data is :EA
15/02/2006 11:42:22 org.republic.ParseFile executeParseFile
INFO: dataType is:string
15/02/2006 11:42:22 org.republic.ParseFile executeParseFile
INFO: Getting For:Data9
15/02/2006 11:42:22 org.republic.ParseFile executeParseFile
INFO: data is :      0.295
15/02/2006 11:42:22 org.republic.ParseFile executeParseFile
INFO: dataType is:number
15/02/2006 11:42:22 org.republic.ParseFile executeParseFile
INFO: Getting For:Data10
15/02/2006 11:42:22 org.republic.ParseFile executeParseFile
INFO: data is :       1,858.50
15/02/2006 11:42:22 org.republic.ParseFile executeParseFile
INFO: dataType is:number
15/02/2006 11:42:22 org.republic.ParseFile executeParseFile
INFO: Getting For:Data11
15/02/2006 11:42:22 org.republic.ParseFile executeParseFile
INFO: data is :       1,858.50
15/02/2006 11:42:22 org.republic.ParseFile executeParseFile
INFO: dataType is:number
15/02/2006 11:42:22 org.republic.ParseFile executeParseFile
INFO: Getting For:Data12
15/02/2006 11:42:22 org.republic.ParseFile executeParseFile
INFO: data is :       185.85
15/02/2006 11:42:22 org.republic.ParseFile executeParseFile
INFO: dataType is:number
15/02/2006 11:42:22 org.republic.ParseFile executeParseFile
INFO: Getting For:Data13
15/02/2006 11:42:22 org.republic.ParseFile executeParseFile
INFO: data is :no 
15/02/2006 11:42:22 org.republic.ParseFile executeParseFile
INFO: dataType is:string
15/02/2006 11:42:22 org.republic.ParseFile executeParseFile
INFO: Getting For:Data14
15/02/2006 11:42:22 org.republic.ParseFile executeParseFile
INFO: data is :        
15/02/2006 11:42:22 org.republic.ParseFile executeParseFile
INFO: dataType is:string
15/02/2006 11:42:22 org.republic.ParseFile executeParseFile
INFO: Getting For:Data15
15/02/2006 11:42:22 org.republic.ParseFile executeParseFile
INFO: data is :           
15/02/2006 11:42:22 org.republic.ParseFile executeParseFile
INFO: dataType is:number
15/02/2006 11:42:22 org.republic.ParseFile executeParseFile
INFO: Getting For:Data16
15/02/2006 11:42:22 org.republic.ParseFile executeParseFile
INFO: data is :               
15/02/2006 11:42:22 org.republic.ParseFile executeParseFile
INFO: dataType is:number
15/02/2006 11:42:22 org.republic.ParseFile executeParseFile
INFO: Getting For:Data17
15/02/2006 11:42:22 org.republic.ParseFile executeParseFile
INFO: data is :        
15/02/2006 11:42:22 org.republic.ParseFile executeParseFile
INFO: dataType is:string
15/02/2006 11:42:22 org.republic.ParseFile executeParseFile
INFO: Getting For:Data18
15/02/2006 11:42:22 org.republic.ParseFile executeParseFile
INFO: data is :                  
15/02/2006 11:42:22 org.republic.ParseFile executeParseFile
INFO: dataType is:string
15/02/2006 11:42:22 org.republic.ParseFile executeParseFile
INFO: Getting For:Data19
15/02/2006 11:42:22 org.republic.ParseFile executeParseFile
INFO: data is : 
15/02/2006 11:42:22 org.republic.ParseFile executeParseFile
INFO: dataType is:string
15/02/2006 11:42:22 org.republic.ParseFile executeParseFile
INFO: Getting For:Data20
15/02/2006 11:42:22 org.republic.ParseFile executeParseFile
INFO: data is :no
15/02/2006 11:42:22 org.republic.ParseFile executeParseFile
INFO: dataType is:string
15/02/2006 11:42:22 org.republic.ParseFile executeParseFile
INFO: Getting For:Data21
15/02/2006 11:42:22 org.republic.ParseFile executeParseFile
INFO: data is :po79348 
15/02/2006 11:42:22 org.republic.ParseFile executeParseFile
INFO: dataType is:string
15/02/2006 11:42:22 org.republic.ParseFile executeParseFile
INFO: Getting For:Data1
15/02/2006 11:42:22 org.republic.ParseFile executeParseFile
INFO: data is :  8
15/02/2006 11:42:22 org.republic.ParseFile executeParseFile
INFO: dataType is:string
15/02/2006 11:42:22 org.republic.ParseFile executeParseFile
INFO: Getting For:Data2
15/02/2006 11:42:22 org.republic.ParseFile executeParseFile
INFO: data is :RC43964 
15/02/2006 11:42:22 org.republic.ParseFile executeParseFile
INFO: dataType is:string
15/02/2006 11:42:22 org.republic.ParseFile executeParseFile
INFO: Getting For:Data3
15/02/2006 11:42:22 org.republic.ParseFile executeParseFile
INFO: data is :VIS000  
15/02/2006 11:42:22 org.republic.ParseFile executeParseFile
INFO: dataType is:string
15/02/2006 11:42:22 org.republic.ParseFile executeParseFile
INFO: Getting For:Data4
15/02/2006 11:42:22 org.republic.ParseFile executeParseFile
INFO: data is :12/12/05
15/02/2006 11:42:22 org.republic.ParseFile executeParseFile
INFO: dataType is:date
15/02/2006 11:42:22 org.republic.ParseFile executeParseFile
INFO: Getting For:Data5
15/02/2006 11:42:22 org.republic.ParseFile executeParseFile
INFO: data is :10  
15/02/2006 11:42:22 org.republic.ParseFile executeParseFile
INFO: dataType is:string
15/02/2006 11:42:22 org.republic.ParseFile executeParseFile
INFO: Getting For:Data6
15/02/2006 11:42:22 org.republic.ParseFile executeParseFile
INFO: data is :342-0430804       
15/02/2006 11:42:22 org.republic.ParseFile executeParseFile
INFO: dataType is:string
15/02/2006 11:42:22 org.republic.ParseFile executeParseFile
INFO: Getting For:Data7
15/02/2006 11:42:22 org.republic.ParseFile executeParseFile
INFO: data is :    19,320.00
15/02/2006 11:42:22 org.republic.ParseFile executeParseFile
INFO: dataType is:number
15/02/2006 11:42:22 org.republic.ParseFile executeParseFile
INFO: Getting For:Data8
15/02/2006 11:42:22 org.republic.ParseFile executeParseFile
INFO: data is :EA
15/02/2006 11:42:22 org.republic.ParseFile executeParseFile
INFO: dataType is:string
15/02/2006 11:42:22 org.republic.ParseFile executeParseFile
INFO: Getting For:Data9
15/02/2006 11:42:22 org.republic.ParseFile executeParseFile
INFO: data is :      0.295
15/02/2006 11:42:22 org.republic.ParseFile executeParseFile
INFO: dataType is:number
15/02/2006 11:42:22 org.republic.ParseFile executeParseFile
INFO: Getting For:Data10
15/02/2006 11:42:22 org.republic.ParseFile executeParseFile
INFO: data is :       5,699.40
15/02/2006 11:42:22 org.republic.ParseFile executeParseFile
INFO: dataType is:number
15/02/2006 11:42:22 org.republic.ParseFile executeParseFile
INFO: Getting For:Data11
15/02/2006 11:42:22 org.republic.ParseFile executeParseFile
INFO: data is :       5,699.40
15/02/2006 11:42:22 org.republic.ParseFile executeParseFile
INFO: dataType is:number
15/02/2006 11:42:22 org.republic.ParseFile executeParseFile
INFO: Getting For:Data12
15/02/2006 11:42:22 org.republic.ParseFile executeParseFile
INFO: data is :       569.94
15/02/2006 11:42:22 org.republic.ParseFile executeParseFile
INFO: dataType is:number
15/02/2006 11:42:22 org.republic.ParseFile executeParseFile
INFO: Getting For:Data13
15/02/2006 11:42:22 org.republic.ParseFile executeParseFile
INFO: data is :no 
15/02/2006 11:42:22 org.republic.ParseFile executeParseFile
INFO: dataType is:string
15/02/2006 11:42:22 org.republic.ParseFile executeParseFile
INFO: Getting For:Data14
15/02/2006 11:42:22 org.republic.ParseFile executeParseFile
INFO: data is :        
15/02/2006 11:42:22 org.republic.ParseFile executeParseFile
INFO: dataType is:string
15/02/2006 11:42:22 org.republic.ParseFile executeParseFile
INFO: Getting For:Data15
15/02/2006 11:42:22 org.republic.ParseFile executeParseFile
INFO: data is :           
15/02/2006 11:42:22 org.republic.ParseFile executeParseFile
INFO: dataType is:number
15/02/2006 11:42:22 org.republic.ParseFile executeParseFile
INFO: Getting For:Data16
15/02/2006 11:42:22 org.republic.ParseFile executeParseFile
INFO: data is :               
15/02/2006 11:42:22 org.republic.ParseFile executeParseFile
INFO: dataType is:number
15/02/2006 11:42:22 org.republic.ParseFile executeParseFile
INFO: Getting For:Data17
15/02/2006 11:42:22 org.republic.ParseFile executeParseFile
INFO: data is :        
15/02/2006 11:42:22 org.republic.ParseFile executeParseFile
INFO: dataType is:string
15/02/2006 11:42:22 org.republic.ParseFile executeParseFile
INFO: Getting For:Data18
15/02/2006 11:42:22 org.republic.ParseFile executeParseFile
INFO: data is :                  
15/02/2006 11:42:22 org.republic.ParseFile executeParseFile
INFO: dataType is:string
15/02/2006 11:42:22 org.republic.ParseFile executeParseFile
INFO: Getting For:Data19
15/02/2006 11:42:22 org.republic.ParseFile executeParseFile
INFO: data is : 
15/02/2006 11:42:22 org.republic.ParseFile executeParseFile
INFO: dataType is:string
15/02/2006 11:42:22 org.republic.ParseFile executeParseFile
INFO: Getting For:Data20
15/02/2006 11:42:22 org.republic.ParseFile executeParseFile
INFO: data is :no
15/02/2006 11:42:22 org.republic.ParseFile executeParseFile
INFO: dataType is:string
15/02/2006 11:42:22 org.republic.ParseFile executeParseFile
INFO: Getting For:Data21
15/02/2006 11:42:22 org.republic.ParseFile executeParseFile
INFO: data is :po79348 
15/02/2006 11:42:22 org.republic.ParseFile executeParseFile
INFO: dataType is:string
15/02/2006 11:42:22 org.republic.ParseFile executeParseFile
INFO: Getting For:Data1
15/02/2006 11:42:22 org.republic.ParseFile executeParseFile
INFO: data is :  9
15/02/2006 11:42:22 org.republic.ParseFile executeParseFile
INFO: dataType is:string
15/02/2006 11:42:22 org.republic.ParseFile executeParseFile
INFO: Getting For:Data2
15/02/2006 11:42:22 org.republic.ParseFile executeParseFile
INFO: data is :RC43964 
15/02/2006 11:42:22 org.republic.ParseFile executeParseFile
INFO: dataType is:string
15/02/2006 11:42:22 org.republic.ParseFile executeParseFile
INFO: Getting For:Data3
15/02/2006 11:42:22 org.republic.ParseFile executeParseFile
INFO: data is :VIS000  
15/02/2006 11:42:22 org.republic.ParseFile executeParseFile
INFO: dataType is:string
15/02/2006 11:42:22 org.republic.ParseFile executeParseFile
INFO: Getting For:Data4
15/02/2006 11:42:22 org.republic.ParseFile executeParseFile
INFO: data is :12/12/05
15/02/2006 11:42:22 org.republic.ParseFile executeParseFile
INFO: dataType is:date
15/02/2006 11:42:22 org.republic.ParseFile executeParseFile
INFO: Getting For:Data5
15/02/2006 11:42:22 org.republic.ParseFile executeParseFile
INFO: data is :10  
15/02/2006 11:42:22 org.republic.ParseFile executeParseFile
INFO: dataType is:string
15/02/2006 11:42:22 org.republic.ParseFile executeParseFile
INFO: Getting For:Data6
15/02/2006 11:42:22 org.republic.ParseFile executeParseFile
INFO: data is :342-0430854       
15/02/2006 11:42:22 org.republic.ParseFile executeParseFile
INFO: dataType is:string
15/02/2006 11:42:22 org.republic.ParseFile executeParseFile
INFO: Getting For:Data7
15/02/2006 11:42:22 org.republic.ParseFile executeParseFile
INFO: data is :    19,530.00
15/02/2006 11:42:22 org.republic.ParseFile executeParseFile
INFO: dataType is:number
15/02/2006 11:42:22 org.republic.ParseFile executeParseFile
INFO: Getting For:Data8
15/02/2006 11:42:22 org.republic.ParseFile executeParseFile
INFO: data is :EA
15/02/2006 11:42:22 org.republic.ParseFile executeParseFile
INFO: dataType is:string
15/02/2006 11:42:22 org.republic.ParseFile executeParseFile
INFO: Getting For:Data9
15/02/2006 11:42:22 org.republic.ParseFile executeParseFile
INFO: data is :      0.295
15/02/2006 11:42:22 org.republic.ParseFile executeParseFile
INFO: dataType is:number
15/02/2006 11:42:22 org.republic.ParseFile executeParseFile
INFO: Getting For:Data10
15/02/2006 11:42:22 org.republic.ParseFile executeParseFile
INFO: data is :       5,761.35
15/02/2006 11:42:22 org.republic.ParseFile executeParseFile
INFO: dataType is:number
15/02/2006 11:42:22 org.republic.ParseFile executeParseFile
INFO: Getting For:Data11
15/02/2006 11:42:22 org.republic.ParseFile executeParseFile
INFO: data is :       5,761.35
15/02/2006 11:42:22 org.republic.ParseFile executeParseFile
INFO: dataType is:number
15/02/2006 11:42:22 org.republic.ParseFile executeParseFile
INFO: Getting For:Data12
15/02/2006 11:42:22 org.republic.ParseFile executeParseFile
INFO: data is :       576.14
15/02/2006 11:42:22 org.republic.ParseFile executeParseFile
INFO: dataType is:number
15/02/2006 11:42:22 org.republic.ParseFile executeParseFile
INFO: Getting For:Data13
15/02/2006 11:42:22 org.republic.ParseFile executeParseFile
INFO: data is :no 
15/02/2006 11:42:22 org.republic.ParseFile executeParseFile
INFO: dataType is:string
15/02/2006 11:42:22 org.republic.ParseFile executeParseFile
INFO: Getting For:Data14
15/02/2006 11:42:22 org.republic.ParseFile executeParseFile
INFO: data is :        
15/02/2006 11:42:22 org.republic.ParseFile executeParseFile
INFO: dataType is:string
15/02/2006 11:42:22 org.republic.ParseFile executeParseFile
INFO: Getting For:Data15
15/02/2006 11:42:22 org.republic.ParseFile executeParseFile
INFO: data is :           
15/02/2006 11:42:22 org.republic.ParseFile executeParseFile
INFO: dataType is:number
15/02/2006 11:42:22 org.republic.ParseFile executeParseFile
INFO: Getting For:Data16
15/02/2006 11:42:22 org.republic.ParseFile executeParseFile
INFO: data is :               
15/02/2006 11:42:22 org.republic.ParseFile executeParseFile
INFO: dataType is:number
15/02/2006 11:42:22 org.republic.ParseFile executeParseFile
INFO: Getting For:Data17
15/02/2006 11:42:22 org.republic.ParseFile executeParseFile
INFO: data is :        
15/02/2006 11:42:22 org.republic.ParseFile executeParseFile
INFO: dataType is:string
15/02/2006 11:42:22 org.republic.ParseFile executeParseFile
INFO: Getting For:Data18
15/02/2006 11:42:22 org.republic.ParseFile executeParseFile
INFO: data is :                  
15/02/2006 11:42:22 org.republic.ParseFile executeParseFile
INFO: dataType is:string
15/02/2006 11:42:22 org.republic.ParseFile executeParseFile
INFO: Getting For:Data19
15/02/2006 11:42:22 org.republic.ParseFile executeParseFile
INFO: data is : 
15/02/2006 11:42:22 org.republic.ParseFile executeParseFile
INFO: dataType is:string
15/02/2006 11:42:22 org.republic.ParseFile executeParseFile
INFO: Getting For:Data20
15/02/2006 11:42:22 org.republic.ParseFile executeParseFile
INFO: data is :no
15/02/2006 11:42:22 org.republic.ParseFile executeParseFile
INFO: dataType is:string
15/02/2006 11:42:22 org.republic.ParseFile executeParseFile
INFO: Getting For:Data21
15/02/2006 11:42:22 org.republic.ParseFile executeParseFile
INFO: data is :PO79384 
15/02/2006 11:42:22 org.republic.ParseFile executeParseFile
INFO: dataType is:string
15/02/2006 11:42:22 org.republic.ParseFile executeParseFile
INFO: Getting For:Data1
15/02/2006 11:42:22 org.republic.ParseFile executeParseFile
INFO: data is :  1
15/02/2006 11:42:22 org.republic.ParseFile executeParseFile
INFO: dataType is:string
15/02/2006 11:42:22 org.republic.ParseFile executeParseFile
INFO: Getting For:Data2
15/02/2006 11:42:22 org.republic.ParseFile executeParseFile
INFO: data is :RC42093 
15/02/2006 11:42:22 org.republic.ParseFile executeParseFile
INFO: dataType is:string
15/02/2006 11:42:22 org.republic.ParseFile executeParseFile
INFO: Getting For:Data3
15/02/2006 11:42:22 org.republic.ParseFile executeParseFile
INFO: data is :BOO004  
15/02/2006 11:42:22 org.republic.ParseFile executeParseFile
INFO: dataType is:string
15/02/2006 11:42:22 org.republic.ParseFile executeParseFile
INFO: Getting For:Data4
15/02/2006 11:42:22 org.republic.ParseFile executeParseFile
INFO: data is :19/08/05
15/02/2006 11:42:22 org.republic.ParseFile executeParseFile
INFO: dataType is:date
15/02/2006 11:42:22 org.republic.ParseFile executeParseFile
INFO: Getting For:Data5
15/02/2006 11:42:22 org.republic.ParseFile executeParseFile
INFO: data is :34  
15/02/2006 11:42:22 org.republic.ParseFile executeParseFile
INFO: dataType is:string
15/02/2006 11:42:22 org.republic.ParseFile executeParseFile
INFO: Getting For:Data6
15/02/2006 11:42:22 org.republic.ParseFile executeParseFile
INFO: data is :799100            
15/02/2006 11:42:22 org.republic.ParseFile executeParseFile
INFO: dataType is:string
15/02/2006 11:42:22 org.republic.ParseFile executeParseFile
INFO: Getting For:Data7
15/02/2006 11:42:22 org.republic.ParseFile executeParseFile
INFO: data is :    17,500.00
15/02/2006 11:42:22 org.republic.ParseFile executeParseFile
INFO: dataType is:number
15/02/2006 11:42:22 org.republic.ParseFile executeParseFile
INFO: Getting For:Data8
15/02/2006 11:42:22 org.republic.ParseFile executeParseFile
INFO: data is :EA
15/02/2006 11:42:22 org.republic.ParseFile executeParseFile
INFO: dataType is:string
15/02/2006 11:42:22 org.republic.ParseFile executeParseFile
INFO: Getting For:Data9
15/02/2006 11:42:22 org.republic.ParseFile executeParseFile
INFO: data is :      0.018
15/02/2006 11:42:22 org.republic.ParseFile executeParseFile
INFO: dataType is:number
15/02/2006 11:42:22 org.republic.ParseFile executeParseFile
INFO: Getting For:Data10
15/02/2006 11:42:22 org.republic.ParseFile executeParseFile
INFO: data is :         315.00
15/02/2006 11:42:22 org.republic.ParseFile executeParseFile
INFO: dataType is:number
15/02/2006 11:42:22 org.republic.ParseFile executeParseFile
INFO: Getting For:Data11
15/02/2006 11:42:22 org.republic.ParseFile executeParseFile
INFO: data is :         315.00
15/02/2006 11:42:22 org.republic.ParseFile executeParseFile
INFO: dataType is:number
15/02/2006 11:42:22 org.republic.ParseFile executeParseFile
INFO: Getting For:Data12
15/02/2006 11:42:22 org.republic.ParseFile executeParseFile
INFO: data is :        31.50
15/02/2006 11:42:22 org.republic.ParseFile executeParseFile
INFO: dataType is:number
15/02/2006 11:42:22 org.republic.ParseFile executeParseFile
INFO: Getting For:Data13
15/02/2006 11:42:22 org.republic.ParseFile executeParseFile
INFO: data is :no 
15/02/2006 11:42:22 org.republic.ParseFile executeParseFile
INFO: dataType is:string
15/02/2006 11:42:22 org.republic.ParseFile executeParseFile
INFO: Getting For:Data14
15/02/2006 11:42:22 org.republic.ParseFile executeParseFile
INFO: data is :        
15/02/2006 11:42:22 org.republic.ParseFile executeParseFile
INFO: dataType is:string
15/02/2006 11:42:22 org.republic.ParseFile executeParseFile
INFO: Getting For:Data15
15/02/2006 11:42:22 org.republic.ParseFile executeParseFile
INFO: data is :           
15/02/2006 11:42:22 org.republic.ParseFile executeParseFile
INFO: dataType is:number
15/02/2006 11:42:22 org.republic.ParseFile executeParseFile
INFO: Getting For:Data16
15/02/2006 11:42:22 org.republic.ParseFile executeParseFile
INFO: data is :               
15/02/2006 11:42:22 org.republic.ParseFile executeParseFile
INFO: dataType is:number
15/02/2006 11:42:22 org.republic.ParseFile executeParseFile
INFO: Getting For:Data17
15/02/2006 11:42:22 org.republic.ParseFile executeParseFile
INFO: data is :        
15/02/2006 11:42:22 org.republic.ParseFile executeParseFile
INFO: dataType is:string
15/02/2006 11:42:22 org.republic.ParseFile executeParseFile
INFO: Getting For:Data18
15/02/2006 11:42:22 org.republic.ParseFile executeParseFile
INFO: data is :B424928           
15/02/2006 11:42:22 org.republic.ParseFile executeParseFile
INFO: dataType is:string
15/02/2006 11:42:22 org.republic.ParseFile executeParseFile
INFO: Getting For:Data19
15/02/2006 11:42:22 org.republic.ParseFile executeParseFile
INFO: data is : 
15/02/2006 11:42:22 org.republic.ParseFile executeParseFile
INFO: dataType is:string
15/02/2006 11:42:22 org.republic.ParseFile executeParseFile
INFO: Getting For:Data20
15/02/2006 11:42:22 org.republic.ParseFile executeParseFile
INFO: data is :no
15/02/2006 11:42:22 org.republic.ParseFile executeParseFile
INFO: dataType is:string
15/02/2006 11:42:22 org.republic.ParseFile executeParseFile
INFO: Getting For:Data21
15/02/2006 11:42:22 org.republic.ParseFile executeParseFile
INFO: data is :PO79489 
15/02/2006 11:42:22 org.republic.ParseFile executeParseFile
INFO: dataType is:string
15/02/2006 11:42:22 org.republic.ParseFile executeParseFile
INFO: Getting For:Data1
15/02/2006 11:42:22 org.republic.ParseFile executeParseFile
INFO: data is :  1
15/02/2006 11:42:22 org.republic.ParseFile executeParseFile
INFO: dataType is:string
15/02/2006 11:42:22 org.republic.ParseFile executeParseFile
INFO: Getting For:Data2
15/02/2006 11:42:22 org.republic.ParseFile executeParseFile
INFO: data is :RC44009 
15/02/2006 11:42:22 org.republic.ParseFile executeParseFile
INFO: dataType is:string
15/02/2006 11:42:22 org.republic.ParseFile executeParseFile
INFO: Getting For:Data3
15/02/2006 11:42:22 org.republic.ParseFile executeParseFile
INFO: data is :ANT001  
15/02/2006 11:42:22 org.republic.ParseFile executeParseFile
INFO: dataType is:string
15/02/2006 11:42:22 org.republic.ParseFile executeParseFile
INFO: Getting For:Data4
15/02/2006 11:42:22 org.republic.ParseFile executeParseFile
INFO: data is :14/12/05
15/02/2006 11:42:22 org.republic.ParseFile executeParseFile
INFO: dataType is:date
15/02/2006 11:42:22 org.republic.ParseFile executeParseFile
INFO: Getting For:Data5
15/02/2006 11:42:22 org.republic.ParseFile executeParseFile
INFO: data is :10  
15/02/2006 11:42:22 org.republic.ParseFile executeParseFile
INFO: dataType is:string
15/02/2006 11:42:22 org.republic.ParseFile executeParseFile
INFO: Getting For:Data6
15/02/2006 11:42:22 org.republic.ParseFile executeParseFile
INFO: data is :310-138251        
15/02/2006 11:42:22 org.republic.ParseFile executeParseFile
INFO: dataType is:string
15/02/2006 11:42:22 org.republic.ParseFile executeParseFile
INFO: Getting For:Data7
15/02/2006 11:42:22 org.republic.ParseFile executeParseFile
INFO: data is :  -115,000.00
15/02/2006 11:42:22 org.republic.ParseFile executeParseFile
INFO: dataType is:number
15/02/2006 11:42:22 org.republic.ParseFile executeParseFile
INFO: Getting For:Data8
15/02/2006 11:42:22 org.republic.ParseFile executeParseFile
INFO: data is :EA
15/02/2006 11:42:22 org.republic.ParseFile executeParseFile
INFO: dataType is:string
15/02/2006 11:42:22 org.republic.ParseFile executeParseFile
INFO: Getting For:Data9
15/02/2006 11:42:22 org.republic.ParseFile executeParseFile
INFO: data is :      0.342
15/02/2006 11:42:22 org.republic.ParseFile executeParseFile
INFO: dataType is:number
15/02/2006 11:42:22 org.republic.ParseFile executeParseFile
INFO: Getting For:Data10
15/02/2006 11:42:22 org.republic.ParseFile executeParseFile
INFO: data is :     -39,330.00
15/02/2006 11:42:22 org.republic.ParseFile executeParseFile
INFO: dataType is:number
15/02/2006 11:42:22 org.republic.ParseFile executeParseFile
INFO: Getting For:Data11
15/02/2006 11:42:22 org.republic.ParseFile executeParseFile
INFO: data is :     -39,330.00
15/02/2006 11:42:22 org.republic.ParseFile executeParseFile
INFO: dataType is:number
15/02/2006 11:42:22 org.republic.ParseFile executeParseFile
INFO: Getting For:Data12
15/02/2006 11:42:22 org.republic.ParseFile executeParseFile
INFO: data is :    -3,933.00
15/02/2006 11:42:22 org.republic.ParseFile executeParseFile
INFO: dataType is:number
15/02/2006 11:42:22 org.republic.ParseFile executeParseFile
INFO: Getting For:Data13
15/02/2006 11:42:22 org.republic.ParseFile executeParseFile
INFO: data is :no 
15/02/2006 11:42:22 org.republic.ParseFile executeParseFile
INFO: dataType is:string
15/02/2006 11:42:22 org.republic.ParseFile executeParseFile
INFO: Getting For:Data14
15/02/2006 11:42:22 org.republic.ParseFile executeParseFile
INFO: data is :        
15/02/2006 11:42:22 org.republic.ParseFile executeParseFile
INFO: dataType is:string
15/02/2006 11:42:22 org.republic.ParseFile executeParseFile
INFO: Getting For:Data15
15/02/2006 11:42:22 org.republic.ParseFile executeParseFile
INFO: data is :           
15/02/2006 11:42:22 org.republic.ParseFile executeParseFile
INFO: dataType is:number
15/02/2006 11:42:22 org.republic.ParseFile executeParseFile
INFO: Getting For:Data16
15/02/2006 11:42:22 org.republic.ParseFile executeParseFile
INFO: data is :               
15/02/2006 11:42:22 org.republic.ParseFile executeParseFile
INFO: dataType is:number
15/02/2006 11:42:22 org.republic.ParseFile executeParseFile
INFO: Getting For:Data17
15/02/2006 11:42:22 org.republic.ParseFile executeParseFile
INFO: data is :        
15/02/2006 11:42:22 org.republic.ParseFile executeParseFile
INFO: dataType is:string
15/02/2006 11:42:22 org.republic.ParseFile executeParseFile
INFO: Getting For:Data18
15/02/2006 11:42:22 org.republic.ParseFile executeParseFile
INFO: data is :ASA-100442        
15/02/2006 11:42:22 org.republic.ParseFile executeParseFile
INFO: dataType is:string
15/02/2006 11:42:22 org.republic.ParseFile executeParseFile
INFO: Getting For:Data19
15/02/2006 11:42:22 org.republic.ParseFile executeParseFile
INFO: data is : 
15/02/2006 11:42:22 org.republic.ParseFile executeParseFile
INFO: dataType is:string
15/02/2006 11:42:22 org.republic.ParseFile executeParseFile
INFO: Getting For:Data20
15/02/2006 11:42:22 org.republic.ParseFile executeParseFile
INFO: data is :no
15/02/2006 11:42:22 org.republic.ParseFile executeParseFile
INFO: dataType is:string
15/02/2006 11:42:22 org.republic.ParseFile executeParseFile
INFO: Getting For:Data21
15/02/2006 11:42:22 org.republic.ParseFile executeParseFile
INFO: data is :PO79489 
15/02/2006 11:42:22 org.republic.ParseFile executeParseFile
INFO: dataType is:string
15/02/2006 11:42:22 org.republic.ParseFile executeParseFile
INFO: Getting For:Data1
15/02/2006 11:42:22 org.republic.ParseFile executeParseFile
INFO: data is :  1
15/02/2006 11:42:22 org.republic.ParseFile executeParseFile
INFO: dataType is:string
15/02/2006 11:42:22 org.republic.ParseFile executeParseFile
INFO: Getting For:Data2
15/02/2006 11:42:22 org.republic.ParseFile executeParseFile
INFO: data is :RC44011 
15/02/2006 11:42:22 org.republic.ParseFile executeParseFile
INFO: dataType is:string
15/02/2006 11:42:22 org.republic.ParseFile executeParseFile
INFO: Getting For:Data3
15/02/2006 11:42:22 org.republic.ParseFile executeParseFile
INFO: data is :ANT001  
15/02/2006 11:42:22 org.republic.ParseFile executeParseFile
INFO: dataType is:string
15/02/2006 11:42:22 org.republic.ParseFile executeParseFile
INFO: Getting For:Data4
15/02/2006 11:42:22 org.republic.ParseFile executeParseFile
INFO: data is :14/12/05
15/02/2006 11:42:22 org.republic.ParseFile executeParseFile
INFO: dataType is:date
15/02/2006 11:42:22 org.republic.ParseFile executeParseFile
INFO: Getting For:Data5
15/02/2006 11:42:22 org.republic.ParseFile executeParseFile
INFO: data is :10  
15/02/2006 11:42:22 org.republic.ParseFile executeParseFile
INFO: dataType is:string
15/02/2006 11:42:22 org.republic.ParseFile executeParseFile
INFO: Getting For:Data6
15/02/2006 11:42:22 org.republic.ParseFile executeParseFile
INFO: data is :310-138251        
15/02/2006 11:42:22 org.republic.ParseFile executeParseFile
INFO: dataType is:string
15/02/2006 11:42:22 org.republic.ParseFile executeParseFile
INFO: Getting For:Data7
15/02/2006 11:42:22 org.republic.ParseFile executeParseFile
INFO: data is :   115,000.00
15/02/2006 11:42:22 org.republic.ParseFile executeParseFile
INFO: dataType is:number
15/02/2006 11:42:22 org.republic.ParseFile executeParseFile
INFO: Getting For:Data8
15/02/2006 11:42:22 org.republic.ParseFile executeParseFile
INFO: data is :EA
15/02/2006 11:42:22 org.republic.ParseFile executeParseFile
INFO: dataType is:string
15/02/2006 11:42:22 org.republic.ParseFile executeParseFile
INFO: Getting For:Data9
15/02/2006 11:42:22 org.republic.ParseFile executeParseFile
INFO: data is :     0.4232
15/02/2006 11:42:22 org.republic.ParseFile executeParseFile
INFO: dataType is:number
15/02/2006 11:42:22 org.republic.ParseFile executeParseFile
INFO: Getting For:Data10
15/02/2006 11:42:22 org.republic.ParseFile executeParseFile
INFO: data is :      48,668.00
15/02/2006 11:42:22 org.republic.ParseFile executeParseFile
INFO: dataType is:number
15/02/2006 11:42:22 org.republic.ParseFile executeParseFile
INFO: Getting For:Data11
15/02/2006 11:42:22 org.republic.ParseFile executeParseFile
INFO: data is :      48,668.00
15/02/2006 11:42:22 org.republic.ParseFile executeParseFile
INFO: dataType is:number
15/02/2006 11:42:22 org.republic.ParseFile executeParseFile
INFO: Getting For:Data12
15/02/2006 11:42:22 org.republic.ParseFile executeParseFile
INFO: data is :     4,866.80
15/02/2006 11:42:22 org.republic.ParseFile executeParseFile
INFO: dataType is:number
15/02/2006 11:42:22 org.republic.ParseFile executeParseFile
INFO: Getting For:Data13
15/02/2006 11:42:22 org.republic.ParseFile executeParseFile
INFO: data is :no 
15/02/2006 11:42:22 org.republic.ParseFile executeParseFile
INFO: dataType is:string
15/02/2006 11:42:22 org.republic.ParseFile executeParseFile
INFO: Getting For:Data14
15/02/2006 11:42:22 org.republic.ParseFile executeParseFile
INFO: data is :        
15/02/2006 11:42:22 org.republic.ParseFile executeParseFile
INFO: dataType is:string
15/02/2006 11:42:22 org.republic.ParseFile executeParseFile
INFO: Getting For:Data15
15/02/2006 11:42:22 org.republic.ParseFile executeParseFile
INFO: data is :           
15/02/2006 11:42:22 org.republic.ParseFile executeParseFile
INFO: dataType is:number
15/02/2006 11:42:22 org.republic.ParseFile executeParseFile
INFO: Getting For:Data16
15/02/2006 11:42:22 org.republic.ParseFile executeParseFile
INFO: data is :               
15/02/2006 11:42:22 org.republic.ParseFile executeParseFile
INFO: dataType is:number
15/02/2006 11:42:22 org.republic.ParseFile executeParseFile
INFO: Getting For:Data17
15/02/2006 11:42:22 org.republic.ParseFile executeParseFile
INFO: data is :        
15/02/2006 11:42:22 org.republic.ParseFile executeParseFile
INFO: dataType is:string
15/02/2006 11:42:22 org.republic.ParseFile executeParseFile
INFO: Getting For:Data18
15/02/2006 11:42:22 org.republic.ParseFile executeParseFile
INFO: data is :ASA-100442        
15/02/2006 11:42:22 org.republic.ParseFile executeParseFile
INFO: dataType is:string
15/02/2006 11:42:22 org.republic.ParseFile executeParseFile
INFO: Getting For:Data19
15/02/2006 11:42:22 org.republic.ParseFile executeParseFile
INFO: data is : 
15/02/2006 11:42:22 org.republic.ParseFile executeParseFile
INFO: dataType is:string
15/02/2006 11:42:22 org.republic.ParseFile executeParseFile
INFO: Getting For:Data20
15/02/2006 11:42:22 org.republic.ParseFile executeParseFile
INFO: data is :no
15/02/2006 11:42:22 org.republic.ParseFile executeParseFile
INFO: dataType is:string
15/02/2006 11:42:22 org.republic.ParseFile executeParseFile
INFO: Getting For:Data21
15/02/2006 11:42:22 org.republic.ParseFile executeParseFile
INFO: data is :PO79489 
15/02/2006 11:42:22 org.republic.ParseFile executeParseFile
INFO: dataType is:string
15/02/2006 11:42:22 org.republic.ParseFile executeParseFile
INFO: Getting For:Data1
15/02/2006 11:42:22 org.republic.ParseFile executeParseFile
INFO: data is :  1
15/02/2006 11:42:22 org.republic.ParseFile executeParseFile
INFO: dataType is:string
15/02/2006 11:42:22 org.republic.ParseFile executeParseFile
INFO: Getting For:Data2
15/02/2006 11:42:22 org.republic.ParseFile executeParseFile
INFO: data is :RC43915 
15/02/2006 11:42:22 org.republic.ParseFile executeParseFile
INFO: dataType is:string
15/02/2006 11:42:22 org.republic.ParseFile executeParseFile
INFO: Getting For:Data3
15/02/2006 11:42:22 org.republic.ParseFile executeParseFile
INFO: data is :ANT001  
15/02/2006 11:42:22 org.republic.ParseFile executeParseFile
INFO: dataType is:string
15/02/2006 11:42:22 org.republic.ParseFile executeParseFile
INFO: Getting For:Data4
15/02/2006 11:42:22 org.republic.ParseFile executeParseFile
INFO: data is :08/12/05
15/02/2006 11:42:22 org.republic.ParseFile executeParseFile
INFO: dataType is:date
15/02/2006 11:42:22 org.republic.ParseFile executeParseFile
INFO: Getting For:Data5
15/02/2006 11:42:22 org.republic.ParseFile executeParseFile
INFO: data is :10  
15/02/2006 11:42:22 org.republic.ParseFile executeParseFile
INFO: dataType is:string
15/02/2006 11:42:22 org.republic.ParseFile executeParseFile
INFO: Getting For:Data6
15/02/2006 11:42:22 org.republic.ParseFile executeParseFile
INFO: data is :310-138251        
15/02/2006 11:42:22 org.republic.ParseFile executeParseFile
INFO: dataType is:string
15/02/2006 11:42:22 org.republic.ParseFile executeParseFile
INFO: Getting For:Data7
15/02/2006 11:42:22 org.republic.ParseFile executeParseFile
INFO: data is :   115,000.00
15/02/2006 11:42:22 org.republic.ParseFile executeParseFile
INFO: dataType is:number
15/02/2006 11:42:22 org.republic.ParseFile executeParseFile
INFO: Getting For:Data8
15/02/2006 11:42:22 org.republic.ParseFile executeParseFile
INFO: data is :EA
15/02/2006 11:42:22 org.republic.ParseFile executeParseFile
INFO: dataType is:string
15/02/2006 11:42:22 org.republic.ParseFile executeParseFile
INFO: Getting For:Data9
15/02/2006 11:42:22 org.republic.ParseFile executeParseFile
INFO: data is :      0.342
15/02/2006 11:42:22 org.republic.ParseFile executeParseFile
INFO: dataType is:number
15/02/2006 11:42:22 org.republic.ParseFile executeParseFile
INFO: Getting For:Data10
15/02/2006 11:42:22 org.republic.ParseFile executeParseFile
INFO: data is :      39,330.00
15/02/2006 11:42:22 org.republic.ParseFile executeParseFile
INFO: dataType is:number
15/02/2006 11:42:22 org.republic.ParseFile executeParseFile
INFO: Getting For:Data11
15/02/2006 11:42:22 org.republic.ParseFile executeParseFile
INFO: data is :      39,330.00
15/02/2006 11:42:22 org.republic.ParseFile executeParseFile
INFO: dataType is:number
15/02/2006 11:42:22 org.republic.ParseFile executeParseFile
INFO: Getting For:Data12
15/02/2006 11:42:22 org.republic.ParseFile executeParseFile
INFO: data is :     3,933.00
15/02/2006 11:42:22 org.republic.ParseFile executeParseFile
INFO: dataType is:number
15/02/2006 11:42:22 org.republic.ParseFile executeParseFile
INFO: Getting For:Data13
15/02/2006 11:42:22 org.republic.ParseFile executeParseFile
INFO: data is :no 
15/02/2006 11:42:22 org.republic.ParseFile executeParseFile
INFO: dataType is:string
15/02/2006 11:42:22 org.republic.ParseFile executeParseFile
INFO: Getting For:Data14
15/02/2006 11:42:22 org.republic.ParseFile executeParseFile
INFO: data is :        
15/02/2006 11:42:22 org.republic.ParseFile executeParseFile
INFO: dataType is:string
15/02/2006 11:42:22 org.republic.ParseFile executeParseFile
INFO: Getting For:Data15
15/02/2006 11:42:22 org.republic.ParseFile executeParseFile
INFO: data is :           
15/02/2006 11:42:22 org.republic.ParseFile executeParseFile
INFO: dataType is:number
15/02/2006 11:42:22 org.republic.ParseFile executeParseFile
INFO: Getting For:Data16
15/02/2006 11:42:22 org.republic.ParseFile executeParseFile
INFO: data is :               
15/02/2006 11:42:22 org.republic.ParseFile executeParseFile
INFO: dataType is:number
15/02/2006 11:42:22 org.republic.ParseFile executeParseFile
INFO: Getting For:Data17
15/02/2006 11:42:22 org.republic.ParseFile executeParseFile
INFO: data is :        
15/02/2006 11:42:22 org.republic.ParseFile executeParseFile
INFO: dataType is:string
15/02/2006 11:42:22 org.republic.ParseFile executeParseFile
INFO: Getting For:Data18
15/02/2006 11:42:22 org.republic.ParseFile executeParseFile
INFO: data is :ASA-100442        
15/02/2006 11:42:22 org.republic.ParseFile executeParseFile
INFO: dataType is:string
15/02/2006 11:42:22 org.republic.ParseFile executeParseFile
INFO: Getting For:Data19
15/02/2006 11:42:22 org.republic.ParseFile executeParseFile
INFO: data is : 
15/02/2006 11:42:22 org.republic.ParseFile executeParseFile
INFO: dataType is:string
15/02/2006 11:42:22 org.republic.ParseFile executeParseFile
INFO: Getting For:Data20
15/02/2006 11:42:22 org.republic.ParseFile executeParseFile
INFO: data is :no
15/02/2006 11:42:22 org.republic.ParseFile executeParseFile
INFO: dataType is:string
15/02/2006 11:42:22 org.republic.ParseFile executeParseFile
INFO: Getting For:Data21
15/02/2006 11:42:22 org.republic.ParseFile executeParseFile
INFO: data is :PO79762 
15/02/2006 11:42:22 org.republic.ParseFile executeParseFile
INFO: dataType is:string
15/02/2006 11:42:22 org.republic.ParseFile executeParseFile
INFO: Getting For:Data1
15/02/2006 11:42:22 org.republic.ParseFile executeParseFile
INFO: data is :  1
15/02/2006 11:42:22 org.republic.ParseFile executeParseFile
INFO: dataType is:string
15/02/2006 11:42:22 org.republic.ParseFile executeParseFile
INFO: Getting For:Data2
15/02/2006 11:42:22 org.republic.ParseFile executeParseFile
INFO: data is :RC42678 
15/02/2006 11:42:22 org.republic.ParseFile executeParseFile
INFO: dataType is:string
15/02/2006 11:42:22 org.republic.ParseFile executeParseFile
INFO: Getting For:Data3
15/02/2006 11:42:22 org.republic.ParseFile executeParseFile
INFO: data is :NIN000  
15/02/2006 11:42:22 org.republic.ParseFile executeParseFile
INFO: dataType is:string
15/02/2006 11:42:22 org.republic.ParseFile executeParseFile
INFO: Getting For:Data4
15/02/2006 11:42:22 org.republic.ParseFile executeParseFile
INFO: data is :27/09/05
15/02/2006 11:42:22 org.republic.ParseFile executeParseFile
INFO: dataType is:date
15/02/2006 11:42:22 org.republic.ParseFile executeParseFile
INFO: Getting For:Data5
15/02/2006 11:42:22 org.republic.ParseFile executeParseFile
INFO: data is :10  
15/02/2006 11:42:22 org.republic.ParseFile executeParseFile
INFO: dataType is:string
15/02/2006 11:42:22 org.republic.ParseFile executeParseFile
INFO: Getting For:Data6
15/02/2006 11:42:22 org.republic.ParseFile executeParseFile
INFO: data is :0078065-0011      
15/02/2006 11:42:22 org.republic.ParseFile executeParseFile
INFO: dataType is:string
15/02/2006 11:42:22 org.republic.ParseFile executeParseFile
INFO: Getting For:Data7
15/02/2006 11:42:22 org.republic.ParseFile executeParseFile
INFO: data is :     1,950.00
15/02/2006 11:42:22 org.republic.ParseFile executeParseFile
INFO: dataType is:number
15/02/2006 11:42:22 org.republic.ParseFile executeParseFile
INFO: Getting For:Data8
15/02/2006 11:42:22 org.republic.ParseFile executeParseFile
INFO: data is :ea
15/02/2006 11:42:22 org.republic.ParseFile executeParseFile
INFO: dataType is:string
15/02/2006 11:42:22 org.republic.ParseFile executeParseFile
INFO: Getting For:Data9
15/02/2006 11:42:22 org.republic.ParseFile executeParseFile
INFO: data is :       0.60
15/02/2006 11:42:22 org.republic.ParseFile executeParseFile
INFO: dataType is:number
15/02/2006 11:42:22 org.republic.ParseFile executeParseFile
INFO: Getting For:Data10
15/02/2006 11:42:22 org.republic.ParseFile executeParseFile
INFO: data is :       1,170.00
15/02/2006 11:42:22 org.republic.ParseFile executeParseFile
INFO: dataType is:number
15/02/2006 11:42:22 org.republic.ParseFile executeParseFile
INFO: Getting For:Data11
15/02/2006 11:42:22 org.republic.ParseFile executeParseFile
INFO: data is :       1,170.00
15/02/2006 11:42:22 org.republic.ParseFile executeParseFile
INFO: dataType is:number
15/02/2006 11:42:22 org.republic.ParseFile executeParseFile
INFO: Getting For:Data12
15/02/2006 11:42:22 org.republic.ParseFile executeParseFile
INFO: data is :       117.00
15/02/2006 11:42:22 org.republic.ParseFile executeParseFile
INFO: dataType is:number
15/02/2006 11:42:22 org.republic.ParseFile executeParseFile
INFO: Getting For:Data13
15/02/2006 11:42:22 org.republic.ParseFile executeParseFile
INFO: data is :no 
15/02/2006 11:42:22 org.republic.ParseFile executeParseFile
INFO: dataType is:string
15/02/2006 11:42:22 org.republic.ParseFile executeParseFile
INFO: Getting For:Data14
15/02/2006 11:42:22 org.republic.ParseFile executeParseFile
INFO: data is :        
15/02/2006 11:42:22 org.republic.ParseFile executeParseFile
INFO: dataType is:string
15/02/2006 11:42:22 org.republic.ParseFile executeParseFile
INFO: Getting For:Data15
15/02/2006 11:42:22 org.republic.ParseFile executeParseFile
INFO: data is :           
15/02/2006 11:42:22 org.republic.ParseFile executeParseFile
INFO: dataType is:number
15/02/2006 11:42:22 org.republic.ParseFile executeParseFile
INFO: Getting For:Data16
15/02/2006 11:42:22 org.republic.ParseFile executeParseFile
INFO: data is :               
15/02/2006 11:42:22 org.republic.ParseFile executeParseFile
INFO: dataType is:number
15/02/2006 11:42:22 org.republic.ParseFile executeParseFile
INFO: Getting For:Data17
15/02/2006 11:42:22 org.republic.ParseFile executeParseFile
INFO: data is :        
15/02/2006 11:42:22 org.republic.ParseFile executeParseFile
INFO: dataType is:string
15/02/2006 11:42:22 org.republic.ParseFile executeParseFile
INFO: Getting For:Data18
15/02/2006 11:42:22 org.republic.ParseFile executeParseFile
INFO: data is :                  
15/02/2006 11:42:22 org.republic.ParseFile executeParseFile
INFO: dataType is:string
15/02/2006 11:42:22 org.republic.ParseFile executeParseFile
INFO: Getting For:Data19
15/02/2006 11:42:22 org.republic.ParseFile executeParseFile
INFO: data is : 
15/02/2006 11:42:22 org.republic.ParseFile executeParseFile
INFO: dataType is:string
15/02/2006 11:42:22 org.republic.ParseFile executeParseFile
INFO: Getting For:Data20
15/02/2006 11:42:22 org.republic.ParseFile executeParseFile
INFO: data is :no
15/02/2006 11:42:22 org.republic.ParseFile executeParseFile
INFO: dataType is:string
15/02/2006 11:42:22 org.republic.ParseFile executeParseFile
INFO: Getting For:Data21
15/02/2006 11:42:22 org.republic.ParseFile executeParseFile
INFO: data is :PO79784 
15/02/2006 11:42:22 org.republic.ParseFile executeParseFile
INFO: dataType is:string
15/02/2006 11:42:22 org.republic.ParseFile executeParseFile
INFO: Getting For:Data1
15/02/2006 11:42:22 org.republic.ParseFile executeParseFile
INFO: data is :  1
15/02/2006 11:42:22 org.republic.ParseFile executeParseFile
INFO: dataType is:string
15/02/2006 11:42:22 org.republic.ParseFile executeParseFile
INFO: Getting For:Data2
15/02/2006 11:42:22 org.republic.ParseFile executeParseFile
INFO: data is :RC44014 
15/02/2006 11:42:22 org.republic.ParseFile executeParseFile
INFO: dataType is:string
15/02/2006 11:42:22 org.republic.ParseFile executeParseFile
INFO: Getting For:Data3
15/02/2006 11:42:22 org.republic.ParseFile executeParseFile
INFO: data is :eve000  
15/02/2006 11:42:22 org.republic.ParseFile executeParseFile
INFO: dataType is:string
15/02/2006 11:42:22 org.republic.ParseFile executeParseFile
INFO: Getting For:Data4
15/02/2006 11:42:22 org.republic.ParseFile executeParseFile
INFO: data is :15/12/05
15/02/2006 11:42:22 org.republic.ParseFile executeParseFile
INFO: dataType is:date
15/02/2006 11:42:22 org.republic.ParseFile executeParseFile
INFO: Getting For:Data5
15/02/2006 11:42:22 org.republic.ParseFile executeParseFile
INFO: data is :10  
15/02/2006 11:42:22 org.republic.ParseFile executeParseFile
INFO: dataType is:string
15/02/2006 11:42:22 org.republic.ParseFile executeParseFile
INFO: Getting For:Data6
15/02/2006 11:42:22 org.republic.ParseFile executeParseFile
INFO: data is :4006110-05100     
15/02/2006 11:42:22 org.republic.ParseFile executeParseFile
INFO: dataType is:string
15/02/2006 11:42:22 org.republic.ParseFile executeParseFile
INFO: Getting For:Data7
15/02/2006 11:42:22 org.republic.ParseFile executeParseFile
INFO: data is :    31,500.00
15/02/2006 11:42:22 org.republic.ParseFile executeParseFile
INFO: dataType is:number
15/02/2006 11:42:22 org.republic.ParseFile executeParseFile
INFO: Getting For:Data8
15/02/2006 11:42:22 org.republic.ParseFile executeParseFile
INFO: data is :EA
15/02/2006 11:42:22 org.republic.ParseFile executeParseFile
INFO: dataType is:string
15/02/2006 11:42:22 org.republic.ParseFile executeParseFile
INFO: Getting For:Data9
15/02/2006 11:42:22 org.republic.ParseFile executeParseFile
INFO: data is :      0.039
15/02/2006 11:42:22 org.republic.ParseFile executeParseFile
INFO: dataType is:number
15/02/2006 11:42:22 org.republic.ParseFile executeParseFile
INFO: Getting For:Data10
15/02/2006 11:42:22 org.republic.ParseFile executeParseFile
INFO: data is :       1,228.50
15/02/2006 11:42:22 org.republic.ParseFile executeParseFile
INFO: dataType is:number
15/02/2006 11:42:22 org.republic.ParseFile executeParseFile
INFO: Getting For:Data11
15/02/2006 11:42:22 org.republic.ParseFile executeParseFile
INFO: data is :       1,228.50
15/02/2006 11:42:22 org.republic.ParseFile executeParseFile
INFO: dataType is:number
15/02/2006 11:42:22 org.republic.ParseFile executeParseFile
INFO: Getting For:Data12
15/02/2006 11:42:22 org.republic.ParseFile executeParseFile
INFO: data is :       122.85
15/02/2006 11:42:22 org.republic.ParseFile executeParseFile
INFO: dataType is:number
15/02/2006 11:42:22 org.republic.ParseFile executeParseFile
INFO: Getting For:Data13
15/02/2006 11:42:22 org.republic.ParseFile executeParseFile
INFO: data is :no 
15/02/2006 11:42:22 org.republic.ParseFile executeParseFile
INFO: dataType is:string
15/02/2006 11:42:22 org.republic.ParseFile executeParseFile
INFO: Getting For:Data14
15/02/2006 11:42:22 org.republic.ParseFile executeParseFile
INFO: data is :        
15/02/2006 11:42:22 org.republic.ParseFile executeParseFile
INFO: dataType is:string
15/02/2006 11:42:22 org.republic.ParseFile executeParseFile
INFO: Getting For:Data15
15/02/2006 11:42:22 org.republic.ParseFile executeParseFile
INFO: data is :           
15/02/2006 11:42:22 org.republic.ParseFile executeParseFile
INFO: dataType is:number
15/02/2006 11:42:22 org.republic.ParseFile executeParseFile
INFO: Getting For:Data16
15/02/2006 11:42:22 org.republic.ParseFile executeParseFile
INFO: data is :               
15/02/2006 11:42:22 org.republic.ParseFile executeParseFile
INFO: dataType is:number
15/02/2006 11:42:22 org.republic.ParseFile executeParseFile
INFO: Getting For:Data17
15/02/2006 11:42:22 org.republic.ParseFile executeParseFile
INFO: data is :        
15/02/2006 11:42:22 org.republic.ParseFile executeParseFile
INFO: dataType is:string
15/02/2006 11:42:22 org.republic.ParseFile executeParseFile
INFO: Getting For:Data18
15/02/2006 11:42:22 org.republic.ParseFile executeParseFile
INFO: data is :                  
15/02/2006 11:42:22 org.republic.ParseFile executeParseFile
INFO: dataType is:string
15/02/2006 11:42:22 org.republic.ParseFile executeParseFile
INFO: Getting For:Data19
15/02/2006 11:42:22 org.republic.ParseFile executeParseFile
INFO: data is : 
15/02/2006 11:42:22 org.republic.ParseFile executeParseFile
INFO: dataType is:string
15/02/2006 11:42:22 org.republic.ParseFile executeParseFile
INFO: Getting For:Data20
15/02/2006 11:42:22 org.republic.ParseFile executeParseFile
INFO: data is :no
15/02/2006 11:42:22 org.republic.ParseFile executeParseFile
INFO: dataType is:string
15/02/2006 11:42:22 org.republic.ParseFile executeParseFile
INFO: Getting For:Data21
15/02/2006 11:42:22 org.republic.ParseFile executeParseFile
INFO: data is :PO79784 
15/02/2006 11:42:22 org.republic.ParseFile executeParseFile
INFO: dataType is:string
15/02/2006 11:42:22 org.republic.ParseFile executeParseFile
INFO: Getting For:Data1
15/02/2006 11:42:22 org.republic.ParseFile executeParseFile
INFO: data is :  2
15/02/2006 11:42:22 org.republic.ParseFile executeParseFile
INFO: dataType is:string
15/02/2006 11:42:22 org.republic.ParseFile executeParseFile
INFO: Getting For:Data2
15/02/2006 11:42:22 org.republic.ParseFile executeParseFile
INFO: data is :RC44014 
15/02/2006 11:42:22 org.republic.ParseFile executeParseFile
INFO: dataType is:string
15/02/2006 11:42:22 org.republic.ParseFile executeParseFile
INFO: Getting For:Data3
15/02/2006 11:42:22 org.republic.ParseFile executeParseFile
INFO: data is :eve000  
15/02/2006 11:42:22 org.republic.ParseFile executeParseFile
INFO: dataType is:string
15/02/2006 11:42:22 org.republic.ParseFile executeParseFile
INFO: Getting For:Data4
15/02/2006 11:42:22 org.republic.ParseFile executeParseFile
INFO: data is :15/12/05
15/02/2006 11:42:22 org.republic.ParseFile executeParseFile
INFO: dataType is:date
15/02/2006 11:42:22 org.republic.ParseFile executeParseFile
INFO: Getting For:Data5
15/02/2006 11:42:22 org.republic.ParseFile executeParseFile
INFO: data is :10  
15/02/2006 11:42:22 org.republic.ParseFile executeParseFile
INFO: dataType is:string
15/02/2006 11:42:22 org.republic.ParseFile executeParseFile
INFO: Getting For:Data6
15/02/2006 11:42:22 org.republic.ParseFile executeParseFile
INFO: data is :4006110-05110     
15/02/2006 11:42:22 org.republic.ParseFile executeParseFile
INFO: dataType is:string
15/02/2006 11:42:22 org.republic.ParseFile executeParseFile
INFO: Getting For:Data7
15/02/2006 11:42:22 org.republic.ParseFile executeParseFile
INFO: data is :    31,500.00
15/02/2006 11:42:22 org.republic.ParseFile executeParseFile
INFO: dataType is:number
15/02/2006 11:42:22 org.republic.ParseFile executeParseFile
INFO: Getting For:Data8
15/02/2006 11:42:22 org.republic.ParseFile executeParseFile
INFO: data is :EA
15/02/2006 11:42:22 org.republic.ParseFile executeParseFile
INFO: dataType is:string
15/02/2006 11:42:22 org.republic.ParseFile executeParseFile
INFO: Getting For:Data9
15/02/2006 11:42:22 org.republic.ParseFile executeParseFile
INFO: data is :      0.039
15/02/2006 11:42:22 org.republic.ParseFile executeParseFile
INFO: dataType is:number
15/02/2006 11:42:22 org.republic.ParseFile executeParseFile
INFO: Getting For:Data10
15/02/2006 11:42:22 org.republic.ParseFile executeParseFile
INFO: data is :       1,228.50
15/02/2006 11:42:22 org.republic.ParseFile executeParseFile
INFO: dataType is:number
15/02/2006 11:42:22 org.republic.ParseFile executeParseFile
INFO: Getting For:Data11
15/02/2006 11:42:22 org.republic.ParseFile executeParseFile
INFO: data is :       1,228.50
15/02/2006 11:42:22 org.republic.ParseFile executeParseFile
INFO: dataType is:number
15/02/2006 11:42:22 org.republic.ParseFile executeParseFile
INFO: Getting For:Data12
15/02/2006 11:42:22 org.republic.ParseFile executeParseFile
INFO: data is :       122.85
15/02/2006 11:42:22 org.republic.ParseFile executeParseFile
INFO: dataType is:number
15/02/2006 11:42:22 org.republic.ParseFile executeParseFile
INFO: Getting For:Data13
15/02/2006 11:42:22 org.republic.ParseFile executeParseFile
INFO: data is :no 
15/02/2006 11:42:22 org.republic.ParseFile executeParseFile
INFO: dataType is:string
15/02/2006 11:42:22 org.republic.ParseFile executeParseFile
INFO: Getting For:Data14
15/02/2006 11:42:22 org.republic.ParseFile executeParseFile
INFO: data is :        
15/02/2006 11:42:22 org.republic.ParseFile executeParseFile
INFO: dataType is:string
15/02/2006 11:42:22 org.republic.ParseFile executeParseFile
INFO: Getting For:Data15
15/02/2006 11:42:22 org.republic.ParseFile executeParseFile
INFO: data is :           
15/02/2006 11:42:22 org.republic.ParseFile executeParseFile
INFO: dataType is:number
15/02/2006 11:42:22 org.republic.ParseFile executeParseFile
INFO: Getting For:Data16
15/02/2006 11:42:22 org.republic.ParseFile executeParseFile
INFO: data is :               
15/02/2006 11:42:22 org.republic.ParseFile executeParseFile
INFO: dataType is:number
15/02/2006 11:42:22 org.republic.ParseFile executeParseFile
INFO: Getting For:Data17
15/02/2006 11:42:22 org.republic.ParseFile executeParseFile
INFO: data is :        
15/02/2006 11:42:22 org.republic.ParseFile executeParseFile
INFO: dataType is:string
15/02/2006 11:42:22 org.republic.ParseFile executeParseFile
INFO: Getting For:Data18
15/02/2006 11:42:22 org.republic.ParseFile executeParseFile
INFO: data is :                  
15/02/2006 11:42:22 org.republic.ParseFile executeParseFile
INFO: dataType is:string
15/02/2006 11:42:22 org.republic.ParseFile executeParseFile
INFO: Getting For:Data19
15/02/2006 11:42:22 org.republic.ParseFile executeParseFile
INFO: data is : 
15/02/2006 11:42:22 org.republic.ParseFile executeParseFile
INFO: dataType is:string
15/02/2006 11:42:22 org.republic.ParseFile executeParseFile
INFO: Getting For:Data20
15/02/2006 11:42:22 org.republic.ParseFile executeParseFile
INFO: data is :no
15/02/2006 11:42:22 org.republic.ParseFile executeParseFile
INFO: dataType is:string
15/02/2006 11:42:22 org.republic.ParseFile executeParseFile
INFO: Getting For:Data21
15/02/2006 11:42:22 org.republic.ParseFile executeParseFile
INFO: data is :PO79828 
15/02/2006 11:42:22 org.republic.ParseFile executeParseFile
INFO: dataType is:string
15/02/2006 11:42:22 org.republic.ParseFile executeParseFile
INFO: Getting For:Data1
15/02/2006 11:42:22 org.republic.ParseFile executeParseFile
INFO: data is :  1
15/02/2006 11:42:22 org.republic.ParseFile executeParseFile
INFO: dataType is:string
15/02/2006 11:42:22 org.republic.ParseFile executeParseFile
INFO: Getting For:Data2
15/02/2006 11:42:22 org.republic.ParseFile executeParseFile
INFO: data is :RC43914 
15/02/2006 11:42:22 org.republic.ParseFile executeParseFile
INFO: dataType is:string
15/02/2006 11:42:22 org.republic.ParseFile executeParseFile
INFO: Getting For:Data3
15/02/2006 11:42:22 org.republic.ParseFile executeParseFile
INFO: data is :AUS000  
15/02/2006 11:42:22 org.republic.ParseFile executeParseFile
INFO: dataType is:string
15/02/2006 11:42:22 org.republic.ParseFile executeParseFile
INFO: Getting For:Data4
15/02/2006 11:42:22 org.republic.ParseFile executeParseFile
INFO: data is :08/12/05
15/02/2006 11:42:22 org.republic.ParseFile executeParseFile
INFO: dataType is:date
15/02/2006 11:42:22 org.republic.ParseFile executeParseFile
INFO: Getting For:Data5
15/02/2006 11:42:22 org.republic.ParseFile executeParseFile
INFO: data is :10  
15/02/2006 11:42:22 org.republic.ParseFile executeParseFile
INFO: dataType is:string
15/02/2006 11:42:22 org.republic.ParseFile executeParseFile
INFO: Getting For:Data6
15/02/2006 11:42:22 org.republic.ParseFile executeParseFile
INFO: data is :312-30600031      
15/02/2006 11:42:22 org.republic.ParseFile executeParseFile
INFO: dataType is:string
15/02/2006 11:42:22 org.republic.ParseFile executeParseFile
INFO: Getting For:Data7
15/02/2006 11:42:22 org.republic.ParseFile executeParseFile
INFO: data is :    38,250.00
15/02/2006 11:42:22 org.republic.ParseFile executeParseFile
INFO: dataType is:number
15/02/2006 11:42:22 org.republic.ParseFile executeParseFile
INFO: Getting For:Data8
15/02/2006 11:42:22 org.republic.ParseFile executeParseFile
INFO: data is :EA
15/02/2006 11:42:22 org.republic.ParseFile executeParseFile
INFO: dataType is:string
15/02/2006 11:42:22 org.republic.ParseFile executeParseFile
INFO: Getting For:Data9
15/02/2006 11:42:22 org.republic.ParseFile executeParseFile
INFO: data is :      0.139
15/02/2006 11:42:22 org.republic.ParseFile executeParseFile
INFO: dataType is:number
15/02/2006 11:42:22 org.republic.ParseFile executeParseFile
INFO: Getting For:Data10
15/02/2006 11:42:22 org.republic.ParseFile executeParseFile
INFO: data is :       5,316.75
15/02/2006 11:42:22 org.republic.ParseFile executeParseFile
INFO: dataType is:number
15/02/2006 11:42:22 org.republic.ParseFile executeParseFile
INFO: Getting For:Data11
15/02/2006 11:42:22 org.republic.ParseFile executeParseFile
INFO: data is :       5,316.75
15/02/2006 11:42:22 org.republic.ParseFile executeParseFile
INFO: dataType is:number
15/02/2006 11:42:22 org.republic.ParseFile executeParseFile
INFO: Getting For:Data12
15/02/2006 11:42:22 org.republic.ParseFile executeParseFile
INFO: data is :       531.68
15/02/2006 11:42:22 org.republic.ParseFile executeParseFile
INFO: dataType is:number
15/02/2006 11:42:22 org.republic.ParseFile executeParseFile
INFO: Getting For:Data13
15/02/2006 11:42:22 org.republic.ParseFile executeParseFile
INFO: data is :no 
15/02/2006 11:42:22 org.republic.ParseFile executeParseFile
INFO: dataType is:string
15/02/2006 11:42:22 org.republic.ParseFile executeParseFile
INFO: Getting For:Data14
15/02/2006 11:42:22 org.republic.ParseFile executeParseFile
INFO: data is :        
15/02/2006 11:42:22 org.republic.ParseFile executeParseFile
INFO: dataType is:string
15/02/2006 11:42:22 org.republic.ParseFile executeParseFile
INFO: Getting For:Data15
15/02/2006 11:42:22 org.republic.ParseFile executeParseFile
INFO: data is :           
15/02/2006 11:42:22 org.republic.ParseFile executeParseFile
INFO: dataType is:number
15/02/2006 11:42:22 org.republic.ParseFile executeParseFile
INFO: Getting For:Data16
15/02/2006 11:42:22 org.republic.ParseFile executeParseFile
INFO: data is :               
15/02/2006 11:42:22 org.republic.ParseFile executeParseFile
INFO: dataType is:number
15/02/2006 11:42:22 org.republic.ParseFile executeParseFile
INFO: Getting For:Data17
15/02/2006 11:42:22 org.republic.ParseFile executeParseFile
INFO: data is :        
15/02/2006 11:42:22 org.republic.ParseFile executeParseFile
INFO: dataType is:string
15/02/2006 11:42:22 org.republic.ParseFile executeParseFile
INFO: Getting For:Data18
15/02/2006 11:42:22 org.republic.ParseFile executeParseFile
INFO: data is :                  
15/02/2006 11:42:22 org.republic.ParseFile executeParseFile
INFO: dataType is:string
15/02/2006 11:42:22 org.republic.ParseFile executeParseFile
INFO: Getting For:Data19
15/02/2006 11:42:22 org.republic.ParseFile executeParseFile
INFO: data is : 
15/02/2006 11:42:22 org.republic.ParseFile executeParseFile
INFO: dataType is:string
15/02/2006 11:42:22 org.republic.ParseFile executeParseFile
INFO: Getting For:Data20
15/02/2006 11:42:22 org.republic.ParseFile executeParseFile
INFO: data is :no
15/02/2006 11:42:22 org.republic.ParseFile executeParseFile
INFO: dataType is:string
15/02/2006 11:42:22 org.republic.ParseFile executeParseFile
INFO: Getting For:Data21
15/02/2006 11:42:22 org.republic.ParseFile executeParseFile
INFO: data is :PO79839 
15/02/2006 11:42:22 org.republic.ParseFile executeParseFile
INFO: dataType is:string
15/02/2006 11:42:22 org.republic.ParseFile executeParseFile
INFO: Getting For:Data1
15/02/2006 11:42:22 org.republic.ParseFile executeParseFile
INFO: data is :  2
15/02/2006 11:42:22 org.republic.ParseFile executeParseFile
INFO: dataType is:string
15/02/2006 11:42:22 org.republic.ParseFile executeParseFile
INFO: Getting For:Data2
15/02/2006 11:42:22 org.republic.ParseFile executeParseFile
INFO: data is :RC43907 
15/02/2006 11:42:22 org.republic.ParseFile executeParseFile
INFO: dataType is:string
15/02/2006 11:42:22 org.republic.ParseFile executeParseFile
INFO: Getting For:Data3
15/02/2006 11:42:22 org.republic.ParseFile executeParseFile
INFO: data is :amc000  
15/02/2006 11:42:22 org.republic.ParseFile executeParseFile
INFO: dataType is:string
15/02/2006 11:42:22 org.republic.ParseFile executeParseFile
INFO: Getting For:Data4
15/02/2006 11:42:22 org.republic.ParseFile executeParseFile
INFO: data is :08/12/05
15/02/2006 11:42:22 org.republic.ParseFile executeParseFile
INFO: dataType is:date
15/02/2006 11:42:22 org.republic.ParseFile executeParseFile
INFO: Getting For:Data5
15/02/2006 11:42:22 org.republic.ParseFile executeParseFile
INFO: data is :10  
15/02/2006 11:42:22 org.republic.ParseFile executeParseFile
INFO: dataType is:string
15/02/2006 11:42:22 org.republic.ParseFile executeParseFile
INFO: Getting For:Data6
15/02/2006 11:42:22 org.republic.ParseFile executeParseFile
INFO: data is :341-0060401       
15/02/2006 11:42:22 org.republic.ParseFile executeParseFile
INFO: dataType is:string
15/02/2006 11:42:22 org.republic.ParseFile executeParseFile
INFO: Getting For:Data7
15/02/2006 11:42:22 org.republic.ParseFile executeParseFile
INFO: data is :      -421.00
15/02/2006 11:42:22 org.republic.ParseFile executeParseFile
INFO: dataType is:number
15/02/2006 11:42:22 org.republic.ParseFile executeParseFile
INFO: Getting For:Data8
15/02/2006 11:42:22 org.republic.ParseFile executeParseFile
INFO: data is :EA
15/02/2006 11:42:22 org.republic.ParseFile executeParseFile
INFO: dataType is:string
15/02/2006 11:42:22 org.republic.ParseFile executeParseFile
INFO: Getting For:Data9
15/02/2006 11:42:22 org.republic.ParseFile executeParseFile
INFO: data is :    0.53472
15/02/2006 11:42:22 org.republic.ParseFile executeParseFile
INFO: dataType is:number
15/02/2006 11:42:22 org.republic.ParseFile executeParseFile
INFO: Getting For:Data10
15/02/2006 11:42:22 org.republic.ParseFile executeParseFile
INFO: data is :        -225.12
15/02/2006 11:42:22 org.republic.ParseFile executeParseFile
INFO: dataType is:number
15/02/2006 11:42:22 org.republic.ParseFile executeParseFile
INFO: Getting For:Data11
15/02/2006 11:42:22 org.republic.ParseFile executeParseFile
INFO: data is :        -225.12
15/02/2006 11:42:22 org.republic.ParseFile executeParseFile
INFO: dataType is:number
15/02/2006 11:42:22 org.republic.ParseFile executeParseFile
INFO: Getting For:Data12
15/02/2006 11:42:22 org.republic.ParseFile executeParseFile
INFO: data is :       -22.51
15/02/2006 11:42:22 org.republic.ParseFile executeParseFile
INFO: dataType is:number
15/02/2006 11:42:22 org.republic.ParseFile executeParseFile
INFO: Getting For:Data13
15/02/2006 11:42:22 org.republic.ParseFile executeParseFile
INFO: data is :no 
15/02/2006 11:42:22 org.republic.ParseFile executeParseFile
INFO: dataType is:string
15/02/2006 11:42:22 org.republic.ParseFile executeParseFile
INFO: Getting For:Data14
15/02/2006 11:42:22 org.republic.ParseFile executeParseFile
INFO: data is :        
15/02/2006 11:42:22 org.republic.ParseFile executeParseFile
INFO: dataType is:string
15/02/2006 11:42:22 org.republic.ParseFile executeParseFile
INFO: Getting For:Data15
15/02/2006 11:42:22 org.republic.ParseFile executeParseFile
INFO: data is :           
15/02/2006 11:42:22 org.republic.ParseFile executeParseFile
INFO: dataType is:number
15/02/2006 11:42:22 org.republic.ParseFile executeParseFile
INFO: Getting For:Data16
15/02/2006 11:42:22 org.republic.ParseFile executeParseFile
INFO: data is :               
15/02/2006 11:42:22 org.republic.ParseFile executeParseFile
INFO: dataType is:number
15/02/2006 11:42:22 org.republic.ParseFile executeParseFile
INFO: Getting For:Data17
15/02/2006 11:42:22 org.republic.ParseFile executeParseFile
INFO: data is :        
15/02/2006 11:42:22 org.republic.ParseFile executeParseFile
INFO: dataType is:string
15/02/2006 11:42:22 org.republic.ParseFile executeParseFile
INFO: Getting For:Data18
15/02/2006 11:42:22 org.republic.ParseFile executeParseFile
INFO: data is :Delaminated       
15/02/2006 11:42:22 org.republic.ParseFile executeParseFile
INFO: dataType is:string
15/02/2006 11:42:22 org.republic.ParseFile executeParseFile
INFO: Getting For:Data19
15/02/2006 11:42:22 org.republic.ParseFile executeParseFile
INFO: data is : 
15/02/2006 11:42:22 org.republic.ParseFile executeParseFile
INFO: dataType is:string
15/02/2006 11:42:22 org.republic.ParseFile executeParseFile
INFO: Getting For:Data20
15/02/2006 11:42:22 org.republic.ParseFile executeParseFile
INFO: data is :no
15/02/2006 11:42:22 org.republic.ParseFile executeParseFile
INFO: dataType is:string
15/02/2006 11:42:22 org.republic.ParseFile executeParseFile
INFO: Getting For:Data21
15/02/2006 11:42:22 org.republic.ParseFile executeParseFile
INFO: data is :po79982 
15/02/2006 11:42:22 org.republic.ParseFile executeParseFile
INFO: dataType is:string
15/02/2006 11:42:22 org.republic.ParseFile executeParseFile
INFO: Getting For:Data1
15/02/2006 11:42:22 org.republic.ParseFile executeParseFile
INFO: data is :  1
15/02/2006 11:42:22 org.republic.ParseFile executeParseFile
INFO: dataType is:string
15/02/2006 11:42:22 org.republic.ParseFile executeParseFile
INFO: Getting For:Data2
15/02/2006 11:42:22 org.republic.ParseFile executeParseFile
INFO: data is :RC43909 
15/02/2006 11:42:22 org.republic.ParseFile executeParseFile
INFO: dataType is:string
15/02/2006 11:42:22 org.republic.ParseFile executeParseFile
INFO: Getting For:Data3
15/02/2006 11:42:22 org.republic.ParseFile executeParseFile
INFO: data is :AMC000  
15/02/2006 11:42:22 org.republic.ParseFile executeParseFile
INFO: dataType is:string
15/02/2006 11:42:22 org.republic.ParseFile executeParseFile
INFO: Getting For:Data4
15/02/2006 11:42:22 org.republic.ParseFile executeParseFile
INFO: data is :08/12/05
15/02/2006 11:42:22 org.republic.ParseFile executeParseFile
INFO: dataType is:date
15/02/2006 11:42:22 org.republic.ParseFile executeParseFile
INFO: Getting For:Data5
15/02/2006 11:42:22 org.republic.ParseFile executeParseFile
INFO: data is :10  
15/02/2006 11:42:22 org.republic.ParseFile executeParseFile
INFO: dataType is:string
15/02/2006 11:42:22 org.republic.ParseFile executeParseFile
INFO: Getting For:Data6
15/02/2006 11:42:22 org.republic.ParseFile executeParseFile
INFO: data is :341-0362851       
15/02/2006 11:42:22 org.republic.ParseFile executeParseFile
INFO: dataType is:string
15/02/2006 11:42:22 org.republic.ParseFile executeParseFile
INFO: Getting For:Data7
15/02/2006 11:42:22 org.republic.ParseFile executeParseFile
INFO: data is :       -57.00
15/02/2006 11:42:22 org.republic.ParseFile executeParseFile
INFO: dataType is:number
15/02/2006 11:42:22 org.republic.ParseFile executeParseFile
INFO: Getting For:Data8
15/02/2006 11:42:22 org.republic.ParseFile executeParseFile
INFO: data is :EA
15/02/2006 11:42:22 org.republic.ParseFile executeParseFile
INFO: dataType is:string
15/02/2006 11:42:22 org.republic.ParseFile executeParseFile
INFO: Getting For:Data9
15/02/2006 11:42:22 org.republic.ParseFile executeParseFile
INFO: data is :    0.58752
15/02/2006 11:42:22 org.republic.ParseFile executeParseFile
INFO: dataType is:number
15/02/2006 11:42:22 org.republic.ParseFile executeParseFile
INFO: Getting For:Data10
15/02/2006 11:42:22 org.republic.ParseFile executeParseFile
INFO: data is :         -33.49
15/02/2006 11:42:22 org.republic.ParseFile executeParseFile
INFO: dataType is:number
15/02/2006 11:42:22 org.republic.ParseFile executeParseFile
INFO: Getting For:Data11
15/02/2006 11:42:22 org.republic.ParseFile executeParseFile
INFO: data is :         -33.49
15/02/2006 11:42:22 org.republic.ParseFile executeParseFile
INFO: dataType is:number
15/02/2006 11:42:22 org.republic.ParseFile executeParseFile
INFO: Getting For:Data12
15/02/2006 11:42:22 org.republic.ParseFile executeParseFile
INFO: data is :        -3.35
15/02/2006 11:42:22 org.republic.ParseFile executeParseFile
INFO: dataType is:number
15/02/2006 11:42:22 org.republic.ParseFile executeParseFile
INFO: Getting For:Data13
15/02/2006 11:42:22 org.republic.ParseFile executeParseFile
INFO: data is :no 
15/02/2006 11:42:22 org.republic.ParseFile executeParseFile
INFO: dataType is:string
15/02/2006 11:42:22 org.republic.ParseFile executeParseFile
INFO: Getting For:Data14
15/02/2006 11:42:22 org.republic.ParseFile executeParseFile
INFO: data is :        
15/02/2006 11:42:22 org.republic.ParseFile executeParseFile
INFO: dataType is:string
15/02/2006 11:42:22 org.republic.ParseFile executeParseFile
INFO: Getting For:Data15
15/02/2006 11:42:22 org.republic.ParseFile executeParseFile
INFO: data is :           
15/02/2006 11:42:22 org.republic.ParseFile executeParseFile
INFO: dataType is:number
15/02/2006 11:42:22 org.republic.ParseFile executeParseFile
INFO: Getting For:Data16
15/02/2006 11:42:22 org.republic.ParseFile executeParseFile
INFO: data is :               
15/02/2006 11:42:22 org.republic.ParseFile executeParseFile
INFO: dataType is:number
15/02/2006 11:42:22 org.republic.ParseFile executeParseFile
INFO: Getting For:Data17
15/02/2006 11:42:22 org.republic.ParseFile executeParseFile
INFO: data is :        
15/02/2006 11:42:22 org.republic.ParseFile executeParseFile
INFO: dataType is:string
15/02/2006 11:42:22 org.republic.ParseFile executeParseFile
INFO: Getting For:Data18
15/02/2006 11:42:22 org.republic.ParseFile executeParseFile
INFO: data is :No Glue           
15/02/2006 11:42:22 org.republic.ParseFile executeParseFile
INFO: dataType is:string
15/02/2006 11:42:22 org.republic.ParseFile executeParseFile
INFO: Getting For:Data19
15/02/2006 11:42:22 org.republic.ParseFile executeParseFile
INFO: data is : 
15/02/2006 11:42:22 org.republic.ParseFile executeParseFile
INFO: dataType is:string
15/02/2006 11:42:22 org.republic.ParseFile executeParseFile
INFO: Getting For:Data20
15/02/2006 11:42:22 org.republic.ParseFile executeParseFile
INFO: data is :no
15/02/2006 11:42:22 org.republic.ParseFile executeParseFile
INFO: dataType is:string
15/02/2006 11:42:22 org.republic.ParseFile executeParseFile
INFO: Getting For:Data21
15/02/2006 11:42:22 org.republic.ParseFile executeParseFile
INFO: data is :PO79996 
15/02/2006 11:42:22 org.republic.ParseFile executeParseFile
INFO: dataType is:string
15/02/2006 11:42:22 org.republic.ParseFile executeParseFile
INFO: Getting For:Data1
15/02/2006 11:42:22 org.republic.ParseFile executeParseFile
INFO: data is :  3
15/02/2006 11:42:22 org.republic.ParseFile executeParseFile
INFO: dataType is:string
15/02/2006 11:42:22 org.republic.ParseFile executeParseFile
INFO: Getting For:Data2
15/02/2006 11:42:22 org.republic.ParseFile executeParseFile
INFO: data is :RC44117 
15/02/2006 11:42:22 org.republic.ParseFile executeParseFile
INFO: dataType is:string
15/02/2006 11:42:22 org.republic.ParseFile executeParseFile
INFO: Getting For:Data3
15/02/2006 11:42:22 org.republic.ParseFile executeParseFile
INFO: data is :LIV000  
15/02/2006 11:42:22 org.republic.ParseFile executeParseFile
INFO: dataType is:string
15/02/2006 11:42:22 org.republic.ParseFile executeParseFile
INFO: Getting For:Data4
15/02/2006 11:42:22 org.republic.ParseFile executeParseFile
INFO: data is :20/12/05
15/02/2006 11:42:22 org.republic.ParseFile executeParseFile
INFO: dataType is:date
15/02/2006 11:42:22 org.republic.ParseFile executeParseFile
INFO: Getting For:Data5
15/02/2006 11:42:22 org.republic.ParseFile executeParseFile
INFO: data is :11  
15/02/2006 11:42:22 org.republic.ParseFile executeParseFile
INFO: dataType is:string
15/02/2006 11:42:22 org.republic.ParseFile executeParseFile
INFO: Getting For:Data6
15/02/2006 11:42:22 org.republic.ParseFile executeParseFile
INFO: data is :CS22X22-2         
15/02/2006 11:42:22 org.republic.ParseFile executeParseFile
INFO: dataType is:string
15/02/2006 11:42:22 org.republic.ParseFile executeParseFile
INFO: Getting For:Data7
15/02/2006 11:42:22 org.republic.ParseFile executeParseFile
INFO: data is :        10.00
15/02/2006 11:42:22 org.republic.ParseFile executeParseFile
INFO: dataType is:number
15/02/2006 11:42:22 org.republic.ParseFile executeParseFile
INFO: Getting For:Data8
15/02/2006 11:42:22 org.republic.ParseFile executeParseFile
INFO: data is :EA
15/02/2006 11:42:22 org.republic.ParseFile executeParseFile
INFO: dataType is:string
15/02/2006 11:42:22 org.republic.ParseFile executeParseFile
INFO: Getting For:Data9
15/02/2006 11:42:22 org.republic.ParseFile executeParseFile
INFO: data is :       2.80
15/02/2006 11:42:22 org.republic.ParseFile executeParseFile
INFO: dataType is:number
15/02/2006 11:42:22 org.republic.ParseFile executeParseFile
INFO: Getting For:Data10
15/02/2006 11:42:22 org.republic.ParseFile executeParseFile
INFO: data is :          28.00
15/02/2006 11:42:22 org.republic.ParseFile executeParseFile
INFO: dataType is:number
15/02/2006 11:42:22 org.republic.ParseFile executeParseFile
INFO: Getting For:Data11
15/02/2006 11:42:22 org.republic.ParseFile executeParseFile
INFO: data is :          28.00
15/02/2006 11:42:22 org.republic.ParseFile executeParseFile
INFO: dataType is:number
15/02/2006 11:42:22 org.republic.ParseFile executeParseFile
INFO: Getting For:Data12
15/02/2006 11:42:22 org.republic.ParseFile executeParseFile
INFO: data is :         2.80
15/02/2006 11:42:22 org.republic.ParseFile executeParseFile
INFO: dataType is:number
15/02/2006 11:42:22 org.republic.ParseFile executeParseFile
INFO: Getting For:Data13
15/02/2006 11:42:22 org.republic.ParseFile executeParseFile
INFO: data is :no 
15/02/2006 11:42:22 org.republic.ParseFile executeParseFile
INFO: dataType is:string
15/02/2006 11:42:22 org.republic.ParseFile executeParseFile
INFO: Getting For:Data14
15/02/2006 11:42:22 org.republic.ParseFile executeParseFile
INFO: data is :        
15/02/2006 11:42:22 org.republic.ParseFile executeParseFile
INFO: dataType is:string
15/02/2006 11:42:22 org.republic.ParseFile executeParseFile
INFO: Getting For:Data15
15/02/2006 11:42:22 org.republic.ParseFile executeParseFile
INFO: data is :           
15/02/2006 11:42:22 org.republic.ParseFile executeParseFile
INFO: dataType is:number
15/02/2006 11:42:22 org.republic.ParseFile executeParseFile
INFO: Getting For:Data16
15/02/2006 11:42:22 org.republic.ParseFile executeParseFile
INFO: data is :               
15/02/2006 11:42:22 org.republic.ParseFile executeParseFile
INFO: dataType is:number
15/02/2006 11:42:22 org.republic.ParseFile executeParseFile
INFO: Getting For:Data17
15/02/2006 11:42:22 org.republic.ParseFile executeParseFile
INFO: data is :        
15/02/2006 11:42:22 org.republic.ParseFile executeParseFile
INFO: dataType is:string
15/02/2006 11:42:22 org.republic.ParseFile executeParseFile
INFO: Getting For:Data18
15/02/2006 11:42:22 org.republic.ParseFile executeParseFile
INFO: data is :                  
15/02/2006 11:42:22 org.republic.ParseFile executeParseFile
INFO: dataType is:string
15/02/2006 11:42:22 org.republic.ParseFile executeParseFile
INFO: Getting For:Data19
15/02/2006 11:42:22 org.republic.ParseFile executeParseFile
INFO: data is : 
15/02/2006 11:42:22 org.republic.ParseFile executeParseFile
INFO: dataType is:string
15/02/2006 11:42:22 org.republic.ParseFile executeParseFile
INFO: Getting For:Data20
15/02/2006 11:42:22 org.republic.ParseFile executeParseFile
INFO: data is :no
15/02/2006 11:42:22 org.republic.ParseFile executeParseFile
INFO: dataType is:string
15/02/2006 11:42:22 org.republic.ParseFile executeParseFile
INFO: Getting For:Data21
15/02/2006 11:42:22 org.republic.ParseFile executeParseFile
INFO: data is :PO79996 
15/02/2006 11:42:22 org.republic.ParseFile executeParseFile
INFO: dataType is:string
15/02/2006 11:42:22 org.republic.ParseFile executeParseFile
INFO: Getting For:Data1
15/02/2006 11:42:22 org.republic.ParseFile executeParseFile
INFO: data is :  8
15/02/2006 11:42:22 org.republic.ParseFile executeParseFile
INFO: dataType is:string
15/02/2006 11:42:22 org.republic.ParseFile executeParseFile
INFO: Getting For:Data2
15/02/2006 11:42:22 org.republic.ParseFile executeParseFile
INFO: data is :RC44117 
15/02/2006 11:42:22 org.republic.ParseFile executeParseFile
INFO: dataType is:string
15/02/2006 11:42:22 org.republic.ParseFile executeParseFile
INFO: Getting For:Data3
15/02/2006 11:42:22 org.republic.ParseFile executeParseFile
INFO: data is :LIV000  
15/02/2006 11:42:22 org.republic.ParseFile executeParseFile
INFO: dataType is:string
15/02/2006 11:42:22 org.republic.ParseFile executeParseFile
INFO: Getting For:Data4
15/02/2006 11:42:22 org.republic.ParseFile executeParseFile
INFO: data is :20/12/05
15/02/2006 11:42:22 org.republic.ParseFile executeParseFile
INFO: dataType is:date
15/02/2006 11:42:22 org.republic.ParseFile executeParseFile
INFO: Getting For:Data5
15/02/2006 11:42:22 org.republic.ParseFile executeParseFile
INFO: data is :11  
15/02/2006 11:42:22 org.republic.ParseFile executeParseFile
INFO: dataType is:string
15/02/2006 11:42:22 org.republic.ParseFile executeParseFile
INFO: Getting For:Data6
15/02/2006 11:42:22 org.republic.ParseFile executeParseFile
INFO: data is :post              
15/02/2006 11:42:22 org.republic.ParseFile executeParseFile
INFO: dataType is:string
15/02/2006 11:42:22 org.republic.ParseFile executeParseFile
INFO: Getting For:Data7
15/02/2006 11:42:22 org.republic.ParseFile executeParseFile
INFO: data is :         1.00
15/02/2006 11:42:22 org.republic.ParseFile executeParseFile
INFO: dataType is:number
15/02/2006 11:42:22 org.republic.ParseFile executeParseFile
INFO: Getting For:Data8
15/02/2006 11:42:22 org.republic.ParseFile executeParseFile
INFO: data is :ea
15/02/2006 11:42:22 org.republic.ParseFile executeParseFile
INFO: dataType is:string
15/02/2006 11:42:22 org.republic.ParseFile executeParseFile
INFO: Getting For:Data9
15/02/2006 11:42:22 org.republic.ParseFile executeParseFile
INFO: data is :      15.00
15/02/2006 11:42:22 org.republic.ParseFile executeParseFile
INFO: dataType is:number
15/02/2006 11:42:22 org.republic.ParseFile executeParseFile
INFO: Getting For:Data10
15/02/2006 11:42:22 org.republic.ParseFile executeParseFile
INFO: data is :          15.00
15/02/2006 11:42:22 org.republic.ParseFile executeParseFile
INFO: dataType is:number
15/02/2006 11:42:22 org.republic.ParseFile executeParseFile
INFO: Getting For:Data11
15/02/2006 11:42:22 org.republic.ParseFile executeParseFile
INFO: data is :          15.00
15/02/2006 11:42:22 org.republic.ParseFile executeParseFile
INFO: dataType is:number
15/02/2006 11:42:22 org.republic.ParseFile executeParseFile
INFO: Getting For:Data12
15/02/2006 11:42:22 org.republic.ParseFile executeParseFile
INFO: data is :         1.50
15/02/2006 11:42:22 org.republic.ParseFile executeParseFile
INFO: dataType is:number
15/02/2006 11:42:22 org.republic.ParseFile executeParseFile
INFO: Getting For:Data13
15/02/2006 11:42:22 org.republic.ParseFile executeParseFile
INFO: data is :no 
15/02/2006 11:42:22 org.republic.ParseFile executeParseFile
INFO: dataType is:string
15/02/2006 11:42:22 org.republic.ParseFile executeParseFile
INFO: Getting For:Data14
15/02/2006 11:42:22 org.republic.ParseFile executeParseFile
INFO: data is :        
15/02/2006 11:42:22 org.republic.ParseFile executeParseFile
INFO: dataType is:string
15/02/2006 11:42:22 org.republic.ParseFile executeParseFile
INFO: Getting For:Data15
15/02/2006 11:42:22 org.republic.ParseFile executeParseFile
INFO: data is :           
15/02/2006 11:42:22 org.republic.ParseFile executeParseFile
INFO: dataType is:number
15/02/2006 11:42:22 org.republic.ParseFile executeParseFile
INFO: Getting For:Data16
15/02/2006 11:42:22 org.republic.ParseFile executeParseFile
INFO: data is :               
15/02/2006 11:42:22 org.republic.ParseFile executeParseFile
INFO: dataType is:number
15/02/2006 11:42:22 org.republic.ParseFile executeParseFile
INFO: Getting For:Data17
15/02/2006 11:42:22 org.republic.ParseFile executeParseFile
INFO: data is :        
15/02/2006 11:42:22 org.republic.ParseFile executeParseFile
INFO: dataType is:string
15/02/2006 11:42:22 org.republic.ParseFile executeParseFile
INFO: Getting For:Data18
15/02/2006 11:42:22 org.republic.ParseFile executeParseFile
INFO: data is :                  
15/02/2006 11:42:22 org.republic.ParseFile executeParseFile
INFO: dataType is:string
15/02/2006 11:42:22 org.republic.ParseFile executeParseFile
INFO: Getting For:Data19
15/02/2006 11:42:22 org.republic.ParseFile executeParseFile
INFO: data is : 
15/02/2006 11:42:22 org.republic.ParseFile executeParseFile
INFO: dataType is:string
15/02/2006 11:42:22 org.republic.ParseFile executeParseFile
INFO: Getting For:Data20
15/02/2006 11:42:22 org.republic.ParseFile executeParseFile
INFO: data is :no
15/02/2006 11:42:22 org.republic.ParseFile executeParseFile
INFO: dataType is:string
15/02/2006 11:42:22 org.republic.ParseFile executeParseFile
INFO: Getting For:Data21
15/02/2006 11:42:22 org.republic.ParseFile executeParseFile
INFO: data is :PO80012 
15/02/2006 11:42:22 org.republic.ParseFile executeParseFile
INFO: dataType is:string
15/02/2006 11:42:22 org.republic.ParseFile executeParseFile
INFO: Getting For:Data1
15/02/2006 11:42:22 org.republic.ParseFile executeParseFile
INFO: data is :  1
15/02/2006 11:42:22 org.republic.ParseFile executeParseFile
INFO: dataType is:string
15/02/2006 11:42:22 org.republic.ParseFile executeParseFile
INFO: Getting For:Data2
15/02/2006 11:42:22 org.republic.ParseFile executeParseFile
INFO: data is :RC44032 
15/02/2006 11:42:22 org.republic.ParseFile executeParseFile
INFO: dataType is:string
15/02/2006 11:42:22 org.republic.ParseFile executeParseFile
INFO: Getting For:Data3
15/02/2006 11:42:22 org.republic.ParseFile executeParseFile
INFO: data is :IND001  
15/02/2006 11:42:22 org.republic.ParseFile executeParseFile
INFO: dataType is:string
15/02/2006 11:42:22 org.republic.ParseFile executeParseFile
INFO: Getting For:Data4
15/02/2006 11:42:22 org.republic.ParseFile executeParseFile
INFO: data is :15/12/05
15/02/2006 11:42:22 org.republic.ParseFile executeParseFile
INFO: dataType is:date
15/02/2006 11:42:22 org.republic.ParseFile executeParseFile
INFO: Getting For:Data5
15/02/2006 11:42:22 org.republic.ParseFile executeParseFile
INFO: data is :10  
15/02/2006 11:42:22 org.republic.ParseFile executeParseFile
INFO: dataType is:string
15/02/2006 11:42:22 org.republic.ParseFile executeParseFile
INFO: Getting For:Data6
15/02/2006 11:42:22 org.republic.ParseFile executeParseFile
INFO: data is :30-5036708        
15/02/2006 11:42:22 org.republic.ParseFile executeParseFile
INFO: dataType is:string
15/02/2006 11:42:22 org.republic.ParseFile executeParseFile
INFO: Getting For:Data7
15/02/2006 11:42:22 org.republic.ParseFile executeParseFile
INFO: data is :   -33,075.00
15/02/2006 11:42:22 org.republic.ParseFile executeParseFile
INFO: dataType is:number
15/02/2006 11:42:22 org.republic.ParseFile executeParseFile
INFO: Getting For:Data8
15/02/2006 11:42:22 org.republic.ParseFile executeParseFile
INFO: data is :EA
15/02/2006 11:42:22 org.republic.ParseFile executeParseFile
INFO: dataType is:string
15/02/2006 11:42:22 org.republic.ParseFile executeParseFile
INFO: Getting For:Data9
15/02/2006 11:42:22 org.republic.ParseFile executeParseFile
INFO: data is :     0.6604
15/02/2006 11:42:22 org.republic.ParseFile executeParseFile
INFO: dataType is:number
15/02/2006 11:42:22 org.republic.ParseFile executeParseFile
INFO: Getting For:Data10
15/02/2006 11:42:22 org.republic.ParseFile executeParseFile
INFO: data is :     -21,842.73
15/02/2006 11:42:22 org.republic.ParseFile executeParseFile
INFO: dataType is:number
15/02/2006 11:42:22 org.republic.ParseFile executeParseFile
INFO: Getting For:Data11
15/02/2006 11:42:22 org.republic.ParseFile executeParseFile
INFO: data is :     -21,842.73
15/02/2006 11:42:22 org.republic.ParseFile executeParseFile
INFO: dataType is:number
15/02/2006 11:42:22 org.republic.ParseFile executeParseFile
INFO: Getting For:Data12
15/02/2006 11:42:22 org.republic.ParseFile executeParseFile
INFO: data is :    -2,184.27
15/02/2006 11:42:22 org.republic.ParseFile executeParseFile
INFO: dataType is:number
15/02/2006 11:42:22 org.republic.ParseFile executeParseFile
INFO: Getting For:Data13
15/02/2006 11:42:22 org.republic.ParseFile executeParseFile
INFO: data is :no 
15/02/2006 11:42:22 org.republic.ParseFile executeParseFile
INFO: dataType is:string
15/02/2006 11:42:22 org.republic.ParseFile executeParseFile
INFO: Getting For:Data14
15/02/2006 11:42:22 org.republic.ParseFile executeParseFile
INFO: data is :        
15/02/2006 11:42:22 org.republic.ParseFile executeParseFile
INFO: dataType is:string
15/02/2006 11:42:22 org.republic.ParseFile executeParseFile
INFO: Getting For:Data15
15/02/2006 11:42:22 org.republic.ParseFile executeParseFile
INFO: data is :           
15/02/2006 11:42:22 org.republic.ParseFile executeParseFile
INFO: dataType is:number
15/02/2006 11:42:22 org.republic.ParseFile executeParseFile
INFO: Getting For:Data16
15/02/2006 11:42:22 org.republic.ParseFile executeParseFile
INFO: data is :               
15/02/2006 11:42:22 org.republic.ParseFile executeParseFile
INFO: dataType is:number
15/02/2006 11:42:22 org.republic.ParseFile executeParseFile
INFO: Getting For:Data17
15/02/2006 11:42:22 org.republic.ParseFile executeParseFile
INFO: data is :        
15/02/2006 11:42:22 org.republic.ParseFile executeParseFile
INFO: dataType is:string
15/02/2006 11:42:22 org.republic.ParseFile executeParseFile
INFO: Getting For:Data18
15/02/2006 11:42:22 org.republic.ParseFile executeParseFile
INFO: data is :ACI               
15/02/2006 11:42:22 org.republic.ParseFile executeParseFile
INFO: dataType is:string
15/02/2006 11:42:22 org.republic.ParseFile executeParseFile
INFO: Getting For:Data19
15/02/2006 11:42:22 org.republic.ParseFile executeParseFile
INFO: data is : 
15/02/2006 11:42:22 org.republic.ParseFile executeParseFile
INFO: dataType is:string
15/02/2006 11:42:22 org.republic.ParseFile executeParseFile
INFO: Getting For:Data20
15/02/2006 11:42:22 org.republic.ParseFile executeParseFile
INFO: data is :no
15/02/2006 11:42:22 org.republic.ParseFile executeParseFile
INFO: dataType is:string
15/02/2006 11:42:22 org.republic.ParseFile executeParseFile
INFO: Getting For:Data21
15/02/2006 11:42:22 org.republic.ParseFile executeParseFile
INFO: data is :PO80012 
15/02/2006 11:42:22 org.republic.ParseFile executeParseFile
INFO: dataType is:string
15/02/2006 11:42:22 org.republic.ParseFile executeParseFile
INFO: Getting For:Data1
15/02/2006 11:42:22 org.republic.ParseFile executeParseFile
INFO: data is :  1
15/02/2006 11:42:22 org.republic.ParseFile executeParseFile
INFO: dataType is:string
15/02/2006 11:42:22 org.republic.ParseFile executeParseFile
INFO: Getting For:Data2
15/02/2006 11:42:22 org.republic.ParseFile executeParseFile
INFO: data is :RC43932 
15/02/2006 11:42:22 org.republic.ParseFile executeParseFile
INFO: dataType is:string
15/02/2006 11:42:22 org.republic.ParseFile executeParseFile
INFO: Getting For:Data3
15/02/2006 11:42:22 org.republic.ParseFile executeParseFile
INFO: data is :IND001  
15/02/2006 11:42:22 org.republic.ParseFile executeParseFile
INFO: dataType is:string
15/02/2006 11:42:22 org.republic.ParseFile executeParseFile
INFO: Getting For:Data4
15/02/2006 11:42:22 org.republic.ParseFile executeParseFile
INFO: data is :09/12/05
15/02/2006 11:42:22 org.republic.ParseFile executeParseFile
INFO: dataType is:date
15/02/2006 11:42:22 org.republic.ParseFile executeParseFile
INFO: Getting For:Data5
15/02/2006 11:42:22 org.republic.ParseFile executeParseFile
INFO: data is :10  
15/02/2006 11:42:22 org.republic.ParseFile executeParseFile
INFO: dataType is:string
15/02/2006 11:42:22 org.republic.ParseFile executeParseFile
INFO: Getting For:Data6
15/02/2006 11:42:22 org.republic.ParseFile executeParseFile
INFO: data is :30-5036708        
15/02/2006 11:42:22 org.republic.ParseFile executeParseFile
INFO: dataType is:string
15/02/2006 11:42:22 org.republic.ParseFile executeParseFile
INFO: Getting For:Data7
15/02/2006 11:42:22 org.republic.ParseFile executeParseFile
INFO: data is :    33,075.00
15/02/2006 11:42:22 org.republic.ParseFile executeParseFile
INFO: dataType is:number
15/02/2006 11:42:22 org.republic.ParseFile executeParseFile
INFO: Getting For:Data8
15/02/2006 11:42:22 org.republic.ParseFile executeParseFile
INFO: data is :EA
15/02/2006 11:42:22 org.republic.ParseFile executeParseFile
INFO: dataType is:string
15/02/2006 11:42:22 org.republic.ParseFile executeParseFile
INFO: Getting For:Data9
15/02/2006 11:42:22 org.republic.ParseFile executeParseFile
INFO: data is :     0.6604
15/02/2006 11:42:22 org.republic.ParseFile executeParseFile
INFO: dataType is:number
15/02/2006 11:42:22 org.republic.ParseFile executeParseFile
INFO: Getting For:Data10
15/02/2006 11:42:22 org.republic.ParseFile executeParseFile
INFO: data is :      21,842.73
15/02/2006 11:42:22 org.republic.ParseFile executeParseFile
INFO: dataType is:number
15/02/2006 11:42:22 org.republic.ParseFile executeParseFile
INFO: Getting For:Data11
15/02/2006 11:42:22 org.republic.ParseFile executeParseFile
INFO: data is :      21,842.73
15/02/2006 11:42:22 org.republic.ParseFile executeParseFile
INFO: dataType is:number
15/02/2006 11:42:22 org.republic.ParseFile executeParseFile
INFO: Getting For:Data12
15/02/2006 11:42:22 org.republic.ParseFile executeParseFile
INFO: data is :     2,184.27
15/02/2006 11:42:22 org.republic.ParseFile executeParseFile
INFO: dataType is:number
15/02/2006 11:42:22 org.republic.ParseFile executeParseFile
INFO: Getting For:Data13
15/02/2006 11:42:22 org.republic.ParseFile executeParseFile
INFO: data is :no 
15/02/2006 11:42:22 org.republic.ParseFile executeParseFile
INFO: dataType is:string
15/02/2006 11:42:22 org.republic.ParseFile executeParseFile
INFO: Getting For:Data14
15/02/2006 11:42:22 org.republic.ParseFile executeParseFile
INFO: data is :        
15/02/2006 11:42:22 org.republic.ParseFile executeParseFile
INFO: dataType is:string
15/02/2006 11:42:22 org.republic.ParseFile executeParseFile
INFO: Getting For:Data15
15/02/2006 11:42:22 org.republic.ParseFile executeParseFile
INFO: data is :           
15/02/2006 11:42:22 org.republic.ParseFile executeParseFile
INFO: dataType is:number
15/02/2006 11:42:22 org.republic.ParseFile executeParseFile
INFO: Getting For:Data16
15/02/2006 11:42:22 org.republic.ParseFile executeParseFile
INFO: data is :               
15/02/2006 11:42:22 org.republic.ParseFile executeParseFile
INFO: dataType is:number
15/02/2006 11:42:22 org.republic.ParseFile executeParseFile
INFO: Getting For:Data17
15/02/2006 11:42:22 org.republic.ParseFile executeParseFile
INFO: data is :        
15/02/2006 11:42:22 org.republic.ParseFile executeParseFile
INFO: dataType is:string
15/02/2006 11:42:22 org.republic.ParseFile executeParseFile
INFO: Getting For:Data18
15/02/2006 11:42:22 org.republic.ParseFile executeParseFile
INFO: data is :ACI               
15/02/2006 11:42:22 org.republic.ParseFile executeParseFile
INFO: dataType is:string
15/02/2006 11:42:22 org.republic.ParseFile executeParseFile
INFO: Getting For:Data19
15/02/2006 11:42:22 org.republic.ParseFile executeParseFile
INFO: data is : 
15/02/2006 11:42:22 org.republic.ParseFile executeParseFile
INFO: dataType is:string
15/02/2006 11:42:22 org.republic.ParseFile executeParseFile
INFO: Getting For:Data20
15/02/2006 11:42:22 org.republic.ParseFile executeParseFile
INFO: data is :no
15/02/2006 11:42:22 org.republic.ParseFile executeParseFile
INFO: dataType is:string
15/02/2006 11:42:22 org.republic.ParseFile executeParseFile
INFO: Getting For:Data21
15/02/2006 11:42:22 org.republic.ParseFile executeParseFile
INFO: data is :PO80012 
15/02/2006 11:42:22 org.republic.ParseFile executeParseFile
INFO: dataType is:string
15/02/2006 11:42:22 org.republic.ParseFile executeParseFile
INFO: Getting For:Data1
15/02/2006 11:42:22 org.republic.ParseFile executeParseFile
INFO: data is :  1
15/02/2006 11:42:22 org.republic.ParseFile executeParseFile
INFO: dataType is:string
15/02/2006 11:42:22 org.republic.ParseFile executeParseFile
INFO: Getting For:Data2
15/02/2006 11:42:22 org.republic.ParseFile executeParseFile
INFO: data is :RC44033 
15/02/2006 11:42:22 org.republic.ParseFile executeParseFile
INFO: dataType is:string
15/02/2006 11:42:22 org.republic.ParseFile executeParseFile
INFO: Getting For:Data3
15/02/2006 11:42:22 org.republic.ParseFile executeParseFile
INFO: data is :IND001  
15/02/2006 11:42:22 org.republic.ParseFile executeParseFile
INFO: dataType is:string
15/02/2006 11:42:22 org.republic.ParseFile executeParseFile
INFO: Getting For:Data4
15/02/2006 11:42:22 org.republic.ParseFile executeParseFile
INFO: data is :15/12/05
15/02/2006 11:42:22 org.republic.ParseFile executeParseFile
INFO: dataType is:date
15/02/2006 11:42:22 org.republic.ParseFile executeParseFile
INFO: Getting For:Data5
15/02/2006 11:42:22 org.republic.ParseFile executeParseFile
INFO: data is :10  
15/02/2006 11:42:22 org.republic.ParseFile executeParseFile
INFO: dataType is:string
15/02/2006 11:42:22 org.republic.ParseFile executeParseFile
INFO: Getting For:Data6
15/02/2006 11:42:22 org.republic.ParseFile executeParseFile
INFO: data is :30-5036708        
15/02/2006 11:42:22 org.republic.ParseFile executeParseFile
INFO: dataType is:string
15/02/2006 11:42:22 org.republic.ParseFile executeParseFile
INFO: Getting For:Data7
15/02/2006 11:42:22 org.republic.ParseFile executeParseFile
INFO: data is :    33,075.00
15/02/2006 11:42:22 org.republic.ParseFile executeParseFile
INFO: dataType is:number
15/02/2006 11:42:22 org.republic.ParseFile executeParseFile
INFO: Getting For:Data8
15/02/2006 11:42:22 org.republic.ParseFile executeParseFile
INFO: data is :EA
15/02/2006 11:42:22 org.republic.ParseFile executeParseFile
INFO: dataType is:string
15/02/2006 11:42:22 org.republic.ParseFile executeParseFile
INFO: Getting For:Data9
15/02/2006 11:42:22 org.republic.ParseFile executeParseFile
INFO: data is :     0.6254
15/02/2006 11:42:22 org.republic.ParseFile executeParseFile
INFO: dataType is:number
15/02/2006 11:42:22 org.republic.ParseFile executeParseFile
INFO: Getting For:Data10
15/02/2006 11:42:22 org.republic.ParseFile executeParseFile
INFO: data is :      20,685.11
15/02/2006 11:42:22 org.republic.ParseFile executeParseFile
INFO: dataType is:number
15/02/2006 11:42:22 org.republic.ParseFile executeParseFile
INFO: Getting For:Data11
15/02/2006 11:42:22 org.republic.ParseFile executeParseFile
INFO: data is :      20,685.11
15/02/2006 11:42:22 org.republic.ParseFile executeParseFile
INFO: dataType is:number
15/02/2006 11:42:22 org.republic.ParseFile executeParseFile
INFO: Getting For:Data12
15/02/2006 11:42:22 org.republic.ParseFile executeParseFile
INFO: data is :     2,068.51
15/02/2006 11:42:22 org.republic.ParseFile executeParseFile
INFO: dataType is:number
15/02/2006 11:42:22 org.republic.ParseFile executeParseFile
INFO: Getting For:Data13
15/02/2006 11:42:22 org.republic.ParseFile executeParseFile
INFO: data is :no 
15/02/2006 11:42:22 org.republic.ParseFile executeParseFile
INFO: dataType is:string
15/02/2006 11:42:22 org.republic.ParseFile executeParseFile
INFO: Getting For:Data14
15/02/2006 11:42:22 org.republic.ParseFile executeParseFile
INFO: data is :        
15/02/2006 11:42:22 org.republic.ParseFile executeParseFile
INFO: dataType is:string
15/02/2006 11:42:22 org.republic.ParseFile executeParseFile
INFO: Getting For:Data15
15/02/2006 11:42:22 org.republic.ParseFile executeParseFile
INFO: data is :           
15/02/2006 11:42:22 org.republic.ParseFile executeParseFile
INFO: dataType is:number
15/02/2006 11:42:22 org.republic.ParseFile executeParseFile
INFO: Getting For:Data16
15/02/2006 11:42:22 org.republic.ParseFile executeParseFile
INFO: data is :               
15/02/2006 11:42:22 org.republic.ParseFile executeParseFile
INFO: dataType is:number
15/02/2006 11:42:22 org.republic.ParseFile executeParseFile
INFO: Getting For:Data17
15/02/2006 11:42:22 org.republic.ParseFile executeParseFile
INFO: data is :        
15/02/2006 11:42:22 org.republic.ParseFile executeParseFile
INFO: dataType is:string
15/02/2006 11:42:22 org.republic.ParseFile executeParseFile
INFO: Getting For:Data18
15/02/2006 11:42:22 org.republic.ParseFile executeParseFile
INFO: data is :ACI               
15/02/2006 11:42:22 org.republic.ParseFile executeParseFile
INFO: dataType is:string
15/02/2006 11:42:22 org.republic.ParseFile executeParseFile
INFO: Getting For:Data19
15/02/2006 11:42:22 org.republic.ParseFile executeParseFile
INFO: data is : 
15/02/2006 11:42:22 org.republic.ParseFile executeParseFile
INFO: dataType is:string
15/02/2006 11:42:22 org.republic.ParseFile executeParseFile
INFO: Getting For:Data20
15/02/2006 11:42:22 org.republic.ParseFile executeParseFile
INFO: data is :no
15/02/2006 11:42:22 org.republic.ParseFile executeParseFile
INFO: dataType is:string
15/02/2006 11:42:22 org.republic.ParseFile executeParseFile
INFO: Getting For:Data21
15/02/2006 11:42:22 org.republic.ParseFile executeParseFile
INFO: data is :PO80064 
15/02/2006 11:42:22 org.republic.ParseFile executeParseFile
INFO: dataType is:string
15/02/2006 11:42:22 org.republic.ParseFile executeParseFile
INFO: Getting For:Data1
15/02/2006 11:42:22 org.republic.ParseFile executeParseFile
INFO: data is :  2
15/02/2006 11:42:22 org.republic.ParseFile executeParseFile
INFO: dataType is:string
15/02/2006 11:42:22 org.republic.ParseFile executeParseFile
INFO: Getting For:Data2
15/02/2006 11:42:22 org.republic.ParseFile executeParseFile
INFO: data is :RC43904 
15/02/2006 11:42:22 org.republic.ParseFile executeParseFile
INFO: dataType is:string
15/02/2006 11:42:22 org.republic.ParseFile executeParseFile
INFO: Getting For:Data3
15/02/2006 11:42:22 org.republic.ParseFile executeParseFile
INFO: data is :AMC000  
15/02/2006 11:42:22 org.republic.ParseFile executeParseFile
INFO: dataType is:string
15/02/2006 11:42:22 org.republic.ParseFile executeParseFile
INFO: Getting For:Data4
15/02/2006 11:42:22 org.republic.ParseFile executeParseFile
INFO: data is :08/12/05
15/02/2006 11:42:22 org.republic.ParseFile executeParseFile
INFO: dataType is:date
15/02/2006 11:42:22 org.republic.ParseFile executeParseFile
INFO: Getting For:Data5
15/02/2006 11:42:22 org.republic.ParseFile executeParseFile
INFO: data is :10  
15/02/2006 11:42:22 org.republic.ParseFile executeParseFile
INFO: dataType is:string
15/02/2006 11:42:22 org.republic.ParseFile executeParseFile
INFO: Getting For:Data6
15/02/2006 11:42:22 org.republic.ParseFile executeParseFile
INFO: data is :341-0030251       
15/02/2006 11:42:22 org.republic.ParseFile executeParseFile
INFO: dataType is:string
15/02/2006 11:42:22 org.republic.ParseFile executeParseFile
INFO: Getting For:Data7
15/02/2006 11:42:22 org.republic.ParseFile executeParseFile
INFO: data is :      -330.00
15/02/2006 11:42:22 org.republic.ParseFile executeParseFile
INFO: dataType is:number
15/02/2006 11:42:22 org.republic.ParseFile executeParseFile
INFO: Getting For:Data8
15/02/2006 11:42:22 org.republic.ParseFile executeParseFile
INFO: data is :EA
15/02/2006 11:42:22 org.republic.ParseFile executeParseFile
INFO: dataType is:string
15/02/2006 11:42:22 org.republic.ParseFile executeParseFile
INFO: Getting For:Data9
15/02/2006 11:42:22 org.republic.ParseFile executeParseFile
INFO: data is :    0.54624
15/02/2006 11:42:22 org.republic.ParseFile executeParseFile
INFO: dataType is:number
15/02/2006 11:42:22 org.republic.ParseFile executeParseFile
INFO: Getting For:Data10
15/02/2006 11:42:22 org.republic.ParseFile executeParseFile
INFO: data is :        -180.26
15/02/2006 11:42:22 org.republic.ParseFile executeParseFile
INFO: dataType is:number
15/02/2006 11:42:22 org.republic.ParseFile executeParseFile
INFO: Getting For:Data11
15/02/2006 11:42:22 org.republic.ParseFile executeParseFile
INFO: data is :        -180.26
15/02/2006 11:42:22 org.republic.ParseFile executeParseFile
INFO: dataType is:number
15/02/2006 11:42:22 org.republic.ParseFile executeParseFile
INFO: Getting For:Data12
15/02/2006 11:42:22 org.republic.ParseFile executeParseFile
INFO: data is :       -18.03
15/02/2006 11:42:22 org.republic.ParseFile executeParseFile
INFO: dataType is:number
15/02/2006 11:42:22 org.republic.ParseFile executeParseFile
INFO: Getting For:Data13
15/02/2006 11:42:22 org.republic.ParseFile executeParseFile
INFO: data is :no 
15/02/2006 11:42:22 org.republic.ParseFile executeParseFile
INFO: dataType is:string
15/02/2006 11:42:22 org.republic.ParseFile executeParseFile
INFO: Getting For:Data14
15/02/2006 11:42:22 org.republic.ParseFile executeParseFile
INFO: data is :        
15/02/2006 11:42:22 org.republic.ParseFile executeParseFile
INFO: dataType is:string
15/02/2006 11:42:22 org.republic.ParseFile executeParseFile
INFO: Getting For:Data15
15/02/2006 11:42:22 org.republic.ParseFile executeParseFile
INFO: data is :           
15/02/2006 11:42:22 org.republic.ParseFile executeParseFile
INFO: dataType is:number
15/02/2006 11:42:22 org.republic.ParseFile executeParseFile
INFO: Getting For:Data16
15/02/2006 11:42:22 org.republic.ParseFile executeParseFile
INFO: data is :               
15/02/2006 11:42:22 org.republic.ParseFile executeParseFile
INFO: dataType is:number
15/02/2006 11:42:22 org.republic.ParseFile executeParseFile
INFO: Getting For:Data17
15/02/2006 11:42:22 org.republic.ParseFile executeParseFile
INFO: data is :        
15/02/2006 11:42:22 org.republic.ParseFile executeParseFile
INFO: dataType is:string
15/02/2006 11:42:22 org.republic.ParseFile executeParseFile
INFO: Getting For:Data18
15/02/2006 11:42:22 org.republic.ParseFile executeParseFile
INFO: data is :No Glue           
15/02/2006 11:42:22 org.republic.ParseFile executeParseFile
INFO: dataType is:string
15/02/2006 11:42:22 org.republic.ParseFile executeParseFile
INFO: Getting For:Data19
15/02/2006 11:42:22 org.republic.ParseFile executeParseFile
INFO: data is : 
15/02/2006 11:42:22 org.republic.ParseFile executeParseFile
INFO: dataType is:string
15/02/2006 11:42:22 org.republic.ParseFile executeParseFile
INFO: Getting For:Data20
15/02/2006 11:42:22 org.republic.ParseFile executeParseFile
INFO: data is :no
15/02/2006 11:42:22 org.republic.ParseFile executeParseFile
INFO: dataType is:string
15/02/2006 11:42:22 org.republic.ParseFile executeParseFile
INFO: Getting For:Data21
15/02/2006 11:42:22 org.republic.ParseFile executeParseFile
INFO: data is :PO80067 
15/02/2006 11:42:22 org.republic.ParseFile executeParseFile
INFO: dataType is:string
15/02/2006 11:42:22 org.republic.ParseFile executeParseFile
INFO: Getting For:Data1
15/02/2006 11:42:22 org.republic.ParseFile executeParseFile
INFO: data is :  1
15/02/2006 11:42:22 org.republic.ParseFile executeParseFile
INFO: dataType is:string
15/02/2006 11:42:22 org.republic.ParseFile executeParseFile
INFO: Getting For:Data2
15/02/2006 11:42:22 org.republic.ParseFile executeParseFile
INFO: data is :RC43905 
15/02/2006 11:42:22 org.republic.ParseFile executeParseFile
INFO: dataType is:string
15/02/2006 11:42:22 org.republic.ParseFile executeParseFile
INFO: Getting For:Data3
15/02/2006 11:42:22 org.republic.ParseFile executeParseFile
INFO: data is :sch004  
15/02/2006 11:42:22 org.republic.ParseFile executeParseFile
INFO: dataType is:string
15/02/2006 11:42:22 org.republic.ParseFile executeParseFile
INFO: Getting For:Data4
15/02/2006 11:42:22 org.republic.ParseFile executeParseFile
INFO: data is :08/12/05
15/02/2006 11:42:22 org.republic.ParseFile executeParseFile
INFO: dataType is:date
15/02/2006 11:42:22 org.republic.ParseFile executeParseFile
INFO: Getting For:Data5
15/02/2006 11:42:22 org.republic.ParseFile executeParseFile
INFO: data is :10  
15/02/2006 11:42:22 org.republic.ParseFile executeParseFile
INFO: dataType is:string
15/02/2006 11:42:22 org.republic.ParseFile executeParseFile
INFO: Getting For:Data6
15/02/2006 11:42:22 org.republic.ParseFile executeParseFile
INFO: data is :36-00             
15/02/2006 11:42:22 org.republic.ParseFile executeParseFile
INFO: dataType is:string
15/02/2006 11:42:22 org.republic.ParseFile executeParseFile
INFO: Getting For:Data7
15/02/2006 11:42:22 org.republic.ParseFile executeParseFile
INFO: data is :   -27,658.00
15/02/2006 11:42:22 org.republic.ParseFile executeParseFile
INFO: dataType is:number
15/02/2006 11:42:22 org.republic.ParseFile executeParseFile
INFO: Getting For:Data8
15/02/2006 11:42:22 org.republic.ParseFile executeParseFile
INFO: data is :EA
15/02/2006 11:42:22 org.republic.ParseFile executeParseFile
INFO: dataType is:string
15/02/2006 11:42:22 org.republic.ParseFile executeParseFile
INFO: Getting For:Data9
15/02/2006 11:42:22 org.republic.ParseFile executeParseFile
INFO: data is :      0.361
15/02/2006 11:42:22 org.republic.ParseFile executeParseFile
INFO: dataType is:number
15/02/2006 11:42:22 org.republic.ParseFile executeParseFile
INFO: Getting For:Data10
15/02/2006 11:42:22 org.republic.ParseFile executeParseFile
INFO: data is :      -9,984.54
15/02/2006 11:42:22 org.republic.ParseFile executeParseFile
INFO: dataType is:number
15/02/2006 11:42:22 org.republic.ParseFile executeParseFile
INFO: Getting For:Data11
15/02/2006 11:42:22 org.republic.ParseFile executeParseFile
INFO: data is :      -9,984.54
15/02/2006 11:42:22 org.republic.ParseFile executeParseFile
INFO: dataType is:number
15/02/2006 11:42:22 org.republic.ParseFile executeParseFile
INFO: Getting For:Data12
15/02/2006 11:42:22 org.republic.ParseFile executeParseFile
INFO: data is :      -998.45
15/02/2006 11:42:22 org.republic.ParseFile executeParseFile
INFO: dataType is:number
15/02/2006 11:42:22 org.republic.ParseFile executeParseFile
INFO: Getting For:Data13
15/02/2006 11:42:22 org.republic.ParseFile executeParseFile
INFO: data is :no 
15/02/2006 11:42:22 org.republic.ParseFile executeParseFile
INFO: dataType is:string
15/02/2006 11:42:22 org.republic.ParseFile executeParseFile
INFO: Getting For:Data14
15/02/2006 11:42:22 org.republic.ParseFile executeParseFile
INFO: data is :        
15/02/2006 11:42:22 org.republic.ParseFile executeParseFile
INFO: dataType is:string
15/02/2006 11:42:22 org.republic.ParseFile executeParseFile
INFO: Getting For:Data15
15/02/2006 11:42:22 org.republic.ParseFile executeParseFile
INFO: data is :           
15/02/2006 11:42:22 org.republic.ParseFile executeParseFile
INFO: dataType is:number
15/02/2006 11:42:22 org.republic.ParseFile executeParseFile
INFO: Getting For:Data16
15/02/2006 11:42:22 org.republic.ParseFile executeParseFile
INFO: data is :               
15/02/2006 11:42:22 org.republic.ParseFile executeParseFile
INFO: dataType is:number
15/02/2006 11:42:22 org.republic.ParseFile executeParseFile
INFO: Getting For:Data17
15/02/2006 11:42:22 org.republic.ParseFile executeParseFile
INFO: data is :        
15/02/2006 11:42:22 org.republic.ParseFile executeParseFile
INFO: dataType is:string
15/02/2006 11:42:22 org.republic.ParseFile executeParseFile
INFO: Getting For:Data18
15/02/2006 11:42:22 org.republic.ParseFile executeParseFile
INFO: data is :Orientation Issues
15/02/2006 11:42:22 org.republic.ParseFile executeParseFile
INFO: dataType is:string
15/02/2006 11:42:22 org.republic.ParseFile executeParseFile
INFO: Getting For:Data19
15/02/2006 11:42:22 org.republic.ParseFile executeParseFile
INFO: data is : 
15/02/2006 11:42:22 org.republic.ParseFile executeParseFile
INFO: dataType is:string
15/02/2006 11:42:22 org.republic.ParseFile executeParseFile
INFO: Getting For:Data20
15/02/2006 11:42:22 org.republic.ParseFile executeParseFile
INFO: data is :no
15/02/2006 11:42:22 org.republic.ParseFile executeParseFile
INFO: dataType is:string
15/02/2006 11:42:22 org.republic.ParseFile executeParseFile
INFO: Getting For:Data21
15/02/2006 11:42:22 org.republic.ParseFile executeParseFile
INFO: data is :PO80091 
15/02/2006 11:42:22 org.republic.ParseFile executeParseFile
INFO: dataType is:string
15/02/2006 11:42:22 org.republic.ParseFile executeParseFile
INFO: Getting For:Data1
15/02/2006 11:42:22 org.republic.ParseFile executeParseFile
INFO: data is :  1
15/02/2006 11:42:22 org.republic.ParseFile executeParseFile
INFO: dataType is:string
15/02/2006 11:42:22 org.republic.ParseFile executeParseFile
INFO: Getting For:Data2
15/02/2006 11:42:22 org.republic.ParseFile executeParseFile
INFO: data is :RC44015 
15/02/2006 11:42:22 org.republic.ParseFile executeParseFile
INFO: dataType is:string
15/02/2006 11:42:22 org.republic.ParseFile executeParseFile
INFO: Getting For:Data3
15/02/2006 11:42:22 org.republic.ParseFile executeParseFile
INFO: data is :eve000  
15/02/2006 11:42:22 org.republic.ParseFile executeParseFile
INFO: dataType is:string
15/02/2006 11:42:22 org.republic.ParseFile executeParseFile
INFO: Getting For:Data4
15/02/2006 11:42:22 org.republic.ParseFile executeParseFile
INFO: data is :15/12/05
15/02/2006 11:42:22 org.republic.ParseFile executeParseFile
INFO: dataType is:date
15/02/2006 11:42:22 org.republic.ParseFile executeParseFile
INFO: Getting For:Data5
15/02/2006 11:42:22 org.republic.ParseFile executeParseFile
INFO: data is :10  
15/02/2006 11:42:22 org.republic.ParseFile executeParseFile
INFO: dataType is:string
15/02/2006 11:42:22 org.republic.ParseFile executeParseFile
INFO: Getting For:Data6
15/02/2006 11:42:22 org.republic.ParseFile executeParseFile
INFO: data is :4006125-05100     
15/02/2006 11:42:22 org.republic.ParseFile executeParseFile
INFO: dataType is:string
15/02/2006 11:42:22 org.republic.ParseFile executeParseFile
INFO: Getting For:Data7
15/02/2006 11:42:22 org.republic.ParseFile executeParseFile
INFO: data is :   205,500.00
15/02/2006 11:42:22 org.republic.ParseFile executeParseFile
INFO: dataType is:number
15/02/2006 11:42:22 org.republic.ParseFile executeParseFile
INFO: Getting For:Data8
15/02/2006 11:42:22 org.republic.ParseFile executeParseFile
INFO: data is :EA
15/02/2006 11:42:22 org.republic.ParseFile executeParseFile
INFO: dataType is:string
15/02/2006 11:42:22 org.republic.ParseFile executeParseFile
INFO: Getting For:Data9
15/02/2006 11:42:22 org.republic.ParseFile executeParseFile
INFO: data is :     0.0337
15/02/2006 11:42:22 org.republic.ParseFile executeParseFile
INFO: dataType is:number
15/02/2006 11:42:22 org.republic.ParseFile executeParseFile
INFO: Getting For:Data10
15/02/2006 11:42:22 org.republic.ParseFile executeParseFile
INFO: data is :       6,925.35
15/02/2006 11:42:22 org.republic.ParseFile executeParseFile
INFO: dataType is:number
15/02/2006 11:42:22 org.republic.ParseFile executeParseFile
INFO: Getting For:Data11
15/02/2006 11:42:22 org.republic.ParseFile executeParseFile
INFO: data is :       6,925.35
15/02/2006 11:42:22 org.republic.ParseFile executeParseFile
INFO: dataType is:number
15/02/2006 11:42:22 org.republic.ParseFile executeParseFile
INFO: Getting For:Data12
15/02/2006 11:42:22 org.republic.ParseFile executeParseFile
INFO: data is :       692.54
15/02/2006 11:42:22 org.republic.ParseFile executeParseFile
INFO: dataType is:number
15/02/2006 11:42:22 org.republic.ParseFile executeParseFile
INFO: Getting For:Data13
15/02/2006 11:42:22 org.republic.ParseFile executeParseFile
INFO: data is :no 
15/02/2006 11:42:22 org.republic.ParseFile executeParseFile
INFO: dataType is:string
15/02/2006 11:42:22 org.republic.ParseFile executeParseFile
INFO: Getting For:Data14
15/02/2006 11:42:22 org.republic.ParseFile executeParseFile
INFO: data is :        
15/02/2006 11:42:22 org.republic.ParseFile executeParseFile
INFO: dataType is:string
15/02/2006 11:42:22 org.republic.ParseFile executeParseFile
INFO: Getting For:Data15
15/02/2006 11:42:22 org.republic.ParseFile executeParseFile
INFO: data is :           
15/02/2006 11:42:22 org.republic.ParseFile executeParseFile
INFO: dataType is:number
15/02/2006 11:42:22 org.republic.ParseFile executeParseFile
INFO: Getting For:Data16
15/02/2006 11:42:22 org.republic.ParseFile executeParseFile
INFO: data is :               
15/02/2006 11:42:22 org.republic.ParseFile executeParseFile
INFO: dataType is:number
15/02/2006 11:42:22 org.republic.ParseFile executeParseFile
INFO: Getting For:Data17
15/02/2006 11:42:22 org.republic.ParseFile executeParseFile
INFO: data is :        
15/02/2006 11:42:22 org.republic.ParseFile executeParseFile
INFO: dataType is:string
15/02/2006 11:42:22 org.republic.ParseFile executeParseFile
INFO: Getting For:Data18
15/02/2006 11:42:22 org.republic.ParseFile executeParseFile
INFO: data is :                  
15/02/2006 11:42:22 org.republic.ParseFile executeParseFile
INFO: dataType is:string
15/02/2006 11:42:22 org.republic.ParseFile executeParseFile
INFO: Getting For:Data19
15/02/2006 11:42:22 org.republic.ParseFile executeParseFile
INFO: data is : 
15/02/2006 11:42:22 org.republic.ParseFile executeParseFile
INFO: dataType is:string
15/02/2006 11:42:22 org.republic.ParseFile executeParseFile
INFO: Getting For:Data20
15/02/2006 11:42:22 org.republic.ParseFile executeParseFile
INFO: data is :no
15/02/2006 11:42:22 org.republic.ParseFile executeParseFile
INFO: dataType is:string
15/02/2006 11:42:22 org.republic.ParseFile executeParseFile
INFO: Getting For:Data21
15/02/2006 11:42:22 org.republic.ParseFile executeParseFile
INFO: data is :PO80091 
15/02/2006 11:42:22 org.republic.ParseFile executeParseFile
INFO: dataType is:string
15/02/2006 11:42:22 org.republic.ParseFile executeParseFile
INFO: Getting For:Data1
15/02/2006 11:42:22 org.republic.ParseFile executeParseFile
INFO: data is :  2
15/02/2006 11:42:22 org.republic.ParseFile executeParseFile
INFO: dataType is:string
15/02/2006 11:42:22 org.republic.ParseFile executeParseFile
INFO: Getting For:Data2
15/02/2006 11:42:22 org.republic.ParseFile executeParseFile
INFO: data is :RC44015 
15/02/2006 11:42:22 org.republic.ParseFile executeParseFile
INFO: dataType is:string
15/02/2006 11:42:22 org.republic.ParseFile executeParseFile
INFO: Getting For:Data3
15/02/2006 11:42:22 org.republic.ParseFile executeParseFile
INFO: data is :eve000  
15/02/2006 11:42:22 org.republic.ParseFile executeParseFile
INFO: dataType is:string
15/02/2006 11:42:22 org.republic.ParseFile executeParseFile
INFO: Getting For:Data4
15/02/2006 11:42:22 org.republic.ParseFile executeParseFile
INFO: data is :15/12/05
15/02/2006 11:42:22 org.republic.ParseFile executeParseFile
INFO: dataType is:date
15/02/2006 11:42:22 org.republic.ParseFile executeParseFile
INFO: Getting For:Data5
15/02/2006 11:42:22 org.republic.ParseFile executeParseFile
INFO: data is :10  
15/02/2006 11:42:22 org.republic.ParseFile executeParseFile
INFO: dataType is:string
15/02/2006 11:42:22 org.republic.ParseFile executeParseFile
INFO: Getting For:Data6
15/02/2006 11:42:22 org.republic.ParseFile executeParseFile
INFO: data is :4006125-05110     
15/02/2006 11:42:22 org.republic.ParseFile executeParseFile
INFO: dataType is:string
15/02/2006 11:42:22 org.republic.ParseFile executeParseFile
INFO: Getting For:Data7
15/02/2006 11:42:22 org.republic.ParseFile executeParseFile
INFO: data is :   205,500.00
15/02/2006 11:42:22 org.republic.ParseFile executeParseFile
INFO: dataType is:number
15/02/2006 11:42:22 org.republic.ParseFile executeParseFile
INFO: Getting For:Data8
15/02/2006 11:42:22 org.republic.ParseFile executeParseFile
INFO: data is :EA
15/02/2006 11:42:22 org.republic.ParseFile executeParseFile
INFO: dataType is:string
15/02/2006 11:42:22 org.republic.ParseFile executeParseFile
INFO: Getting For:Data9
15/02/2006 11:42:22 org.republic.ParseFile executeParseFile
INFO: data is :     0.0337
15/02/2006 11:42:22 org.republic.ParseFile executeParseFile
INFO: dataType is:number
15/02/2006 11:42:22 org.republic.ParseFile executeParseFile
INFO: Getting For:Data10
15/02/2006 11:42:22 org.republic.ParseFile executeParseFile
INFO: data is :       6,925.35
15/02/2006 11:42:22 org.republic.ParseFile executeParseFile
INFO: dataType is:number
15/02/2006 11:42:22 org.republic.ParseFile executeParseFile
INFO: Getting For:Data11
15/02/2006 11:42:22 org.republic.ParseFile executeParseFile
INFO: data is :       6,925.35
15/02/2006 11:42:22 org.republic.ParseFile executeParseFile
INFO: dataType is:number
15/02/2006 11:42:22 org.republic.ParseFile executeParseFile
INFO: Getting For:Data12
15/02/2006 11:42:22 org.republic.ParseFile executeParseFile
INFO: data is :       692.54
15/02/2006 11:42:22 org.republic.ParseFile executeParseFile
INFO: dataType is:number
15/02/2006 11:42:22 org.republic.ParseFile executeParseFile
INFO: Getting For:Data13
15/02/2006 11:42:22 org.republic.ParseFile executeParseFile
INFO: data is :no 
15/02/2006 11:42:22 org.republic.ParseFile executeParseFile
INFO: dataType is:string
15/02/2006 11:42:22 org.republic.ParseFile executeParseFile
INFO: Getting For:Data14
15/02/2006 11:42:22 org.republic.ParseFile executeParseFile
INFO: data is :        
15/02/2006 11:42:22 org.republic.ParseFile executeParseFile
INFO: dataType is:string
15/02/2006 11:42:22 org.republic.ParseFile executeParseFile
INFO: Getting For:Data15
15/02/2006 11:42:22 org.republic.ParseFile executeParseFile
INFO: data is :           
15/02/2006 11:42:22 org.republic.ParseFile executeParseFile
INFO: dataType is:number
15/02/2006 11:42:22 org.republic.ParseFile executeParseFile
INFO: Getting For:Data16
15/02/2006 11:42:22 org.republic.ParseFile executeParseFile
INFO: data is :               
15/02/2006 11:42:22 org.republic.ParseFile executeParseFile
INFO: dataType is:number
15/02/2006 11:42:22 org.republic.ParseFile executeParseFile
INFO: Getting For:Data17
15/02/2006 11:42:22 org.republic.ParseFile executeParseFile
INFO: data is :        
15/02/2006 11:42:22 org.republic.ParseFile executeParseFile
INFO: dataType is:string
15/02/2006 11:42:22 org.republic.ParseFile executeParseFile
INFO: Getting For:Data18
15/02/2006 11:42:22 org.republic.ParseFile executeParseFile
INFO: data is :                  
15/02/2006 11:42:22 org.republic.ParseFile executeParseFile
INFO: dataType is:string
15/02/2006 11:42:22 org.republic.ParseFile executeParseFile
INFO: Getting For:Data19
15/02/2006 11:42:22 org.republic.ParseFile executeParseFile
INFO: data is : 
15/02/2006 11:42:22 org.republic.ParseFile executeParseFile
INFO: dataType is:string
15/02/2006 11:42:22 org.republic.ParseFile executeParseFile
INFO: Getting For:Data20
15/02/2006 11:42:22 org.republic.ParseFile executeParseFile
INFO: data is :no
15/02/2006 11:42:22 org.republic.ParseFile executeParseFile
INFO: dataType is:string
15/02/2006 11:42:22 org.republic.ParseFile executeParseFile
INFO: Getting For:Data21
15/02/2006 11:42:22 org.republic.ParseFile executeParseFile
INFO: data is :PO80092 
15/02/2006 11:42:22 org.republic.ParseFile executeParseFile
INFO: dataType is:string
15/02/2006 11:42:22 org.republic.ParseFile executeParseFile
INFO: Getting For:Data1
15/02/2006 11:42:22 org.republic.ParseFile executeParseFile
INFO: data is :  1
15/02/2006 11:42:22 org.republic.ParseFile executeParseFile
INFO: dataType is:string
15/02/2006 11:42:22 org.republic.ParseFile executeParseFile
INFO: Getting For:Data2
15/02/2006 11:42:22 org.republic.ParseFile executeParseFile
INFO: data is :RC43924 
15/02/2006 11:42:22 org.republic.ParseFile executeParseFile
INFO: dataType is:string
15/02/2006 11:42:22 org.republic.ParseFile executeParseFile
INFO: Getting For:Data3
15/02/2006 11:42:22 org.republic.ParseFile executeParseFile
INFO: data is :eve000  
15/02/2006 11:42:22 org.republic.ParseFile executeParseFile
INFO: dataType is:string
15/02/2006 11:42:22 org.republic.ParseFile executeParseFile
INFO: Getting For:Data4
15/02/2006 11:42:22 org.republic.ParseFile executeParseFile
INFO: data is :09/12/05
15/02/2006 11:42:22 org.republic.ParseFile executeParseFile
INFO: dataType is:date
15/02/2006 11:42:22 org.republic.ParseFile executeParseFile
INFO: Getting For:Data5
15/02/2006 11:42:22 org.republic.ParseFile executeParseFile
INFO: data is :10  
15/02/2006 11:42:22 org.republic.ParseFile executeParseFile
INFO: dataType is:string
15/02/2006 11:42:22 org.republic.ParseFile executeParseFile
INFO: Getting For:Data6
15/02/2006 11:42:22 org.republic.ParseFile executeParseFile
INFO: data is :4006220-00100     
15/02/2006 11:42:22 org.republic.ParseFile executeParseFile
INFO: dataType is:string
15/02/2006 11:42:22 org.republic.ParseFile executeParseFile
INFO: Getting For:Data7
15/02/2006 11:42:22 org.republic.ParseFile executeParseFile
INFO: data is :    20,500.00
15/02/2006 11:42:22 org.republic.ParseFile executeParseFile
INFO: dataType is:number
15/02/2006 11:42:22 org.republic.ParseFile executeParseFile
INFO: Getting For:Data8
15/02/2006 11:42:22 org.republic.ParseFile executeParseFile
INFO: data is :EA
15/02/2006 11:42:22 org.republic.ParseFile executeParseFile
INFO: dataType is:string
15/02/2006 11:42:22 org.republic.ParseFile executeParseFile
INFO: Getting For:Data9
15/02/2006 11:42:22 org.republic.ParseFile executeParseFile
INFO: data is :     0.0423
15/02/2006 11:42:22 org.republic.ParseFile executeParseFile
INFO: dataType is:number
15/02/2006 11:42:22 org.republic.ParseFile executeParseFile
INFO: Getting For:Data10
15/02/2006 11:42:22 org.republic.ParseFile executeParseFile
INFO: data is :         867.15
15/02/2006 11:42:22 org.republic.ParseFile executeParseFile
INFO: dataType is:number
15/02/2006 11:42:22 org.republic.ParseFile executeParseFile
INFO: Getting For:Data11
15/02/2006 11:42:22 org.republic.ParseFile executeParseFile
INFO: data is :         867.15
15/02/2006 11:42:22 org.republic.ParseFile executeParseFile
INFO: dataType is:number
15/02/2006 11:42:22 org.republic.ParseFile executeParseFile
INFO: Getting For:Data12
15/02/2006 11:42:22 org.republic.ParseFile executeParseFile
INFO: data is :        86.72
15/02/2006 11:42:22 org.republic.ParseFile executeParseFile
INFO: dataType is:number
15/02/2006 11:42:22 org.republic.ParseFile executeParseFile
INFO: Getting For:Data13
15/02/2006 11:42:22 org.republic.ParseFile executeParseFile
INFO: data is :no 
15/02/2006 11:42:22 org.republic.ParseFile executeParseFile
INFO: dataType is:string
15/02/2006 11:42:22 org.republic.ParseFile executeParseFile
INFO: Getting For:Data14
15/02/2006 11:42:22 org.republic.ParseFile executeParseFile
INFO: data is :        
15/02/2006 11:42:22 org.republic.ParseFile executeParseFile
INFO: dataType is:string
15/02/2006 11:42:22 org.republic.ParseFile executeParseFile
INFO: Getting For:Data15
15/02/2006 11:42:22 org.republic.ParseFile executeParseFile
INFO: data is :           
15/02/2006 11:42:22 org.republic.ParseFile executeParseFile
INFO: dataType is:number
15/02/2006 11:42:22 org.republic.ParseFile executeParseFile
INFO: Getting For:Data16
15/02/2006 11:42:22 org.republic.ParseFile executeParseFile
INFO: data is :               
15/02/2006 11:42:22 org.republic.ParseFile executeParseFile
INFO: dataType is:number
15/02/2006 11:42:22 org.republic.ParseFile executeParseFile
INFO: Getting For:Data17
15/02/2006 11:42:22 org.republic.ParseFile executeParseFile
INFO: data is :        
15/02/2006 11:42:22 org.republic.ParseFile executeParseFile
INFO: dataType is:string
15/02/2006 11:42:22 org.republic.ParseFile executeParseFile
INFO: Getting For:Data18
15/02/2006 11:42:22 org.republic.ParseFile executeParseFile
INFO: data is :                  
15/02/2006 11:42:22 org.republic.ParseFile executeParseFile
INFO: dataType is:string
15/02/2006 11:42:22 org.republic.ParseFile executeParseFile
INFO: Getting For:Data19
15/02/2006 11:42:22 org.republic.ParseFile executeParseFile
INFO: data is : 
15/02/2006 11:42:22 org.republic.ParseFile executeParseFile
INFO: dataType is:string
15/02/2006 11:42:22 org.republic.ParseFile executeParseFile
INFO: Getting For:Data20
15/02/2006 11:42:22 org.republic.ParseFile executeParseFile
INFO: data is :no
15/02/2006 11:42:22 org.republic.ParseFile executeParseFile
INFO: dataType is:string
15/02/2006 11:42:22 org.republic.ParseFile executeParseFile
INFO: Getting For:Data21
15/02/2006 11:42:22 org.republic.ParseFile executeParseFile
INFO: data is :PO80092 
15/02/2006 11:42:22 org.republic.ParseFile executeParseFile
INFO: dataType is:string
15/02/2006 11:42:22 org.republic.ParseFile executeParseFile
INFO: Getting For:Data1
15/02/2006 11:42:22 org.republic.ParseFile executeParseFile
INFO: data is :  2
15/02/2006 11:42:22 org.republic.ParseFile executeParseFile
INFO: dataType is:string
15/02/2006 11:42:22 org.republic.ParseFile executeParseFile
INFO: Getting For:Data2
15/02/2006 11:42:22 org.republic.ParseFile executeParseFile
INFO: data is :RC43924 
15/02/2006 11:42:22 org.republic.ParseFile executeParseFile
INFO: dataType is:string
15/02/2006 11:42:22 org.republic.ParseFile executeParseFile
INFO: Getting For:Data3
15/02/2006 11:42:22 org.republic.ParseFile executeParseFile
INFO: data is :eve000  
15/02/2006 11:42:22 org.republic.ParseFile executeParseFile
INFO: dataType is:string
15/02/2006 11:42:22 org.republic.ParseFile executeParseFile
INFO: Getting For:Data4
15/02/2006 11:42:22 org.republic.ParseFile executeParseFile
INFO: data is :09/12/05
15/02/2006 11:42:22 org.republic.ParseFile executeParseFile
INFO: dataType is:date
15/02/2006 11:42:22 org.republic.ParseFile executeParseFile
INFO: Getting For:Data5
15/02/2006 11:42:22 org.republic.ParseFile executeParseFile
INFO: data is :10  
15/02/2006 11:42:22 org.republic.ParseFile executeParseFile
INFO: dataType is:string
15/02/2006 11:42:22 org.republic.ParseFile executeParseFile
INFO: Getting For:Data6
15/02/2006 11:42:22 org.republic.ParseFile executeParseFile
INFO: data is :4006220-00110     
15/02/2006 11:42:22 org.republic.ParseFile executeParseFile
INFO: dataType is:string
15/02/2006 11:42:22 org.republic.ParseFile executeParseFile
INFO: Getting For:Data7
15/02/2006 11:42:22 org.republic.ParseFile executeParseFile
INFO: data is :    16,500.00
15/02/2006 11:42:22 org.republic.ParseFile executeParseFile
INFO: dataType is:number
15/02/2006 11:42:22 org.republic.ParseFile executeParseFile
INFO: Getting For:Data8
15/02/2006 11:42:22 org.republic.ParseFile executeParseFile
INFO: data is :EA
15/02/2006 11:42:22 org.republic.ParseFile executeParseFile
INFO: dataType is:string
15/02/2006 11:42:22 org.republic.ParseFile executeParseFile
INFO: Getting For:Data9
15/02/2006 11:42:22 org.republic.ParseFile executeParseFile
INFO: data is :      0.043
15/02/2006 11:42:22 org.republic.ParseFile executeParseFile
INFO: dataType is:number
15/02/2006 11:42:22 org.republic.ParseFile executeParseFile
INFO: Getting For:Data10
15/02/2006 11:42:22 org.republic.ParseFile executeParseFile
INFO: data is :         709.50
15/02/2006 11:42:22 org.republic.ParseFile executeParseFile
INFO: dataType is:number
15/02/2006 11:42:22 org.republic.ParseFile executeParseFile
INFO: Getting For:Data11
15/02/2006 11:42:22 org.republic.ParseFile executeParseFile
INFO: data is :         709.50
15/02/2006 11:42:22 org.republic.ParseFile executeParseFile
INFO: dataType is:number
15/02/2006 11:42:22 org.republic.ParseFile executeParseFile
INFO: Getting For:Data12
15/02/2006 11:42:22 org.republic.ParseFile executeParseFile
INFO: data is :        70.95
15/02/2006 11:42:22 org.republic.ParseFile executeParseFile
INFO: dataType is:number
15/02/2006 11:42:22 org.republic.ParseFile executeParseFile
INFO: Getting For:Data13
15/02/2006 11:42:22 org.republic.ParseFile executeParseFile
INFO: data is :no 
15/02/2006 11:42:22 org.republic.ParseFile executeParseFile
INFO: dataType is:string
15/02/2006 11:42:22 org.republic.ParseFile executeParseFile
INFO: Getting For:Data14
15/02/2006 11:42:22 org.republic.ParseFile executeParseFile
INFO: data is :        
15/02/2006 11:42:22 org.republic.ParseFile executeParseFile
INFO: dataType is:string
15/02/2006 11:42:22 org.republic.ParseFile executeParseFile
INFO: Getting For:Data15
15/02/2006 11:42:22 org.republic.ParseFile executeParseFile
INFO: data is :           
15/02/2006 11:42:22 org.republic.ParseFile executeParseFile
INFO: dataType is:number
15/02/2006 11:42:22 org.republic.ParseFile executeParseFile
INFO: Getting For:Data16
15/02/2006 11:42:22 org.republic.ParseFile executeParseFile
INFO: data is :               
15/02/2006 11:42:22 org.republic.ParseFile executeParseFile
INFO: dataType is:number
15/02/2006 11:42:22 org.republic.ParseFile executeParseFile
INFO: Getting For:Data17
15/02/2006 11:42:22 org.republic.ParseFile executeParseFile
INFO: data is :        
15/02/2006 11:42:22 org.republic.ParseFile executeParseFile
INFO: dataType is:string
15/02/2006 11:42:22 org.republic.ParseFile executeParseFile
INFO: Getting For:Data18
15/02/2006 11:42:22 org.republic.ParseFile executeParseFile
INFO: data is :                  
15/02/2006 11:42:22 org.republic.ParseFile executeParseFile
INFO: dataType is:string
15/02/2006 11:42:22 org.republic.ParseFile executeParseFile
INFO: Getting For:Data19
15/02/2006 11:42:22 org.republic.ParseFile executeParseFile
INFO: data is : 
15/02/2006 11:42:22 org.republic.ParseFile executeParseFile
INFO: dataType is:string
15/02/2006 11:42:22 org.republic.ParseFile executeParseFile
INFO: Getting For:Data20
15/02/2006 11:42:22 org.republic.ParseFile executeParseFile
INFO: data is :no
15/02/2006 11:42:22 org.republic.ParseFile executeParseFile
INFO: dataType is:string
15/02/2006 11:42:22 org.republic.ParseFile executeParseFile
INFO: Getting For:Data21
15/02/2006 11:42:22 org.republic.ParseFile executeParseFile
INFO: data is :PO80092 
15/02/2006 11:42:22 org.republic.ParseFile executeParseFile
INFO: dataType is:string
15/02/2006 11:42:22 org.republic.ParseFile executeParseFile
INFO: Getting For:Data1
15/02/2006 11:42:22 org.republic.ParseFile executeParseFile
INFO: data is :  2
15/02/2006 11:42:22 org.republic.ParseFile executeParseFile
INFO: dataType is:string
15/02/2006 11:42:22 org.republic.ParseFile executeParseFile
INFO: Getting For:Data2
15/02/2006 11:42:22 org.republic.ParseFile executeParseFile
INFO: data is :RC43862 
15/02/2006 11:42:22 org.republic.ParseFile executeParseFile
INFO: dataType is:string
15/02/2006 11:42:22 org.republic.ParseFile executeParseFile
INFO: Getting For:Data3
15/02/2006 11:42:22 org.republic.ParseFile executeParseFile
INFO: data is :eve000  
15/02/2006 11:42:22 org.republic.ParseFile executeParseFile
INFO: dataType is:string
15/02/2006 11:42:22 org.republic.ParseFile executeParseFile
INFO: Getting For:Data4
15/02/2006 11:42:22 org.republic.ParseFile executeParseFile
INFO: data is :07/12/05
15/02/2006 11:42:22 org.republic.ParseFile executeParseFile
INFO: dataType is:date
15/02/2006 11:42:22 org.republic.ParseFile executeParseFile
INFO: Getting For:Data5
15/02/2006 11:42:22 org.republic.ParseFile executeParseFile
INFO: data is :10  
15/02/2006 11:42:22 org.republic.ParseFile executeParseFile
INFO: dataType is:string
15/02/2006 11:42:22 org.republic.ParseFile executeParseFile
INFO: Getting For:Data6
15/02/2006 11:42:22 org.republic.ParseFile executeParseFile
INFO: data is :4006220-00110     
15/02/2006 11:42:22 org.republic.ParseFile executeParseFile
INFO: dataType is:string
15/02/2006 11:42:22 org.republic.ParseFile executeParseFile
INFO: Getting For:Data7
15/02/2006 11:42:22 org.republic.ParseFile executeParseFile
INFO: data is :     4,000.00
15/02/2006 11:42:22 org.republic.ParseFile executeParseFile
INFO: dataType is:number
15/02/2006 11:42:22 org.republic.ParseFile executeParseFile
INFO: Getting For:Data8
15/02/2006 11:42:22 org.republic.ParseFile executeParseFile
INFO: data is :EA
15/02/2006 11:42:22 org.republic.ParseFile executeParseFile
INFO: dataType is:string
15/02/2006 11:42:22 org.republic.ParseFile executeParseFile
INFO: Getting For:Data9
15/02/2006 11:42:22 org.republic.ParseFile executeParseFile
INFO: data is :      0.043
15/02/2006 11:42:22 org.republic.ParseFile executeParseFile
INFO: dataType is:number
15/02/2006 11:42:22 org.republic.ParseFile executeParseFile
INFO: Getting For:Data10
15/02/2006 11:42:22 org.republic.ParseFile executeParseFile
INFO: data is :         172.00
15/02/2006 11:42:22 org.republic.ParseFile executeParseFile
INFO: dataType is:number
15/02/2006 11:42:22 org.republic.ParseFile executeParseFile
INFO: Getting For:Data11
15/02/2006 11:42:22 org.republic.ParseFile executeParseFile
INFO: data is :         172.00
15/02/2006 11:42:22 org.republic.ParseFile executeParseFile
INFO: dataType is:number
15/02/2006 11:42:22 org.republic.ParseFile executeParseFile
INFO: Getting For:Data12
15/02/2006 11:42:22 org.republic.ParseFile executeParseFile
INFO: data is :        17.20
15/02/2006 11:42:22 org.republic.ParseFile executeParseFile
INFO: dataType is:number
15/02/2006 11:42:22 org.republic.ParseFile executeParseFile
INFO: Getting For:Data13
15/02/2006 11:42:22 org.republic.ParseFile executeParseFile
INFO: data is :no 
15/02/2006 11:42:22 org.republic.ParseFile executeParseFile
INFO: dataType is:string
15/02/2006 11:42:22 org.republic.ParseFile executeParseFile
INFO: Getting For:Data14
15/02/2006 11:42:22 org.republic.ParseFile executeParseFile
INFO: data is :        
15/02/2006 11:42:22 org.republic.ParseFile executeParseFile
INFO: dataType is:string
15/02/2006 11:42:22 org.republic.ParseFile executeParseFile
INFO: Getting For:Data15
15/02/2006 11:42:22 org.republic.ParseFile executeParseFile
INFO: data is :           
15/02/2006 11:42:22 org.republic.ParseFile executeParseFile
INFO: dataType is:number
15/02/2006 11:42:22 org.republic.ParseFile executeParseFile
INFO: Getting For:Data16
15/02/2006 11:42:22 org.republic.ParseFile executeParseFile
INFO: data is :               
15/02/2006 11:42:22 org.republic.ParseFile executeParseFile
INFO: dataType is:number
15/02/2006 11:42:22 org.republic.ParseFile executeParseFile
INFO: Getting For:Data17
15/02/2006 11:42:22 org.republic.ParseFile executeParseFile
INFO: data is :        
15/02/2006 11:42:22 org.republic.ParseFile executeParseFile
INFO: dataType is:string
15/02/2006 11:42:22 org.republic.ParseFile executeParseFile
INFO: Getting For:Data18
15/02/2006 11:42:22 org.republic.ParseFile executeParseFile
INFO: data is :                  
15/02/2006 11:42:22 org.republic.ParseFile executeParseFile
INFO: dataType is:string
15/02/2006 11:42:22 org.republic.ParseFile executeParseFile
INFO: Getting For:Data19
15/02/2006 11:42:22 org.republic.ParseFile executeParseFile
INFO: data is : 
15/02/2006 11:42:22 org.republic.ParseFile executeParseFile
INFO: dataType is:string
15/02/2006 11:42:22 org.republic.ParseFile executeParseFile
INFO: Getting For:Data20
15/02/2006 11:42:22 org.republic.ParseFile executeParseFile
INFO: data is :no
15/02/2006 11:42:22 org.republic.ParseFile executeParseFile
INFO: dataType is:string
15/02/2006 11:42:22 org.republic.ParseFile executeParseFile
INFO: Getting For:Data21
15/02/2006 11:42:22 org.republic.ParseFile executeParseFile
INFO: data is :PO80092 
15/02/2006 11:42:22 org.republic.ParseFile executeParseFile
INFO: dataType is:string
15/02/2006 11:42:22 org.republic.ParseFile executeParseFile
INFO: Getting For:Data1
15/02/2006 11:42:22 org.republic.ParseFile executeParseFile
INFO: data is :  4
15/02/2006 11:42:22 org.republic.ParseFile executeParseFile
INFO: dataType is:string
15/02/2006 11:42:22 org.republic.ParseFile executeParseFile
INFO: Getting For:Data2
15/02/2006 11:42:22 org.republic.ParseFile executeParseFile
INFO: data is :RC43924 
15/02/2006 11:42:22 org.republic.ParseFile executeParseFile
INFO: dataType is:string
15/02/2006 11:42:22 org.republic.ParseFile executeParseFile
INFO: Getting For:Data3
15/02/2006 11:42:22 org.republic.ParseFile executeParseFile
INFO: data is :eve000  
15/02/2006 11:42:22 org.republic.ParseFile executeParseFile
INFO: dataType is:string
15/02/2006 11:42:22 org.republic.ParseFile executeParseFile
INFO: Getting For:Data4
15/02/2006 11:42:22 org.republic.ParseFile executeParseFile
INFO: data is :09/12/05
15/02/2006 11:42:22 org.republic.ParseFile executeParseFile
INFO: dataType is:date
15/02/2006 11:42:22 org.republic.ParseFile executeParseFile
INFO: Getting For:Data5
15/02/2006 11:42:22 org.republic.ParseFile executeParseFile
INFO: data is :10  
15/02/2006 11:42:22 org.republic.ParseFile executeParseFile
INFO: dataType is:string
15/02/2006 11:42:22 org.republic.ParseFile executeParseFile
INFO: Getting For:Data6
15/02/2006 11:42:22 org.republic.ParseFile executeParseFile
INFO: data is :4006220-00120     
15/02/2006 11:42:22 org.republic.ParseFile executeParseFile
INFO: dataType is:string
15/02/2006 11:42:22 org.republic.ParseFile executeParseFile
INFO: Getting For:Data7
15/02/2006 11:42:22 org.republic.ParseFile executeParseFile
INFO: data is :    20,500.00
15/02/2006 11:42:22 org.republic.ParseFile executeParseFile
INFO: dataType is:number
15/02/2006 11:42:22 org.republic.ParseFile executeParseFile
INFO: Getting For:Data8
15/02/2006 11:42:22 org.republic.ParseFile executeParseFile
INFO: data is :EA
15/02/2006 11:42:22 org.republic.ParseFile executeParseFile
INFO: dataType is:string
15/02/2006 11:42:22 org.republic.ParseFile executeParseFile
INFO: Getting For:Data9
15/02/2006 11:42:22 org.republic.ParseFile executeParseFile
INFO: data is :       0.08
15/02/2006 11:42:22 org.republic.ParseFile executeParseFile
INFO: dataType is:number
15/02/2006 11:42:22 org.republic.ParseFile executeParseFile
INFO: Getting For:Data10
15/02/2006 11:42:22 org.republic.ParseFile executeParseFile
INFO: data is :       1,640.00
15/02/2006 11:42:22 org.republic.ParseFile executeParseFile
INFO: dataType is:number
15/02/2006 11:42:22 org.republic.ParseFile executeParseFile
INFO: Getting For:Data11
15/02/2006 11:42:22 org.republic.ParseFile executeParseFile
INFO: data is :       1,640.00
15/02/2006 11:42:22 org.republic.ParseFile executeParseFile
INFO: dataType is:number
15/02/2006 11:42:22 org.republic.ParseFile executeParseFile
INFO: Getting For:Data12
15/02/2006 11:42:22 org.republic.ParseFile executeParseFile
INFO: data is :       164.00
15/02/2006 11:42:22 org.republic.ParseFile executeParseFile
INFO: dataType is:number
15/02/2006 11:42:22 org.republic.ParseFile executeParseFile
INFO: Getting For:Data13
15/02/2006 11:42:22 org.republic.ParseFile executeParseFile
INFO: data is :no 
15/02/2006 11:42:22 org.republic.ParseFile executeParseFile
INFO: dataType is:string
15/02/2006 11:42:22 org.republic.ParseFile executeParseFile
INFO: Getting For:Data14
15/02/2006 11:42:22 org.republic.ParseFile executeParseFile
INFO: data is :        
15/02/2006 11:42:22 org.republic.ParseFile executeParseFile
INFO: dataType is:string
15/02/2006 11:42:22 org.republic.ParseFile executeParseFile
INFO: Getting For:Data15
15/02/2006 11:42:22 org.republic.ParseFile executeParseFile
INFO: data is :           
15/02/2006 11:42:22 org.republic.ParseFile executeParseFile
INFO: dataType is:number
15/02/2006 11:42:22 org.republic.ParseFile executeParseFile
INFO: Getting For:Data16
15/02/2006 11:42:22 org.republic.ParseFile executeParseFile
INFO: data is :               
15/02/2006 11:42:22 org.republic.ParseFile executeParseFile
INFO: dataType is:number
15/02/2006 11:42:22 org.republic.ParseFile executeParseFile
INFO: Getting For:Data17
15/02/2006 11:42:22 org.republic.ParseFile executeParseFile
INFO: data is :        
15/02/2006 11:42:22 org.republic.ParseFile executeParseFile
INFO: dataType is:string
15/02/2006 11:42:22 org.republic.ParseFile executeParseFile
INFO: Getting For:Data18
15/02/2006 11:42:22 org.republic.ParseFile executeParseFile
INFO: data is :                  
15/02/2006 11:42:22 org.republic.ParseFile executeParseFile
INFO: dataType is:string
15/02/2006 11:42:22 org.republic.ParseFile executeParseFile
INFO: Getting For:Data19
15/02/2006 11:42:22 org.republic.ParseFile executeParseFile
INFO: data is : 
15/02/2006 11:42:22 org.republic.ParseFile executeParseFile
INFO: dataType is:string
15/02/2006 11:42:22 org.republic.ParseFile executeParseFile
INFO: Getting For:Data20
15/02/2006 11:42:22 org.republic.ParseFile executeParseFile
INFO: data is :no
15/02/2006 11:42:22 org.republic.ParseFile executeParseFile
INFO: dataType is:string
15/02/2006 11:42:22 org.republic.ParseFile executeParseFile
INFO: Getting For:Data21
15/02/2006 11:42:22 org.republic.ParseFile executeParseFile
INFO: data is :PO80093 
15/02/2006 11:42:22 org.republic.ParseFile executeParseFile
INFO: dataType is:string
15/02/2006 11:42:22 org.republic.ParseFile executeParseFile
INFO: Getting For:Data1
15/02/2006 11:42:22 org.republic.ParseFile executeParseFile
INFO: data is :  1
15/02/2006 11:42:22 org.republic.ParseFile executeParseFile
INFO: dataType is:string
15/02/2006 11:42:22 org.republic.ParseFile executeParseFile
INFO: Getting For:Data2
15/02/2006 11:42:22 org.republic.ParseFile executeParseFile
INFO: data is :RC43802 
15/02/2006 11:42:22 org.republic.ParseFile executeParseFile
INFO: dataType is:string
15/02/2006 11:42:22 org.republic.ParseFile executeParseFile
INFO: Getting For:Data3
15/02/2006 11:42:22 org.republic.ParseFile executeParseFile
INFO: data is :eve000  
15/02/2006 11:42:22 org.republic.ParseFile executeParseFile
INFO: dataType is:string
15/02/2006 11:42:22 org.republic.ParseFile executeParseFile
INFO: Getting For:Data4
15/02/2006 11:42:22 org.republic.ParseFile executeParseFile
INFO: data is :02/12/05
15/02/2006 11:42:22 org.republic.ParseFile executeParseFile
INFO: dataType is:date
15/02/2006 11:42:22 org.republic.ParseFile executeParseFile
INFO: Getting For:Data5
15/02/2006 11:42:22 org.republic.ParseFile executeParseFile
INFO: data is :10  
15/02/2006 11:42:22 org.republic.ParseFile executeParseFile
INFO: dataType is:string
15/02/2006 11:42:22 org.republic.ParseFile executeParseFile
INFO: Getting For:Data6
15/02/2006 11:42:22 org.republic.ParseFile executeParseFile
INFO: data is :4010040-05100     
15/02/2006 11:42:22 org.republic.ParseFile executeParseFile
INFO: dataType is:string
15/02/2006 11:42:22 org.republic.ParseFile executeParseFile
INFO: Getting For:Data7
15/02/2006 11:42:22 org.republic.ParseFile executeParseFile
INFO: data is :   151,000.00
15/02/2006 11:42:22 org.republic.ParseFile executeParseFile
INFO: dataType is:number
15/02/2006 11:42:22 org.republic.ParseFile executeParseFile
INFO: Getting For:Data8
15/02/2006 11:42:22 org.republic.ParseFile executeParseFile
INFO: data is :EA
15/02/2006 11:42:22 org.republic.ParseFile executeParseFile
INFO: dataType is:string
15/02/2006 11:42:22 org.republic.ParseFile executeParseFile
INFO: Getting For:Data9
15/02/2006 11:42:22 org.republic.ParseFile executeParseFile
INFO: data is :       0.05
15/02/2006 11:42:22 org.republic.ParseFile executeParseFile
INFO: dataType is:number
15/02/2006 11:42:22 org.republic.ParseFile executeParseFile
INFO: Getting For:Data10
15/02/2006 11:42:22 org.republic.ParseFile executeParseFile
INFO: data is :       7,550.00
15/02/2006 11:42:22 org.republic.ParseFile executeParseFile
INFO: dataType is:number
15/02/2006 11:42:22 org.republic.ParseFile executeParseFile
INFO: Getting For:Data11
15/02/2006 11:42:22 org.republic.ParseFile executeParseFile
INFO: data is :       7,550.00
15/02/2006 11:42:22 org.republic.ParseFile executeParseFile
INFO: dataType is:number
15/02/2006 11:42:22 org.republic.ParseFile executeParseFile
INFO: Getting For:Data12
15/02/2006 11:42:22 org.republic.ParseFile executeParseFile
INFO: data is :       755.00
15/02/2006 11:42:22 org.republic.ParseFile executeParseFile
INFO: dataType is:number
15/02/2006 11:42:22 org.republic.ParseFile executeParseFile
INFO: Getting For:Data13
15/02/2006 11:42:22 org.republic.ParseFile executeParseFile
INFO: data is :no 
15/02/2006 11:42:22 org.republic.ParseFile executeParseFile
INFO: dataType is:string
15/02/2006 11:42:22 org.republic.ParseFile executeParseFile
INFO: Getting For:Data14
15/02/2006 11:42:22 org.republic.ParseFile executeParseFile
INFO: data is :        
15/02/2006 11:42:22 org.republic.ParseFile executeParseFile
INFO: dataType is:string
15/02/2006 11:42:22 org.republic.ParseFile executeParseFile
INFO: Getting For:Data15
15/02/2006 11:42:22 org.republic.ParseFile executeParseFile
INFO: data is :           
15/02/2006 11:42:22 org.republic.ParseFile executeParseFile
INFO: dataType is:number
15/02/2006 11:42:22 org.republic.ParseFile executeParseFile
INFO: Getting For:Data16
15/02/2006 11:42:22 org.republic.ParseFile executeParseFile
INFO: data is :               
15/02/2006 11:42:22 org.republic.ParseFile executeParseFile
INFO: dataType is:number
15/02/2006 11:42:22 org.republic.ParseFile executeParseFile
INFO: Getting For:Data17
15/02/2006 11:42:22 org.republic.ParseFile executeParseFile
INFO: data is :        
15/02/2006 11:42:22 org.republic.ParseFile executeParseFile
INFO: dataType is:string
15/02/2006 11:42:22 org.republic.ParseFile executeParseFile
INFO: Getting For:Data18
15/02/2006 11:42:22 org.republic.ParseFile executeParseFile
INFO: data is :                  
15/02/2006 11:42:22 org.republic.ParseFile executeParseFile
INFO: dataType is:string
15/02/2006 11:42:22 org.republic.ParseFile executeParseFile
INFO: Getting For:Data19
15/02/2006 11:42:22 org.republic.ParseFile executeParseFile
INFO: data is : 
15/02/2006 11:42:22 org.republic.ParseFile executeParseFile
INFO: dataType is:string
15/02/2006 11:42:22 org.republic.ParseFile executeParseFile
INFO: Getting For:Data20
15/02/2006 11:42:22 org.republic.ParseFile executeParseFile
INFO: data is :no
15/02/2006 11:42:22 org.republic.ParseFile executeParseFile
INFO: dataType is:string
15/02/2006 11:42:22 org.republic.ParseFile executeParseFile
INFO: Getting For:Data21
15/02/2006 11:42:22 org.republic.ParseFile executeParseFile
INFO: data is :PO80093 
15/02/2006 11:42:22 org.republic.ParseFile executeParseFile
INFO: dataType is:string
15/02/2006 11:42:22 org.republic.ParseFile executeParseFile
INFO: Getting For:Data1
15/02/2006 11:42:22 org.republic.ParseFile executeParseFile
INFO: data is :  2
15/02/2006 11:42:22 org.republic.ParseFile executeParseFile
INFO: dataType is:string
15/02/2006 11:42:22 org.republic.ParseFile executeParseFile
INFO: Getting For:Data2
15/02/2006 11:42:22 org.republic.ParseFile executeParseFile
INFO: data is :RC43802 
15/02/2006 11:42:22 org.republic.ParseFile executeParseFile
INFO: dataType is:string
15/02/2006 11:42:22 org.republic.ParseFile executeParseFile
INFO: Getting For:Data3
15/02/2006 11:42:22 org.republic.ParseFile executeParseFile
INFO: data is :eve000  
15/02/2006 11:42:22 org.republic.ParseFile executeParseFile
INFO: dataType is:string
15/02/2006 11:42:22 org.republic.ParseFile executeParseFile
INFO: Getting For:Data4
15/02/2006 11:42:22 org.republic.ParseFile executeParseFile
INFO: data is :02/12/05
15/02/2006 11:42:22 org.republic.ParseFile executeParseFile
INFO: dataType is:date
15/02/2006 11:42:22 org.republic.ParseFile executeParseFile
INFO: Getting For:Data5
15/02/2006 11:42:22 org.republic.ParseFile executeParseFile
INFO: data is :10  
15/02/2006 11:42:22 org.republic.ParseFile executeParseFile
INFO: dataType is:string
15/02/2006 11:42:22 org.republic.ParseFile executeParseFile
INFO: Getting For:Data6
15/02/2006 11:42:22 org.republic.ParseFile executeParseFile
INFO: data is :4010125-05100     
15/02/2006 11:42:22 org.republic.ParseFile executeParseFile
INFO: dataType is:string
15/02/2006 11:42:22 org.republic.ParseFile executeParseFile
INFO: Getting For:Data7
15/02/2006 11:42:22 org.republic.ParseFile executeParseFile
INFO: data is :   203,000.00
15/02/2006 11:42:22 org.republic.ParseFile executeParseFile
INFO: dataType is:number
15/02/2006 11:42:22 org.republic.ParseFile executeParseFile
INFO: Getting For:Data8
15/02/2006 11:42:22 org.republic.ParseFile executeParseFile
INFO: data is :EA
15/02/2006 11:42:22 org.republic.ParseFile executeParseFile
INFO: dataType is:string
15/02/2006 11:42:22 org.republic.ParseFile executeParseFile
INFO: Getting For:Data9
15/02/2006 11:42:22 org.republic.ParseFile executeParseFile
INFO: data is :       0.05
15/02/2006 11:42:22 org.republic.ParseFile executeParseFile
INFO: dataType is:number
15/02/2006 11:42:22 org.republic.ParseFile executeParseFile
INFO: Getting For:Data10
15/02/2006 11:42:22 org.republic.ParseFile executeParseFile
INFO: data is :      10,150.00
15/02/2006 11:42:22 org.republic.ParseFile executeParseFile
INFO: dataType is:number
15/02/2006 11:42:22 org.republic.ParseFile executeParseFile
INFO: Getting For:Data11
15/02/2006 11:42:22 org.republic.ParseFile executeParseFile
INFO: data is :      10,150.00
15/02/2006 11:42:22 org.republic.ParseFile executeParseFile
INFO: dataType is:number
15/02/2006 11:42:22 org.republic.ParseFile executeParseFile
INFO: Getting For:Data12
15/02/2006 11:42:22 org.republic.ParseFile executeParseFile
INFO: data is :     1,015.00
15/02/2006 11:42:22 org.republic.ParseFile executeParseFile
INFO: dataType is:number
15/02/2006 11:42:22 org.republic.ParseFile executeParseFile
INFO: Getting For:Data13
15/02/2006 11:42:22 org.republic.ParseFile executeParseFile
INFO: data is :no 
15/02/2006 11:42:22 org.republic.ParseFile executeParseFile
INFO: dataType is:string
15/02/2006 11:42:22 org.republic.ParseFile executeParseFile
INFO: Getting For:Data14
15/02/2006 11:42:22 org.republic.ParseFile executeParseFile
INFO: data is :        
15/02/2006 11:42:22 org.republic.ParseFile executeParseFile
INFO: dataType is:string
15/02/2006 11:42:22 org.republic.ParseFile executeParseFile
INFO: Getting For:Data15
15/02/2006 11:42:22 org.republic.ParseFile executeParseFile
INFO: data is :           
15/02/2006 11:42:22 org.republic.ParseFile executeParseFile
INFO: dataType is:number
15/02/2006 11:42:22 org.republic.ParseFile executeParseFile
INFO: Getting For:Data16
15/02/2006 11:42:22 org.republic.ParseFile executeParseFile
INFO: data is :               
15/02/2006 11:42:22 org.republic.ParseFile executeParseFile
INFO: dataType is:number
15/02/2006 11:42:22 org.republic.ParseFile executeParseFile
INFO: Getting For:Data17
15/02/2006 11:42:22 org.republic.ParseFile executeParseFile
INFO: data is :        
15/02/2006 11:42:22 org.republic.ParseFile executeParseFile
INFO: dataType is:string
15/02/2006 11:42:22 org.republic.ParseFile executeParseFile
INFO: Getting For:Data18
15/02/2006 11:42:22 org.republic.ParseFile executeParseFile
INFO: data is :                  
15/02/2006 11:42:22 org.republic.ParseFile executeParseFile
INFO: dataType is:string
15/02/2006 11:42:22 org.republic.ParseFile executeParseFile
INFO: Getting For:Data19
15/02/2006 11:42:22 org.republic.ParseFile executeParseFile
INFO: data is : 
15/02/2006 11:42:22 org.republic.ParseFile executeParseFile
INFO: dataType is:string
15/02/2006 11:42:22 org.republic.ParseFile executeParseFile
INFO: Getting For:Data20
15/02/2006 11:42:22 org.republic.ParseFile executeParseFile
INFO: data is :no
15/02/2006 11:42:22 org.republic.ParseFile executeParseFile
INFO: dataType is:string
15/02/2006 11:42:22 org.republic.ParseFile executeParseFile
INFO: Getting For:Data21
15/02/2006 11:42:22 org.republic.ParseFile executeParseFile
INFO: data is :PO80099 
15/02/2006 11:42:22 org.republic.ParseFile executeParseFile
INFO: dataType is:string
15/02/2006 11:42:22 org.republic.ParseFile executeParseFile
INFO: Getting For:Data1
15/02/2006 11:42:22 org.republic.ParseFile executeParseFile
INFO: data is :  1
15/02/2006 11:42:22 org.republic.ParseFile executeParseFile
INFO: dataType is:string
15/02/2006 11:42:22 org.republic.ParseFile executeParseFile
INFO: Getting For:Data2
15/02/2006 11:42:22 org.republic.ParseFile executeParseFile
INFO: data is :RC43865 
15/02/2006 11:42:22 org.republic.ParseFile executeParseFile
INFO: dataType is:string
15/02/2006 11:42:22 org.republic.ParseFile executeParseFile
INFO: Getting For:Data3
15/02/2006 11:42:22 org.republic.ParseFile executeParseFile
INFO: data is :eve000  
15/02/2006 11:42:22 org.republic.ParseFile executeParseFile
INFO: dataType is:string
15/02/2006 11:42:22 org.republic.ParseFile executeParseFile
INFO: Getting For:Data4
15/02/2006 11:42:22 org.republic.ParseFile executeParseFile
INFO: data is :07/12/05
15/02/2006 11:42:22 org.republic.ParseFile executeParseFile
INFO: dataType is:date
15/02/2006 11:42:22 org.republic.ParseFile executeParseFile
INFO: Getting For:Data5
15/02/2006 11:42:22 org.republic.ParseFile executeParseFile
INFO: data is :10  
15/02/2006 11:42:22 org.republic.ParseFile executeParseFile
INFO: dataType is:string
15/02/2006 11:42:22 org.republic.ParseFile executeParseFile
INFO: Getting For:Data6
15/02/2006 11:42:22 org.republic.ParseFile executeParseFile
INFO: data is :4034250-00100     
15/02/2006 11:42:22 org.republic.ParseFile executeParseFile
INFO: dataType is:string
15/02/2006 11:42:22 org.republic.ParseFile executeParseFile
INFO: Getting For:Data7
15/02/2006 11:42:22 org.republic.ParseFile executeParseFile
INFO: data is :   100,000.00
15/02/2006 11:42:22 org.republic.ParseFile executeParseFile
INFO: dataType is:number
15/02/2006 11:42:22 org.republic.ParseFile executeParseFile
INFO: Getting For:Data8
15/02/2006 11:42:22 org.republic.ParseFile executeParseFile
INFO: data is :EA
15/02/2006 11:42:22 org.republic.ParseFile executeParseFile
INFO: dataType is:string
15/02/2006 11:42:22 org.republic.ParseFile executeParseFile
INFO: Getting For:Data9
15/02/2006 11:42:22 org.republic.ParseFile executeParseFile
INFO: data is :    0.02584
15/02/2006 11:42:22 org.republic.ParseFile executeParseFile
INFO: dataType is:number
15/02/2006 11:42:22 org.republic.ParseFile executeParseFile
INFO: Getting For:Data10
15/02/2006 11:42:22 org.republic.ParseFile executeParseFile
INFO: data is :       2,584.00
15/02/2006 11:42:22 org.republic.ParseFile executeParseFile
INFO: dataType is:number
15/02/2006 11:42:22 org.republic.ParseFile executeParseFile
INFO: Getting For:Data11
15/02/2006 11:42:22 org.republic.ParseFile executeParseFile
INFO: data is :       2,584.00
15/02/2006 11:42:22 org.republic.ParseFile executeParseFile
INFO: dataType is:number
15/02/2006 11:42:22 org.republic.ParseFile executeParseFile
INFO: Getting For:Data12
15/02/2006 11:42:22 org.republic.ParseFile executeParseFile
INFO: data is :       258.40
15/02/2006 11:42:22 org.republic.ParseFile executeParseFile
INFO: dataType is:number
15/02/2006 11:42:22 org.republic.ParseFile executeParseFile
INFO: Getting For:Data13
15/02/2006 11:42:22 org.republic.ParseFile executeParseFile
INFO: data is :no 
15/02/2006 11:42:22 org.republic.ParseFile executeParseFile
INFO: dataType is:string
15/02/2006 11:42:22 org.republic.ParseFile executeParseFile
INFO: Getting For:Data14
15/02/2006 11:42:22 org.republic.ParseFile executeParseFile
INFO: data is :        
15/02/2006 11:42:22 org.republic.ParseFile executeParseFile
INFO: dataType is:string
15/02/2006 11:42:22 org.republic.ParseFile executeParseFile
INFO: Getting For:Data15
15/02/2006 11:42:22 org.republic.ParseFile executeParseFile
INFO: data is :           
15/02/2006 11:42:22 org.republic.ParseFile executeParseFile
INFO: dataType is:number
15/02/2006 11:42:22 org.republic.ParseFile executeParseFile
INFO: Getting For:Data16
15/02/2006 11:42:22 org.republic.ParseFile executeParseFile
INFO: data is :               
15/02/2006 11:42:22 org.republic.ParseFile executeParseFile
INFO: dataType is:number
15/02/2006 11:42:22 org.republic.ParseFile executeParseFile
INFO: Getting For:Data17
15/02/2006 11:42:22 org.republic.ParseFile executeParseFile
INFO: data is :        
15/02/2006 11:42:22 org.republic.ParseFile executeParseFile
INFO: dataType is:string
15/02/2006 11:42:22 org.republic.ParseFile executeParseFile
INFO: Getting For:Data18
15/02/2006 11:42:22 org.republic.ParseFile executeParseFile
INFO: data is :                  
15/02/2006 11:42:22 org.republic.ParseFile executeParseFile
INFO: dataType is:string
15/02/2006 11:42:22 org.republic.ParseFile executeParseFile
INFO: Getting For:Data19
15/02/2006 11:42:22 org.republic.ParseFile executeParseFile
INFO: data is : 
15/02/2006 11:42:22 org.republic.ParseFile executeParseFile
INFO: dataType is:string
15/02/2006 11:42:22 org.republic.ParseFile executeParseFile
INFO: Getting For:Data20
15/02/2006 11:42:22 org.republic.ParseFile executeParseFile
INFO: data is :no
15/02/2006 11:42:22 org.republic.ParseFile executeParseFile
INFO: dataType is:string
15/02/2006 11:42:22 org.republic.ParseFile executeParseFile
INFO: Getting For:Data21
15/02/2006 11:42:22 org.republic.ParseFile executeParseFile
INFO: data is :PO80099 
15/02/2006 11:42:22 org.republic.ParseFile executeParseFile
INFO: dataType is:string
15/02/2006 11:42:22 org.republic.ParseFile executeParseFile
INFO: Getting For:Data1
15/02/2006 11:42:22 org.republic.ParseFile executeParseFile
INFO: data is :  1
15/02/2006 11:42:22 org.republic.ParseFile executeParseFile
INFO: dataType is:string
15/02/2006 11:42:22 org.republic.ParseFile executeParseFile
INFO: Getting For:Data2
15/02/2006 11:42:22 org.republic.ParseFile executeParseFile
INFO: data is :RC43864 
15/02/2006 11:42:22 org.republic.ParseFile executeParseFile
INFO: dataType is:string
15/02/2006 11:42:22 org.republic.ParseFile executeParseFile
INFO: Getting For:Data3
15/02/2006 11:42:22 org.republic.ParseFile executeParseFile
INFO: data is :eve000  
15/02/2006 11:42:22 org.republic.ParseFile executeParseFile
INFO: dataType is:string
15/02/2006 11:42:22 org.republic.ParseFile executeParseFile
INFO: Getting For:Data4
15/02/2006 11:42:22 org.republic.ParseFile executeParseFile
INFO: data is :07/12/05
15/02/2006 11:42:22 org.republic.ParseFile executeParseFile
INFO: dataType is:date
15/02/2006 11:42:22 org.republic.ParseFile executeParseFile
INFO: Getting For:Data5
15/02/2006 11:42:22 org.republic.ParseFile executeParseFile
INFO: data is :10  
15/02/2006 11:42:22 org.republic.ParseFile executeParseFile
INFO: dataType is:string
15/02/2006 11:42:22 org.republic.ParseFile executeParseFile
INFO: Getting For:Data6
15/02/2006 11:42:22 org.republic.ParseFile executeParseFile
INFO: data is :4034250-00100     
15/02/2006 11:42:22 org.republic.ParseFile executeParseFile
INFO: dataType is:string
15/02/2006 11:42:22 org.republic.ParseFile executeParseFile
INFO: Getting For:Data7
15/02/2006 11:42:22 org.republic.ParseFile executeParseFile
INFO: data is :   100,000.00
15/02/2006 11:42:22 org.republic.ParseFile executeParseFile
INFO: dataType is:number
15/02/2006 11:42:22 org.republic.ParseFile executeParseFile
INFO: Getting For:Data8
15/02/2006 11:42:22 org.republic.ParseFile executeParseFile
INFO: data is :EA
15/02/2006 11:42:22 org.republic.ParseFile executeParseFile
INFO: dataType is:string
15/02/2006 11:42:22 org.republic.ParseFile executeParseFile
INFO: Getting For:Data9
15/02/2006 11:42:22 org.republic.ParseFile executeParseFile
INFO: data is :    0.02584
15/02/2006 11:42:22 org.republic.ParseFile executeParseFile
INFO: dataType is:number
15/02/2006 11:42:22 org.republic.ParseFile executeParseFile
INFO: Getting For:Data10
15/02/2006 11:42:22 org.republic.ParseFile executeParseFile
INFO: data is :       2,584.00
15/02/2006 11:42:22 org.republic.ParseFile executeParseFile
INFO: dataType is:number
15/02/2006 11:42:22 org.republic.ParseFile executeParseFile
INFO: Getting For:Data11
15/02/2006 11:42:22 org.republic.ParseFile executeParseFile
INFO: data is :       2,584.00
15/02/2006 11:42:22 org.republic.ParseFile executeParseFile
INFO: dataType is:number
15/02/2006 11:42:22 org.republic.ParseFile executeParseFile
INFO: Getting For:Data12
15/02/2006 11:42:22 org.republic.ParseFile executeParseFile
INFO: data is :       258.40
15/02/2006 11:42:22 org.republic.ParseFile executeParseFile
INFO: dataType is:number
15/02/2006 11:42:22 org.republic.ParseFile executeParseFile
INFO: Getting For:Data13
15/02/2006 11:42:22 org.republic.ParseFile executeParseFile
INFO: data is :no 
15/02/2006 11:42:22 org.republic.ParseFile executeParseFile
INFO: dataType is:string
15/02/2006 11:42:22 org.republic.ParseFile executeParseFile
INFO: Getting For:Data14
15/02/2006 11:42:22 org.republic.ParseFile executeParseFile
INFO: data is :        
15/02/2006 11:42:22 org.republic.ParseFile executeParseFile
INFO: dataType is:string
15/02/2006 11:42:22 org.republic.ParseFile executeParseFile
INFO: Getting For:Data15
15/02/2006 11:42:22 org.republic.ParseFile executeParseFile
INFO: data is :           
15/02/2006 11:42:22 org.republic.ParseFile executeParseFile
INFO: dataType is:number
15/02/2006 11:42:22 org.republic.ParseFile executeParseFile
INFO: Getting For:Data16
15/02/2006 11:42:22 org.republic.ParseFile executeParseFile
INFO: data is :               
15/02/2006 11:42:22 org.republic.ParseFile executeParseFile
INFO: dataType is:number
15/02/2006 11:42:22 org.republic.ParseFile executeParseFile
INFO: Getting For:Data17
15/02/2006 11:42:22 org.republic.ParseFile executeParseFile
INFO: data is :        
15/02/2006 11:42:22 org.republic.ParseFile executeParseFile
INFO: dataType is:string
15/02/2006 11:42:22 org.republic.ParseFile executeParseFile
INFO: Getting For:Data18
15/02/2006 11:42:22 org.republic.ParseFile executeParseFile
INFO: data is :                  
15/02/2006 11:42:22 org.republic.ParseFile executeParseFile
INFO: dataType is:string
15/02/2006 11:42:22 org.republic.ParseFile executeParseFile
INFO: Getting For:Data19
15/02/2006 11:42:22 org.republic.ParseFile executeParseFile
INFO: data is : 
15/02/2006 11:42:22 org.republic.ParseFile executeParseFile
INFO: dataType is:string
15/02/2006 11:42:22 org.republic.ParseFile executeParseFile
INFO: Getting For:Data20
15/02/2006 11:42:22 org.republic.ParseFile executeParseFile
INFO: data is :no
15/02/2006 11:42:22 org.republic.ParseFile executeParseFile
INFO: dataType is:string
15/02/2006 11:42:22 org.republic.ParseFile executeParseFile
INFO: Getting For:Data21
15/02/2006 11:42:22 org.republic.ParseFile executeParseFile
INFO: data is :PO80099 
15/02/2006 11:42:22 org.republic.ParseFile executeParseFile
INFO: dataType is:string
15/02/2006 11:42:22 org.republic.ParseFile executeParseFile
INFO: Getting For:Data1
15/02/2006 11:42:22 org.republic.ParseFile executeParseFile
INFO: data is :  2
15/02/2006 11:42:22 org.republic.ParseFile executeParseFile
INFO: dataType is:string
15/02/2006 11:42:22 org.republic.ParseFile executeParseFile
INFO: Getting For:Data2
15/02/2006 11:42:22 org.republic.ParseFile executeParseFile
INFO: data is :RC43865 
15/02/2006 11:42:22 org.republic.ParseFile executeParseFile
INFO: dataType is:string
15/02/2006 11:42:22 org.republic.ParseFile executeParseFile
INFO: Getting For:Data3
15/02/2006 11:42:22 org.republic.ParseFile executeParseFile
INFO: data is :eve000  
15/02/2006 11:42:22 org.republic.ParseFile executeParseFile
INFO: dataType is:string
15/02/2006 11:42:22 org.republic.ParseFile executeParseFile
INFO: Getting For:Data4
15/02/2006 11:42:22 org.republic.ParseFile executeParseFile
INFO: data is :07/12/05
15/02/2006 11:42:22 org.republic.ParseFile executeParseFile
INFO: dataType is:date
15/02/2006 11:42:22 org.republic.ParseFile executeParseFile
INFO: Getting For:Data5
15/02/2006 11:42:22 org.republic.ParseFile executeParseFile
INFO: data is :10  
15/02/2006 11:42:22 org.republic.ParseFile executeParseFile
INFO: dataType is:string
15/02/2006 11:42:22 org.republic.ParseFile executeParseFile
INFO: Getting For:Data6
15/02/2006 11:42:22 org.republic.ParseFile executeParseFile
INFO: data is :4034250-00120     
15/02/2006 11:42:22 org.republic.ParseFile executeParseFile
INFO: dataType is:string
15/02/2006 11:42:22 org.republic.ParseFile executeParseFile
INFO: Getting For:Data7
15/02/2006 11:42:22 org.republic.ParseFile executeParseFile
INFO: data is :   100,000.00
15/02/2006 11:42:22 org.republic.ParseFile executeParseFile
INFO: dataType is:number
15/02/2006 11:42:22 org.republic.ParseFile executeParseFile
INFO: Getting For:Data8
15/02/2006 11:42:22 org.republic.ParseFile executeParseFile
INFO: data is :EA
15/02/2006 11:42:22 org.republic.ParseFile executeParseFile
INFO: dataType is:string
15/02/2006 11:42:22 org.republic.ParseFile executeParseFile
INFO: Getting For:Data9
15/02/2006 11:42:22 org.republic.ParseFile executeParseFile
INFO: data is :    0.02252
15/02/2006 11:42:22 org.republic.ParseFile executeParseFile
INFO: dataType is:number
15/02/2006 11:42:22 org.republic.ParseFile executeParseFile
INFO: Getting For:Data10
15/02/2006 11:42:22 org.republic.ParseFile executeParseFile
INFO: data is :       2,252.00
15/02/2006 11:42:22 org.republic.ParseFile executeParseFile
INFO: dataType is:number
15/02/2006 11:42:22 org.republic.ParseFile executeParseFile
INFO: Getting For:Data11
15/02/2006 11:42:22 org.republic.ParseFile executeParseFile
INFO: data is :       2,252.00
15/02/2006 11:42:22 org.republic.ParseFile executeParseFile
INFO: dataType is:number
15/02/2006 11:42:22 org.republic.ParseFile executeParseFile
INFO: Getting For:Data12
15/02/2006 11:42:22 org.republic.ParseFile executeParseFile
INFO: data is :       225.20
15/02/2006 11:42:22 org.republic.ParseFile executeParseFile
INFO: dataType is:number
15/02/2006 11:42:22 org.republic.ParseFile executeParseFile
INFO: Getting For:Data13
15/02/2006 11:42:22 org.republic.ParseFile executeParseFile
INFO: data is :no 
15/02/2006 11:42:22 org.republic.ParseFile executeParseFile
INFO: dataType is:string
15/02/2006 11:42:22 org.republic.ParseFile executeParseFile
INFO: Getting For:Data14
15/02/2006 11:42:22 org.republic.ParseFile executeParseFile
INFO: data is :        
15/02/2006 11:42:22 org.republic.ParseFile executeParseFile
INFO: dataType is:string
15/02/2006 11:42:22 org.republic.ParseFile executeParseFile
INFO: Getting For:Data15
15/02/2006 11:42:22 org.republic.ParseFile executeParseFile
INFO: data is :           
15/02/2006 11:42:22 org.republic.ParseFile executeParseFile
INFO: dataType is:number
15/02/2006 11:42:22 org.republic.ParseFile executeParseFile
INFO: Getting For:Data16
15/02/2006 11:42:22 org.republic.ParseFile executeParseFile
INFO: data is :               
15/02/2006 11:42:22 org.republic.ParseFile executeParseFile
INFO: dataType is:number
15/02/2006 11:42:22 org.republic.ParseFile executeParseFile
INFO: Getting For:Data17
15/02/2006 11:42:22 org.republic.ParseFile executeParseFile
INFO: data is :        
15/02/2006 11:42:22 org.republic.ParseFile executeParseFile
INFO: dataType is:string
15/02/2006 11:42:22 org.republic.ParseFile executeParseFile
INFO: Getting For:Data18
15/02/2006 11:42:22 org.republic.ParseFile executeParseFile
INFO: data is :                  
15/02/2006 11:42:22 org.republic.ParseFile executeParseFile
INFO: dataType is:string
15/02/2006 11:42:22 org.republic.ParseFile executeParseFile
INFO: Getting For:Data19
15/02/2006 11:42:22 org.republic.ParseFile executeParseFile
INFO: data is : 
15/02/2006 11:42:22 org.republic.ParseFile executeParseFile
INFO: dataType is:string
15/02/2006 11:42:22 org.republic.ParseFile executeParseFile
INFO: Getting For:Data20
15/02/2006 11:42:22 org.republic.ParseFile executeParseFile
INFO: data is :no
15/02/2006 11:42:22 org.republic.ParseFile executeParseFile
INFO: dataType is:string
15/02/2006 11:42:22 org.republic.ParseFile executeParseFile
INFO: Getting For:Data21
15/02/2006 11:42:22 org.republic.ParseFile executeParseFile
INFO: data is :PO80099 
15/02/2006 11:42:22 org.republic.ParseFile executeParseFile
INFO: dataType is:string
15/02/2006 11:42:22 org.republic.ParseFile executeParseFile
INFO: Getting For:Data1
15/02/2006 11:42:22 org.republic.ParseFile executeParseFile
INFO: data is :  2
15/02/2006 11:42:22 org.republic.ParseFile executeParseFile
INFO: dataType is:string
15/02/2006 11:42:22 org.republic.ParseFile executeParseFile
INFO: Getting For:Data2
15/02/2006 11:42:22 org.republic.ParseFile executeParseFile
INFO: data is :RC43864 
15/02/2006 11:42:22 org.republic.ParseFile executeParseFile
INFO: dataType is:string
15/02/2006 11:42:22 org.republic.ParseFile executeParseFile
INFO: Getting For:Data3
15/02/2006 11:42:22 org.republic.ParseFile executeParseFile
INFO: data is :eve000  
15/02/2006 11:42:22 org.republic.ParseFile executeParseFile
INFO: dataType is:string
15/02/2006 11:42:22 org.republic.ParseFile executeParseFile
INFO: Getting For:Data4
15/02/2006 11:42:22 org.republic.ParseFile executeParseFile
INFO: data is :07/12/05
15/02/2006 11:42:22 org.republic.ParseFile executeParseFile
INFO: dataType is:date
15/02/2006 11:42:22 org.republic.ParseFile executeParseFile
INFO: Getting For:Data5
15/02/2006 11:42:22 org.republic.ParseFile executeParseFile
INFO: data is :10  
15/02/2006 11:42:22 org.republic.ParseFile executeParseFile
INFO: dataType is:string
15/02/2006 11:42:22 org.republic.ParseFile executeParseFile
INFO: Getting For:Data6
15/02/2006 11:42:22 org.republic.ParseFile executeParseFile
INFO: data is :4034250-00120     
15/02/2006 11:42:22 org.republic.ParseFile executeParseFile
INFO: dataType is:string
15/02/2006 11:42:22 org.republic.ParseFile executeParseFile
INFO: Getting For:Data7
15/02/2006 11:42:22 org.republic.ParseFile executeParseFile
INFO: data is :   100,000.00
15/02/2006 11:42:22 org.republic.ParseFile executeParseFile
INFO: dataType is:number
15/02/2006 11:42:22 org.republic.ParseFile executeParseFile
INFO: Getting For:Data8
15/02/2006 11:42:22 org.republic.ParseFile executeParseFile
INFO: data is :EA
15/02/2006 11:42:22 org.republic.ParseFile executeParseFile
INFO: dataType is:string
15/02/2006 11:42:22 org.republic.ParseFile executeParseFile
INFO: Getting For:Data9
15/02/2006 11:42:22 org.republic.ParseFile executeParseFile
INFO: data is :    0.02252
15/02/2006 11:42:22 org.republic.ParseFile executeParseFile
INFO: dataType is:number
15/02/2006 11:42:22 org.republic.ParseFile executeParseFile
INFO: Getting For:Data10
15/02/2006 11:42:22 org.republic.ParseFile executeParseFile
INFO: data is :       2,252.00
15/02/2006 11:42:22 org.republic.ParseFile executeParseFile
INFO: dataType is:number
15/02/2006 11:42:22 org.republic.ParseFile executeParseFile
INFO: Getting For:Data11
15/02/2006 11:42:22 org.republic.ParseFile executeParseFile
INFO: data is :       2,252.00
15/02/2006 11:42:22 org.republic.ParseFile executeParseFile
INFO: dataType is:number
15/02/2006 11:42:22 org.republic.ParseFile executeParseFile
INFO: Getting For:Data12
15/02/2006 11:42:22 org.republic.ParseFile executeParseFile
INFO: data is :       225.20
15/02/2006 11:42:22 org.republic.ParseFile executeParseFile
INFO: dataType is:number
15/02/2006 11:42:22 org.republic.ParseFile executeParseFile
INFO: Getting For:Data13
15/02/2006 11:42:22 org.republic.ParseFile executeParseFile
INFO: data is :no 
15/02/2006 11:42:22 org.republic.ParseFile executeParseFile
INFO: dataType is:string
15/02/2006 11:42:22 org.republic.ParseFile executeParseFile
INFO: Getting For:Data14
15/02/2006 11:42:22 org.republic.ParseFile executeParseFile
INFO: data is :        
15/02/2006 11:42:22 org.republic.ParseFile executeParseFile
INFO: dataType is:string
15/02/2006 11:42:22 org.republic.ParseFile executeParseFile
INFO: Getting For:Data15
15/02/2006 11:42:22 org.republic.ParseFile executeParseFile
INFO: data is :           
15/02/2006 11:42:22 org.republic.ParseFile executeParseFile
INFO: dataType is:number
15/02/2006 11:42:22 org.republic.ParseFile executeParseFile
INFO: Getting For:Data16
15/02/2006 11:42:22 org.republic.ParseFile executeParseFile
INFO: data is :               
15/02/2006 11:42:22 org.republic.ParseFile executeParseFile
INFO: dataType is:number
15/02/2006 11:42:22 org.republic.ParseFile executeParseFile
INFO: Getting For:Data17
15/02/2006 11:42:22 org.republic.ParseFile executeParseFile
INFO: data is :        
15/02/2006 11:42:22 org.republic.ParseFile executeParseFile
INFO: dataType is:string
15/02/2006 11:42:22 org.republic.ParseFile executeParseFile
INFO: Getting For:Data18
15/02/2006 11:42:22 org.republic.ParseFile executeParseFile
INFO: data is :                  
15/02/2006 11:42:22 org.republic.ParseFile executeParseFile
INFO: dataType is:string
15/02/2006 11:42:22 org.republic.ParseFile executeParseFile
INFO: Getting For:Data19
15/02/2006 11:42:22 org.republic.ParseFile executeParseFile
INFO: data is : 
15/02/2006 11:42:22 org.republic.ParseFile executeParseFile
INFO: dataType is:string
15/02/2006 11:42:22 org.republic.ParseFile executeParseFile
INFO: Getting For:Data20
15/02/2006 11:42:22 org.republic.ParseFile executeParseFile
INFO: data is :no
15/02/2006 11:42:22 org.republic.ParseFile executeParseFile
INFO: dataType is:string
15/02/2006 11:42:22 org.republic.ParseFile executeParseFile
INFO: Getting For:Data21
15/02/2006 11:42:22 org.republic.ParseFile executeParseFile
INFO: data is :PO80101 
15/02/2006 11:42:22 org.republic.ParseFile executeParseFile
INFO: dataType is:string
15/02/2006 11:42:22 org.republic.ParseFile executeParseFile
INFO: Getting For:Data1
15/02/2006 11:42:22 org.republic.ParseFile executeParseFile
INFO: data is :  1
15/02/2006 11:42:22 org.republic.ParseFile executeParseFile
INFO: dataType is:string
15/02/2006 11:42:22 org.republic.ParseFile executeParseFile
INFO: Getting For:Data2
15/02/2006 11:42:22 org.republic.ParseFile executeParseFile
INFO: data is :RC43805 
15/02/2006 11:42:22 org.republic.ParseFile executeParseFile
INFO: dataType is:string
15/02/2006 11:42:22 org.republic.ParseFile executeParseFile
INFO: Getting For:Data3
15/02/2006 11:42:22 org.republic.ParseFile executeParseFile
INFO: data is :eve000  
15/02/2006 11:42:22 org.republic.ParseFile executeParseFile
INFO: dataType is:string
15/02/2006 11:42:22 org.republic.ParseFile executeParseFile
INFO: Getting For:Data4
15/02/2006 11:42:22 org.republic.ParseFile executeParseFile
INFO: data is :02/12/05
15/02/2006 11:42:22 org.republic.ParseFile executeParseFile
INFO: dataType is:date
15/02/2006 11:42:22 org.republic.ParseFile executeParseFile
INFO: Getting For:Data5
15/02/2006 11:42:22 org.republic.ParseFile executeParseFile
INFO: data is :10  
15/02/2006 11:42:22 org.republic.ParseFile executeParseFile
INFO: dataType is:string
15/02/2006 11:42:22 org.republic.ParseFile executeParseFile
INFO: Getting For:Data6
15/02/2006 11:42:22 org.republic.ParseFile executeParseFile
INFO: data is :4056250-00100     
15/02/2006 11:42:22 org.republic.ParseFile executeParseFile
INFO: dataType is:string
15/02/2006 11:42:22 org.republic.ParseFile executeParseFile
INFO: Getting For:Data7
15/02/2006 11:42:22 org.republic.ParseFile executeParseFile
INFO: data is :    80,000.00
15/02/2006 11:42:22 org.republic.ParseFile executeParseFile
INFO: dataType is:number
15/02/2006 11:42:22 org.republic.ParseFile executeParseFile
INFO: Getting For:Data8
15/02/2006 11:42:22 org.republic.ParseFile executeParseFile
INFO: data is :EA
15/02/2006 11:42:22 org.republic.ParseFile executeParseFile
INFO: dataType is:string
15/02/2006 11:42:22 org.republic.ParseFile executeParseFile
INFO: Getting For:Data9
15/02/2006 11:42:22 org.republic.ParseFile executeParseFile
INFO: data is :      0.033
15/02/2006 11:42:22 org.republic.ParseFile executeParseFile
INFO: dataType is:number
15/02/2006 11:42:22 org.republic.ParseFile executeParseFile
INFO: Getting For:Data10
15/02/2006 11:42:22 org.republic.ParseFile executeParseFile
INFO: data is :       2,640.00
15/02/2006 11:42:22 org.republic.ParseFile executeParseFile
INFO: dataType is:number
15/02/2006 11:42:22 org.republic.ParseFile executeParseFile
INFO: Getting For:Data11
15/02/2006 11:42:22 org.republic.ParseFile executeParseFile
INFO: data is :       2,640.00
15/02/2006 11:42:22 org.republic.ParseFile executeParseFile
INFO: dataType is:number
15/02/2006 11:42:22 org.republic.ParseFile executeParseFile
INFO: Getting For:Data12
15/02/2006 11:42:22 org.republic.ParseFile executeParseFile
INFO: data is :       264.00
15/02/2006 11:42:22 org.republic.ParseFile executeParseFile
INFO: dataType is:number
15/02/2006 11:42:22 org.republic.ParseFile executeParseFile
INFO: Getting For:Data13
15/02/2006 11:42:22 org.republic.ParseFile executeParseFile
INFO: data is :no 
15/02/2006 11:42:22 org.republic.ParseFile executeParseFile
INFO: dataType is:string
15/02/2006 11:42:22 org.republic.ParseFile executeParseFile
INFO: Getting For:Data14
15/02/2006 11:42:22 org.republic.ParseFile executeParseFile
INFO: data is :        
15/02/2006 11:42:22 org.republic.ParseFile executeParseFile
INFO: dataType is:string
15/02/2006 11:42:22 org.republic.ParseFile executeParseFile
INFO: Getting For:Data15
15/02/2006 11:42:22 org.republic.ParseFile executeParseFile
INFO: data is :           
15/02/2006 11:42:22 org.republic.ParseFile executeParseFile
INFO: dataType is:number
15/02/2006 11:42:22 org.republic.ParseFile executeParseFile
INFO: Getting For:Data16
15/02/2006 11:42:22 org.republic.ParseFile executeParseFile
INFO: data is :               
15/02/2006 11:42:22 org.republic.ParseFile executeParseFile
INFO: dataType is:number
15/02/2006 11:42:22 org.republic.ParseFile executeParseFile
INFO: Getting For:Data17
15/02/2006 11:42:22 org.republic.ParseFile executeParseFile
INFO: data is :        
15/02/2006 11:42:22 org.republic.ParseFile executeParseFile
INFO: dataType is:string
15/02/2006 11:42:22 org.republic.ParseFile executeParseFile
INFO: Getting For:Data18
15/02/2006 11:42:22 org.republic.ParseFile executeParseFile
INFO: data is :                  
15/02/2006 11:42:22 org.republic.ParseFile executeParseFile
INFO: dataType is:string
15/02/2006 11:42:22 org.republic.ParseFile executeParseFile
INFO: Getting For:Data19
15/02/2006 11:42:22 org.republic.ParseFile executeParseFile
INFO: data is : 
15/02/2006 11:42:22 org.republic.ParseFile executeParseFile
INFO: dataType is:string
15/02/2006 11:42:22 org.republic.ParseFile executeParseFile
INFO: Getting For:Data20
15/02/2006 11:42:22 org.republic.ParseFile executeParseFile
INFO: data is :no
15/02/2006 11:42:22 org.republic.ParseFile executeParseFile
INFO: dataType is:string
15/02/2006 11:42:22 org.republic.ParseFile executeParseFile
INFO: Getting For:Data21
15/02/2006 11:42:22 org.republic.ParseFile executeParseFile
INFO: data is :PO80132 
15/02/2006 11:42:22 org.republic.ParseFile executeParseFile
INFO: dataType is:string
15/02/2006 11:42:22 org.republic.ParseFile executeParseFile
INFO: Getting For:Data1
15/02/2006 11:42:22 org.republic.ParseFile executeParseFile
INFO: data is :  3
15/02/2006 11:42:22 org.republic.ParseFile executeParseFile
INFO: dataType is:string
15/02/2006 11:42:22 org.republic.ParseFile executeParseFile
INFO: Getting For:Data2
15/02/2006 11:42:22 org.republic.ParseFile executeParseFile
INFO: data is :RC43731 
15/02/2006 11:42:22 org.republic.ParseFile executeParseFile
INFO: dataType is:string
15/02/2006 11:42:22 org.republic.ParseFile executeParseFile
INFO: Getting For:Data3
15/02/2006 11:42:22 org.republic.ParseFile executeParseFile
INFO: data is :ASA001  
15/02/2006 11:42:22 org.republic.ParseFile executeParseFile
INFO: dataType is:string
15/02/2006 11:42:22 org.republic.ParseFile executeParseFile
INFO: Getting For:Data4
15/02/2006 11:42:22 org.republic.ParseFile executeParseFile
INFO: data is :30/11/05
15/02/2006 11:42:22 org.republic.ParseFile executeParseFile
INFO: dataType is:date
15/02/2006 11:42:22 org.republic.ParseFile executeParseFile
INFO: Getting For:Data5
15/02/2006 11:42:22 org.republic.ParseFile executeParseFile
INFO: data is :10  
15/02/2006 11:42:22 org.republic.ParseFile executeParseFile
INFO: dataType is:string
15/02/2006 11:42:22 org.republic.ParseFile executeParseFile
INFO: Getting For:Data6
15/02/2006 11:42:22 org.republic.ParseFile executeParseFile
INFO: data is :310-24830b23      
15/02/2006 11:42:22 org.republic.ParseFile executeParseFile
INFO: dataType is:string
15/02/2006 11:42:22 org.republic.ParseFile executeParseFile
INFO: Getting For:Data7
15/02/2006 11:42:22 org.republic.ParseFile executeParseFile
INFO: data is :   150,000.00
15/02/2006 11:42:22 org.republic.ParseFile executeParseFile
INFO: dataType is:number
15/02/2006 11:42:22 org.republic.ParseFile executeParseFile
INFO: Getting For:Data8
15/02/2006 11:42:22 org.republic.ParseFile executeParseFile
INFO: data is :EA
15/02/2006 11:42:22 org.republic.ParseFile executeParseFile
INFO: dataType is:string
15/02/2006 11:42:22 org.republic.ParseFile executeParseFile
INFO: Getting For:Data9
15/02/2006 11:42:22 org.republic.ParseFile executeParseFile
INFO: data is :      0.089
15/02/2006 11:42:22 org.republic.ParseFile executeParseFile
INFO: dataType is:number
15/02/2006 11:42:22 org.republic.ParseFile executeParseFile
INFO: Getting For:Data10
15/02/2006 11:42:22 org.republic.ParseFile executeParseFile
INFO: data is :      13,350.00
15/02/2006 11:42:22 org.republic.ParseFile executeParseFile
INFO: dataType is:number
15/02/2006 11:42:22 org.republic.ParseFile executeParseFile
INFO: Getting For:Data11
15/02/2006 11:42:22 org.republic.ParseFile executeParseFile
INFO: data is :      13,350.00
15/02/2006 11:42:22 org.republic.ParseFile executeParseFile
INFO: dataType is:number
15/02/2006 11:42:22 org.republic.ParseFile executeParseFile
INFO: Getting For:Data12
15/02/2006 11:42:22 org.republic.ParseFile executeParseFile
INFO: data is :     1,335.00
15/02/2006 11:42:22 org.republic.ParseFile executeParseFile
INFO: dataType is:number
15/02/2006 11:42:22 org.republic.ParseFile executeParseFile
INFO: Getting For:Data13
15/02/2006 11:42:22 org.republic.ParseFile executeParseFile
INFO: data is :no 
15/02/2006 11:42:22 org.republic.ParseFile executeParseFile
INFO: dataType is:string
15/02/2006 11:42:22 org.republic.ParseFile executeParseFile
INFO: Getting For:Data14
15/02/2006 11:42:22 org.republic.ParseFile executeParseFile
INFO: data is :        
15/02/2006 11:42:22 org.republic.ParseFile executeParseFile
INFO: dataType is:string
15/02/2006 11:42:22 org.republic.ParseFile executeParseFile
INFO: Getting For:Data15
15/02/2006 11:42:22 org.republic.ParseFile executeParseFile
INFO: data is :           
15/02/2006 11:42:22 org.republic.ParseFile executeParseFile
INFO: dataType is:number
15/02/2006 11:42:22 org.republic.ParseFile executeParseFile
INFO: Getting For:Data16
15/02/2006 11:42:22 org.republic.ParseFile executeParseFile
INFO: data is :               
15/02/2006 11:42:22 org.republic.ParseFile executeParseFile
INFO: dataType is:number
15/02/2006 11:42:22 org.republic.ParseFile executeParseFile
INFO: Getting For:Data17
15/02/2006 11:42:22 org.republic.ParseFile executeParseFile
INFO: data is :        
15/02/2006 11:42:22 org.republic.ParseFile executeParseFile
INFO: dataType is:string
15/02/2006 11:42:22 org.republic.ParseFile executeParseFile
INFO: Getting For:Data18
15/02/2006 11:42:22 org.republic.ParseFile executeParseFile
INFO: data is :ASA-100503        
15/02/2006 11:42:22 org.republic.ParseFile executeParseFile
INFO: dataType is:string
15/02/2006 11:42:22 org.republic.ParseFile executeParseFile
INFO: Getting For:Data19
15/02/2006 11:42:22 org.republic.ParseFile executeParseFile
INFO: data is : 
15/02/2006 11:42:22 org.republic.ParseFile executeParseFile
INFO: dataType is:string
15/02/2006 11:42:22 org.republic.ParseFile executeParseFile
INFO: Getting For:Data20
15/02/2006 11:42:22 org.republic.ParseFile executeParseFile
INFO: data is :no
15/02/2006 11:42:22 org.republic.ParseFile executeParseFile
INFO: dataType is:string
15/02/2006 11:42:22 org.republic.ParseFile executeParseFile
INFO: Getting For:Data21
15/02/2006 11:42:22 org.republic.ParseFile executeParseFile
INFO: data is :PO80132 
15/02/2006 11:42:22 org.republic.ParseFile executeParseFile
INFO: dataType is:string
15/02/2006 11:42:22 org.republic.ParseFile executeParseFile
INFO: Getting For:Data1
15/02/2006 11:42:22 org.republic.ParseFile executeParseFile
INFO: data is :  4
15/02/2006 11:42:22 org.republic.ParseFile executeParseFile
INFO: dataType is:string
15/02/2006 11:42:22 org.republic.ParseFile executeParseFile
INFO: Getting For:Data2
15/02/2006 11:42:22 org.republic.ParseFile executeParseFile
INFO: data is :RC43732 
15/02/2006 11:42:22 org.republic.ParseFile executeParseFile
INFO: dataType is:string
15/02/2006 11:42:22 org.republic.ParseFile executeParseFile
INFO: Getting For:Data3
15/02/2006 11:42:22 org.republic.ParseFile executeParseFile
INFO: data is :ASA001  
15/02/2006 11:42:22 org.republic.ParseFile executeParseFile
INFO: dataType is:string
15/02/2006 11:42:22 org.republic.ParseFile executeParseFile
INFO: Getting For:Data4
15/02/2006 11:42:22 org.republic.ParseFile executeParseFile
INFO: data is :30/11/05
15/02/2006 11:42:22 org.republic.ParseFile executeParseFile
INFO: dataType is:date
15/02/2006 11:42:22 org.republic.ParseFile executeParseFile
INFO: Getting For:Data5
15/02/2006 11:42:22 org.republic.ParseFile executeParseFile
INFO: data is :10  
15/02/2006 11:42:22 org.republic.ParseFile executeParseFile
INFO: dataType is:string
15/02/2006 11:42:22 org.republic.ParseFile executeParseFile
INFO: Getting For:Data6
15/02/2006 11:42:22 org.republic.ParseFile executeParseFile
INFO: data is :310-24830b23      
15/02/2006 11:42:22 org.republic.ParseFile executeParseFile
INFO: dataType is:string
15/02/2006 11:42:22 org.republic.ParseFile executeParseFile
INFO: Getting For:Data7
15/02/2006 11:42:22 org.republic.ParseFile executeParseFile
INFO: data is :   150,000.00
15/02/2006 11:42:22 org.republic.ParseFile executeParseFile
INFO: dataType is:number
15/02/2006 11:42:22 org.republic.ParseFile executeParseFile
INFO: Getting For:Data8
15/02/2006 11:42:22 org.republic.ParseFile executeParseFile
INFO: data is :EA
15/02/2006 11:42:22 org.republic.ParseFile executeParseFile
INFO: dataType is:string
15/02/2006 11:42:22 org.republic.ParseFile executeParseFile
INFO: Getting For:Data9
15/02/2006 11:42:22 org.republic.ParseFile executeParseFile
INFO: data is :      0.089
15/02/2006 11:42:22 org.republic.ParseFile executeParseFile
INFO: dataType is:number
15/02/2006 11:42:22 org.republic.ParseFile executeParseFile
INFO: Getting For:Data10
15/02/2006 11:42:22 org.republic.ParseFile executeParseFile
INFO: data is :      13,350.00
15/02/2006 11:42:22 org.republic.ParseFile executeParseFile
INFO: dataType is:number
15/02/2006 11:42:22 org.republic.ParseFile executeParseFile
INFO: Getting For:Data11
15/02/2006 11:42:22 org.republic.ParseFile executeParseFile
INFO: data is :      13,350.00
15/02/2006 11:42:22 org.republic.ParseFile executeParseFile
INFO: dataType is:number
15/02/2006 11:42:22 org.republic.ParseFile executeParseFile
INFO: Getting For:Data12
15/02/2006 11:42:22 org.republic.ParseFile executeParseFile
INFO: data is :     1,335.00
15/02/2006 11:42:22 org.republic.ParseFile executeParseFile
INFO: dataType is:number
15/02/2006 11:42:22 org.republic.ParseFile executeParseFile
INFO: Getting For:Data13
15/02/2006 11:42:22 org.republic.ParseFile executeParseFile
INFO: data is :no 
15/02/2006 11:42:22 org.republic.ParseFile executeParseFile
INFO: dataType is:string
15/02/2006 11:42:22 org.republic.ParseFile executeParseFile
INFO: Getting For:Data14
15/02/2006 11:42:22 org.republic.ParseFile executeParseFile
INFO: data is :        
15/02/2006 11:42:22 org.republic.ParseFile executeParseFile
INFO: dataType is:string
15/02/2006 11:42:22 org.republic.ParseFile executeParseFile
INFO: Getting For:Data15
15/02/2006 11:42:22 org.republic.ParseFile executeParseFile
INFO: data is :           
15/02/2006 11:42:22 org.republic.ParseFile executeParseFile
INFO: dataType is:number
15/02/2006 11:42:22 org.republic.ParseFile executeParseFile
INFO: Getting For:Data16
15/02/2006 11:42:22 org.republic.ParseFile executeParseFile
INFO: data is :               
15/02/2006 11:42:22 org.republic.ParseFile executeParseFile
INFO: dataType is:number
15/02/2006 11:42:22 org.republic.ParseFile executeParseFile
INFO: Getting For:Data17
15/02/2006 11:42:22 org.republic.ParseFile executeParseFile
INFO: data is :        
15/02/2006 11:42:22 org.republic.ParseFile executeParseFile
INFO: dataType is:string
15/02/2006 11:42:22 org.republic.ParseFile executeParseFile
INFO: Getting For:Data18
15/02/2006 11:42:22 org.republic.ParseFile executeParseFile
INFO: data is :ASA-100503        
15/02/2006 11:42:22 org.republic.ParseFile executeParseFile
INFO: dataType is:string
15/02/2006 11:42:22 org.republic.ParseFile executeParseFile
INFO: Getting For:Data19
15/02/2006 11:42:22 org.republic.ParseFile executeParseFile
INFO: data is : 
15/02/2006 11:42:22 org.republic.ParseFile executeParseFile
INFO: dataType is:string
15/02/2006 11:42:22 org.republic.ParseFile executeParseFile
INFO: Getting For:Data20
15/02/2006 11:42:22 org.republic.ParseFile executeParseFile
INFO: data is :no
15/02/2006 11:42:22 org.republic.ParseFile executeParseFile
INFO: dataType is:string
15/02/2006 11:42:22 org.republic.ParseFile executeParseFile
INFO: Getting For:Data21
15/02/2006 11:42:22 org.republic.ParseFile executeParseFile
INFO: data is :PO80135 
15/02/2006 11:42:22 org.republic.ParseFile executeParseFile
INFO: dataType is:string
15/02/2006 11:42:22 org.republic.ParseFile executeParseFile
INFO: Getting For:Data1
15/02/2006 11:42:22 org.republic.ParseFile executeParseFile
INFO: data is :  1
15/02/2006 11:42:22 org.republic.ParseFile executeParseFile
INFO: dataType is:string
15/02/2006 11:42:22 org.republic.ParseFile executeParseFile
INFO: Getting For:Data2
15/02/2006 11:42:22 org.republic.ParseFile executeParseFile
INFO: data is :RC43962 
15/02/2006 11:42:22 org.republic.ParseFile executeParseFile
INFO: dataType is:string
15/02/2006 11:42:22 org.republic.ParseFile executeParseFile
INFO: Getting For:Data3
15/02/2006 11:42:22 org.republic.ParseFile executeParseFile
INFO: data is :LIV000  
15/02/2006 11:42:22 org.republic.ParseFile executeParseFile
INFO: dataType is:string
15/02/2006 11:42:22 org.republic.ParseFile executeParseFile
INFO: Getting For:Data4
15/02/2006 11:42:22 org.republic.ParseFile executeParseFile
INFO: data is :12/12/05
15/02/2006 11:42:22 org.republic.ParseFile executeParseFile
INFO: dataType is:date
15/02/2006 11:42:22 org.republic.ParseFile executeParseFile
INFO: Getting For:Data5
15/02/2006 11:42:22 org.republic.ParseFile executeParseFile
INFO: data is :11  
15/02/2006 11:42:22 org.republic.ParseFile executeParseFile
INFO: dataType is:string
15/02/2006 11:42:22 org.republic.ParseFile executeParseFile
INFO: Getting For:Data6
15/02/2006 11:42:22 org.republic.ParseFile executeParseFile
INFO: data is :HNH198130         
15/02/2006 11:42:22 org.republic.ParseFile executeParseFile
INFO: dataType is:string
15/02/2006 11:42:22 org.republic.ParseFile executeParseFile
INFO: Getting For:Data7
15/02/2006 11:42:22 org.republic.ParseFile executeParseFile
INFO: data is :         1.00
15/02/2006 11:42:22 org.republic.ParseFile executeParseFile
INFO: dataType is:number
15/02/2006 11:42:22 org.republic.ParseFile executeParseFile
INFO: Getting For:Data8
15/02/2006 11:42:22 org.republic.ParseFile executeParseFile
INFO: data is :ea
15/02/2006 11:42:22 org.republic.ParseFile executeParseFile
INFO: dataType is:string
15/02/2006 11:42:22 org.republic.ParseFile executeParseFile
INFO: Getting For:Data9
15/02/2006 11:42:22 org.republic.ParseFile executeParseFile
INFO: data is :     233.00
15/02/2006 11:42:22 org.republic.ParseFile executeParseFile
INFO: dataType is:number
15/02/2006 11:42:22 org.republic.ParseFile executeParseFile
INFO: Getting For:Data10
15/02/2006 11:42:22 org.republic.ParseFile executeParseFile
INFO: data is :         233.00
15/02/2006 11:42:22 org.republic.ParseFile executeParseFile
INFO: dataType is:number
15/02/2006 11:42:22 org.republic.ParseFile executeParseFile
INFO: Getting For:Data11
15/02/2006 11:42:22 org.republic.ParseFile executeParseFile
INFO: data is :         233.00
15/02/2006 11:42:22 org.republic.ParseFile executeParseFile
INFO: dataType is:number
15/02/2006 11:42:22 org.republic.ParseFile executeParseFile
INFO: Getting For:Data12
15/02/2006 11:42:22 org.republic.ParseFile executeParseFile
INFO: data is :        23.30
15/02/2006 11:42:22 org.republic.ParseFile executeParseFile
INFO: dataType is:number
15/02/2006 11:42:22 org.republic.ParseFile executeParseFile
INFO: Getting For:Data13
15/02/2006 11:42:22 org.republic.ParseFile executeParseFile
INFO: data is :no 
15/02/2006 11:42:22 org.republic.ParseFile executeParseFile
INFO: dataType is:string
15/02/2006 11:42:22 org.republic.ParseFile executeParseFile
INFO: Getting For:Data14
15/02/2006 11:42:22 org.republic.ParseFile executeParseFile
INFO: data is :        
15/02/2006 11:42:22 org.republic.ParseFile executeParseFile
INFO: dataType is:string
15/02/2006 11:42:22 org.republic.ParseFile executeParseFile
INFO: Getting For:Data15
15/02/2006 11:42:22 org.republic.ParseFile executeParseFile
INFO: data is :           
15/02/2006 11:42:22 org.republic.ParseFile executeParseFile
INFO: dataType is:number
15/02/2006 11:42:22 org.republic.ParseFile executeParseFile
INFO: Getting For:Data16
15/02/2006 11:42:22 org.republic.ParseFile executeParseFile
INFO: data is :               
15/02/2006 11:42:22 org.republic.ParseFile executeParseFile
INFO: dataType is:number
15/02/2006 11:42:22 org.republic.ParseFile executeParseFile
INFO: Getting For:Data17
15/02/2006 11:42:22 org.republic.ParseFile executeParseFile
INFO: data is :CW06055 
15/02/2006 11:42:22 org.republic.ParseFile executeParseFile
INFO: dataType is:string
15/02/2006 11:42:22 org.republic.ParseFile executeParseFile
INFO: Getting For:Data18
15/02/2006 11:42:22 org.republic.ParseFile executeParseFile
INFO: data is :                  
15/02/2006 11:42:22 org.republic.ParseFile executeParseFile
INFO: dataType is:string
15/02/2006 11:42:22 org.republic.ParseFile executeParseFile
INFO: Getting For:Data19
15/02/2006 11:42:22 org.republic.ParseFile executeParseFile
INFO: data is : 
15/02/2006 11:42:22 org.republic.ParseFile executeParseFile
INFO: dataType is:string
15/02/2006 11:42:22 org.republic.ParseFile executeParseFile
INFO: Getting For:Data20
15/02/2006 11:42:22 org.republic.ParseFile executeParseFile
INFO: data is :no
15/02/2006 11:42:22 org.republic.ParseFile executeParseFile
INFO: dataType is:string
15/02/2006 11:42:22 org.republic.ParseFile executeParseFile
INFO: Getting For:Data21
15/02/2006 11:42:22 org.republic.ParseFile executeParseFile
INFO: data is :PO80135 
15/02/2006 11:42:22 org.republic.ParseFile executeParseFile
INFO: dataType is:string
15/02/2006 11:42:22 org.republic.ParseFile executeParseFile
INFO: Getting For:Data1
15/02/2006 11:42:22 org.republic.ParseFile executeParseFile
INFO: data is :  2
15/02/2006 11:42:22 org.republic.ParseFile executeParseFile
INFO: dataType is:string
15/02/2006 11:42:22 org.republic.ParseFile executeParseFile
INFO: Getting For:Data2
15/02/2006 11:42:22 org.republic.ParseFile executeParseFile
INFO: data is :RC43962 
15/02/2006 11:42:22 org.republic.ParseFile executeParseFile
INFO: dataType is:string
15/02/2006 11:42:22 org.republic.ParseFile executeParseFile
INFO: Getting For:Data3
15/02/2006 11:42:22 org.republic.ParseFile executeParseFile
INFO: data is :LIV000  
15/02/2006 11:42:22 org.republic.ParseFile executeParseFile
INFO: dataType is:string
15/02/2006 11:42:22 org.republic.ParseFile executeParseFile
INFO: Getting For:Data4
15/02/2006 11:42:22 org.republic.ParseFile executeParseFile
INFO: data is :12/12/05
15/02/2006 11:42:22 org.republic.ParseFile executeParseFile
INFO: dataType is:date
15/02/2006 11:42:22 org.republic.ParseFile executeParseFile
INFO: Getting For:Data5
15/02/2006 11:42:22 org.republic.ParseFile executeParseFile
INFO: data is :11  
15/02/2006 11:42:22 org.republic.ParseFile executeParseFile
INFO: dataType is:string
15/02/2006 11:42:22 org.republic.ParseFile executeParseFile
INFO: Getting For:Data6
15/02/2006 11:42:22 org.republic.ParseFile executeParseFile
INFO: data is :Freight           
15/02/2006 11:42:22 org.republic.ParseFile executeParseFile
INFO: dataType is:string
15/02/2006 11:42:22 org.republic.ParseFile executeParseFile
INFO: Getting For:Data7
15/02/2006 11:42:22 org.republic.ParseFile executeParseFile
INFO: data is :         1.00
15/02/2006 11:42:22 org.republic.ParseFile executeParseFile
INFO: dataType is:number
15/02/2006 11:42:22 org.republic.ParseFile executeParseFile
INFO: Getting For:Data8
15/02/2006 11:42:22 org.republic.ParseFile executeParseFile
INFO: data is :ea
15/02/2006 11:42:22 org.republic.ParseFile executeParseFile
INFO: dataType is:string
15/02/2006 11:42:22 org.republic.ParseFile executeParseFile
INFO: Getting For:Data9
15/02/2006 11:42:22 org.republic.ParseFile executeParseFile
INFO: data is :      35.00
15/02/2006 11:42:22 org.republic.ParseFile executeParseFile
INFO: dataType is:number
15/02/2006 11:42:22 org.republic.ParseFile executeParseFile
INFO: Getting For:Data10
15/02/2006 11:42:22 org.republic.ParseFile executeParseFile
INFO: data is :          35.00
15/02/2006 11:42:22 org.republic.ParseFile executeParseFile
INFO: dataType is:number
15/02/2006 11:42:22 org.republic.ParseFile executeParseFile
INFO: Getting For:Data11
15/02/2006 11:42:22 org.republic.ParseFile executeParseFile
INFO: data is :          35.00
15/02/2006 11:42:22 org.republic.ParseFile executeParseFile
INFO: dataType is:number
15/02/2006 11:42:22 org.republic.ParseFile executeParseFile
INFO: Getting For:Data12
15/02/2006 11:42:22 org.republic.ParseFile executeParseFile
INFO: data is :         3.50
15/02/2006 11:42:22 org.republic.ParseFile executeParseFile
INFO: dataType is:number
15/02/2006 11:42:22 org.republic.ParseFile executeParseFile
INFO: Getting For:Data13
15/02/2006 11:42:22 org.republic.ParseFile executeParseFile
INFO: data is :no 
15/02/2006 11:42:22 org.republic.ParseFile executeParseFile
INFO: dataType is:string
15/02/2006 11:42:22 org.republic.ParseFile executeParseFile
INFO: Getting For:Data14
15/02/2006 11:42:22 org.republic.ParseFile executeParseFile
INFO: data is :        
15/02/2006 11:42:22 org.republic.ParseFile executeParseFile
INFO: dataType is:string
15/02/2006 11:42:22 org.republic.ParseFile executeParseFile
INFO: Getting For:Data15
15/02/2006 11:42:22 org.republic.ParseFile executeParseFile
INFO: data is :           
15/02/2006 11:42:22 org.republic.ParseFile executeParseFile
INFO: dataType is:number
15/02/2006 11:42:22 org.republic.ParseFile executeParseFile
INFO: Getting For:Data16
15/02/2006 11:42:22 org.republic.ParseFile executeParseFile
INFO: data is :               
15/02/2006 11:42:22 org.republic.ParseFile executeParseFile
INFO: dataType is:number
15/02/2006 11:42:22 org.republic.ParseFile executeParseFile
INFO: Getting For:Data17
15/02/2006 11:42:22 org.republic.ParseFile executeParseFile
INFO: data is :CW06055 
15/02/2006 11:42:22 org.republic.ParseFile executeParseFile
INFO: dataType is:string
15/02/2006 11:42:22 org.republic.ParseFile executeParseFile
INFO: Getting For:Data18
15/02/2006 11:42:22 org.republic.ParseFile executeParseFile
INFO: data is :                  
15/02/2006 11:42:22 org.republic.ParseFile executeParseFile
INFO: dataType is:string
15/02/2006 11:42:22 org.republic.ParseFile executeParseFile
INFO: Getting For:Data19
15/02/2006 11:42:22 org.republic.ParseFile executeParseFile
INFO: data is : 
15/02/2006 11:42:22 org.republic.ParseFile executeParseFile
INFO: dataType is:string
15/02/2006 11:42:22 org.republic.ParseFile executeParseFile
INFO: Getting For:Data20
15/02/2006 11:42:22 org.republic.ParseFile executeParseFile
INFO: data is :no
15/02/2006 11:42:22 org.republic.ParseFile executeParseFile
INFO: dataType is:string
15/02/2006 11:42:22 org.republic.ParseFile executeParseFile
INFO: Getting For:Data21
15/02/2006 11:42:22 org.republic.ParseFile executeParseFile
INFO: data is :PO80163 
15/02/2006 11:42:22 org.republic.ParseFile executeParseFile
INFO: dataType is:string
15/02/2006 11:42:22 org.republic.ParseFile executeParseFile
INFO: Getting For:Data1
15/02/2006 11:42:22 org.republic.ParseFile executeParseFile
INFO: data is :  2
15/02/2006 11:42:22 org.republic.ParseFile executeParseFile
INFO: dataType is:string
15/02/2006 11:42:22 org.republic.ParseFile executeParseFile
INFO: Getting For:Data2
15/02/2006 11:42:22 org.republic.ParseFile executeParseFile
INFO: data is :RC43912 
15/02/2006 11:42:22 org.republic.ParseFile executeParseFile
INFO: dataType is:string
15/02/2006 11:42:22 org.republic.ParseFile executeParseFile
INFO: Getting For:Data3
15/02/2006 11:42:22 org.republic.ParseFile executeParseFile
INFO: data is :AMC000  
15/02/2006 11:42:22 org.republic.ParseFile executeParseFile
INFO: dataType is:string
15/02/2006 11:42:22 org.republic.ParseFile executeParseFile
INFO: Getting For:Data4
15/02/2006 11:42:22 org.republic.ParseFile executeParseFile
INFO: data is :08/12/05
15/02/2006 11:42:22 org.republic.ParseFile executeParseFile
INFO: dataType is:date
15/02/2006 11:42:22 org.republic.ParseFile executeParseFile
INFO: Getting For:Data5
15/02/2006 11:42:22 org.republic.ParseFile executeParseFile
INFO: data is :10  
15/02/2006 11:42:22 org.republic.ParseFile executeParseFile
INFO: dataType is:string
15/02/2006 11:42:22 org.republic.ParseFile executeParseFile
INFO: Getting For:Data6
15/02/2006 11:42:22 org.republic.ParseFile executeParseFile
INFO: data is :341-0061101       
15/02/2006 11:42:22 org.republic.ParseFile executeParseFile
INFO: dataType is:string
15/02/2006 11:42:22 org.republic.ParseFile executeParseFile
INFO: Getting For:Data7
15/02/2006 11:42:22 org.republic.ParseFile executeParseFile
INFO: data is :    12,700.00
15/02/2006 11:42:22 org.republic.ParseFile executeParseFile
INFO: dataType is:number
15/02/2006 11:42:22 org.republic.ParseFile executeParseFile
INFO: Getting For:Data8
15/02/2006 11:42:22 org.republic.ParseFile executeParseFile
INFO: data is :EA
15/02/2006 11:42:22 org.republic.ParseFile executeParseFile
INFO: dataType is:string
15/02/2006 11:42:22 org.republic.ParseFile executeParseFile
INFO: Getting For:Data9
15/02/2006 11:42:22 org.republic.ParseFile executeParseFile
INFO: data is :     0.4992
15/02/2006 11:42:22 org.republic.ParseFile executeParseFile
INFO: dataType is:number
15/02/2006 11:42:22 org.republic.ParseFile executeParseFile
INFO: Getting For:Data10
15/02/2006 11:42:22 org.republic.ParseFile executeParseFile
INFO: data is :       6,339.84
15/02/2006 11:42:22 org.republic.ParseFile executeParseFile
INFO: dataType is:number
15/02/2006 11:42:22 org.republic.ParseFile executeParseFile
INFO: Getting For:Data11
15/02/2006 11:42:22 org.republic.ParseFile executeParseFile
INFO: data is :       6,339.84
15/02/2006 11:42:22 org.republic.ParseFile executeParseFile
INFO: dataType is:number
15/02/2006 11:42:22 org.republic.ParseFile executeParseFile
INFO: Getting For:Data12
15/02/2006 11:42:22 org.republic.ParseFile executeParseFile
INFO: data is :       633.98
15/02/2006 11:42:22 org.republic.ParseFile executeParseFile
INFO: dataType is:number
15/02/2006 11:42:22 org.republic.ParseFile executeParseFile
INFO: Getting For:Data13
15/02/2006 11:42:22 org.republic.ParseFile executeParseFile
INFO: data is :no 
15/02/2006 11:42:22 org.republic.ParseFile executeParseFile
INFO: dataType is:string
15/02/2006 11:42:22 org.republic.ParseFile executeParseFile
INFO: Getting For:Data14
15/02/2006 11:42:22 org.republic.ParseFile executeParseFile
INFO: data is :        
15/02/2006 11:42:22 org.republic.ParseFile executeParseFile
INFO: dataType is:string
15/02/2006 11:42:22 org.republic.ParseFile executeParseFile
INFO: Getting For:Data15
15/02/2006 11:42:22 org.republic.ParseFile executeParseFile
INFO: data is :           
15/02/2006 11:42:22 org.republic.ParseFile executeParseFile
INFO: dataType is:number
15/02/2006 11:42:22 org.republic.ParseFile executeParseFile
INFO: Getting For:Data16
15/02/2006 11:42:22 org.republic.ParseFile executeParseFile
INFO: data is :               
15/02/2006 11:42:22 org.republic.ParseFile executeParseFile
INFO: dataType is:number
15/02/2006 11:42:22 org.republic.ParseFile executeParseFile
INFO: Getting For:Data17
15/02/2006 11:42:22 org.republic.ParseFile executeParseFile
INFO: data is :        
15/02/2006 11:42:22 org.republic.ParseFile executeParseFile
INFO: dataType is:string
15/02/2006 11:42:22 org.republic.ParseFile executeParseFile
INFO: Getting For:Data18
15/02/2006 11:42:22 org.republic.ParseFile executeParseFile
INFO: data is :                  
15/02/2006 11:42:22 org.republic.ParseFile executeParseFile
INFO: dataType is:string
15/02/2006 11:42:22 org.republic.ParseFile executeParseFile
INFO: Getting For:Data19
15/02/2006 11:42:22 org.republic.ParseFile executeParseFile
INFO: data is : 
15/02/2006 11:42:22 org.republic.ParseFile executeParseFile
INFO: dataType is:string
15/02/2006 11:42:22 org.republic.ParseFile executeParseFile
INFO: Getting For:Data20
15/02/2006 11:42:22 org.republic.ParseFile executeParseFile
INFO: data is :no
15/02/2006 11:42:22 org.republic.ParseFile executeParseFile
INFO: dataType is:string
15/02/2006 11:42:22 org.republic.ParseFile executeParseFile
INFO: Getting For:Data21
15/02/2006 11:42:22 org.republic.ParseFile executeParseFile
INFO: data is :PO80163 
15/02/2006 11:42:22 org.republic.ParseFile executeParseFile
INFO: dataType is:string
15/02/2006 11:42:22 org.republic.ParseFile executeParseFile
INFO: Getting For:Data1
15/02/2006 11:42:22 org.republic.ParseFile executeParseFile
INFO: data is :  3
15/02/2006 11:42:22 org.republic.ParseFile executeParseFile
INFO: dataType is:string
15/02/2006 11:42:22 org.republic.ParseFile executeParseFile
INFO: Getting For:Data2
15/02/2006 11:42:22 org.republic.ParseFile executeParseFile
INFO: data is :RC43912 
15/02/2006 11:42:22 org.republic.ParseFile executeParseFile
INFO: dataType is:string
15/02/2006 11:42:22 org.republic.ParseFile executeParseFile
INFO: Getting For:Data3
15/02/2006 11:42:22 org.republic.ParseFile executeParseFile
INFO: data is :AMC000  
15/02/2006 11:42:22 org.republic.ParseFile executeParseFile
INFO: dataType is:string
15/02/2006 11:42:22 org.republic.ParseFile executeParseFile
INFO: Getting For:Data4
15/02/2006 11:42:22 org.republic.ParseFile executeParseFile
INFO: data is :08/12/05
15/02/2006 11:42:22 org.republic.ParseFile executeParseFile
INFO: dataType is:date
15/02/2006 11:42:22 org.republic.ParseFile executeParseFile
INFO: Getting For:Data5
15/02/2006 11:42:22 org.republic.ParseFile executeParseFile
INFO: data is :10  
15/02/2006 11:42:22 org.republic.ParseFile executeParseFile
INFO: dataType is:string
15/02/2006 11:42:22 org.republic.ParseFile executeParseFile
INFO: Getting For:Data6
15/02/2006 11:42:22 org.republic.ParseFile executeParseFile
INFO: data is :341-0061251       
15/02/2006 11:42:22 org.republic.ParseFile executeParseFile
INFO: dataType is:string
15/02/2006 11:42:22 org.republic.ParseFile executeParseFile
INFO: Getting For:Data7
15/02/2006 11:42:22 org.republic.ParseFile executeParseFile
INFO: data is :    10,570.00
15/02/2006 11:42:22 org.republic.ParseFile executeParseFile
INFO: dataType is:number
15/02/2006 11:42:22 org.republic.ParseFile executeParseFile
INFO: Getting For:Data8
15/02/2006 11:42:22 org.republic.ParseFile executeParseFile
INFO: data is :EA
15/02/2006 11:42:22 org.republic.ParseFile executeParseFile
INFO: dataType is:string
15/02/2006 11:42:22 org.republic.ParseFile executeParseFile
INFO: Getting For:Data9
15/02/2006 11:42:22 org.republic.ParseFile executeParseFile
INFO: data is :    0.50304
15/02/2006 11:42:22 org.republic.ParseFile executeParseFile
INFO: dataType is:number
15/02/2006 11:42:22 org.republic.ParseFile executeParseFile
INFO: Getting For:Data10
15/02/2006 11:42:22 org.republic.ParseFile executeParseFile
INFO: data is :       5,317.13
15/02/2006 11:42:22 org.republic.ParseFile executeParseFile
INFO: dataType is:number
15/02/2006 11:42:22 org.republic.ParseFile executeParseFile
INFO: Getting For:Data11
15/02/2006 11:42:22 org.republic.ParseFile executeParseFile
INFO: data is :       5,317.13
15/02/2006 11:42:22 org.republic.ParseFile executeParseFile
INFO: dataType is:number
15/02/2006 11:42:22 org.republic.ParseFile executeParseFile
INFO: Getting For:Data12
15/02/2006 11:42:22 org.republic.ParseFile executeParseFile
INFO: data is :       531.71
15/02/2006 11:42:22 org.republic.ParseFile executeParseFile
INFO: dataType is:number
15/02/2006 11:42:22 org.republic.ParseFile executeParseFile
INFO: Getting For:Data13
15/02/2006 11:42:22 org.republic.ParseFile executeParseFile
INFO: data is :no 
15/02/2006 11:42:22 org.republic.ParseFile executeParseFile
INFO: dataType is:string
15/02/2006 11:42:22 org.republic.ParseFile executeParseFile
INFO: Getting For:Data14
15/02/2006 11:42:22 org.republic.ParseFile executeParseFile
INFO: data is :        
15/02/2006 11:42:22 org.republic.ParseFile executeParseFile
INFO: dataType is:string
15/02/2006 11:42:22 org.republic.ParseFile executeParseFile
INFO: Getting For:Data15
15/02/2006 11:42:22 org.republic.ParseFile executeParseFile
INFO: data is :           
15/02/2006 11:42:22 org.republic.ParseFile executeParseFile
INFO: dataType is:number
15/02/2006 11:42:22 org.republic.ParseFile executeParseFile
INFO: Getting For:Data16
15/02/2006 11:42:22 org.republic.ParseFile executeParseFile
INFO: data is :               
15/02/2006 11:42:22 org.republic.ParseFile executeParseFile
INFO: dataType is:number
15/02/2006 11:42:22 org.republic.ParseFile executeParseFile
INFO: Getting For:Data17
15/02/2006 11:42:22 org.republic.ParseFile executeParseFile
INFO: data is :        
15/02/2006 11:42:22 org.republic.ParseFile executeParseFile
INFO: dataType is:string
15/02/2006 11:42:22 org.republic.ParseFile executeParseFile
INFO: Getting For:Data18
15/02/2006 11:42:22 org.republic.ParseFile executeParseFile
INFO: data is :                  
15/02/2006 11:42:22 org.republic.ParseFile executeParseFile
INFO: dataType is:string
15/02/2006 11:42:22 org.republic.ParseFile executeParseFile
INFO: Getting For:Data19
15/02/2006 11:42:22 org.republic.ParseFile executeParseFile
INFO: data is : 
15/02/2006 11:42:22 org.republic.ParseFile executeParseFile
INFO: dataType is:string
15/02/2006 11:42:22 org.republic.ParseFile executeParseFile
INFO: Getting For:Data20
15/02/2006 11:42:22 org.republic.ParseFile executeParseFile
INFO: data is :no
15/02/2006 11:42:22 org.republic.ParseFile executeParseFile
INFO: dataType is:string
15/02/2006 11:42:22 org.republic.ParseFile executeParseFile
INFO: Getting For:Data21
15/02/2006 11:42:22 org.republic.ParseFile executeParseFile
INFO: data is :PO80163 
15/02/2006 11:42:22 org.republic.ParseFile executeParseFile
INFO: dataType is:string
15/02/2006 11:42:22 org.republic.ParseFile executeParseFile
INFO: Getting For:Data1
15/02/2006 11:42:22 org.republic.ParseFile executeParseFile
INFO: data is :  8
15/02/2006 11:42:22 org.republic.ParseFile executeParseFile
INFO: dataType is:string
15/02/2006 11:42:22 org.republic.ParseFile executeParseFile
INFO: Getting For:Data2
15/02/2006 11:42:22 org.republic.ParseFile executeParseFile
INFO: data is :RC43842 
15/02/2006 11:42:22 org.republic.ParseFile executeParseFile
INFO: dataType is:string
15/02/2006 11:42:22 org.republic.ParseFile executeParseFile
INFO: Getting For:Data3
15/02/2006 11:42:22 org.republic.ParseFile executeParseFile
INFO: data is :AMC000  
15/02/2006 11:42:22 org.republic.ParseFile executeParseFile
INFO: dataType is:string
15/02/2006 11:42:22 org.republic.ParseFile executeParseFile
INFO: Getting For:Data4
15/02/2006 11:42:22 org.republic.ParseFile executeParseFile
INFO: data is :06/12/05
15/02/2006 11:42:22 org.republic.ParseFile executeParseFile
INFO: dataType is:date
15/02/2006 11:42:22 org.republic.ParseFile executeParseFile
INFO: Getting For:Data5
15/02/2006 11:42:22 org.republic.ParseFile executeParseFile
INFO: data is :10  
15/02/2006 11:42:22 org.republic.ParseFile executeParseFile
INFO: dataType is:string
15/02/2006 11:42:22 org.republic.ParseFile executeParseFile
INFO: Getting For:Data6
15/02/2006 11:42:22 org.republic.ParseFile executeParseFile
INFO: data is :341-0312251       
15/02/2006 11:42:22 org.republic.ParseFile executeParseFile
INFO: dataType is:string
15/02/2006 11:42:22 org.republic.ParseFile executeParseFile
INFO: Getting For:Data7
15/02/2006 11:42:22 org.republic.ParseFile executeParseFile
INFO: data is :     6,600.00
15/02/2006 11:42:22 org.republic.ParseFile executeParseFile
INFO: dataType is:number
15/02/2006 11:42:22 org.republic.ParseFile executeParseFile
INFO: Getting For:Data8
15/02/2006 11:42:22 org.republic.ParseFile executeParseFile
INFO: data is :EA
15/02/2006 11:42:22 org.republic.ParseFile executeParseFile
INFO: dataType is:string
15/02/2006 11:42:22 org.republic.ParseFile executeParseFile
INFO: Getting For:Data9
15/02/2006 11:42:22 org.republic.ParseFile executeParseFile
INFO: data is :    0.51168
15/02/2006 11:42:22 org.republic.ParseFile executeParseFile
INFO: dataType is:number
15/02/2006 11:42:22 org.republic.ParseFile executeParseFile
INFO: Getting For:Data10
15/02/2006 11:42:22 org.republic.ParseFile executeParseFile
INFO: data is :       3,377.09
15/02/2006 11:42:22 org.republic.ParseFile executeParseFile
INFO: dataType is:number
15/02/2006 11:42:22 org.republic.ParseFile executeParseFile
INFO: Getting For:Data11
15/02/2006 11:42:22 org.republic.ParseFile executeParseFile
INFO: data is :       3,377.09
15/02/2006 11:42:22 org.republic.ParseFile executeParseFile
INFO: dataType is:number
15/02/2006 11:42:22 org.republic.ParseFile executeParseFile
INFO: Getting For:Data12
15/02/2006 11:42:22 org.republic.ParseFile executeParseFile
INFO: data is :       337.71
15/02/2006 11:42:22 org.republic.ParseFile executeParseFile
INFO: dataType is:number
15/02/2006 11:42:22 org.republic.ParseFile executeParseFile
INFO: Getting For:Data13
15/02/2006 11:42:22 org.republic.ParseFile executeParseFile
INFO: data is :no 
15/02/2006 11:42:22 org.republic.ParseFile executeParseFile
INFO: dataType is:string
15/02/2006 11:42:22 org.republic.ParseFile executeParseFile
INFO: Getting For:Data14
15/02/2006 11:42:22 org.republic.ParseFile executeParseFile
INFO: data is :        
15/02/2006 11:42:22 org.republic.ParseFile executeParseFile
INFO: dataType is:string
15/02/2006 11:42:22 org.republic.ParseFile executeParseFile
INFO: Getting For:Data15
15/02/2006 11:42:22 org.republic.ParseFile executeParseFile
INFO: data is :           
15/02/2006 11:42:22 org.republic.ParseFile executeParseFile
INFO: dataType is:number
15/02/2006 11:42:22 org.republic.ParseFile executeParseFile
INFO: Getting For:Data16
15/02/2006 11:42:22 org.republic.ParseFile executeParseFile
INFO: data is :               
15/02/2006 11:42:22 org.republic.ParseFile executeParseFile
INFO: dataType is:number
15/02/2006 11:42:22 org.republic.ParseFile executeParseFile
INFO: Getting For:Data17
15/02/2006 11:42:22 org.republic.ParseFile executeParseFile
INFO: data is :        
15/02/2006 11:42:22 org.republic.ParseFile executeParseFile
INFO: dataType is:string
15/02/2006 11:42:22 org.republic.ParseFile executeParseFile
INFO: Getting For:Data18
15/02/2006 11:42:22 org.republic.ParseFile executeParseFile
INFO: data is :                  
15/02/2006 11:42:22 org.republic.ParseFile executeParseFile
INFO: dataType is:string
15/02/2006 11:42:22 org.republic.ParseFile executeParseFile
INFO: Getting For:Data19
15/02/2006 11:42:22 org.republic.ParseFile executeParseFile
INFO: data is : 
15/02/2006 11:42:22 org.republic.ParseFile executeParseFile
INFO: dataType is:string
15/02/2006 11:42:22 org.republic.ParseFile executeParseFile
INFO: Getting For:Data20
15/02/2006 11:42:22 org.republic.ParseFile executeParseFile
INFO: data is :no
15/02/2006 11:42:22 org.republic.ParseFile executeParseFile
INFO: dataType is:string
15/02/2006 11:42:22 org.republic.ParseFile executeParseFile
INFO: Getting For:Data21
15/02/2006 11:42:22 org.republic.ParseFile executeParseFile
INFO: data is :PO80164 
15/02/2006 11:42:22 org.republic.ParseFile executeParseFile
INFO: dataType is:string
15/02/2006 11:42:22 org.republic.ParseFile executeParseFile
INFO: Getting For:Data1
15/02/2006 11:42:22 org.republic.ParseFile executeParseFile
INFO: data is :  1
15/02/2006 11:42:22 org.republic.ParseFile executeParseFile
INFO: dataType is:string
15/02/2006 11:42:22 org.republic.ParseFile executeParseFile
INFO: Getting For:Data2
15/02/2006 11:42:22 org.republic.ParseFile executeParseFile
INFO: data is :RC43945 
15/02/2006 11:42:22 org.republic.ParseFile executeParseFile
INFO: dataType is:string
15/02/2006 11:42:22 org.republic.ParseFile executeParseFile
INFO: Getting For:Data3
15/02/2006 11:42:22 org.republic.ParseFile executeParseFile
INFO: data is :AMC000  
15/02/2006 11:42:22 org.republic.ParseFile executeParseFile
INFO: dataType is:string
15/02/2006 11:42:22 org.republic.ParseFile executeParseFile
INFO: Getting For:Data4
15/02/2006 11:42:22 org.republic.ParseFile executeParseFile
INFO: data is :09/12/05
15/02/2006 11:42:22 org.republic.ParseFile executeParseFile
INFO: dataType is:date
15/02/2006 11:42:22 org.republic.ParseFile executeParseFile
INFO: Getting For:Data5
15/02/2006 11:42:22 org.republic.ParseFile executeParseFile
INFO: data is :10  
15/02/2006 11:42:22 org.republic.ParseFile executeParseFile
INFO: dataType is:string
15/02/2006 11:42:22 org.republic.ParseFile executeParseFile
INFO: Getting For:Data6
15/02/2006 11:42:22 org.republic.ParseFile executeParseFile
INFO: data is :341-0342501       
15/02/2006 11:42:22 org.republic.ParseFile executeParseFile
INFO: dataType is:string
15/02/2006 11:42:22 org.republic.ParseFile executeParseFile
INFO: Getting For:Data7
15/02/2006 11:42:22 org.republic.ParseFile executeParseFile
INFO: data is :     4,000.00
15/02/2006 11:42:22 org.republic.ParseFile executeParseFile
INFO: dataType is:number
15/02/2006 11:42:22 org.republic.ParseFile executeParseFile
INFO: Getting For:Data8
15/02/2006 11:42:22 org.republic.ParseFile executeParseFile
INFO: data is :EA
15/02/2006 11:42:22 org.republic.ParseFile executeParseFile
INFO: dataType is:string
15/02/2006 11:42:22 org.republic.ParseFile executeParseFile
INFO: Getting For:Data9
15/02/2006 11:42:22 org.republic.ParseFile executeParseFile
INFO: data is :     0.4944
15/02/2006 11:42:22 org.republic.ParseFile executeParseFile
INFO: dataType is:number
15/02/2006 11:42:22 org.republic.ParseFile executeParseFile
INFO: Getting For:Data10
15/02/2006 11:42:22 org.republic.ParseFile executeParseFile
INFO: data is :       1,977.60
15/02/2006 11:42:22 org.republic.ParseFile executeParseFile
INFO: dataType is:number
15/02/2006 11:42:22 org.republic.ParseFile executeParseFile
INFO: Getting For:Data11
15/02/2006 11:42:22 org.republic.ParseFile executeParseFile
INFO: data is :       1,977.60
15/02/2006 11:42:22 org.republic.ParseFile executeParseFile
INFO: dataType is:number
15/02/2006 11:42:22 org.republic.ParseFile executeParseFile
INFO: Getting For:Data12
15/02/2006 11:42:22 org.republic.ParseFile executeParseFile
INFO: data is :       197.76
15/02/2006 11:42:22 org.republic.ParseFile executeParseFile
INFO: dataType is:number
15/02/2006 11:42:22 org.republic.ParseFile executeParseFile
INFO: Getting For:Data13
15/02/2006 11:42:22 org.republic.ParseFile executeParseFile
INFO: data is :no 
15/02/2006 11:42:22 org.republic.ParseFile executeParseFile
INFO: dataType is:string
15/02/2006 11:42:22 org.republic.ParseFile executeParseFile
INFO: Getting For:Data14
15/02/2006 11:42:22 org.republic.ParseFile executeParseFile
INFO: data is :        
15/02/2006 11:42:22 org.republic.ParseFile executeParseFile
INFO: dataType is:string
15/02/2006 11:42:22 org.republic.ParseFile executeParseFile
INFO: Getting For:Data15
15/02/2006 11:42:22 org.republic.ParseFile executeParseFile
INFO: data is :           
15/02/2006 11:42:22 org.republic.ParseFile executeParseFile
INFO: dataType is:number
15/02/2006 11:42:22 org.republic.ParseFile executeParseFile
INFO: Getting For:Data16
15/02/2006 11:42:22 org.republic.ParseFile executeParseFile
INFO: data is :               
15/02/2006 11:42:22 org.republic.ParseFile executeParseFile
INFO: dataType is:number
15/02/2006 11:42:22 org.republic.ParseFile executeParseFile
INFO: Getting For:Data17
15/02/2006 11:42:22 org.republic.ParseFile executeParseFile
INFO: data is :        
15/02/2006 11:42:22 org.republic.ParseFile executeParseFile
INFO: dataType is:string
15/02/2006 11:42:22 org.republic.ParseFile executeParseFile
INFO: Getting For:Data18
15/02/2006 11:42:22 org.republic.ParseFile executeParseFile
INFO: data is :                  
15/02/2006 11:42:22 org.republic.ParseFile executeParseFile
INFO: dataType is:string
15/02/2006 11:42:22 org.republic.ParseFile executeParseFile
INFO: Getting For:Data19
15/02/2006 11:42:22 org.republic.ParseFile executeParseFile
INFO: data is : 
15/02/2006 11:42:22 org.republic.ParseFile executeParseFile
INFO: dataType is:string
15/02/2006 11:42:22 org.republic.ParseFile executeParseFile
INFO: Getting For:Data20
15/02/2006 11:42:22 org.republic.ParseFile executeParseFile
INFO: data is :no
15/02/2006 11:42:22 org.republic.ParseFile executeParseFile
INFO: dataType is:string
15/02/2006 11:42:22 org.republic.ParseFile executeParseFile
INFO: Getting For:Data21
15/02/2006 11:42:22 org.republic.ParseFile executeParseFile
INFO: data is :PO80164 
15/02/2006 11:42:22 org.republic.ParseFile executeParseFile
INFO: dataType is:string
15/02/2006 11:42:22 org.republic.ParseFile executeParseFile
INFO: Getting For:Data1
15/02/2006 11:42:22 org.republic.ParseFile executeParseFile
INFO: data is :  2
15/02/2006 11:42:22 org.republic.ParseFile executeParseFile
INFO: dataType is:string
15/02/2006 11:42:22 org.republic.ParseFile executeParseFile
INFO: Getting For:Data2
15/02/2006 11:42:22 org.republic.ParseFile executeParseFile
INFO: data is :RC43893 
15/02/2006 11:42:22 org.republic.ParseFile executeParseFile
INFO: dataType is:string
15/02/2006 11:42:22 org.republic.ParseFile executeParseFile
INFO: Getting For:Data3
15/02/2006 11:42:22 org.republic.ParseFile executeParseFile
INFO: data is :AMC000  
15/02/2006 11:42:22 org.republic.ParseFile executeParseFile
INFO: dataType is:string
15/02/2006 11:42:22 org.republic.ParseFile executeParseFile
INFO: Getting For:Data4
15/02/2006 11:42:22 org.republic.ParseFile executeParseFile
INFO: data is :08/12/05
15/02/2006 11:42:22 org.republic.ParseFile executeParseFile
INFO: dataType is:date
15/02/2006 11:42:22 org.republic.ParseFile executeParseFile
INFO: Getting For:Data5
15/02/2006 11:42:22 org.republic.ParseFile executeParseFile
INFO: data is :10  
15/02/2006 11:42:22 org.republic.ParseFile executeParseFile
INFO: dataType is:string
15/02/2006 11:42:22 org.republic.ParseFile executeParseFile
INFO: Getting For:Data6
15/02/2006 11:42:22 org.republic.ParseFile executeParseFile
INFO: data is :341-060040101     
15/02/2006 11:42:22 org.republic.ParseFile executeParseFile
INFO: dataType is:string
15/02/2006 11:42:22 org.republic.ParseFile executeParseFile
INFO: Getting For:Data7
15/02/2006 11:42:22 org.republic.ParseFile executeParseFile
INFO: data is :     4,775.00
15/02/2006 11:42:22 org.republic.ParseFile executeParseFile
INFO: dataType is:number
15/02/2006 11:42:22 org.republic.ParseFile executeParseFile
INFO: Getting For:Data8
15/02/2006 11:42:22 org.republic.ParseFile executeParseFile
INFO: data is :EA
15/02/2006 11:42:22 org.republic.ParseFile executeParseFile
INFO: dataType is:string
15/02/2006 11:42:22 org.republic.ParseFile executeParseFile
INFO: Getting For:Data9
15/02/2006 11:42:22 org.republic.ParseFile executeParseFile
INFO: data is :     0.3552
15/02/2006 11:42:22 org.republic.ParseFile executeParseFile
INFO: dataType is:number
15/02/2006 11:42:22 org.republic.ParseFile executeParseFile
INFO: Getting For:Data10
15/02/2006 11:42:22 org.republic.ParseFile executeParseFile
INFO: data is :       1,696.08
15/02/2006 11:42:22 org.republic.ParseFile executeParseFile
INFO: dataType is:number
15/02/2006 11:42:22 org.republic.ParseFile executeParseFile
INFO: Getting For:Data11
15/02/2006 11:42:22 org.republic.ParseFile executeParseFile
INFO: data is :       1,696.08
15/02/2006 11:42:22 org.republic.ParseFile executeParseFile
INFO: dataType is:number
15/02/2006 11:42:22 org.republic.ParseFile executeParseFile
INFO: Getting For:Data12
15/02/2006 11:42:22 org.republic.ParseFile executeParseFile
INFO: data is :       169.61
15/02/2006 11:42:22 org.republic.ParseFile executeParseFile
INFO: dataType is:number
15/02/2006 11:42:22 org.republic.ParseFile executeParseFile
INFO: Getting For:Data13
15/02/2006 11:42:22 org.republic.ParseFile executeParseFile
INFO: data is :no 
15/02/2006 11:42:22 org.republic.ParseFile executeParseFile
INFO: dataType is:string
15/02/2006 11:42:22 org.republic.ParseFile executeParseFile
INFO: Getting For:Data14
15/02/2006 11:42:22 org.republic.ParseFile executeParseFile
INFO: data is :        
15/02/2006 11:42:22 org.republic.ParseFile executeParseFile
INFO: dataType is:string
15/02/2006 11:42:22 org.republic.ParseFile executeParseFile
INFO: Getting For:Data15
15/02/2006 11:42:22 org.republic.ParseFile executeParseFile
INFO: data is :           
15/02/2006 11:42:22 org.republic.ParseFile executeParseFile
INFO: dataType is:number
15/02/2006 11:42:22 org.republic.ParseFile executeParseFile
INFO: Getting For:Data16
15/02/2006 11:42:22 org.republic.ParseFile executeParseFile
INFO: data is :               
15/02/2006 11:42:22 org.republic.ParseFile executeParseFile
INFO: dataType is:number
15/02/2006 11:42:22 org.republic.ParseFile executeParseFile
INFO: Getting For:Data17
15/02/2006 11:42:22 org.republic.ParseFile executeParseFile
INFO: data is :        
15/02/2006 11:42:22 org.republic.ParseFile executeParseFile
INFO: dataType is:string
15/02/2006 11:42:22 org.republic.ParseFile executeParseFile
INFO: Getting For:Data18
15/02/2006 11:42:22 org.republic.ParseFile executeParseFile
INFO: data is :                  
15/02/2006 11:42:22 org.republic.ParseFile executeParseFile
INFO: dataType is:string
15/02/2006 11:42:22 org.republic.ParseFile executeParseFile
INFO: Getting For:Data19
15/02/2006 11:42:22 org.republic.ParseFile executeParseFile
INFO: data is : 
15/02/2006 11:42:22 org.republic.ParseFile executeParseFile
INFO: dataType is:string
15/02/2006 11:42:22 org.republic.ParseFile executeParseFile
INFO: Getting For:Data20
15/02/2006 11:42:22 org.republic.ParseFile executeParseFile
INFO: data is :no
15/02/2006 11:42:22 org.republic.ParseFile executeParseFile
INFO: dataType is:string
15/02/2006 11:42:22 org.republic.ParseFile executeParseFile
INFO: Getting For:Data21
15/02/2006 11:42:22 org.republic.ParseFile executeParseFile
INFO: data is :PO80165 
15/02/2006 11:42:22 org.republic.ParseFile executeParseFile
INFO: dataType is:string
15/02/2006 11:42:22 org.republic.ParseFile executeParseFile
INFO: Getting For:Data1
15/02/2006 11:42:22 org.republic.ParseFile executeParseFile
INFO: data is :  2
15/02/2006 11:42:22 org.republic.ParseFile executeParseFile
INFO: dataType is:string
15/02/2006 11:42:22 org.republic.ParseFile executeParseFile
INFO: Getting For:Data2
15/02/2006 11:42:22 org.republic.ParseFile executeParseFile
INFO: data is :RC44025 
15/02/2006 11:42:22 org.republic.ParseFile executeParseFile
INFO: dataType is:string
15/02/2006 11:42:22 org.republic.ParseFile executeParseFile
INFO: Getting For:Data3
15/02/2006 11:42:22 org.republic.ParseFile executeParseFile
INFO: data is :AMC003  
15/02/2006 11:42:22 org.republic.ParseFile executeParseFile
INFO: dataType is:string
15/02/2006 11:42:22 org.republic.ParseFile executeParseFile
INFO: Getting For:Data4
15/02/2006 11:42:22 org.republic.ParseFile executeParseFile
INFO: data is :15/12/05
15/02/2006 11:42:22 org.republic.ParseFile executeParseFile
INFO: dataType is:date
15/02/2006 11:42:22 org.republic.ParseFile executeParseFile
INFO: Getting For:Data5
15/02/2006 11:42:22 org.republic.ParseFile executeParseFile
INFO: data is :10  
15/02/2006 11:42:22 org.republic.ParseFile executeParseFile
INFO: dataType is:string
15/02/2006 11:42:22 org.republic.ParseFile executeParseFile
INFO: Getting For:Data6
15/02/2006 11:42:22 org.republic.ParseFile executeParseFile
INFO: data is :35-11             
15/02/2006 11:42:22 org.republic.ParseFile executeParseFile
INFO: dataType is:string
15/02/2006 11:42:22 org.republic.ParseFile executeParseFile
INFO: Getting For:Data7
15/02/2006 11:42:22 org.republic.ParseFile executeParseFile
INFO: data is :   105,840.00
15/02/2006 11:42:22 org.republic.ParseFile executeParseFile
INFO: dataType is:number
15/02/2006 11:42:22 org.republic.ParseFile executeParseFile
INFO: Getting For:Data8
15/02/2006 11:42:22 org.republic.ParseFile executeParseFile
INFO: data is :EA
15/02/2006 11:42:22 org.republic.ParseFile executeParseFile
INFO: dataType is:string
15/02/2006 11:42:22 org.republic.ParseFile executeParseFile
INFO: Getting For:Data9
15/02/2006 11:42:22 org.republic.ParseFile executeParseFile
INFO: data is :    0.12713
15/02/2006 11:42:22 org.republic.ParseFile executeParseFile
INFO: dataType is:number
15/02/2006 11:42:22 org.republic.ParseFile executeParseFile
INFO: Getting For:Data10
15/02/2006 11:42:22 org.republic.ParseFile executeParseFile
INFO: data is :      13,455.44
15/02/2006 11:42:22 org.republic.ParseFile executeParseFile
INFO: dataType is:number
15/02/2006 11:42:22 org.republic.ParseFile executeParseFile
INFO: Getting For:Data11
15/02/2006 11:42:22 org.republic.ParseFile executeParseFile
INFO: data is :      13,455.44
15/02/2006 11:42:22 org.republic.ParseFile executeParseFile
INFO: dataType is:number
15/02/2006 11:42:22 org.republic.ParseFile executeParseFile
INFO: Getting For:Data12
15/02/2006 11:42:22 org.republic.ParseFile executeParseFile
INFO: data is :     1,345.54
15/02/2006 11:42:22 org.republic.ParseFile executeParseFile
INFO: dataType is:number
15/02/2006 11:42:22 org.republic.ParseFile executeParseFile
INFO: Getting For:Data13
15/02/2006 11:42:22 org.republic.ParseFile executeParseFile
INFO: data is :no 
15/02/2006 11:42:22 org.republic.ParseFile executeParseFile
INFO: dataType is:string
15/02/2006 11:42:22 org.republic.ParseFile executeParseFile
INFO: Getting For:Data14
15/02/2006 11:42:22 org.republic.ParseFile executeParseFile
INFO: data is :        
15/02/2006 11:42:22 org.republic.ParseFile executeParseFile
INFO: dataType is:string
15/02/2006 11:42:22 org.republic.ParseFile executeParseFile
INFO: Getting For:Data15
15/02/2006 11:42:22 org.republic.ParseFile executeParseFile
INFO: data is :           
15/02/2006 11:42:22 org.republic.ParseFile executeParseFile
INFO: dataType is:number
15/02/2006 11:42:22 org.republic.ParseFile executeParseFile
INFO: Getting For:Data16
15/02/2006 11:42:22 org.republic.ParseFile executeParseFile
INFO: data is :               
15/02/2006 11:42:22 org.republic.ParseFile executeParseFile
INFO: dataType is:number
15/02/2006 11:42:22 org.republic.ParseFile executeParseFile
INFO: Getting For:Data17
15/02/2006 11:42:22 org.republic.ParseFile executeParseFile
INFO: data is :        
15/02/2006 11:42:22 org.republic.ParseFile executeParseFile
INFO: dataType is:string
15/02/2006 11:42:22 org.republic.ParseFile executeParseFile
INFO: Getting For:Data18
15/02/2006 11:42:22 org.republic.ParseFile executeParseFile
INFO: data is :                  
15/02/2006 11:42:22 org.republic.ParseFile executeParseFile
INFO: dataType is:string
15/02/2006 11:42:22 org.republic.ParseFile executeParseFile
INFO: Getting For:Data19
15/02/2006 11:42:22 org.republic.ParseFile executeParseFile
INFO: data is : 
15/02/2006 11:42:22 org.republic.ParseFile executeParseFile
INFO: dataType is:string
15/02/2006 11:42:22 org.republic.ParseFile executeParseFile
INFO: Getting For:Data20
15/02/2006 11:42:22 org.republic.ParseFile executeParseFile
INFO: data is :no
15/02/2006 11:42:22 org.republic.ParseFile executeParseFile
INFO: dataType is:string
15/02/2006 11:42:22 org.republic.ParseFile executeParseFile
INFO: Getting For:Data21
15/02/2006 11:42:22 org.republic.ParseFile executeParseFile
INFO: data is :PO80178 
15/02/2006 11:42:22 org.republic.ParseFile executeParseFile
INFO: dataType is:string
15/02/2006 11:42:22 org.republic.ParseFile executeParseFile
INFO: Getting For:Data1
15/02/2006 11:42:22 org.republic.ParseFile executeParseFile
INFO: data is :  1
15/02/2006 11:42:22 org.republic.ParseFile executeParseFile
INFO: dataType is:string
15/02/2006 11:42:22 org.republic.ParseFile executeParseFile
INFO: Getting For:Data2
15/02/2006 11:42:22 org.republic.ParseFile executeParseFile
INFO: data is :RC43860 
15/02/2006 11:42:22 org.republic.ParseFile executeParseFile
INFO: dataType is:string
15/02/2006 11:42:22 org.republic.ParseFile executeParseFile
INFO: Getting For:Data3
15/02/2006 11:42:22 org.republic.ParseFile executeParseFile
INFO: data is :eve000  
15/02/2006 11:42:22 org.republic.ParseFile executeParseFile
INFO: dataType is:string
15/02/2006 11:42:22 org.republic.ParseFile executeParseFile
INFO: Getting For:Data4
15/02/2006 11:42:22 org.republic.ParseFile executeParseFile
INFO: data is :07/12/05
15/02/2006 11:42:22 org.republic.ParseFile executeParseFile
INFO: dataType is:date
15/02/2006 11:42:22 org.republic.ParseFile executeParseFile
INFO: Getting For:Data5
15/02/2006 11:42:22 org.republic.ParseFile executeParseFile
INFO: data is :10  
15/02/2006 11:42:22 org.republic.ParseFile executeParseFile
INFO: dataType is:string
15/02/2006 11:42:22 org.republic.ParseFile executeParseFile
INFO: Getting For:Data6
15/02/2006 11:42:22 org.republic.ParseFile executeParseFile
INFO: data is :4015025-04100     
15/02/2006 11:42:22 org.republic.ParseFile executeParseFile
INFO: dataType is:string
15/02/2006 11:42:22 org.republic.ParseFile executeParseFile
INFO: Getting For:Data7
15/02/2006 11:42:22 org.republic.ParseFile executeParseFile
INFO: data is :     7,000.00
15/02/2006 11:42:22 org.republic.ParseFile executeParseFile
INFO: dataType is:number
15/02/2006 11:42:22 org.republic.ParseFile executeParseFile
INFO: Getting For:Data8
15/02/2006 11:42:22 org.republic.ParseFile executeParseFile
INFO: data is :EA
15/02/2006 11:42:22 org.republic.ParseFile executeParseFile
INFO: dataType is:string
15/02/2006 11:42:22 org.republic.ParseFile executeParseFile
INFO: Getting For:Data9
15/02/2006 11:42:22 org.republic.ParseFile executeParseFile
INFO: data is :       0.22
15/02/2006 11:42:22 org.republic.ParseFile executeParseFile
INFO: dataType is:number
15/02/2006 11:42:22 org.republic.ParseFile executeParseFile
INFO: Getting For:Data10
15/02/2006 11:42:22 org.republic.ParseFile executeParseFile
INFO: data is :       1,540.00
15/02/2006 11:42:22 org.republic.ParseFile executeParseFile
INFO: dataType is:number
15/02/2006 11:42:22 org.republic.ParseFile executeParseFile
INFO: Getting For:Data11
15/02/2006 11:42:22 org.republic.ParseFile executeParseFile
INFO: data is :       1,540.00
15/02/2006 11:42:22 org.republic.ParseFile executeParseFile
INFO: dataType is:number
15/02/2006 11:42:22 org.republic.ParseFile executeParseFile
INFO: Getting For:Data12
15/02/2006 11:42:22 org.republic.ParseFile executeParseFile
INFO: data is :       154.00
15/02/2006 11:42:22 org.republic.ParseFile executeParseFile
INFO: dataType is:number
15/02/2006 11:42:22 org.republic.ParseFile executeParseFile
INFO: Getting For:Data13
15/02/2006 11:42:22 org.republic.ParseFile executeParseFile
INFO: data is :no 
15/02/2006 11:42:22 org.republic.ParseFile executeParseFile
INFO: dataType is:string
15/02/2006 11:42:22 org.republic.ParseFile executeParseFile
INFO: Getting For:Data14
15/02/2006 11:42:22 org.republic.ParseFile executeParseFile
INFO: data is :        
15/02/2006 11:42:22 org.republic.ParseFile executeParseFile
INFO: dataType is:string
15/02/2006 11:42:22 org.republic.ParseFile executeParseFile
INFO: Getting For:Data15
15/02/2006 11:42:22 org.republic.ParseFile executeParseFile
INFO: data is :           
15/02/2006 11:42:22 org.republic.ParseFile executeParseFile
INFO: dataType is:number
15/02/2006 11:42:22 org.republic.ParseFile executeParseFile
INFO: Getting For:Data16
15/02/2006 11:42:22 org.republic.ParseFile executeParseFile
INFO: data is :               
15/02/2006 11:42:22 org.republic.ParseFile executeParseFile
INFO: dataType is:number
15/02/2006 11:42:22 org.republic.ParseFile executeParseFile
INFO: Getting For:Data17
15/02/2006 11:42:22 org.republic.ParseFile executeParseFile
INFO: data is :        
15/02/2006 11:42:22 org.republic.ParseFile executeParseFile
INFO: dataType is:string
15/02/2006 11:42:22 org.republic.ParseFile executeParseFile
INFO: Getting For:Data18
15/02/2006 11:42:22 org.republic.ParseFile executeParseFile
INFO: data is :                  
15/02/2006 11:42:22 org.republic.ParseFile executeParseFile
INFO: dataType is:string
15/02/2006 11:42:22 org.republic.ParseFile executeParseFile
INFO: Getting For:Data19
15/02/2006 11:42:22 org.republic.ParseFile executeParseFile
INFO: data is : 
15/02/2006 11:42:22 org.republic.ParseFile executeParseFile
INFO: dataType is:string
15/02/2006 11:42:22 org.republic.ParseFile executeParseFile
INFO: Getting For:Data20
15/02/2006 11:42:22 org.republic.ParseFile executeParseFile
INFO: data is :no
15/02/2006 11:42:22 org.republic.ParseFile executeParseFile
INFO: dataType is:string
15/02/2006 11:42:22 org.republic.ParseFile executeParseFile
INFO: Getting For:Data21
15/02/2006 11:42:22 org.republic.ParseFile executeParseFile
INFO: data is :PO80178 
15/02/2006 11:42:22 org.republic.ParseFile executeParseFile
INFO: dataType is:string
15/02/2006 11:42:22 org.republic.ParseFile executeParseFile
INFO: Getting For:Data1
15/02/2006 11:42:22 org.republic.ParseFile executeParseFile
INFO: data is :  2
15/02/2006 11:42:22 org.republic.ParseFile executeParseFile
INFO: dataType is:string
15/02/2006 11:42:22 org.republic.ParseFile executeParseFile
INFO: Getting For:Data2
15/02/2006 11:42:22 org.republic.ParseFile executeParseFile
INFO: data is :RC43804 
15/02/2006 11:42:22 org.republic.ParseFile executeParseFile
INFO: dataType is:string
15/02/2006 11:42:22 org.republic.ParseFile executeParseFile
INFO: Getting For:Data3
15/02/2006 11:42:22 org.republic.ParseFile executeParseFile
INFO: data is :eve000  
15/02/2006 11:42:22 org.republic.ParseFile executeParseFile
INFO: dataType is:string
15/02/2006 11:42:22 org.republic.ParseFile executeParseFile
INFO: Getting For:Data4
15/02/2006 11:42:22 org.republic.ParseFile executeParseFile
INFO: data is :02/12/05
15/02/2006 11:42:22 org.republic.ParseFile executeParseFile
INFO: dataType is:date
15/02/2006 11:42:22 org.republic.ParseFile executeParseFile
INFO: Getting For:Data5
15/02/2006 11:42:22 org.republic.ParseFile executeParseFile
INFO: data is :10  
15/02/2006 11:42:22 org.republic.ParseFile executeParseFile
INFO: dataType is:string
15/02/2006 11:42:22 org.republic.ParseFile executeParseFile
INFO: Getting For:Data6
15/02/2006 11:42:22 org.republic.ParseFile executeParseFile
INFO: data is :4015025-04110     
15/02/2006 11:42:22 org.republic.ParseFile executeParseFile
INFO: dataType is:string
15/02/2006 11:42:22 org.republic.ParseFile executeParseFile
INFO: Getting For:Data7
15/02/2006 11:42:22 org.republic.ParseFile executeParseFile
INFO: data is :     7,500.00
15/02/2006 11:42:22 org.republic.ParseFile executeParseFile
INFO: dataType is:number
15/02/2006 11:42:22 org.republic.ParseFile executeParseFile
INFO: Getting For:Data8
15/02/2006 11:42:22 org.republic.ParseFile executeParseFile
INFO: data is :EA
15/02/2006 11:42:22 org.republic.ParseFile executeParseFile
INFO: dataType is:string
15/02/2006 11:42:22 org.republic.ParseFile executeParseFile
INFO: Getting For:Data9
15/02/2006 11:42:22 org.republic.ParseFile executeParseFile
INFO: data is :       0.06
15/02/2006 11:42:22 org.republic.ParseFile executeParseFile
INFO: dataType is:number
15/02/2006 11:42:22 org.republic.ParseFile executeParseFile
INFO: Getting For:Data10
15/02/2006 11:42:22 org.republic.ParseFile executeParseFile
INFO: data is :         450.00
15/02/2006 11:42:22 org.republic.ParseFile executeParseFile
INFO: dataType is:number
15/02/2006 11:42:22 org.republic.ParseFile executeParseFile
INFO: Getting For:Data11
15/02/2006 11:42:22 org.republic.ParseFile executeParseFile
INFO: data is :         450.00
15/02/2006 11:42:22 org.republic.ParseFile executeParseFile
INFO: dataType is:number
15/02/2006 11:42:22 org.republic.ParseFile executeParseFile
INFO: Getting For:Data12
15/02/2006 11:42:22 org.republic.ParseFile executeParseFile
INFO: data is :        45.00
15/02/2006 11:42:22 org.republic.ParseFile executeParseFile
INFO: dataType is:number
15/02/2006 11:42:22 org.republic.ParseFile executeParseFile
INFO: Getting For:Data13
15/02/2006 11:42:22 org.republic.ParseFile executeParseFile
INFO: data is :no 
15/02/2006 11:42:22 org.republic.ParseFile executeParseFile
INFO: dataType is:string
15/02/2006 11:42:22 org.republic.ParseFile executeParseFile
INFO: Getting For:Data14
15/02/2006 11:42:22 org.republic.ParseFile executeParseFile
INFO: data is :        
15/02/2006 11:42:22 org.republic.ParseFile executeParseFile
INFO: dataType is:string
15/02/2006 11:42:22 org.republic.ParseFile executeParseFile
INFO: Getting For:Data15
15/02/2006 11:42:22 org.republic.ParseFile executeParseFile
INFO: data is :           
15/02/2006 11:42:22 org.republic.ParseFile executeParseFile
INFO: dataType is:number
15/02/2006 11:42:22 org.republic.ParseFile executeParseFile
INFO: Getting For:Data16
15/02/2006 11:42:22 org.republic.ParseFile executeParseFile
INFO: data is :               
15/02/2006 11:42:22 org.republic.ParseFile executeParseFile
INFO: dataType is:number
15/02/2006 11:42:22 org.republic.ParseFile executeParseFile
INFO: Getting For:Data17
15/02/2006 11:42:22 org.republic.ParseFile executeParseFile
INFO: data is :        
15/02/2006 11:42:22 org.republic.ParseFile executeParseFile
INFO: dataType is:string
15/02/2006 11:42:22 org.republic.ParseFile executeParseFile
INFO: Getting For:Data18
15/02/2006 11:42:22 org.republic.ParseFile executeParseFile
INFO: data is :                  
15/02/2006 11:42:22 org.republic.ParseFile executeParseFile
INFO: dataType is:string
15/02/2006 11:42:22 org.republic.ParseFile executeParseFile
INFO: Getting For:Data19
15/02/2006 11:42:22 org.republic.ParseFile executeParseFile
INFO: data is : 
15/02/2006 11:42:22 org.republic.ParseFile executeParseFile
INFO: dataType is:string
15/02/2006 11:42:22 org.republic.ParseFile executeParseFile
INFO: Getting For:Data20
15/02/2006 11:42:22 org.republic.ParseFile executeParseFile
INFO: data is :no
15/02/2006 11:42:22 org.republic.ParseFile executeParseFile
INFO: dataType is:string
15/02/2006 11:42:22 org.republic.ParseFile executeParseFile
INFO: Getting For:Data21
15/02/2006 11:42:22 org.republic.ParseFile executeParseFile
INFO: data is :PO80197 
15/02/2006 11:42:22 org.republic.ParseFile executeParseFile
INFO: dataType is:string
15/02/2006 11:42:22 org.republic.ParseFile executeParseFile
INFO: Getting For:Data1
15/02/2006 11:42:22 org.republic.ParseFile executeParseFile
INFO: data is :  1
15/02/2006 11:42:22 org.republic.ParseFile executeParseFile
INFO: dataType is:string
15/02/2006 11:42:22 org.republic.ParseFile executeParseFile
INFO: Getting For:Data2
15/02/2006 11:42:22 org.republic.ParseFile executeParseFile
INFO: data is :RC44061 
15/02/2006 11:42:22 org.republic.ParseFile executeParseFile
INFO: dataType is:string
15/02/2006 11:42:22 org.republic.ParseFile executeParseFile
INFO: Getting For:Data3
15/02/2006 11:42:22 org.republic.ParseFile executeParseFile
INFO: data is :AIR013  
15/02/2006 11:42:22 org.republic.ParseFile executeParseFile
INFO: dataType is:string
15/02/2006 11:42:22 org.republic.ParseFile executeParseFile
INFO: Getting For:Data4
15/02/2006 11:42:22 org.republic.ParseFile executeParseFile
INFO: data is :16/12/05
15/02/2006 11:42:22 org.republic.ParseFile executeParseFile
INFO: dataType is:date
15/02/2006 11:42:22 org.republic.ParseFile executeParseFile
INFO: Getting For:Data5
15/02/2006 11:42:22 org.republic.ParseFile executeParseFile
INFO: data is :11  
15/02/2006 11:42:22 org.republic.ParseFile executeParseFile
INFO: dataType is:string
15/02/2006 11:42:22 org.republic.ParseFile executeParseFile
INFO: Getting For:Data6
15/02/2006 11:42:22 org.republic.ParseFile executeParseFile
INFO: data is :warranty repair   
15/02/2006 11:42:22 org.republic.ParseFile executeParseFile
INFO: dataType is:string
15/02/2006 11:42:22 org.republic.ParseFile executeParseFile
INFO: Getting For:Data7
15/02/2006 11:42:22 org.republic.ParseFile executeParseFile
INFO: data is :         1.00
15/02/2006 11:42:22 org.republic.ParseFile executeParseFile
INFO: dataType is:number
15/02/2006 11:42:22 org.republic.ParseFile executeParseFile
INFO: Getting For:Data8
15/02/2006 11:42:22 org.republic.ParseFile executeParseFile
INFO: data is :  
15/02/2006 11:42:22 org.republic.ParseFile executeParseFile
INFO: dataType is:string
15/02/2006 11:42:22 org.republic.ParseFile executeParseFile
INFO: Getting For:Data9
15/02/2006 11:42:22 org.republic.ParseFile executeParseFile
INFO: data is :  23,761.85
15/02/2006 11:42:22 org.republic.ParseFile executeParseFile
INFO: dataType is:number
15/02/2006 11:42:22 org.republic.ParseFile executeParseFile
INFO: Getting For:Data10
15/02/2006 11:42:22 org.republic.ParseFile executeParseFile
INFO: data is :      23,761.85
15/02/2006 11:42:22 org.republic.ParseFile executeParseFile
INFO: dataType is:number
15/02/2006 11:42:22 org.republic.ParseFile executeParseFile
INFO: Getting For:Data11
15/02/2006 11:42:22 org.republic.ParseFile executeParseFile
INFO: data is :      23,761.85
15/02/2006 11:42:22 org.republic.ParseFile executeParseFile
INFO: dataType is:number
15/02/2006 11:42:22 org.republic.ParseFile executeParseFile
INFO: Getting For:Data12
15/02/2006 11:42:22 org.republic.ParseFile executeParseFile
INFO: data is :     2,376.19
15/02/2006 11:42:22 org.republic.ParseFile executeParseFile
INFO: dataType is:number
15/02/2006 11:42:22 org.republic.ParseFile executeParseFile
INFO: Getting For:Data13
15/02/2006 11:42:22 org.republic.ParseFile executeParseFile
INFO: data is :no 
15/02/2006 11:42:22 org.republic.ParseFile executeParseFile
INFO: dataType is:string
15/02/2006 11:42:22 org.republic.ParseFile executeParseFile
INFO: Getting For:Data14
15/02/2006 11:42:22 org.republic.ParseFile executeParseFile
INFO: data is :        
15/02/2006 11:42:22 org.republic.ParseFile executeParseFile
INFO: dataType is:string
15/02/2006 11:42:22 org.republic.ParseFile executeParseFile
INFO: Getting For:Data15
15/02/2006 11:42:22 org.republic.ParseFile executeParseFile
INFO: data is :           
15/02/2006 11:42:22 org.republic.ParseFile executeParseFile
INFO: dataType is:number
15/02/2006 11:42:22 org.republic.ParseFile executeParseFile
INFO: Getting For:Data16
15/02/2006 11:42:22 org.republic.ParseFile executeParseFile
INFO: data is :               
15/02/2006 11:42:22 org.republic.ParseFile executeParseFile
INFO: dataType is:number
15/02/2006 11:42:22 org.republic.ParseFile executeParseFile
INFO: Getting For:Data17
15/02/2006 11:42:22 org.republic.ParseFile executeParseFile
INFO: data is :        
15/02/2006 11:42:22 org.republic.ParseFile executeParseFile
INFO: dataType is:string
15/02/2006 11:42:22 org.republic.ParseFile executeParseFile
INFO: Getting For:Data18
15/02/2006 11:42:22 org.republic.ParseFile executeParseFile
INFO: data is :                  
15/02/2006 11:42:22 org.republic.ParseFile executeParseFile
INFO: dataType is:string
15/02/2006 11:42:22 org.republic.ParseFile executeParseFile
INFO: Getting For:Data19
15/02/2006 11:42:22 org.republic.ParseFile executeParseFile
INFO: data is : 
15/02/2006 11:42:22 org.republic.ParseFile executeParseFile
INFO: dataType is:string
15/02/2006 11:42:22 org.republic.ParseFile executeParseFile
INFO: Getting For:Data20
15/02/2006 11:42:22 org.republic.ParseFile executeParseFile
INFO: data is :no
15/02/2006 11:42:22 org.republic.ParseFile executeParseFile
INFO: dataType is:string
15/02/2006 11:42:22 org.republic.ParseFile executeParseFile
INFO: Getting For:Data21
15/02/2006 11:42:22 org.republic.ParseFile executeParseFile
INFO: data is :PO80206 
15/02/2006 11:42:22 org.republic.ParseFile executeParseFile
INFO: dataType is:string
15/02/2006 11:42:22 org.republic.ParseFile executeParseFile
INFO: Getting For:Data1
15/02/2006 11:42:22 org.republic.ParseFile executeParseFile
INFO: data is :  1
15/02/2006 11:42:22 org.republic.ParseFile executeParseFile
INFO: dataType is:string
15/02/2006 11:42:22 org.republic.ParseFile executeParseFile
INFO: Getting For:Data2
15/02/2006 11:42:22 org.republic.ParseFile executeParseFile
INFO: data is :RC43902 
15/02/2006 11:42:22 org.republic.ParseFile executeParseFile
INFO: dataType is:string
15/02/2006 11:42:22 org.republic.ParseFile executeParseFile
INFO: Getting For:Data3
15/02/2006 11:42:22 org.republic.ParseFile executeParseFile
INFO: data is :FCR000  
15/02/2006 11:42:22 org.republic.ParseFile executeParseFile
INFO: dataType is:string
15/02/2006 11:42:22 org.republic.ParseFile executeParseFile
INFO: Getting For:Data4
15/02/2006 11:42:22 org.republic.ParseFile executeParseFile
INFO: data is :08/12/05
15/02/2006 11:42:22 org.republic.ParseFile executeParseFile
INFO: dataType is:date
15/02/2006 11:42:22 org.republic.ParseFile executeParseFile
INFO: Getting For:Data5
15/02/2006 11:42:22 org.republic.ParseFile executeParseFile
INFO: data is :11  
15/02/2006 11:42:22 org.republic.ParseFile executeParseFile
INFO: dataType is:string
15/02/2006 11:42:22 org.republic.ParseFile executeParseFile
INFO: Getting For:Data6
15/02/2006 11:42:22 org.republic.ParseFile executeParseFile
INFO: data is :Vogel Gearbox     
15/02/2006 11:42:22 org.republic.ParseFile executeParseFile
INFO: dataType is:string
15/02/2006 11:42:22 org.republic.ParseFile executeParseFile
INFO: Getting For:Data7
15/02/2006 11:42:22 org.republic.ParseFile executeParseFile
INFO: data is :         1.00
15/02/2006 11:42:22 org.republic.ParseFile executeParseFile
INFO: dataType is:number
15/02/2006 11:42:22 org.republic.ParseFile executeParseFile
INFO: Getting For:Data8
15/02/2006 11:42:22 org.republic.ParseFile executeParseFile
INFO: data is :ea
15/02/2006 11:42:22 org.republic.ParseFile executeParseFile
INFO: dataType is:string
15/02/2006 11:42:22 org.republic.ParseFile executeParseFile
INFO: Getting For:Data9
15/02/2006 11:42:22 org.republic.ParseFile executeParseFile
INFO: data is :     922.00
15/02/2006 11:42:22 org.republic.ParseFile executeParseFile
INFO: dataType is:number
15/02/2006 11:42:22 org.republic.ParseFile executeParseFile
INFO: Getting For:Data10
15/02/2006 11:42:22 org.republic.ParseFile executeParseFile
INFO: data is :         922.00
15/02/2006 11:42:22 org.republic.ParseFile executeParseFile
INFO: dataType is:number
15/02/2006 11:42:22 org.republic.ParseFile executeParseFile
INFO: Getting For:Data11
15/02/2006 11:42:22 org.republic.ParseFile executeParseFile
INFO: data is :         922.00
15/02/2006 11:42:22 org.republic.ParseFile executeParseFile
INFO: dataType is:number
15/02/2006 11:42:22 org.republic.ParseFile executeParseFile
INFO: Getting For:Data12
15/02/2006 11:42:22 org.republic.ParseFile executeParseFile
INFO: data is :        92.20
15/02/2006 11:42:22 org.republic.ParseFile executeParseFile
INFO: dataType is:number
15/02/2006 11:42:22 org.republic.ParseFile executeParseFile
INFO: Getting For:Data13
15/02/2006 11:42:22 org.republic.ParseFile executeParseFile
INFO: data is :no 
15/02/2006 11:42:22 org.republic.ParseFile executeParseFile
INFO: dataType is:string
15/02/2006 11:42:22 org.republic.ParseFile executeParseFile
INFO: Getting For:Data14
15/02/2006 11:42:22 org.republic.ParseFile executeParseFile
INFO: data is :        
15/02/2006 11:42:22 org.republic.ParseFile executeParseFile
INFO: dataType is:string
15/02/2006 11:42:22 org.republic.ParseFile executeParseFile
INFO: Getting For:Data15
15/02/2006 11:42:22 org.republic.ParseFile executeParseFile
INFO: data is :           
15/02/2006 11:42:22 org.republic.ParseFile executeParseFile
INFO: dataType is:number
15/02/2006 11:42:22 org.republic.ParseFile executeParseFile
INFO: Getting For:Data16
15/02/2006 11:42:22 org.republic.ParseFile executeParseFile
INFO: data is :               
15/02/2006 11:42:22 org.republic.ParseFile executeParseFile
INFO: dataType is:number
15/02/2006 11:42:22 org.republic.ParseFile executeParseFile
INFO: Getting For:Data17
15/02/2006 11:42:22 org.republic.ParseFile executeParseFile
INFO: data is :        
15/02/2006 11:42:22 org.republic.ParseFile executeParseFile
INFO: dataType is:string
15/02/2006 11:42:22 org.republic.ParseFile executeParseFile
INFO: Getting For:Data18
15/02/2006 11:42:22 org.republic.ParseFile executeParseFile
INFO: data is :                  
15/02/2006 11:42:22 org.republic.ParseFile executeParseFile
INFO: dataType is:string
15/02/2006 11:42:22 org.republic.ParseFile executeParseFile
INFO: Getting For:Data19
15/02/2006 11:42:22 org.republic.ParseFile executeParseFile
INFO: data is : 
15/02/2006 11:42:22 org.republic.ParseFile executeParseFile
INFO: dataType is:string
15/02/2006 11:42:22 org.republic.ParseFile executeParseFile
INFO: Getting For:Data20
15/02/2006 11:42:22 org.republic.ParseFile executeParseFile
INFO: data is :no
15/02/2006 11:42:22 org.republic.ParseFile executeParseFile
INFO: dataType is:string
15/02/2006 11:42:22 org.republic.ParseFile executeParseFile
INFO: Getting For:Data21
15/02/2006 11:42:22 org.republic.ParseFile executeParseFile
INFO: data is :PO80206 
15/02/2006 11:42:22 org.republic.ParseFile executeParseFile
INFO: dataType is:string
15/02/2006 11:42:22 org.republic.ParseFile executeParseFile
INFO: Getting For:Data1
15/02/2006 11:42:22 org.republic.ParseFile executeParseFile
INFO: data is :  2
15/02/2006 11:42:22 org.republic.ParseFile executeParseFile
INFO: dataType is:string
15/02/2006 11:42:22 org.republic.ParseFile executeParseFile
INFO: Getting For:Data2
15/02/2006 11:42:22 org.republic.ParseFile executeParseFile
INFO: data is :RC43902 
15/02/2006 11:42:22 org.republic.ParseFile executeParseFile
INFO: dataType is:string
15/02/2006 11:42:22 org.republic.ParseFile executeParseFile
INFO: Getting For:Data3
15/02/2006 11:42:22 org.republic.ParseFile executeParseFile
INFO: data is :FCR000  
15/02/2006 11:42:22 org.republic.ParseFile executeParseFile
INFO: dataType is:string
15/02/2006 11:42:22 org.republic.ParseFile executeParseFile
INFO: Getting For:Data4
15/02/2006 11:42:22 org.republic.ParseFile executeParseFile
INFO: data is :08/12/05
15/02/2006 11:42:22 org.republic.ParseFile executeParseFile
INFO: dataType is:date
15/02/2006 11:42:22 org.republic.ParseFile executeParseFile
INFO: Getting For:Data5
15/02/2006 11:42:22 org.republic.ParseFile executeParseFile
INFO: data is :11  
15/02/2006 11:42:22 org.republic.ParseFile executeParseFile
INFO: dataType is:string
15/02/2006 11:42:22 org.republic.ParseFile executeParseFile
INFO: Getting For:Data6
15/02/2006 11:42:22 org.republic.ParseFile executeParseFile
INFO: data is :Air Freight       
15/02/2006 11:42:22 org.republic.ParseFile executeParseFile
INFO: dataType is:string
15/02/2006 11:42:22 org.republic.ParseFile executeParseFile
INFO: Getting For:Data7
15/02/2006 11:42:22 org.republic.ParseFile executeParseFile
INFO: data is :         1.00
15/02/2006 11:42:22 org.republic.ParseFile executeParseFile
INFO: dataType is:number
15/02/2006 11:42:22 org.republic.ParseFile executeParseFile
INFO: Getting For:Data8
15/02/2006 11:42:22 org.republic.ParseFile executeParseFile
INFO: data is :ea
15/02/2006 11:42:22 org.republic.ParseFile executeParseFile
INFO: dataType is:string
15/02/2006 11:42:22 org.republic.ParseFile executeParseFile
INFO: Getting For:Data9
15/02/2006 11:42:22 org.republic.ParseFile executeParseFile
INFO: data is :     415.00
15/02/2006 11:42:22 org.republic.ParseFile executeParseFile
INFO: dataType is:number
15/02/2006 11:42:22 org.republic.ParseFile executeParseFile
INFO: Getting For:Data10
15/02/2006 11:42:22 org.republic.ParseFile executeParseFile
INFO: data is :         415.00
15/02/2006 11:42:22 org.republic.ParseFile executeParseFile
INFO: dataType is:number
15/02/2006 11:42:22 org.republic.ParseFile executeParseFile
INFO: Getting For:Data11
15/02/2006 11:42:22 org.republic.ParseFile executeParseFile
INFO: data is :         415.00
15/02/2006 11:42:22 org.republic.ParseFile executeParseFile
INFO: dataType is:number
15/02/2006 11:42:22 org.republic.ParseFile executeParseFile
INFO: Getting For:Data12
15/02/2006 11:42:22 org.republic.ParseFile executeParseFile
INFO: data is :        41.50
15/02/2006 11:42:22 org.republic.ParseFile executeParseFile
INFO: dataType is:number
15/02/2006 11:42:22 org.republic.ParseFile executeParseFile
INFO: Getting For:Data13
15/02/2006 11:42:22 org.republic.ParseFile executeParseFile
INFO: data is :no 
15/02/2006 11:42:22 org.republic.ParseFile executeParseFile
INFO: dataType is:string
15/02/2006 11:42:22 org.republic.ParseFile executeParseFile
INFO: Getting For:Data14
15/02/2006 11:42:22 org.republic.ParseFile executeParseFile
INFO: data is :        
15/02/2006 11:42:22 org.republic.ParseFile executeParseFile
INFO: dataType is:string
15/02/2006 11:42:22 org.republic.ParseFile executeParseFile
INFO: Getting For:Data15
15/02/2006 11:42:22 org.republic.ParseFile executeParseFile
INFO: data is :           
15/02/2006 11:42:22 org.republic.ParseFile executeParseFile
INFO: dataType is:number
15/02/2006 11:42:22 org.republic.ParseFile executeParseFile
INFO: Getting For:Data16
15/02/2006 11:42:22 org.republic.ParseFile executeParseFile
INFO: data is :               
15/02/2006 11:42:22 org.republic.ParseFile executeParseFile
INFO: dataType is:number
15/02/2006 11:42:22 org.republic.ParseFile executeParseFile
INFO: Getting For:Data17
15/02/2006 11:42:22 org.republic.ParseFile executeParseFile
INFO: data is :        
15/02/2006 11:42:22 org.republic.ParseFile executeParseFile
INFO: dataType is:string
15/02/2006 11:42:22 org.republic.ParseFile executeParseFile
INFO: Getting For:Data18
15/02/2006 11:42:22 org.republic.ParseFile executeParseFile
INFO: data is :                  
15/02/2006 11:42:22 org.republic.ParseFile executeParseFile
INFO: dataType is:string
15/02/2006 11:42:22 org.republic.ParseFile executeParseFile
INFO: Getting For:Data19
15/02/2006 11:42:22 org.republic.ParseFile executeParseFile
INFO: data is : 
15/02/2006 11:42:22 org.republic.ParseFile executeParseFile
INFO: dataType is:string
15/02/2006 11:42:22 org.republic.ParseFile executeParseFile
INFO: Getting For:Data20
15/02/2006 11:42:22 org.republic.ParseFile executeParseFile
INFO: data is :no
15/02/2006 11:42:22 org.republic.ParseFile executeParseFile
INFO: dataType is:string
15/02/2006 11:42:22 org.republic.ParseFile executeParseFile
INFO: Getting For:Data21
15/02/2006 11:42:22 org.republic.ParseFile executeParseFile
INFO: data is :PO80239 
15/02/2006 11:42:22 org.republic.ParseFile executeParseFile
INFO: dataType is:string
15/02/2006 11:42:22 org.republic.ParseFile executeParseFile
INFO: Getting For:Data1
15/02/2006 11:42:22 org.republic.ParseFile executeParseFile
INFO: data is :  1
15/02/2006 11:42:22 org.republic.ParseFile executeParseFile
INFO: dataType is:string
15/02/2006 11:42:22 org.republic.ParseFile executeParseFile
INFO: Getting For:Data2
15/02/2006 11:42:22 org.republic.ParseFile executeParseFile
INFO: data is :RC43911 
15/02/2006 11:42:22 org.republic.ParseFile executeParseFile
INFO: dataType is:string
15/02/2006 11:42:22 org.republic.ParseFile executeParseFile
INFO: Getting For:Data3
15/02/2006 11:42:22 org.republic.ParseFile executeParseFile
INFO: data is :amo002  
15/02/2006 11:42:22 org.republic.ParseFile executeParseFile
INFO: dataType is:string
15/02/2006 11:42:22 org.republic.ParseFile executeParseFile
INFO: Getting For:Data4
15/02/2006 11:42:22 org.republic.ParseFile executeParseFile
INFO: data is :08/12/05
15/02/2006 11:42:22 org.republic.ParseFile executeParseFile
INFO: dataType is:date
15/02/2006 11:42:22 org.republic.ParseFile executeParseFile
INFO: Getting For:Data5
15/02/2006 11:42:22 org.republic.ParseFile executeParseFile
INFO: data is :10  
15/02/2006 11:42:22 org.republic.ParseFile executeParseFile
INFO: dataType is:string
15/02/2006 11:42:22 org.republic.ParseFile executeParseFile
INFO: Getting For:Data6
15/02/2006 11:42:22 org.republic.ParseFile executeParseFile
INFO: data is :310-320272        
15/02/2006 11:42:22 org.republic.ParseFile executeParseFile
INFO: dataType is:string
15/02/2006 11:42:22 org.republic.ParseFile executeParseFile
INFO: Getting For:Data7
15/02/2006 11:42:22 org.republic.ParseFile executeParseFile
INFO: data is :    20,000.00
15/02/2006 11:42:22 org.republic.ParseFile executeParseFile
INFO: dataType is:number
15/02/2006 11:42:22 org.republic.ParseFile executeParseFile
INFO: Getting For:Data8
15/02/2006 11:42:22 org.republic.ParseFile executeParseFile
INFO: data is :EA
15/02/2006 11:42:22 org.republic.ParseFile executeParseFile
INFO: dataType is:string
15/02/2006 11:42:22 org.republic.ParseFile executeParseFile
INFO: Getting For:Data9
15/02/2006 11:42:22 org.republic.ParseFile executeParseFile
INFO: data is :      0.202
15/02/2006 11:42:22 org.republic.ParseFile executeParseFile
INFO: dataType is:number
15/02/2006 11:42:22 org.republic.ParseFile executeParseFile
INFO: Getting For:Data10
15/02/2006 11:42:22 org.republic.ParseFile executeParseFile
INFO: data is :       4,040.00
15/02/2006 11:42:22 org.republic.ParseFile executeParseFile
INFO: dataType is:number
15/02/2006 11:42:22 org.republic.ParseFile executeParseFile
INFO: Getting For:Data11
15/02/2006 11:42:22 org.republic.ParseFile executeParseFile
INFO: data is :       4,040.00
15/02/2006 11:42:22 org.republic.ParseFile executeParseFile
INFO: dataType is:number
15/02/2006 11:42:22 org.republic.ParseFile executeParseFile
INFO: Getting For:Data12
15/02/2006 11:42:22 org.republic.ParseFile executeParseFile
INFO: data is :       404.00
15/02/2006 11:42:22 org.republic.ParseFile executeParseFile
INFO: dataType is:number
15/02/2006 11:42:22 org.republic.ParseFile executeParseFile
INFO: Getting For:Data13
15/02/2006 11:42:22 org.republic.ParseFile executeParseFile
INFO: data is :no 
15/02/2006 11:42:22 org.republic.ParseFile executeParseFile
INFO: dataType is:string
15/02/2006 11:42:22 org.republic.ParseFile executeParseFile
INFO: Getting For:Data14
15/02/2006 11:42:22 org.republic.ParseFile executeParseFile
INFO: data is :        
15/02/2006 11:42:22 org.republic.ParseFile executeParseFile
INFO: dataType is:string
15/02/2006 11:42:22 org.republic.ParseFile executeParseFile
INFO: Getting For:Data15
15/02/2006 11:42:22 org.republic.ParseFile executeParseFile
INFO: data is :           
15/02/2006 11:42:22 org.republic.ParseFile executeParseFile
INFO: dataType is:number
15/02/2006 11:42:22 org.republic.ParseFile executeParseFile
INFO: Getting For:Data16
15/02/2006 11:42:22 org.republic.ParseFile executeParseFile
INFO: data is :               
15/02/2006 11:42:22 org.republic.ParseFile executeParseFile
INFO: dataType is:number
15/02/2006 11:42:22 org.republic.ParseFile executeParseFile
INFO: Getting For:Data17
15/02/2006 11:42:22 org.republic.ParseFile executeParseFile
INFO: data is :        
15/02/2006 11:42:22 org.republic.ParseFile executeParseFile
INFO: dataType is:string
15/02/2006 11:42:22 org.republic.ParseFile executeParseFile
INFO: Getting For:Data18
15/02/2006 11:42:22 org.republic.ParseFile executeParseFile
INFO: data is :AMO-DB36/05       
15/02/2006 11:42:22 org.republic.ParseFile executeParseFile
INFO: dataType is:string
15/02/2006 11:42:22 org.republic.ParseFile executeParseFile
INFO: Getting For:Data19
15/02/2006 11:42:22 org.republic.ParseFile executeParseFile
INFO: data is : 
15/02/2006 11:42:22 org.republic.ParseFile executeParseFile
INFO: dataType is:string
15/02/2006 11:42:22 org.republic.ParseFile executeParseFile
INFO: Getting For:Data20
15/02/2006 11:42:22 org.republic.ParseFile executeParseFile
INFO: data is :no
15/02/2006 11:42:22 org.republic.ParseFile executeParseFile
INFO: dataType is:string
15/02/2006 11:42:22 org.republic.ParseFile executeParseFile
INFO: Getting For:Data21
15/02/2006 11:42:22 org.republic.ParseFile executeParseFile
INFO: data is :PO80243 
15/02/2006 11:42:22 org.republic.ParseFile executeParseFile
INFO: dataType is:string
15/02/2006 11:42:22 org.republic.ParseFile executeParseFile
INFO: Getting For:Data1
15/02/2006 11:42:22 org.republic.ParseFile executeParseFile
INFO: data is :  1
15/02/2006 11:42:22 org.republic.ParseFile executeParseFile
INFO: dataType is:string
15/02/2006 11:42:22 org.republic.ParseFile executeParseFile
INFO: Getting For:Data2
15/02/2006 11:42:22 org.republic.ParseFile executeParseFile
INFO: data is :RC43961 
15/02/2006 11:42:22 org.republic.ParseFile executeParseFile
INFO: dataType is:string
15/02/2006 11:42:22 org.republic.ParseFile executeParseFile
INFO: Getting For:Data3
15/02/2006 11:42:22 org.republic.ParseFile executeParseFile
INFO: data is :amc000  
15/02/2006 11:42:22 org.republic.ParseFile executeParseFile
INFO: dataType is:string
15/02/2006 11:42:22 org.republic.ParseFile executeParseFile
INFO: Getting For:Data4
15/02/2006 11:42:22 org.republic.ParseFile executeParseFile
INFO: data is :12/12/05
15/02/2006 11:42:22 org.republic.ParseFile executeParseFile
INFO: dataType is:date
15/02/2006 11:42:22 org.republic.ParseFile executeParseFile
INFO: Getting For:Data5
15/02/2006 11:42:22 org.republic.ParseFile executeParseFile
INFO: data is :10  
15/02/2006 11:42:22 org.republic.ParseFile executeParseFile
INFO: dataType is:string
15/02/2006 11:42:22 org.republic.ParseFile executeParseFile
INFO: Getting For:Data6
15/02/2006 11:42:22 org.republic.ParseFile executeParseFile
INFO: data is :341-0060401       
15/02/2006 11:42:22 org.republic.ParseFile executeParseFile
INFO: dataType is:string
15/02/2006 11:42:22 org.republic.ParseFile executeParseFile
INFO: Getting For:Data7
15/02/2006 11:42:22 org.republic.ParseFile executeParseFile
INFO: data is :    10,675.00
15/02/2006 11:42:22 org.republic.ParseFile executeParseFile
INFO: dataType is:number
15/02/2006 11:42:22 org.republic.ParseFile executeParseFile
INFO: Getting For:Data8
15/02/2006 11:42:22 org.republic.ParseFile executeParseFile
INFO: data is :EA
15/02/2006 11:42:22 org.republic.ParseFile executeParseFile
INFO: dataType is:string
15/02/2006 11:42:22 org.republic.ParseFile executeParseFile
INFO: Getting For:Data9
15/02/2006 11:42:22 org.republic.ParseFile executeParseFile
INFO: data is :    0.53472
15/02/2006 11:42:22 org.republic.ParseFile executeParseFile
INFO: dataType is:number
15/02/2006 11:42:22 org.republic.ParseFile executeParseFile
INFO: Getting For:Data10
15/02/2006 11:42:22 org.republic.ParseFile executeParseFile
INFO: data is :       5,708.14
15/02/2006 11:42:22 org.republic.ParseFile executeParseFile
INFO: dataType is:number
15/02/2006 11:42:22 org.republic.ParseFile executeParseFile
INFO: Getting For:Data11
15/02/2006 11:42:22 org.republic.ParseFile executeParseFile
INFO: data is :       5,708.14
15/02/2006 11:42:22 org.republic.ParseFile executeParseFile
INFO: dataType is:number
15/02/2006 11:42:22 org.republic.ParseFile executeParseFile
INFO: Getting For:Data12
15/02/2006 11:42:22 org.republic.ParseFile executeParseFile
INFO: data is :       570.81
15/02/2006 11:42:22 org.republic.ParseFile executeParseFile
INFO: dataType is:number
15/02/2006 11:42:22 org.republic.ParseFile executeParseFile
INFO: Getting For:Data13
15/02/2006 11:42:22 org.republic.ParseFile executeParseFile
INFO: data is :no 
15/02/2006 11:42:22 org.republic.ParseFile executeParseFile
INFO: dataType is:string
15/02/2006 11:42:22 org.republic.ParseFile executeParseFile
INFO: Getting For:Data14
15/02/2006 11:42:22 org.republic.ParseFile executeParseFile
INFO: data is :        
15/02/2006 11:42:22 org.republic.ParseFile executeParseFile
INFO: dataType is:string
15/02/2006 11:42:22 org.republic.ParseFile executeParseFile
INFO: Getting For:Data15
15/02/2006 11:42:22 org.republic.ParseFile executeParseFile
INFO: data is :           
15/02/2006 11:42:22 org.republic.ParseFile executeParseFile
INFO: dataType is:number
15/02/2006 11:42:22 org.republic.ParseFile executeParseFile
INFO: Getting For:Data16
15/02/2006 11:42:22 org.republic.ParseFile executeParseFile
INFO: data is :               
15/02/2006 11:42:22 org.republic.ParseFile executeParseFile
INFO: dataType is:number
15/02/2006 11:42:22 org.republic.ParseFile executeParseFile
INFO: Getting For:Data17
15/02/2006 11:42:22 org.republic.ParseFile executeParseFile
INFO: data is :        
15/02/2006 11:42:22 org.republic.ParseFile executeParseFile
INFO: dataType is:string
15/02/2006 11:42:22 org.republic.ParseFile executeParseFile
INFO: Getting For:Data18
15/02/2006 11:42:22 org.republic.ParseFile executeParseFile
INFO: data is :                  
15/02/2006 11:42:22 org.republic.ParseFile executeParseFile
INFO: dataType is:string
15/02/2006 11:42:22 org.republic.ParseFile executeParseFile
INFO: Getting For:Data19
15/02/2006 11:42:22 org.republic.ParseFile executeParseFile
INFO: data is : 
15/02/2006 11:42:22 org.republic.ParseFile executeParseFile
INFO: dataType is:string
15/02/2006 11:42:22 org.republic.ParseFile executeParseFile
INFO: Getting For:Data20
15/02/2006 11:42:22 org.republic.ParseFile executeParseFile
INFO: data is :no
15/02/2006 11:42:22 org.republic.ParseFile executeParseFile
INFO: dataType is:string
15/02/2006 11:42:22 org.republic.ParseFile executeParseFile
INFO: Getting For:Data21
15/02/2006 11:42:22 org.republic.ParseFile executeParseFile
INFO: data is :PO80243 
15/02/2006 11:42:22 org.republic.ParseFile executeParseFile
INFO: dataType is:string
15/02/2006 11:42:22 org.republic.ParseFile executeParseFile
INFO: Getting For:Data1
15/02/2006 11:42:22 org.republic.ParseFile executeParseFile
INFO: data is :  2
15/02/2006 11:42:22 org.republic.ParseFile executeParseFile
INFO: dataType is:string
15/02/2006 11:42:22 org.republic.ParseFile executeParseFile
INFO: Getting For:Data2
15/02/2006 11:42:22 org.republic.ParseFile executeParseFile
INFO: data is :RC43998 
15/02/2006 11:42:22 org.republic.ParseFile executeParseFile
INFO: dataType is:string
15/02/2006 11:42:22 org.republic.ParseFile executeParseFile
INFO: Getting For:Data3
15/02/2006 11:42:22 org.republic.ParseFile executeParseFile
INFO: data is :amc000  
15/02/2006 11:42:22 org.republic.ParseFile executeParseFile
INFO: dataType is:string
15/02/2006 11:42:22 org.republic.ParseFile executeParseFile
INFO: Getting For:Data4
15/02/2006 11:42:22 org.republic.ParseFile executeParseFile
INFO: data is :14/12/05
15/02/2006 11:42:22 org.republic.ParseFile executeParseFile
INFO: dataType is:date
15/02/2006 11:42:22 org.republic.ParseFile executeParseFile
INFO: Getting For:Data5
15/02/2006 11:42:22 org.republic.ParseFile executeParseFile
INFO: data is :10  
15/02/2006 11:42:22 org.republic.ParseFile executeParseFile
INFO: dataType is:string
15/02/2006 11:42:22 org.republic.ParseFile executeParseFile
INFO: Getting For:Data6
15/02/2006 11:42:22 org.republic.ParseFile executeParseFile
INFO: data is :341-0101251s      
15/02/2006 11:42:22 org.republic.ParseFile executeParseFile
INFO: dataType is:string
15/02/2006 11:42:22 org.republic.ParseFile executeParseFile
INFO: Getting For:Data7
15/02/2006 11:42:22 org.republic.ParseFile executeParseFile
INFO: data is :     6,300.00
15/02/2006 11:42:22 org.republic.ParseFile executeParseFile
INFO: dataType is:number
15/02/2006 11:42:22 org.republic.ParseFile executeParseFile
INFO: Getting For:Data8
15/02/2006 11:42:22 org.republic.ParseFile executeParseFile
INFO: data is :EA
15/02/2006 11:42:22 org.republic.ParseFile executeParseFile
INFO: dataType is:string
15/02/2006 11:42:22 org.republic.ParseFile executeParseFile
INFO: Getting For:Data9
15/02/2006 11:42:22 org.republic.ParseFile executeParseFile
INFO: data is :     0.5136
15/02/2006 11:42:22 org.republic.ParseFile executeParseFile
INFO: dataType is:number
15/02/2006 11:42:22 org.republic.ParseFile executeParseFile
INFO: Getting For:Data10
15/02/2006 11:42:22 org.republic.ParseFile executeParseFile
INFO: data is :       3,235.68
15/02/2006 11:42:22 org.republic.ParseFile executeParseFile
INFO: dataType is:number
15/02/2006 11:42:22 org.republic.ParseFile executeParseFile
INFO: Getting For:Data11
15/02/2006 11:42:22 org.republic.ParseFile executeParseFile
INFO: data is :       3,235.68
15/02/2006 11:42:22 org.republic.ParseFile executeParseFile
INFO: dataType is:number
15/02/2006 11:42:22 org.republic.ParseFile executeParseFile
INFO: Getting For:Data12
15/02/2006 11:42:22 org.republic.ParseFile executeParseFile
INFO: data is :       323.57
15/02/2006 11:42:22 org.republic.ParseFile executeParseFile
INFO: dataType is:number
15/02/2006 11:42:22 org.republic.ParseFile executeParseFile
INFO: Getting For:Data13
15/02/2006 11:42:22 org.republic.ParseFile executeParseFile
INFO: data is :no 
15/02/2006 11:42:22 org.republic.ParseFile executeParseFile
INFO: dataType is:string
15/02/2006 11:42:22 org.republic.ParseFile executeParseFile
INFO: Getting For:Data14
15/02/2006 11:42:22 org.republic.ParseFile executeParseFile
INFO: data is :        
15/02/2006 11:42:22 org.republic.ParseFile executeParseFile
INFO: dataType is:string
15/02/2006 11:42:22 org.republic.ParseFile executeParseFile
INFO: Getting For:Data15
15/02/2006 11:42:22 org.republic.ParseFile executeParseFile
INFO: data is :           
15/02/2006 11:42:22 org.republic.ParseFile executeParseFile
INFO: dataType is:number
15/02/2006 11:42:22 org.republic.ParseFile executeParseFile
INFO: Getting For:Data16
15/02/2006 11:42:22 org.republic.ParseFile executeParseFile
INFO: data is :               
15/02/2006 11:42:22 org.republic.ParseFile executeParseFile
INFO: dataType is:number
15/02/2006 11:42:22 org.republic.ParseFile executeParseFile
INFO: Getting For:Data17
15/02/2006 11:42:22 org.republic.ParseFile executeParseFile
INFO: data is :        
15/02/2006 11:42:22 org.republic.ParseFile executeParseFile
INFO: dataType is:string
15/02/2006 11:42:22 org.republic.ParseFile executeParseFile
INFO: Getting For:Data18
15/02/2006 11:42:22 org.republic.ParseFile executeParseFile
INFO: data is :                  
15/02/2006 11:42:22 org.republic.ParseFile executeParseFile
INFO: dataType is:string
15/02/2006 11:42:22 org.republic.ParseFile executeParseFile
INFO: Getting For:Data19
15/02/2006 11:42:22 org.republic.ParseFile executeParseFile
INFO: data is : 
15/02/2006 11:42:22 org.republic.ParseFile executeParseFile
INFO: dataType is:string
15/02/2006 11:42:22 org.republic.ParseFile executeParseFile
INFO: Getting For:Data20
15/02/2006 11:42:22 org.republic.ParseFile executeParseFile
INFO: data is :no
15/02/2006 11:42:22 org.republic.ParseFile executeParseFile
INFO: dataType is:string
15/02/2006 11:42:22 org.republic.ParseFile executeParseFile
INFO: Getting For:Data21
15/02/2006 11:42:22 org.republic.ParseFile executeParseFile
INFO: data is :PO80243 
15/02/2006 11:42:22 org.republic.ParseFile executeParseFile
INFO: dataType is:string
15/02/2006 11:42:22 org.republic.ParseFile executeParseFile
INFO: Getting For:Data1
15/02/2006 11:42:22 org.republic.ParseFile executeParseFile
INFO: data is :  3
15/02/2006 11:42:22 org.republic.ParseFile executeParseFile
INFO: dataType is:string
15/02/2006 11:42:22 org.republic.ParseFile executeParseFile
INFO: Getting For:Data2
15/02/2006 11:42:22 org.republic.ParseFile executeParseFile
INFO: data is :RC43944 
15/02/2006 11:42:22 org.republic.ParseFile executeParseFile
INFO: dataType is:string
15/02/2006 11:42:22 org.republic.ParseFile executeParseFile
INFO: Getting For:Data3
15/02/2006 11:42:22 org.republic.ParseFile executeParseFile
INFO: data is :amc000  
15/02/2006 11:42:22 org.republic.ParseFile executeParseFile
INFO: dataType is:string
15/02/2006 11:42:22 org.republic.ParseFile executeParseFile
INFO: Getting For:Data4
15/02/2006 11:42:22 org.republic.ParseFile executeParseFile
INFO: data is :09/12/05
15/02/2006 11:42:22 org.republic.ParseFile executeParseFile
INFO: dataType is:date
15/02/2006 11:42:22 org.republic.ParseFile executeParseFile
INFO: Getting For:Data5
15/02/2006 11:42:22 org.republic.ParseFile executeParseFile
INFO: data is :10  
15/02/2006 11:42:22 org.republic.ParseFile executeParseFile
INFO: dataType is:string
15/02/2006 11:42:22 org.republic.ParseFile executeParseFile
INFO: Getting For:Data6
15/02/2006 11:42:22 org.republic.ParseFile executeParseFile
INFO: data is :341-0102251       
15/02/2006 11:42:22 org.republic.ParseFile executeParseFile
INFO: dataType is:string
15/02/2006 11:42:22 org.republic.ParseFile executeParseFile
INFO: Getting For:Data7
15/02/2006 11:42:22 org.republic.ParseFile executeParseFile
INFO: data is :     5,150.00
15/02/2006 11:42:22 org.republic.ParseFile executeParseFile
INFO: dataType is:number
15/02/2006 11:42:22 org.republic.ParseFile executeParseFile
INFO: Getting For:Data8
15/02/2006 11:42:22 org.republic.ParseFile executeParseFile
INFO: data is :EA
15/02/2006 11:42:22 org.republic.ParseFile executeParseFile
INFO: dataType is:string
15/02/2006 11:42:22 org.republic.ParseFile executeParseFile
INFO: Getting For:Data9
15/02/2006 11:42:22 org.republic.ParseFile executeParseFile
INFO: data is :    0.47904
15/02/2006 11:42:22 org.republic.ParseFile executeParseFile
INFO: dataType is:number
15/02/2006 11:42:22 org.republic.ParseFile executeParseFile
INFO: Getting For:Data10
15/02/2006 11:42:22 org.republic.ParseFile executeParseFile
INFO: data is :       2,467.06
15/02/2006 11:42:22 org.republic.ParseFile executeParseFile
INFO: dataType is:number
15/02/2006 11:42:22 org.republic.ParseFile executeParseFile
INFO: Getting For:Data11
15/02/2006 11:42:22 org.republic.ParseFile executeParseFile
INFO: data is :       2,467.06
15/02/2006 11:42:22 org.republic.ParseFile executeParseFile
INFO: dataType is:number
15/02/2006 11:42:22 org.republic.ParseFile executeParseFile
INFO: Getting For:Data12
15/02/2006 11:42:22 org.republic.ParseFile executeParseFile
INFO: data is :       246.71
15/02/2006 11:42:22 org.republic.ParseFile executeParseFile
INFO: dataType is:number
15/02/2006 11:42:22 org.republic.ParseFile executeParseFile
INFO: Getting For:Data13
15/02/2006 11:42:22 org.republic.ParseFile executeParseFile
INFO: data is :no 
15/02/2006 11:42:22 org.republic.ParseFile executeParseFile
INFO: dataType is:string
15/02/2006 11:42:22 org.republic.ParseFile executeParseFile
INFO: Getting For:Data14
15/02/2006 11:42:22 org.republic.ParseFile executeParseFile
INFO: data is :        
15/02/2006 11:42:22 org.republic.ParseFile executeParseFile
INFO: dataType is:string
15/02/2006 11:42:22 org.republic.ParseFile executeParseFile
INFO: Getting For:Data15
15/02/2006 11:42:22 org.republic.ParseFile executeParseFile
INFO: data is :           
15/02/2006 11:42:22 org.republic.ParseFile executeParseFile
INFO: dataType is:number
15/02/2006 11:42:22 org.republic.ParseFile executeParseFile
INFO: Getting For:Data16
15/02/2006 11:42:22 org.republic.ParseFile executeParseFile
INFO: data is :               
15/02/2006 11:42:22 org.republic.ParseFile executeParseFile
INFO: dataType is:number
15/02/2006 11:42:22 org.republic.ParseFile executeParseFile
INFO: Getting For:Data17
15/02/2006 11:42:22 org.republic.ParseFile executeParseFile
INFO: data is :        
15/02/2006 11:42:22 org.republic.ParseFile executeParseFile
INFO: dataType is:string
15/02/2006 11:42:22 org.republic.ParseFile executeParseFile
INFO: Getting For:Data18
15/02/2006 11:42:22 org.republic.ParseFile executeParseFile
INFO: data is :                  
15/02/2006 11:42:22 org.republic.ParseFile executeParseFile
INFO: dataType is:string
15/02/2006 11:42:22 org.republic.ParseFile executeParseFile
INFO: Getting For:Data19
15/02/2006 11:42:22 org.republic.ParseFile executeParseFile
INFO: data is : 
15/02/2006 11:42:22 org.republic.ParseFile executeParseFile
INFO: dataType is:string
15/02/2006 11:42:22 org.republic.ParseFile executeParseFile
INFO: Getting For:Data20
15/02/2006 11:42:22 org.republic.ParseFile executeParseFile
INFO: data is :no
15/02/2006 11:42:22 org.republic.ParseFile executeParseFile
INFO: dataType is:string
15/02/2006 11:42:22 org.republic.ParseFile executeParseFile
INFO: Getting For:Data21
15/02/2006 11:42:22 org.republic.ParseFile executeParseFile
INFO: data is :PO80243 
15/02/2006 11:42:22 org.republic.ParseFile executeParseFile
INFO: dataType is:string
15/02/2006 11:42:22 org.republic.ParseFile executeParseFile
INFO: Getting For:Data1
15/02/2006 11:42:22 org.republic.ParseFile executeParseFile
INFO: data is :  3
15/02/2006 11:42:22 org.republic.ParseFile executeParseFile
INFO: dataType is:string
15/02/2006 11:42:22 org.republic.ParseFile executeParseFile
INFO: Getting For:Data2
15/02/2006 11:42:22 org.republic.ParseFile executeParseFile
INFO: data is :RC44128 
15/02/2006 11:42:22 org.republic.ParseFile executeParseFile
INFO: dataType is:string
15/02/2006 11:42:22 org.republic.ParseFile executeParseFile
INFO: Getting For:Data3
15/02/2006 11:42:22 org.republic.ParseFile executeParseFile
INFO: data is :amc000  
15/02/2006 11:42:22 org.republic.ParseFile executeParseFile
INFO: dataType is:string
15/02/2006 11:42:22 org.republic.ParseFile executeParseFile
INFO: Getting For:Data4
15/02/2006 11:42:22 org.republic.ParseFile executeParseFile
INFO: data is :20/12/05
15/02/2006 11:42:22 org.republic.ParseFile executeParseFile
INFO: dataType is:date
15/02/2006 11:42:22 org.republic.ParseFile executeParseFile
INFO: Getting For:Data5
15/02/2006 11:42:22 org.republic.ParseFile executeParseFile
INFO: data is :10  
15/02/2006 11:42:22 org.republic.ParseFile executeParseFile
INFO: dataType is:string
15/02/2006 11:42:22 org.republic.ParseFile executeParseFile
INFO: Getting For:Data6
15/02/2006 11:42:22 org.republic.ParseFile executeParseFile
INFO: data is :341-0102251       
15/02/2006 11:42:22 org.republic.ParseFile executeParseFile
INFO: dataType is:string
15/02/2006 11:42:22 org.republic.ParseFile executeParseFile
INFO: Getting For:Data7
15/02/2006 11:42:22 org.republic.ParseFile executeParseFile
INFO: data is :    -5,150.00
15/02/2006 11:42:22 org.republic.ParseFile executeParseFile
INFO: dataType is:number
15/02/2006 11:42:22 org.republic.ParseFile executeParseFile
INFO: Getting For:Data8
15/02/2006 11:42:22 org.republic.ParseFile executeParseFile
INFO: data is :EA
15/02/2006 11:42:22 org.republic.ParseFile executeParseFile
INFO: dataType is:string
15/02/2006 11:42:22 org.republic.ParseFile executeParseFile
INFO: Getting For:Data9
15/02/2006 11:42:22 org.republic.ParseFile executeParseFile
INFO: data is :    0.47904
15/02/2006 11:42:22 org.republic.ParseFile executeParseFile
INFO: dataType is:number
15/02/2006 11:42:22 org.republic.ParseFile executeParseFile
INFO: Getting For:Data10
15/02/2006 11:42:22 org.republic.ParseFile executeParseFile
INFO: data is :      -2,467.06
15/02/2006 11:42:22 org.republic.ParseFile executeParseFile
INFO: dataType is:number
15/02/2006 11:42:22 org.republic.ParseFile executeParseFile
INFO: Getting For:Data11
15/02/2006 11:42:22 org.republic.ParseFile executeParseFile
INFO: data is :      -2,467.06
15/02/2006 11:42:22 org.republic.ParseFile executeParseFile
INFO: dataType is:number
15/02/2006 11:42:22 org.republic.ParseFile executeParseFile
INFO: Getting For:Data12
15/02/2006 11:42:22 org.republic.ParseFile executeParseFile
INFO: data is :      -246.71
15/02/2006 11:42:22 org.republic.ParseFile executeParseFile
INFO: dataType is:number
15/02/2006 11:42:22 org.republic.ParseFile executeParseFile
INFO: Getting For:Data13
15/02/2006 11:42:22 org.republic.ParseFile executeParseFile
INFO: data is :no 
15/02/2006 11:42:22 org.republic.ParseFile executeParseFile
INFO: dataType is:string
15/02/2006 11:42:22 org.republic.ParseFile executeParseFile
INFO: Getting For:Data14
15/02/2006 11:42:22 org.republic.ParseFile executeParseFile
INFO: data is :        
15/02/2006 11:42:22 org.republic.ParseFile executeParseFile
INFO: dataType is:string
15/02/2006 11:42:22 org.republic.ParseFile executeParseFile
INFO: Getting For:Data15
15/02/2006 11:42:22 org.republic.ParseFile executeParseFile
INFO: data is :           
15/02/2006 11:42:22 org.republic.ParseFile executeParseFile
INFO: dataType is:number
15/02/2006 11:42:22 org.republic.ParseFile executeParseFile
INFO: Getting For:Data16
15/02/2006 11:42:22 org.republic.ParseFile executeParseFile
INFO: data is :               
15/02/2006 11:42:22 org.republic.ParseFile executeParseFile
INFO: dataType is:number
15/02/2006 11:42:22 org.republic.ParseFile executeParseFile
INFO: Getting For:Data17
15/02/2006 11:42:22 org.republic.ParseFile executeParseFile
INFO: data is :        
15/02/2006 11:42:22 org.republic.ParseFile executeParseFile
INFO: dataType is:string
15/02/2006 11:42:22 org.republic.ParseFile executeParseFile
INFO: Getting For:Data18
15/02/2006 11:42:22 org.republic.ParseFile executeParseFile
INFO: data is :                  
15/02/2006 11:42:22 org.republic.ParseFile executeParseFile
INFO: dataType is:string
15/02/2006 11:42:22 org.republic.ParseFile executeParseFile
INFO: Getting For:Data19
15/02/2006 11:42:22 org.republic.ParseFile executeParseFile
INFO: data is : 
15/02/2006 11:42:22 org.republic.ParseFile executeParseFile
INFO: dataType is:string
15/02/2006 11:42:22 org.republic.ParseFile executeParseFile
INFO: Getting For:Data20
15/02/2006 11:42:22 org.republic.ParseFile executeParseFile
INFO: data is :no
15/02/2006 11:42:22 org.republic.ParseFile executeParseFile
INFO: dataType is:string
15/02/2006 11:42:22 org.republic.ParseFile executeParseFile
INFO: Getting For:Data21
15/02/2006 11:42:22 org.republic.ParseFile executeParseFile
INFO: data is :PO80243 
15/02/2006 11:42:22 org.republic.ParseFile executeParseFile
INFO: dataType is:string
15/02/2006 11:42:22 org.republic.ParseFile executeParseFile
INFO: Getting For:Data1
15/02/2006 11:42:22 org.republic.ParseFile executeParseFile
INFO: data is :  3
15/02/2006 11:42:22 org.republic.ParseFile executeParseFile
INFO: dataType is:string
15/02/2006 11:42:22 org.republic.ParseFile executeParseFile
INFO: Getting For:Data2
15/02/2006 11:42:22 org.republic.ParseFile executeParseFile
INFO: data is :RC44129 
15/02/2006 11:42:22 org.republic.ParseFile executeParseFile
INFO: dataType is:string
15/02/2006 11:42:22 org.republic.ParseFile executeParseFile
INFO: Getting For:Data3
15/02/2006 11:42:22 org.republic.ParseFile executeParseFile
INFO: data is :amc000  
15/02/2006 11:42:22 org.republic.ParseFile executeParseFile
INFO: dataType is:string
15/02/2006 11:42:22 org.republic.ParseFile executeParseFile
INFO: Getting For:Data4
15/02/2006 11:42:22 org.republic.ParseFile executeParseFile
INFO: data is :20/12/05
15/02/2006 11:42:22 org.republic.ParseFile executeParseFile
INFO: dataType is:date
15/02/2006 11:42:22 org.republic.ParseFile executeParseFile
INFO: Getting For:Data5
15/02/2006 11:42:22 org.republic.ParseFile executeParseFile
INFO: data is :10  
15/02/2006 11:42:22 org.republic.ParseFile executeParseFile
INFO: dataType is:string
15/02/2006 11:42:22 org.republic.ParseFile executeParseFile
INFO: Getting For:Data6
15/02/2006 11:42:22 org.republic.ParseFile executeParseFile
INFO: data is :341-0102251       
15/02/2006 11:42:22 org.republic.ParseFile executeParseFile
INFO: dataType is:string
15/02/2006 11:42:22 org.republic.ParseFile executeParseFile
INFO: Getting For:Data7
15/02/2006 11:42:22 org.republic.ParseFile executeParseFile
INFO: data is :     5,150.00
15/02/2006 11:42:22 org.republic.ParseFile executeParseFile
INFO: dataType is:number
15/02/2006 11:42:22 org.republic.ParseFile executeParseFile
INFO: Getting For:Data8
15/02/2006 11:42:22 org.republic.ParseFile executeParseFile
INFO: data is :EA
15/02/2006 11:42:22 org.republic.ParseFile executeParseFile
INFO: dataType is:string
15/02/2006 11:42:22 org.republic.ParseFile executeParseFile
INFO: Getting For:Data9
15/02/2006 11:42:22 org.republic.ParseFile executeParseFile
INFO: data is :     0.4464
15/02/2006 11:42:22 org.republic.ParseFile executeParseFile
INFO: dataType is:number
15/02/2006 11:42:22 org.republic.ParseFile executeParseFile
INFO: Getting For:Data10
15/02/2006 11:42:22 org.republic.ParseFile executeParseFile
INFO: data is :       2,298.96
15/02/2006 11:42:22 org.republic.ParseFile executeParseFile
INFO: dataType is:number
15/02/2006 11:42:22 org.republic.ParseFile executeParseFile
INFO: Getting For:Data11
15/02/2006 11:42:22 org.republic.ParseFile executeParseFile
INFO: data is :       2,298.96
15/02/2006 11:42:22 org.republic.ParseFile executeParseFile
INFO: dataType is:number
15/02/2006 11:42:22 org.republic.ParseFile executeParseFile
INFO: Getting For:Data12
15/02/2006 11:42:22 org.republic.ParseFile executeParseFile
INFO: data is :       229.90
15/02/2006 11:42:22 org.republic.ParseFile executeParseFile
INFO: dataType is:number
15/02/2006 11:42:22 org.republic.ParseFile executeParseFile
INFO: Getting For:Data13
15/02/2006 11:42:22 org.republic.ParseFile executeParseFile
INFO: data is :no 
15/02/2006 11:42:22 org.republic.ParseFile executeParseFile
INFO: dataType is:string
15/02/2006 11:42:22 org.republic.ParseFile executeParseFile
INFO: Getting For:Data14
15/02/2006 11:42:22 org.republic.ParseFile executeParseFile
INFO: data is :        
15/02/2006 11:42:22 org.republic.ParseFile executeParseFile
INFO: dataType is:string
15/02/2006 11:42:22 org.republic.ParseFile executeParseFile
INFO: Getting For:Data15
15/02/2006 11:42:22 org.republic.ParseFile executeParseFile
INFO: data is :           
15/02/2006 11:42:22 org.republic.ParseFile executeParseFile
INFO: dataType is:number
15/02/2006 11:42:22 org.republic.ParseFile executeParseFile
INFO: Getting For:Data16
15/02/2006 11:42:22 org.republic.ParseFile executeParseFile
INFO: data is :               
15/02/2006 11:42:22 org.republic.ParseFile executeParseFile
INFO: dataType is:number
15/02/2006 11:42:22 org.republic.ParseFile executeParseFile
INFO: Getting For:Data17
15/02/2006 11:42:22 org.republic.ParseFile executeParseFile
INFO: data is :        
15/02/2006 11:42:22 org.republic.ParseFile executeParseFile
INFO: dataType is:string
15/02/2006 11:42:22 org.republic.ParseFile executeParseFile
INFO: Getting For:Data18
15/02/2006 11:42:22 org.republic.ParseFile executeParseFile
INFO: data is :                  
15/02/2006 11:42:22 org.republic.ParseFile executeParseFile
INFO: dataType is:string
15/02/2006 11:42:22 org.republic.ParseFile executeParseFile
INFO: Getting For:Data19
15/02/2006 11:42:22 org.republic.ParseFile executeParseFile
INFO: data is : 
15/02/2006 11:42:22 org.republic.ParseFile executeParseFile
INFO: dataType is:string
15/02/2006 11:42:22 org.republic.ParseFile executeParseFile
INFO: Getting For:Data20
15/02/2006 11:42:22 org.republic.ParseFile executeParseFile
INFO: data is :no
15/02/2006 11:42:22 org.republic.ParseFile executeParseFile
INFO: dataType is:string
15/02/2006 11:42:22 org.republic.ParseFile executeParseFile
INFO: Getting For:Data21
15/02/2006 11:42:22 org.republic.ParseFile executeParseFile
INFO: data is :po80245 
15/02/2006 11:42:22 org.republic.ParseFile executeParseFile
INFO: dataType is:string
15/02/2006 11:42:22 org.republic.ParseFile executeParseFile
INFO: Getting For:Data1
15/02/2006 11:42:22 org.republic.ParseFile executeParseFile
INFO: data is :  1
15/02/2006 11:42:22 org.republic.ParseFile executeParseFile
INFO: dataType is:string
15/02/2006 11:42:22 org.republic.ParseFile executeParseFile
INFO: Getting For:Data2
15/02/2006 11:42:22 org.republic.ParseFile executeParseFile
INFO: data is :RC44073 
15/02/2006 11:42:22 org.republic.ParseFile executeParseFile
INFO: dataType is:string
15/02/2006 11:42:22 org.republic.ParseFile executeParseFile
INFO: Getting For:Data3
15/02/2006 11:42:22 org.republic.ParseFile executeParseFile
INFO: data is :ant001  
15/02/2006 11:42:22 org.republic.ParseFile executeParseFile
INFO: dataType is:string
15/02/2006 11:42:22 org.republic.ParseFile executeParseFile
INFO: Getting For:Data4
15/02/2006 11:42:22 org.republic.ParseFile executeParseFile
INFO: data is :19/12/05
15/02/2006 11:42:22 org.republic.ParseFile executeParseFile
INFO: dataType is:date
15/02/2006 11:42:22 org.republic.ParseFile executeParseFile
INFO: Getting For:Data5
15/02/2006 11:42:22 org.republic.ParseFile executeParseFile
INFO: data is :10  
15/02/2006 11:42:22 org.republic.ParseFile executeParseFile
INFO: dataType is:string
15/02/2006 11:42:22 org.republic.ParseFile executeParseFile
INFO: Getting For:Data6
15/02/2006 11:42:22 org.republic.ParseFile executeParseFile
INFO: data is :32-100006         
15/02/2006 11:42:22 org.republic.ParseFile executeParseFile
INFO: dataType is:string
15/02/2006 11:42:22 org.republic.ParseFile executeParseFile
INFO: Getting For:Data7
15/02/2006 11:42:22 org.republic.ParseFile executeParseFile
INFO: data is :   132,192.00
15/02/2006 11:42:22 org.republic.ParseFile executeParseFile
INFO: dataType is:number
15/02/2006 11:42:22 org.republic.ParseFile executeParseFile
INFO: Getting For:Data8
15/02/2006 11:42:22 org.republic.ParseFile executeParseFile
INFO: data is :EA
15/02/2006 11:42:22 org.republic.ParseFile executeParseFile
INFO: dataType is:string
15/02/2006 11:42:22 org.republic.ParseFile executeParseFile
INFO: Getting For:Data9
15/02/2006 11:42:22 org.republic.ParseFile executeParseFile
INFO: data is :     0.0325
15/02/2006 11:42:22 org.republic.ParseFile executeParseFile
INFO: dataType is:number
15/02/2006 11:42:22 org.republic.ParseFile executeParseFile
INFO: Getting For:Data10
15/02/2006 11:42:22 org.republic.ParseFile executeParseFile
INFO: data is :       4,296.24
15/02/2006 11:42:22 org.republic.ParseFile executeParseFile
INFO: dataType is:number
15/02/2006 11:42:22 org.republic.ParseFile executeParseFile
INFO: Getting For:Data11
15/02/2006 11:42:22 org.republic.ParseFile executeParseFile
INFO: data is :       4,296.24
15/02/2006 11:42:22 org.republic.ParseFile executeParseFile
INFO: dataType is:number
15/02/2006 11:42:22 org.republic.ParseFile executeParseFile
INFO: Getting For:Data12
15/02/2006 11:42:22 org.republic.ParseFile executeParseFile
INFO: data is :       429.62
15/02/2006 11:42:22 org.republic.ParseFile executeParseFile
INFO: dataType is:number
15/02/2006 11:42:22 org.republic.ParseFile executeParseFile
INFO: Getting For:Data13
15/02/2006 11:42:22 org.republic.ParseFile executeParseFile
INFO: data is :no 
15/02/2006 11:42:22 org.republic.ParseFile executeParseFile
INFO: dataType is:string
15/02/2006 11:42:22 org.republic.ParseFile executeParseFile
INFO: Getting For:Data14
15/02/2006 11:42:22 org.republic.ParseFile executeParseFile
INFO: data is :        
15/02/2006 11:42:22 org.republic.ParseFile executeParseFile
INFO: dataType is:string
15/02/2006 11:42:22 org.republic.ParseFile executeParseFile
INFO: Getting For:Data15
15/02/2006 11:42:22 org.republic.ParseFile executeParseFile
INFO: data is :           
15/02/2006 11:42:22 org.republic.ParseFile executeParseFile
INFO: dataType is:number
15/02/2006 11:42:22 org.republic.ParseFile executeParseFile
INFO: Getting For:Data16
15/02/2006 11:42:22 org.republic.ParseFile executeParseFile
INFO: data is :               
15/02/2006 11:42:22 org.republic.ParseFile executeParseFile
INFO: dataType is:number
15/02/2006 11:42:22 org.republic.ParseFile executeParseFile
INFO: Getting For:Data17
15/02/2006 11:42:22 org.republic.ParseFile executeParseFile
INFO: data is :        
15/02/2006 11:42:22 org.republic.ParseFile executeParseFile
INFO: dataType is:string
15/02/2006 11:42:22 org.republic.ParseFile executeParseFile
INFO: Getting For:Data18
15/02/2006 11:42:22 org.republic.ParseFile executeParseFile
INFO: data is :                  
15/02/2006 11:42:22 org.republic.ParseFile executeParseFile
INFO: dataType is:string
15/02/2006 11:42:22 org.republic.ParseFile executeParseFile
INFO: Getting For:Data19
15/02/2006 11:42:22 org.republic.ParseFile executeParseFile
INFO: data is : 
15/02/2006 11:42:22 org.republic.ParseFile executeParseFile
INFO: dataType is:string
15/02/2006 11:42:22 org.republic.ParseFile executeParseFile
INFO: Getting For:Data20
15/02/2006 11:42:22 org.republic.ParseFile executeParseFile
INFO: data is :no
15/02/2006 11:42:22 org.republic.ParseFile executeParseFile
INFO: dataType is:string
15/02/2006 11:42:22 org.republic.ParseFile executeParseFile
INFO: Getting For:Data21
15/02/2006 11:42:22 org.republic.ParseFile executeParseFile
INFO: data is :po80245 
15/02/2006 11:42:22 org.republic.ParseFile executeParseFile
INFO: dataType is:string
15/02/2006 11:42:22 org.republic.ParseFile executeParseFile
INFO: Getting For:Data1
15/02/2006 11:42:22 org.republic.ParseFile executeParseFile
INFO: data is :  1
15/02/2006 11:42:22 org.republic.ParseFile executeParseFile
INFO: dataType is:string
15/02/2006 11:42:22 org.republic.ParseFile executeParseFile
INFO: Getting For:Data2
15/02/2006 11:42:22 org.republic.ParseFile executeParseFile
INFO: data is :RC44119 
15/02/2006 11:42:22 org.republic.ParseFile executeParseFile
INFO: dataType is:string
15/02/2006 11:42:22 org.republic.ParseFile executeParseFile
INFO: Getting For:Data3
15/02/2006 11:42:22 org.republic.ParseFile executeParseFile
INFO: data is :ant001  
15/02/2006 11:42:22 org.republic.ParseFile executeParseFile
INFO: dataType is:string
15/02/2006 11:42:22 org.republic.ParseFile executeParseFile
INFO: Getting For:Data4
15/02/2006 11:42:22 org.republic.ParseFile executeParseFile
INFO: data is :20/12/05
15/02/2006 11:42:22 org.republic.ParseFile executeParseFile
INFO: dataType is:date
15/02/2006 11:42:22 org.republic.ParseFile executeParseFile
INFO: Getting For:Data5
15/02/2006 11:42:22 org.republic.ParseFile executeParseFile
INFO: data is :10  
15/02/2006 11:42:22 org.republic.ParseFile executeParseFile
INFO: dataType is:string
15/02/2006 11:42:22 org.republic.ParseFile executeParseFile
INFO: Getting For:Data6
15/02/2006 11:42:22 org.republic.ParseFile executeParseFile
INFO: data is :32-100006         
15/02/2006 11:42:22 org.republic.ParseFile executeParseFile
INFO: dataType is:string
15/02/2006 11:42:22 org.republic.ParseFile executeParseFile
INFO: Getting For:Data7
15/02/2006 11:42:22 org.republic.ParseFile executeParseFile
INFO: data is :   173,502.00
15/02/2006 11:42:22 org.republic.ParseFile executeParseFile
INFO: dataType is:number
15/02/2006 11:42:22 org.republic.ParseFile executeParseFile
INFO: Getting For:Data8
15/02/2006 11:42:22 org.republic.ParseFile executeParseFile
INFO: data is :EA
15/02/2006 11:42:22 org.republic.ParseFile executeParseFile
INFO: dataType is:string
15/02/2006 11:42:22 org.republic.ParseFile executeParseFile
INFO: Getting For:Data9
15/02/2006 11:42:22 org.republic.ParseFile executeParseFile
INFO: data is :     0.0325
15/02/2006 11:42:22 org.republic.ParseFile executeParseFile
INFO: dataType is:number
15/02/2006 11:42:22 org.republic.ParseFile executeParseFile
INFO: Getting For:Data10
15/02/2006 11:42:22 org.republic.ParseFile executeParseFile
INFO: data is :       5,638.82
15/02/2006 11:42:22 org.republic.ParseFile executeParseFile
INFO: dataType is:number
15/02/2006 11:42:22 org.republic.ParseFile executeParseFile
INFO: Getting For:Data11
15/02/2006 11:42:22 org.republic.ParseFile executeParseFile
INFO: data is :       5,638.82
15/02/2006 11:42:22 org.republic.ParseFile executeParseFile
INFO: dataType is:number
15/02/2006 11:42:22 org.republic.ParseFile executeParseFile
INFO: Getting For:Data12
15/02/2006 11:42:22 org.republic.ParseFile executeParseFile
INFO: data is :       563.88
15/02/2006 11:42:22 org.republic.ParseFile executeParseFile
INFO: dataType is:number
15/02/2006 11:42:22 org.republic.ParseFile executeParseFile
INFO: Getting For:Data13
15/02/2006 11:42:22 org.republic.ParseFile executeParseFile
INFO: data is :no 
15/02/2006 11:42:22 org.republic.ParseFile executeParseFile
INFO: dataType is:string
15/02/2006 11:42:22 org.republic.ParseFile executeParseFile
INFO: Getting For:Data14
15/02/2006 11:42:22 org.republic.ParseFile executeParseFile
INFO: data is :        
15/02/2006 11:42:22 org.republic.ParseFile executeParseFile
INFO: dataType is:string
15/02/2006 11:42:22 org.republic.ParseFile executeParseFile
INFO: Getting For:Data15
15/02/2006 11:42:22 org.republic.ParseFile executeParseFile
INFO: data is :           
15/02/2006 11:42:22 org.republic.ParseFile executeParseFile
INFO: dataType is:number
15/02/2006 11:42:22 org.republic.ParseFile executeParseFile
INFO: Getting For:Data16
15/02/2006 11:42:22 org.republic.ParseFile executeParseFile
INFO: data is :               
15/02/2006 11:42:22 org.republic.ParseFile executeParseFile
INFO: dataType is:number
15/02/2006 11:42:22 org.republic.ParseFile executeParseFile
INFO: Getting For:Data17
15/02/2006 11:42:22 org.republic.ParseFile executeParseFile
INFO: data is :        
15/02/2006 11:42:22 org.republic.ParseFile executeParseFile
INFO: dataType is:string
15/02/2006 11:42:22 org.republic.ParseFile executeParseFile
INFO: Getting For:Data18
15/02/2006 11:42:22 org.republic.ParseFile executeParseFile
INFO: data is :                  
15/02/2006 11:42:22 org.republic.ParseFile executeParseFile
INFO: dataType is:string
15/02/2006 11:42:22 org.republic.ParseFile executeParseFile
INFO: Getting For:Data19
15/02/2006 11:42:22 org.republic.ParseFile executeParseFile
INFO: data is : 
15/02/2006 11:42:22 org.republic.ParseFile executeParseFile
INFO: dataType is:string
15/02/2006 11:42:22 org.republic.ParseFile executeParseFile
INFO: Getting For:Data20
15/02/2006 11:42:22 org.republic.ParseFile executeParseFile
INFO: data is :no
15/02/2006 11:42:22 org.republic.ParseFile executeParseFile
INFO: dataType is:string
15/02/2006 11:42:22 org.republic.ParseFile executeParseFile
INFO: Getting For:Data21
15/02/2006 11:42:22 org.republic.ParseFile executeParseFile
INFO: data is :po80245 
15/02/2006 11:42:22 org.republic.ParseFile executeParseFile
INFO: dataType is:string
15/02/2006 11:42:22 org.republic.ParseFile executeParseFile
INFO: Getting For:Data1
15/02/2006 11:42:22 org.republic.ParseFile executeParseFile
INFO: data is :  2
15/02/2006 11:42:22 org.republic.ParseFile executeParseFile
INFO: dataType is:string
15/02/2006 11:42:22 org.republic.ParseFile executeParseFile
INFO: Getting For:Data2
15/02/2006 11:42:22 org.republic.ParseFile executeParseFile
INFO: data is :RC44074 
15/02/2006 11:42:22 org.republic.ParseFile executeParseFile
INFO: dataType is:string
15/02/2006 11:42:22 org.republic.ParseFile executeParseFile
INFO: Getting For:Data3
15/02/2006 11:42:22 org.republic.ParseFile executeParseFile
INFO: data is :ant001  
15/02/2006 11:42:22 org.republic.ParseFile executeParseFile
INFO: dataType is:string
15/02/2006 11:42:22 org.republic.ParseFile executeParseFile
INFO: Getting For:Data4
15/02/2006 11:42:22 org.republic.ParseFile executeParseFile
INFO: data is :19/12/05
15/02/2006 11:42:22 org.republic.ParseFile executeParseFile
INFO: dataType is:date
15/02/2006 11:42:22 org.republic.ParseFile executeParseFile
INFO: Getting For:Data5
15/02/2006 11:42:22 org.republic.ParseFile executeParseFile
INFO: data is :10  
15/02/2006 11:42:22 org.republic.ParseFile executeParseFile
INFO: dataType is:string
15/02/2006 11:42:22 org.republic.ParseFile executeParseFile
INFO: Getting For:Data6
15/02/2006 11:42:22 org.republic.ParseFile executeParseFile
INFO: data is :32-1010040        
15/02/2006 11:42:22 org.republic.ParseFile executeParseFile
INFO: dataType is:string
15/02/2006 11:42:22 org.republic.ParseFile executeParseFile
INFO: Getting For:Data7
15/02/2006 11:42:22 org.republic.ParseFile executeParseFile
INFO: data is :   119,340.00
15/02/2006 11:42:22 org.republic.ParseFile executeParseFile
INFO: dataType is:number
15/02/2006 11:42:22 org.republic.ParseFile executeParseFile
INFO: Getting For:Data8
15/02/2006 11:42:22 org.republic.ParseFile executeParseFile
INFO: data is :EA
15/02/2006 11:42:22 org.republic.ParseFile executeParseFile
INFO: dataType is:string
15/02/2006 11:42:22 org.republic.ParseFile executeParseFile
INFO: Getting For:Data9
15/02/2006 11:42:22 org.republic.ParseFile executeParseFile
INFO: data is :     0.0325
15/02/2006 11:42:22 org.republic.ParseFile executeParseFile
INFO: dataType is:number
15/02/2006 11:42:22 org.republic.ParseFile executeParseFile
INFO: Getting For:Data10
15/02/2006 11:42:22 org.republic.ParseFile executeParseFile
INFO: data is :       3,878.55
15/02/2006 11:42:22 org.republic.ParseFile executeParseFile
INFO: dataType is:number
15/02/2006 11:42:22 org.republic.ParseFile executeParseFile
INFO: Getting For:Data11
15/02/2006 11:42:22 org.republic.ParseFile executeParseFile
INFO: data is :       3,878.55
15/02/2006 11:42:22 org.republic.ParseFile executeParseFile
INFO: dataType is:number
15/02/2006 11:42:22 org.republic.ParseFile executeParseFile
INFO: Getting For:Data12
15/02/2006 11:42:22 org.republic.ParseFile executeParseFile
INFO: data is :       387.86
15/02/2006 11:42:22 org.republic.ParseFile executeParseFile
INFO: dataType is:number
15/02/2006 11:42:22 org.republic.ParseFile executeParseFile
INFO: Getting For:Data13
15/02/2006 11:42:22 org.republic.ParseFile executeParseFile
INFO: data is :no 
15/02/2006 11:42:22 org.republic.ParseFile executeParseFile
INFO: dataType is:string
15/02/2006 11:42:22 org.republic.ParseFile executeParseFile
INFO: Getting For:Data14
15/02/2006 11:42:22 org.republic.ParseFile executeParseFile
INFO: data is :        
15/02/2006 11:42:22 org.republic.ParseFile executeParseFile
INFO: dataType is:string
15/02/2006 11:42:22 org.republic.ParseFile executeParseFile
INFO: Getting For:Data15
15/02/2006 11:42:22 org.republic.ParseFile executeParseFile
INFO: data is :           
15/02/2006 11:42:22 org.republic.ParseFile executeParseFile
INFO: dataType is:number
15/02/2006 11:42:22 org.republic.ParseFile executeParseFile
INFO: Getting For:Data16
15/02/2006 11:42:22 org.republic.ParseFile executeParseFile
INFO: data is :               
15/02/2006 11:42:22 org.republic.ParseFile executeParseFile
INFO: dataType is:number
15/02/2006 11:42:22 org.republic.ParseFile executeParseFile
INFO: Getting For:Data17
15/02/2006 11:42:22 org.republic.ParseFile executeParseFile
INFO: data is :        
15/02/2006 11:42:22 org.republic.ParseFile executeParseFile
INFO: dataType is:string
15/02/2006 11:42:22 org.republic.ParseFile executeParseFile
INFO: Getting For:Data18
15/02/2006 11:42:22 org.republic.ParseFile executeParseFile
INFO: data is :                  
15/02/2006 11:42:22 org.republic.ParseFile executeParseFile
INFO: dataType is:string
15/02/2006 11:42:22 org.republic.ParseFile executeParseFile
INFO: Getting For:Data19
15/02/2006 11:42:22 org.republic.ParseFile executeParseFile
INFO: data is : 
15/02/2006 11:42:22 org.republic.ParseFile executeParseFile
INFO: dataType is:string
15/02/2006 11:42:22 org.republic.ParseFile executeParseFile
INFO: Getting For:Data20
15/02/2006 11:42:22 org.republic.ParseFile executeParseFile
INFO: data is :no
15/02/2006 11:42:22 org.republic.ParseFile executeParseFile
INFO: dataType is:string
15/02/2006 11:42:22 org.republic.ParseFile executeParseFile
INFO: Getting For:Data21
15/02/2006 11:42:22 org.republic.ParseFile executeParseFile
INFO: data is :   304,8
15/02/2006 11:42:22 org.republic.ParseFile executeParseFile
INFO: dataType is:string
15/02/2006 11:42:22 org.republic.ParseFile executeParseFile
INFO: Getting For:Data1
15/02/2006 11:42:22 org.republic.ParseFile executeParseFile
INFO: data is :3.3
15/02/2006 11:42:22 org.republic.ParseFile executeParseFile
INFO: dataType is:string
15/02/2006 11:42:22 org.republic.ParseFile executeParseFile
INFO: Getting For:Data2
15/02/2006 11:42:22 org.republic.ParseFile executeParseFile
INFO: data is :
15/02/2006 11:42:22 org.republic.ParseFile executeParseFile
INFO: dataType is:string
15/02/2006 11:42:22 org.republic.ParseFile executeParseFile
INFO: Getting For:Data3
15/02/2006 11:42:22 org.republic.ParseFile executeParseFile
INFO: data is :
15/02/2006 11:42:22 org.republic.ParseFile executeParseFile
INFO: dataType is:string
15/02/2006 11:42:22 org.republic.ParseFile executeParseFile
INFO: Getting For:Data4
15/02/2006 11:42:22 org.republic.ParseFile executeParseFile
INFO: data is :
15/02/2006 11:42:22 org.republic.ParseFile executeParseFile
INFO: dataType is:date
15/02/2006 11:42:22 org.republic.ParseFile executeParseFile
INFO: Getting For:Data5
15/02/2006 11:42:22 org.republic.ParseFile executeParseFile
INFO: data is :
15/02/2006 11:42:22 org.republic.ParseFile executeParseFile
INFO: dataType is:string
15/02/2006 11:42:22 org.republic.ParseFile executeParseFile
INFO: Getting For:Data6
15/02/2006 11:42:22 org.republic.ParseFile executeParseFile
INFO: data is :
15/02/2006 11:42:22 org.republic.ParseFile executeParseFile
INFO: dataType is:string
15/02/2006 11:42:22 org.republic.ParseFile executeParseFile
INFO: Getting For:Data7
15/02/2006 11:42:22 org.republic.ParseFile executeParseFile
INFO: data is :
15/02/2006 11:42:22 org.republic.ParseFile executeParseFile
INFO: dataType is:number
15/02/2006 11:42:22 org.republic.ParseFile executeParseFile
INFO: Getting For:Data8
15/02/2006 11:42:22 org.republic.ParseFile executeParseFile
INFO: data is :
15/02/2006 11:42:22 org.republic.ParseFile executeParseFile
INFO: dataType is:string
15/02/2006 11:42:22 org.republic.ParseFile executeParseFile
INFO: Getting For:Data9
15/02/2006 11:42:22 org.republic.ParseFile executeParseFile
INFO: data is :
15/02/2006 11:42:22 org.republic.ParseFile executeParseFile
INFO: dataType is:number
15/02/2006 11:42:22 org.republic.ParseFile executeParseFile
INFO: Getting For:Data10
15/02/2006 11:42:22 org.republic.ParseFile executeParseFile
INFO: data is :
15/02/2006 11:42:22 org.republic.ParseFile executeParseFile
INFO: dataType is:number
15/02/2006 11:42:22 org.republic.ParseFile executeParseFile
INFO: Getting For:Data11
15/02/2006 11:42:22 org.republic.ParseFile executeParseFile
INFO: data is :
15/02/2006 11:42:22 org.republic.ParseFile executeParseFile
INFO: dataType is:number
15/02/2006 11:42:22 org.republic.ParseFile executeParseFile
INFO: Getting For:Data12
15/02/2006 11:42:22 org.republic.ParseFile executeParseFile
INFO: data is :
15/02/2006 11:42:22 org.republic.ParseFile executeParseFile
INFO: dataType is:number
15/02/2006 11:42:22 org.republic.ParseFile executeParseFile
INFO: Getting For:Data13
15/02/2006 11:42:22 org.republic.ParseFile executeParseFile
INFO: data is :
15/02/2006 11:42:22 org.republic.ParseFile executeParseFile
INFO: dataType is:string
15/02/2006 11:42:22 org.republic.ParseFile executeParseFile
INFO: Getting For:Data14
15/02/2006 11:42:22 org.republic.ParseFile executeParseFile
INFO: data is :
15/02/2006 11:42:22 org.republic.ParseFile executeParseFile
INFO: dataType is:string
15/02/2006 11:42:22 org.republic.ParseFile executeParseFile
INFO: Getting For:Data15
15/02/2006 11:42:22 org.republic.ParseFile executeParseFile
INFO: data is :
15/02/2006 11:42:22 org.republic.ParseFile executeParseFile
INFO: dataType is:number
15/02/2006 11:42:22 org.republic.ParseFile executeParseFile
INFO: Getting For:Data16
15/02/2006 11:42:22 org.republic.ParseFile executeParseFile
INFO: data is :
15/02/2006 11:42:22 org.republic.ParseFile executeParseFile
INFO: dataType is:number
15/02/2006 11:42:22 org.republic.ParseFile executeParseFile
INFO: Getting For:Data17
15/02/2006 11:42:22 org.republic.ParseFile executeParseFile
INFO: data is :
15/02/2006 11:42:22 org.republic.ParseFile executeParseFile
INFO: dataType is:string
15/02/2006 11:42:22 org.republic.ParseFile executeParseFile
INFO: Getting For:Data18
15/02/2006 11:42:22 org.republic.ParseFile executeParseFile
INFO: data is :
15/02/2006 11:42:22 org.republic.ParseFile executeParseFile
INFO: dataType is:string
15/02/2006 11:42:22 org.republic.ParseFile executeParseFile
INFO: Getting For:Data19
15/02/2006 11:42:22 org.republic.ParseFile executeParseFile
INFO: data is :
15/02/2006 11:42:22 org.republic.ParseFile executeParseFile
INFO: dataType is:string
15/02/2006 11:42:22 org.republic.ParseFile executeParseFile
INFO: Getting For:Data20
15/02/2006 11:42:22 org.republic.ParseFile executeParseFile
INFO: data is :
15/02/2006 11:42:22 org.republic.ParseFile executeParseFile
INFO: dataType is:string
15/02/2006 11:42:22 org.republic.ParseFile executeParseFile
INFO: Getting For:Data21
15/02/2006 11:42:22 org.republic.ParseFile executeParseFile
INFO:  updateCalcMultiRowContent1 size of rows: 1
15/02/2006 11:42:22 org.republic.OoUtil updateCalcMultiRowContent
INFO: DS Definitions are: ,ColHdg1/string,ColHdg2/string,ColHdg3/string,ColHdg4/string,ColHdg5/string,ColHdg6/string,ColHdg7/string,ColHdg8/string,ColHdg9/string,ColHdg10/string,ColHdg11/string,ColHdg12/string,ColHdg13/string,ColHdg14/string,ColHdg15/string,ColHdg16/string,ColHdg17/string,ColHdg18/string,ColHdg19/string,ColHdg20/string,ColHdg21/string
15/02/2006 11:42:22 org.republic.OoUtil getTableElement
INFO: Matched!:Sheet1
15/02/2006 11:42:22 org.republic.OoUtil substitutionsAvailableCalc
INFO: Style:ColHdg1
15/02/2006 11:42:22 org.republic.OoUtil updateCalcMultiRowContent
INFO: element found so subs available:[Element: <table:table-cell [Namespace: urn:oasis:names:tc:opendocument:xmlns:table:1.0]/>]
15/02/2006 11:42:22 org.republic.OoUtil updateCalcMultiRowContent
INFO: Parent found , sheet is:[Element: <table:table-row [Namespace: urn:oasis:names:tc:opendocument:xmlns:table:1.0]/>]
15/02/2006 11:42:22 org.republic.OoUtil updateCalcMultiRowContent
INFO: ParentAttrs:[[Attribute: table:name="Sheet1"], [Attribute: table:style-name="ta1"], [Attribute: table:print="false"]]
15/02/2006 11:42:23 org.republic.ParseFile executeParseFile
INFO: Finished updateCalcMultiRowContent1: 14515 for DB:Database
15/02/2006 11:42:23 org.republic.OoUtil updateCalcMultiRowContent
INFO: DS Definitions are: ,Data1/string,Data2/string,Data3/string,Data4/string,Data5/date,Data6/string,Data7/string,Data8/number,Data9/string,Data10/number,Data11/number,Data12/number,Data13/number,Data14/string,Data15/string,Data16/number,Data17/number,Data18/string,Data19/string,Data20/string,Data21/string
15/02/2006 11:42:23 org.republic.OoUtil getTableElement
INFO: Matched!:Sheet1
15/02/2006 11:42:23 org.republic.OoUtil updateCalcMultiRowContent
INFO: Setting Table name to :Database
15/02/2006 11:42:23 org.republic.OoUtil substitutionsAvailableCalc
INFO: Style:Data1
15/02/2006 11:42:23 org.republic.OoUtil updateCalcMultiRowContent
INFO: element found so subs available:[Element: <table:table-cell [Namespace: urn:oasis:names:tc:opendocument:xmlns:table:1.0]/>]
15/02/2006 11:42:23 org.republic.OoUtil updateCalcMultiRowContent
INFO: Parent found , sheet is:[Element: <table:table-row [Namespace: urn:oasis:names:tc:opendocument:xmlns:table:1.0]/>]
15/02/2006 11:42:23 org.republic.OoUtil updateCalcMultiRowContent
INFO: ParentAttrs:[[Attribute: table:name="Database"], [Attribute: table:style-name="ta1"], [Attribute: table:print="false"]]
15/02/2006 11:42:23 org.republic.OoUtil insertCalcDate
INFO: TableNS:[Namespace: prefix "table" is mapped to URI "urn:oasis:names:tc:opendocument:xmlns:table:1.0"] table
15/02/2006 11:42:23 org.republic.OoUtil removeattribute
INFO: Remove Attr:style-name
15/02/2006 11:42:23 org.republic.OoUtil removeattribute
INFO: Remove Attr:style-name
15/02/2006 11:42:23 org.republic.OoUtil removeattribute
INFO: Remove Attr:style-name
15/02/2006 11:42:23 org.republic.OoUtil removeattribute
INFO: Remove Attr:style-name
15/02/2006 11:42:23 org.republic.OoUtil removeattribute
INFO: Remove Attr:style-name
15/02/2006 11:42:23 org.republic.OoUtil removeattribute
INFO: Remove Attr:style-name
15/02/2006 11:42:23 org.republic.OoUtil removeattribute
INFO: Remove Attr:style-name
15/02/2006 11:42:23 org.republic.OoUtil removeattribute
INFO: Remove Attr:style-name
15/02/2006 11:42:23 org.republic.OoUtil insertCalcDate
INFO: TableNS:[Namespace: prefix "table" is mapped to URI "urn:oasis:names:tc:opendocument:xmlns:table:1.0"] table
15/02/2006 11:42:23 org.republic.OoUtil removeattribute
INFO: Remove Attr:style-name
15/02/2006 11:42:23 org.republic.OoUtil removeattribute
INFO: Remove Attr:style-name
15/02/2006 11:42:23 org.republic.OoUtil removeattribute
INFO: Remove Attr:style-name
15/02/2006 11:42:23 org.republic.OoUtil removeattribute
INFO: Remove Attr:style-name
15/02/2006 11:42:23 org.republic.OoUtil removeattribute
INFO: Remove Attr:style-name
15/02/2006 11:42:23 org.republic.OoUtil removeattribute
INFO: Remove Attr:style-name
15/02/2006 11:42:23 org.republic.OoUtil removeattribute
INFO: Remove Attr:style-name
15/02/2006 11:42:23 org.republic.OoUtil removeattribute
INFO: Remove Attr:style-name
15/02/2006 11:42:23 org.republic.OoUtil insertCalcDate
INFO: TableNS:[Namespace: prefix "table" is mapped to URI "urn:oasis:names:tc:opendocument:xmlns:table:1.0"] table
15/02/2006 11:42:23 org.republic.OoUtil removeattribute
INFO: Remove Attr:style-name
15/02/2006 11:42:23 org.republic.OoUtil removeattribute
INFO: Remove Attr:style-name
15/02/2006 11:42:23 org.republic.OoUtil removeattribute
INFO: Remove Attr:style-name
15/02/2006 11:42:23 org.republic.OoUtil removeattribute
INFO: Remove Attr:style-name
15/02/2006 11:42:23 org.republic.OoUtil removeattribute
INFO: Remove Attr:style-name
15/02/2006 11:42:23 org.republic.OoUtil removeattribute
INFO: Remove Attr:style-name
15/02/2006 11:42:23 org.republic.OoUtil removeattribute
INFO: Remove Attr:style-name
15/02/2006 11:42:23 org.republic.OoUtil removeattribute
INFO: Remove Attr:style-name
15/02/2006 11:42:23 org.republic.OoUtil insertCalcDate
INFO: TableNS:[Namespace: prefix "table" is mapped to URI "urn:oasis:names:tc:opendocument:xmlns:table:1.0"] table
15/02/2006 11:42:23 org.republic.OoUtil removeattribute
INFO: Remove Attr:style-name
15/02/2006 11:42:23 org.republic.OoUtil removeattribute
INFO: Remove Attr:style-name
15/02/2006 11:42:23 org.republic.OoUtil removeattribute
INFO: Remove Attr:style-name
15/02/2006 11:42:23 org.republic.OoUtil removeattribute
INFO: Remove Attr:style-name
15/02/2006 11:42:23 org.republic.OoUtil removeattribute
INFO: Remove Attr:style-name
15/02/2006 11:42:23 org.republic.OoUtil removeattribute
INFO: Remove Attr:style-name
15/02/2006 11:42:23 org.republic.OoUtil removeattribute
INFO: Remove Attr:style-name
15/02/2006 11:42:23 org.republic.OoUtil removeattribute
INFO: Remove Attr:style-name
15/02/2006 11:42:23 org.republic.OoUtil insertCalcDate
INFO: TableNS:[Namespace: prefix "table" is mapped to URI "urn:oasis:names:tc:opendocument:xmlns:table:1.0"] table
15/02/2006 11:42:23 org.republic.OoUtil removeattribute
INFO: Remove Attr:style-name
15/02/2006 11:42:23 org.republic.OoUtil removeattribute
INFO: Remove Attr:style-name
15/02/2006 11:42:23 org.republic.OoUtil removeattribute
INFO: Remove Attr:style-name
15/02/2006 11:42:23 org.republic.OoUtil removeattribute
INFO: Remove Attr:style-name
15/02/2006 11:42:23 org.republic.OoUtil removeattribute
INFO: Remove Attr:style-name
15/02/2006 11:42:23 org.republic.OoUtil removeattribute
INFO: Remove Attr:style-name
15/02/2006 11:42:23 org.republic.OoUtil removeattribute
INFO: Remove Attr:style-name
15/02/2006 11:42:23 org.republic.OoUtil removeattribute
INFO: Remove Attr:style-name
15/02/2006 11:42:23 org.republic.OoUtil insertCalcDate
INFO: TableNS:[Namespace: prefix "table" is mapped to URI "urn:oasis:names:tc:opendocument:xmlns:table:1.0"] table
15/02/2006 11:42:23 org.republic.OoUtil removeattribute
INFO: Remove Attr:style-name
15/02/2006 11:42:23 org.republic.OoUtil removeattribute
INFO: Remove Attr:style-name
15/02/2006 11:42:23 org.republic.OoUtil removeattribute
INFO: Remove Attr:style-name
15/02/2006 11:42:23 org.republic.OoUtil removeattribute
INFO: Remove Attr:style-name
15/02/2006 11:42:23 org.republic.OoUtil removeattribute
INFO: Remove Attr:style-name
15/02/2006 11:42:23 org.republic.OoUtil removeattribute
INFO: Remove Attr:style-name
15/02/2006 11:42:23 org.republic.OoUtil removeattribute
INFO: Remove Attr:style-name
15/02/2006 11:42:23 org.republic.OoUtil removeattribute
INFO: Remove Attr:style-name
15/02/2006 11:42:23 org.republic.OoUtil insertCalcDate
INFO: TableNS:[Namespace: prefix "table" is mapped to URI "urn:oasis:names:tc:opendocument:xmlns:table:1.0"] table
15/02/2006 11:42:23 org.republic.OoUtil removeattribute
INFO: Remove Attr:style-name
15/02/2006 11:42:23 org.republic.OoUtil removeattribute
INFO: Remove Attr:style-name
15/02/2006 11:42:23 org.republic.OoUtil removeattribute
INFO: Remove Attr:style-name
15/02/2006 11:42:23 org.republic.OoUtil removeattribute
INFO: Remove Attr:style-name
15/02/2006 11:42:23 org.republic.OoUtil removeattribute
INFO: Remove Attr:style-name
15/02/2006 11:42:23 org.republic.OoUtil removeattribute
INFO: Remove Attr:style-name
15/02/2006 11:42:23 org.republic.OoUtil removeattribute
INFO: Remove Attr:style-name
15/02/2006 11:42:23 org.republic.OoUtil removeattribute
INFO: Remove Attr:style-name
15/02/2006 11:42:23 org.republic.OoUtil insertCalcDate
INFO: TableNS:[Namespace: prefix "table" is mapped to URI "urn:oasis:names:tc:opendocument:xmlns:table:1.0"] table
15/02/2006 11:42:23 org.republic.OoUtil removeattribute
INFO: Remove Attr:style-name
15/02/2006 11:42:23 org.republic.OoUtil removeattribute
INFO: Remove Attr:style-name
15/02/2006 11:42:23 org.republic.OoUtil removeattribute
INFO: Remove Attr:style-name
15/02/2006 11:42:23 org.republic.OoUtil removeattribute
INFO: Remove Attr:style-name
15/02/2006 11:42:23 org.republic.OoUtil removeattribute
INFO: Remove Attr:style-name
15/02/2006 11:42:23 org.republic.OoUtil removeattribute
INFO: Remove Attr:style-name
15/02/2006 11:42:23 org.republic.OoUtil removeattribute
INFO: Remove Attr:style-name
15/02/2006 11:42:23 org.republic.OoUtil removeattribute
INFO: Remove Attr:style-name
15/02/2006 11:42:23 org.republic.OoUtil insertCalcDate
INFO: TableNS:[Namespace: prefix "table" is mapped to URI "urn:oasis:names:tc:opendocument:xmlns:table:1.0"] table
15/02/2006 11:42:23 org.republic.OoUtil removeattribute
INFO: Remove Attr:style-name
15/02/2006 11:42:23 org.republic.OoUtil removeattribute
INFO: Remove Attr:style-name
15/02/2006 11:42:23 org.republic.OoUtil removeattribute
INFO: Remove Attr:style-name
15/02/2006 11:42:23 org.republic.OoUtil removeattribute
INFO: Remove Attr:style-name
15/02/2006 11:42:23 org.republic.OoUtil removeattribute
INFO: Remove Attr:style-name
15/02/2006 11:42:23 org.republic.OoUtil removeattribute
INFO: Remove Attr:style-name
15/02/2006 11:42:23 org.republic.OoUtil removeattribute
INFO: Remove Attr:style-name
15/02/2006 11:42:23 org.republic.OoUtil removeattribute
INFO: Remove Attr:style-name
15/02/2006 11:42:23 org.republic.OoUtil insertCalcDate
INFO: TableNS:[Namespace: prefix "table" is mapped to URI "urn:oasis:names:tc:opendocument:xmlns:table:1.0"] table
15/02/2006 11:42:23 org.republic.OoUtil removeattribute
INFO: Remove Attr:style-name
15/02/2006 11:42:23 org.republic.OoUtil removeattribute
INFO: Remove Attr:style-name
15/02/2006 11:42:23 org.republic.OoUtil removeattribute
INFO: Remove Attr:style-name
15/02/2006 11:42:23 org.republic.OoUtil removeattribute
INFO: Remove Attr:style-name
15/02/2006 11:42:23 org.republic.OoUtil removeattribute
INFO: Remove Attr:style-name
15/02/2006 11:42:23 org.republic.OoUtil removeattribute
INFO: Remove Attr:style-name
15/02/2006 11:42:23 org.republic.OoUtil removeattribute
INFO: Remove Attr:style-name
15/02/2006 11:42:23 org.republic.OoUtil removeattribute
INFO: Remove Attr:style-name
15/02/2006 11:42:23 org.republic.OoUtil insertCalcDate
INFO: TableNS:[Namespace: prefix "table" is mapped to URI "urn:oasis:names:tc:opendocument:xmlns:table:1.0"] table
15/02/2006 11:42:23 org.republic.OoUtil removeattribute
INFO: Remove Attr:style-name
15/02/2006 11:42:23 org.republic.OoUtil removeattribute
INFO: Remove Attr:style-name
15/02/2006 11:42:23 org.republic.OoUtil removeattribute
INFO: Remove Attr:style-name
15/02/2006 11:42:23 org.republic.OoUtil removeattribute
INFO: Remove Attr:style-name
15/02/2006 11:42:23 org.republic.OoUtil removeattribute
INFO: Remove Attr:style-name
15/02/2006 11:42:23 org.republic.OoUtil removeattribute
INFO: Remove Attr:style-name
15/02/2006 11:42:23 org.republic.OoUtil removeattribute
INFO: Remove Attr:style-name
15/02/2006 11:42:23 org.republic.OoUtil removeattribute
INFO: Remove Attr:style-name
15/02/2006 11:42:23 org.republic.OoUtil insertCalcDate
INFO: TableNS:[Namespace: prefix "table" is mapped to URI "urn:oasis:names:tc:opendocument:xmlns:table:1.0"] table
15/02/2006 11:42:23 org.republic.OoUtil removeattribute
INFO: Remove Attr:style-name
15/02/2006 11:42:23 org.republic.OoUtil removeattribute
INFO: Remove Attr:style-name
15/02/2006 11:42:23 org.republic.OoUtil removeattribute
INFO: Remove Attr:style-name
15/02/2006 11:42:23 org.republic.OoUtil removeattribute
INFO: Remove Attr:style-name
15/02/2006 11:42:23 org.republic.OoUtil removeattribute
INFO: Remove Attr:style-name
15/02/2006 11:42:23 org.republic.OoUtil removeattribute
INFO: Remove Attr:style-name
15/02/2006 11:42:23 org.republic.OoUtil removeattribute
INFO: Remove Attr:style-name
15/02/2006 11:42:23 org.republic.OoUtil removeattribute
INFO: Remove Attr:style-name
15/02/2006 11:42:23 org.republic.OoUtil insertCalcDate
INFO: TableNS:[Namespace: prefix "table" is mapped to URI "urn:oasis:names:tc:opendocument:xmlns:table:1.0"] table
15/02/2006 11:42:23 org.republic.OoUtil removeattribute
INFO: Remove Attr:style-name
15/02/2006 11:42:23 org.republic.OoUtil removeattribute
INFO: Remove Attr:style-name
15/02/2006 11:42:23 org.republic.OoUtil removeattribute
INFO: Remove Attr:style-name
15/02/2006 11:42:23 org.republic.OoUtil removeattribute
INFO: Remove Attr:style-name
15/02/2006 11:42:23 org.republic.OoUtil removeattribute
INFO: Remove Attr:style-name
15/02/2006 11:42:23 org.republic.OoUtil removeattribute
INFO: Remove Attr:style-name
15/02/2006 11:42:23 org.republic.OoUtil removeattribute
INFO: Remove Attr:style-name
15/02/2006 11:42:23 org.republic.OoUtil removeattribute
INFO: Remove Attr:style-name
15/02/2006 11:42:23 org.republic.OoUtil insertCalcDate
INFO: TableNS:[Namespace: prefix "table" is mapped to URI "urn:oasis:names:tc:opendocument:xmlns:table:1.0"] table
15/02/2006 11:42:23 org.republic.OoUtil removeattribute
INFO: Remove Attr:style-name
15/02/2006 11:42:23 org.republic.OoUtil removeattribute
INFO: Remove Attr:style-name
15/02/2006 11:42:23 org.republic.OoUtil removeattribute
INFO: Remove Attr:style-name
15/02/2006 11:42:23 org.republic.OoUtil removeattribute
INFO: Remove Attr:style-name
15/02/2006 11:42:23 org.republic.OoUtil removeattribute
INFO: Remove Attr:style-name
15/02/2006 11:42:23 org.republic.OoUtil removeattribute
INFO: Remove Attr:style-name
15/02/2006 11:42:23 org.republic.OoUtil removeattribute
INFO: Remove Attr:style-name
15/02/2006 11:42:23 org.republic.OoUtil removeattribute
INFO: Remove Attr:style-name
15/02/2006 11:42:23 org.republic.OoUtil insertCalcDate
INFO: TableNS:[Namespace: prefix "table" is mapped to URI "urn:oasis:names:tc:opendocument:xmlns:table:1.0"] table
15/02/2006 11:42:23 org.republic.OoUtil removeattribute
INFO: Remove Attr:style-name
15/02/2006 11:42:23 org.republic.OoUtil removeattribute
INFO: Remove Attr:style-name
15/02/2006 11:42:23 org.republic.OoUtil removeattribute
INFO: Remove Attr:style-name
15/02/2006 11:42:23 org.republic.OoUtil removeattribute
INFO: Remove Attr:style-name
15/02/2006 11:42:23 org.republic.OoUtil removeattribute
INFO: Remove Attr:style-name
15/02/2006 11:42:23 org.republic.OoUtil removeattribute
INFO: Remove Attr:style-name
15/02/2006 11:42:23 org.republic.OoUtil removeattribute
INFO: Remove Attr:style-name
15/02/2006 11:42:23 org.republic.OoUtil removeattribute
INFO: Remove Attr:style-name
15/02/2006 11:42:23 org.republic.OoUtil insertCalcDate
INFO: TableNS:[Namespace: prefix "table" is mapped to URI "urn:oasis:names:tc:opendocument:xmlns:table:1.0"] table
15/02/2006 11:42:23 org.republic.OoUtil removeattribute
INFO: Remove Attr:style-name
15/02/2006 11:42:23 org.republic.OoUtil removeattribute
INFO: Remove Attr:style-name
15/02/2006 11:42:23 org.republic.OoUtil removeattribute
INFO: Remove Attr:style-name
15/02/2006 11:42:23 org.republic.OoUtil removeattribute
INFO: Remove Attr:style-name
15/02/2006 11:42:23 org.republic.OoUtil removeattribute
INFO: Remove Attr:style-name
15/02/2006 11:42:23 org.republic.OoUtil removeattribute
INFO: Remove Attr:style-name
15/02/2006 11:42:23 org.republic.OoUtil removeattribute
INFO: Remove Attr:style-name
15/02/2006 11:42:23 org.republic.OoUtil removeattribute
INFO: Remove Attr:style-name
15/02/2006 11:42:23 org.republic.OoUtil insertCalcDate
INFO: TableNS:[Namespace: prefix "table" is mapped to URI "urn:oasis:names:tc:opendocument:xmlns:table:1.0"] table
15/02/2006 11:42:23 org.republic.OoUtil removeattribute
INFO: Remove Attr:style-name
15/02/2006 11:42:23 org.republic.OoUtil removeattribute
INFO: Remove Attr:style-name
15/02/2006 11:42:23 org.republic.OoUtil removeattribute
INFO: Remove Attr:style-name
15/02/2006 11:42:23 org.republic.OoUtil removeattribute
INFO: Remove Attr:style-name
15/02/2006 11:42:23 org.republic.OoUtil removeattribute
INFO: Remove Attr:style-name
15/02/2006 11:42:23 org.republic.OoUtil removeattribute
INFO: Remove Attr:style-name
15/02/2006 11:42:23 org.republic.OoUtil removeattribute
INFO: Remove Attr:style-name
15/02/2006 11:42:23 org.republic.OoUtil removeattribute
INFO: Remove Attr:style-name
15/02/2006 11:42:23 org.republic.OoUtil insertCalcDate
INFO: TableNS:[Namespace: prefix "table" is mapped to URI "urn:oasis:names:tc:opendocument:xmlns:table:1.0"] table
15/02/2006 11:42:23 org.republic.OoUtil removeattribute
INFO: Remove Attr:style-name
15/02/2006 11:42:23 org.republic.OoUtil removeattribute
INFO: Remove Attr:style-name
15/02/2006 11:42:23 org.republic.OoUtil removeattribute
INFO: Remove Attr:style-name
15/02/2006 11:42:23 org.republic.OoUtil removeattribute
INFO: Remove Attr:style-name
15/02/2006 11:42:23 org.republic.OoUtil removeattribute
INFO: Remove Attr:style-name
15/02/2006 11:42:23 org.republic.OoUtil removeattribute
INFO: Remove Attr:style-name
15/02/2006 11:42:23 org.republic.OoUtil removeattribute
INFO: Remove Attr:style-name
15/02/2006 11:42:23 org.republic.OoUtil removeattribute
INFO: Remove Attr:style-name
15/02/2006 11:42:23 org.republic.OoUtil insertCalcDate
INFO: TableNS:[Namespace: prefix "table" is mapped to URI "urn:oasis:names:tc:opendocument:xmlns:table:1.0"] table
15/02/2006 11:42:23 org.republic.OoUtil removeattribute
INFO: Remove Attr:style-name
15/02/2006 11:42:23 org.republic.OoUtil removeattribute
INFO: Remove Attr:style-name
15/02/2006 11:42:23 org.republic.OoUtil removeattribute
INFO: Remove Attr:style-name
15/02/2006 11:42:23 org.republic.OoUtil removeattribute
INFO: Remove Attr:style-name
15/02/2006 11:42:23 org.republic.OoUtil removeattribute
INFO: Remove Attr:style-name
15/02/2006 11:42:23 org.republic.OoUtil removeattribute
INFO: Remove Attr:style-name
15/02/2006 11:42:23 org.republic.OoUtil removeattribute
INFO: Remove Attr:style-name
15/02/2006 11:42:23 org.republic.OoUtil removeattribute
INFO: Remove Attr:style-name
15/02/2006 11:42:23 org.republic.OoUtil insertCalcDate
INFO: TableNS:[Namespace: prefix "table" is mapped to URI "urn:oasis:names:tc:opendocument:xmlns:table:1.0"] table
15/02/2006 11:42:23 org.republic.OoUtil removeattribute
INFO: Remove Attr:style-name
15/02/2006 11:42:23 org.republic.OoUtil removeattribute
INFO: Remove Attr:style-name
15/02/2006 11:42:23 org.republic.OoUtil removeattribute
INFO: Remove Attr:style-name
15/02/2006 11:42:23 org.republic.OoUtil removeattribute
INFO: Remove Attr:style-name
15/02/2006 11:42:23 org.republic.OoUtil removeattribute
INFO: Remove Attr:style-name
15/02/2006 11:42:23 org.republic.OoUtil removeattribute
INFO: Remove Attr:style-name
15/02/2006 11:42:23 org.republic.OoUtil removeattribute
INFO: Remove Attr:style-name
15/02/2006 11:42:23 org.republic.OoUtil removeattribute
INFO: Remove Attr:style-name
15/02/2006 11:42:23 org.republic.OoUtil insertCalcDate
INFO: TableNS:[Namespace: prefix "table" is mapped to URI "urn:oasis:names:tc:opendocument:xmlns:table:1.0"] table
15/02/2006 11:42:23 org.republic.OoUtil removeattribute
INFO: Remove Attr:style-name
15/02/2006 11:42:23 org.republic.OoUtil removeattribute
INFO: Remove Attr:style-name
15/02/2006 11:42:23 org.republic.OoUtil removeattribute
INFO: Remove Attr:style-name
15/02/2006 11:42:23 org.republic.OoUtil removeattribute
INFO: Remove Attr:style-name
15/02/2006 11:42:23 org.republic.OoUtil removeattribute
INFO: Remove Attr:style-name
15/02/2006 11:42:23 org.republic.OoUtil removeattribute
INFO: Remove Attr:style-name
15/02/2006 11:42:23 org.republic.OoUtil removeattribute
INFO: Remove Attr:style-name
15/02/2006 11:42:23 org.republic.OoUtil removeattribute
INFO: Remove Attr:style-name
15/02/2006 11:42:23 org.republic.OoUtil insertCalcDate
INFO: TableNS:[Namespace: prefix "table" is mapped to URI "urn:oasis:names:tc:opendocument:xmlns:table:1.0"] table
15/02/2006 11:42:23 org.republic.OoUtil removeattribute
INFO: Remove Attr:style-name
15/02/2006 11:42:23 org.republic.OoUtil removeattribute
INFO: Remove Attr:style-name
15/02/2006 11:42:23 org.republic.OoUtil removeattribute
INFO: Remove Attr:style-name
15/02/2006 11:42:23 org.republic.OoUtil removeattribute
INFO: Remove Attr:style-name
15/02/2006 11:42:23 org.republic.OoUtil removeattribute
INFO: Remove Attr:style-name
15/02/2006 11:42:23 org.republic.OoUtil removeattribute
INFO: Remove Attr:style-name
15/02/2006 11:42:23 org.republic.OoUtil removeattribute
INFO: Remove Attr:style-name
15/02/2006 11:42:23 org.republic.OoUtil removeattribute
INFO: Remove Attr:style-name
15/02/2006 11:42:23 org.republic.OoUtil insertCalcDate
INFO: TableNS:[Namespace: prefix "table" is mapped to URI "urn:oasis:names:tc:opendocument:xmlns:table:1.0"] table
15/02/2006 11:42:23 org.republic.OoUtil removeattribute
INFO: Remove Attr:style-name
15/02/2006 11:42:23 org.republic.OoUtil removeattribute
INFO: Remove Attr:style-name
15/02/2006 11:42:23 org.republic.OoUtil removeattribute
INFO: Remove Attr:style-name
15/02/2006 11:42:23 org.republic.OoUtil removeattribute
INFO: Remove Attr:style-name
15/02/2006 11:42:23 org.republic.OoUtil removeattribute
INFO: Remove Attr:style-name
15/02/2006 11:42:23 org.republic.OoUtil removeattribute
INFO: Remove Attr:style-name
15/02/2006 11:42:23 org.republic.OoUtil removeattribute
INFO: Remove Attr:style-name
15/02/2006 11:42:23 org.republic.OoUtil removeattribute
INFO: Remove Attr:style-name
15/02/2006 11:42:23 org.republic.OoUtil insertCalcDate
INFO: TableNS:[Namespace: prefix "table" is mapped to URI "urn:oasis:names:tc:opendocument:xmlns:table:1.0"] table
15/02/2006 11:42:23 org.republic.OoUtil removeattribute
INFO: Remove Attr:style-name
15/02/2006 11:42:23 org.republic.OoUtil removeattribute
INFO: Remove Attr:style-name
15/02/2006 11:42:23 org.republic.OoUtil removeattribute
INFO: Remove Attr:style-name
15/02/2006 11:42:23 org.republic.OoUtil removeattribute
INFO: Remove Attr:style-name
15/02/2006 11:42:23 org.republic.OoUtil removeattribute
INFO: Remove Attr:style-name
15/02/2006 11:42:23 org.republic.OoUtil removeattribute
INFO: Remove Attr:style-name
15/02/2006 11:42:23 org.republic.OoUtil removeattribute
INFO: Remove Attr:style-name
15/02/2006 11:42:23 org.republic.OoUtil removeattribute
INFO: Remove Attr:style-name
15/02/2006 11:42:23 org.republic.OoUtil insertCalcDate
INFO: TableNS:[Namespace: prefix "table" is mapped to URI "urn:oasis:names:tc:opendocument:xmlns:table:1.0"] table
15/02/2006 11:42:23 org.republic.OoUtil removeattribute
INFO: Remove Attr:style-name
15/02/2006 11:42:23 org.republic.OoUtil removeattribute
INFO: Remove Attr:style-name
15/02/2006 11:42:23 org.republic.OoUtil removeattribute
INFO: Remove Attr:style-name
15/02/2006 11:42:23 org.republic.OoUtil removeattribute
INFO: Remove Attr:style-name
15/02/2006 11:42:23 org.republic.OoUtil removeattribute
INFO: Remove Attr:style-name
15/02/2006 11:42:23 org.republic.OoUtil removeattribute
INFO: Remove Attr:style-name
15/02/2006 11:42:23 org.republic.OoUtil removeattribute
INFO: Remove Attr:style-name
15/02/2006 11:42:23 org.republic.OoUtil removeattribute
INFO: Remove Attr:style-name
15/02/2006 11:42:23 org.republic.OoUtil insertCalcDate
INFO: TableNS:[Namespace: prefix "table" is mapped to URI "urn:oasis:names:tc:opendocument:xmlns:table:1.0"] table
15/02/2006 11:42:23 org.republic.OoUtil removeattribute
INFO: Remove Attr:style-name
15/02/2006 11:42:23 org.republic.OoUtil removeattribute
INFO: Remove Attr:style-name
15/02/2006 11:42:23 org.republic.OoUtil removeattribute
INFO: Remove Attr:style-name
15/02/2006 11:42:23 org.republic.OoUtil removeattribute
INFO: Remove Attr:style-name
15/02/2006 11:42:23 org.republic.OoUtil removeattribute
INFO: Remove Attr:style-name
15/02/2006 11:42:23 org.republic.OoUtil removeattribute
INFO: Remove Attr:style-name
15/02/2006 11:42:23 org.republic.OoUtil removeattribute
INFO: Remove Attr:style-name
15/02/2006 11:42:23 org.republic.OoUtil removeattribute
INFO: Remove Attr:style-name
15/02/2006 11:42:23 org.republic.OoUtil insertCalcDate
INFO: TableNS:[Namespace: prefix "table" is mapped to URI "urn:oasis:names:tc:opendocument:xmlns:table:1.0"] table
15/02/2006 11:42:23 org.republic.OoUtil removeattribute
INFO: Remove Attr:style-name
15/02/2006 11:42:23 org.republic.OoUtil removeattribute
INFO: Remove Attr:style-name
15/02/2006 11:42:23 org.republic.OoUtil removeattribute
INFO: Remove Attr:style-name
15/02/2006 11:42:23 org.republic.OoUtil removeattribute
INFO: Remove Attr:style-name
15/02/2006 11:42:23 org.republic.OoUtil removeattribute
INFO: Remove Attr:style-name
15/02/2006 11:42:23 org.republic.OoUtil removeattribute
INFO: Remove Attr:style-name
15/02/2006 11:42:23 org.republic.OoUtil removeattribute
INFO: Remove Attr:style-name
15/02/2006 11:42:23 org.republic.OoUtil removeattribute
INFO: Remove Attr:style-name
15/02/2006 11:42:23 org.republic.OoUtil insertCalcDate
INFO: TableNS:[Namespace: prefix "table" is mapped to URI "urn:oasis:names:tc:opendocument:xmlns:table:1.0"] table
15/02/2006 11:42:23 org.republic.OoUtil removeattribute
INFO: Remove Attr:style-name
15/02/2006 11:42:23 org.republic.OoUtil removeattribute
INFO: Remove Attr:style-name
15/02/2006 11:42:23 org.republic.OoUtil removeattribute
INFO: Remove Attr:style-name
15/02/2006 11:42:23 org.republic.OoUtil removeattribute
INFO: Remove Attr:style-name
15/02/2006 11:42:23 org.republic.OoUtil removeattribute
INFO: Remove Attr:style-name
15/02/2006 11:42:23 org.republic.OoUtil removeattribute
INFO: Remove Attr:style-name
15/02/2006 11:42:23 org.republic.OoUtil removeattribute
INFO: Remove Attr:style-name
15/02/2006 11:42:23 org.republic.OoUtil removeattribute
INFO: Remove Attr:style-name
15/02/2006 11:42:23 org.republic.OoUtil insertCalcDate
INFO: TableNS:[Namespace: prefix "table" is mapped to URI "urn:oasis:names:tc:opendocument:xmlns:table:1.0"] table
15/02/2006 11:42:23 org.republic.OoUtil removeattribute
INFO: Remove Attr:style-name
15/02/2006 11:42:23 org.republic.OoUtil removeattribute
INFO: Remove Attr:style-name
15/02/2006 11:42:23 org.republic.OoUtil removeattribute
INFO: Remove Attr:style-name
15/02/2006 11:42:23 org.republic.OoUtil removeattribute
INFO: Remove Attr:style-name
15/02/2006 11:42:23 org.republic.OoUtil removeattribute
INFO: Remove Attr:style-name
15/02/2006 11:42:23 org.republic.OoUtil removeattribute
INFO: Remove Attr:style-name
15/02/2006 11:42:23 org.republic.OoUtil removeattribute
INFO: Remove Attr:style-name
15/02/2006 11:42:23 org.republic.OoUtil removeattribute
INFO: Remove Attr:style-name
15/02/2006 11:42:23 org.republic.OoUtil insertCalcDate
INFO: TableNS:[Namespace: prefix "table" is mapped to URI "urn:oasis:names:tc:opendocument:xmlns:table:1.0"] table
15/02/2006 11:42:23 org.republic.OoUtil removeattribute
INFO: Remove Attr:style-name
15/02/2006 11:42:23 org.republic.OoUtil removeattribute
INFO: Remove Attr:style-name
15/02/2006 11:42:23 org.republic.OoUtil removeattribute
INFO: Remove Attr:style-name
15/02/2006 11:42:23 org.republic.OoUtil removeattribute
INFO: Remove Attr:style-name
15/02/2006 11:42:23 org.republic.OoUtil removeattribute
INFO: Remove Attr:style-name
15/02/2006 11:42:23 org.republic.OoUtil removeattribute
INFO: Remove Attr:style-name
15/02/2006 11:42:23 org.republic.OoUtil removeattribute
INFO: Remove Attr:style-name
15/02/2006 11:42:23 org.republic.OoUtil removeattribute
INFO: Remove Attr:style-name
15/02/2006 11:42:23 org.republic.OoUtil insertCalcDate
INFO: TableNS:[Namespace: prefix "table" is mapped to URI "urn:oasis:names:tc:opendocument:xmlns:table:1.0"] table
15/02/2006 11:42:23 org.republic.OoUtil removeattribute
INFO: Remove Attr:style-name
15/02/2006 11:42:23 org.republic.OoUtil removeattribute
INFO: Remove Attr:style-name
15/02/2006 11:42:23 org.republic.OoUtil removeattribute
INFO: Remove Attr:style-name
15/02/2006 11:42:23 org.republic.OoUtil removeattribute
INFO: Remove Attr:style-name
15/02/2006 11:42:23 org.republic.OoUtil removeattribute
INFO: Remove Attr:style-name
15/02/2006 11:42:23 org.republic.OoUtil removeattribute
INFO: Remove Attr:style-name
15/02/2006 11:42:23 org.republic.OoUtil removeattribute
INFO: Remove Attr:style-name
15/02/2006 11:42:23 org.republic.OoUtil removeattribute
INFO: Remove Attr:style-name
15/02/2006 11:42:23 org.republic.OoUtil insertCalcDate
INFO: TableNS:[Namespace: prefix "table" is mapped to URI "urn:oasis:names:tc:opendocument:xmlns:table:1.0"] table
15/02/2006 11:42:23 org.republic.OoUtil removeattribute
INFO: Remove Attr:style-name
15/02/2006 11:42:23 org.republic.OoUtil removeattribute
INFO: Remove Attr:style-name
15/02/2006 11:42:23 org.republic.OoUtil removeattribute
INFO: Remove Attr:style-name
15/02/2006 11:42:23 org.republic.OoUtil removeattribute
INFO: Remove Attr:style-name
15/02/2006 11:42:23 org.republic.OoUtil removeattribute
INFO: Remove Attr:style-name
15/02/2006 11:42:23 org.republic.OoUtil removeattribute
INFO: Remove Attr:style-name
15/02/2006 11:42:23 org.republic.OoUtil removeattribute
INFO: Remove Attr:style-name
15/02/2006 11:42:23 org.republic.OoUtil removeattribute
INFO: Remove Attr:style-name
15/02/2006 11:42:23 org.republic.OoUtil insertCalcDate
INFO: TableNS:[Namespace: prefix "table" is mapped to URI "urn:oasis:names:tc:opendocument:xmlns:table:1.0"] table
15/02/2006 11:42:23 org.republic.OoUtil removeattribute
INFO: Remove Attr:style-name
15/02/2006 11:42:23 org.republic.OoUtil removeattribute
INFO: Remove Attr:style-name
15/02/2006 11:42:23 org.republic.OoUtil removeattribute
INFO: Remove Attr:style-name
15/02/2006 11:42:23 org.republic.OoUtil removeattribute
INFO: Remove Attr:style-name
15/02/2006 11:42:23 org.republic.OoUtil removeattribute
INFO: Remove Attr:style-name
15/02/2006 11:42:23 org.republic.OoUtil removeattribute
INFO: Remove Attr:style-name
15/02/2006 11:42:23 org.republic.OoUtil removeattribute
INFO: Remove Attr:style-name
15/02/2006 11:42:23 org.republic.OoUtil removeattribute
INFO: Remove Attr:style-name
15/02/2006 11:42:23 org.republic.OoUtil insertCalcDate
INFO: TableNS:[Namespace: prefix "table" is mapped to URI "urn:oasis:names:tc:opendocument:xmlns:table:1.0"] table
15/02/2006 11:42:23 org.republic.OoUtil removeattribute
INFO: Remove Attr:style-name
15/02/2006 11:42:23 org.republic.OoUtil removeattribute
INFO: Remove Attr:style-name
15/02/2006 11:42:23 org.republic.OoUtil removeattribute
INFO: Remove Attr:style-name
15/02/2006 11:42:23 org.republic.OoUtil removeattribute
INFO: Remove Attr:style-name
15/02/2006 11:42:23 org.republic.OoUtil removeattribute
INFO: Remove Attr:style-name
15/02/2006 11:42:23 org.republic.OoUtil removeattribute
INFO: Remove Attr:style-name
15/02/2006 11:42:23 org.republic.OoUtil removeattribute
INFO: Remove Attr:style-name
15/02/2006 11:42:23 org.republic.OoUtil removeattribute
INFO: Remove Attr:style-name
15/02/2006 11:42:23 org.republic.OoUtil insertCalcDate
INFO: TableNS:[Namespace: prefix "table" is mapped to URI "urn:oasis:names:tc:opendocument:xmlns:table:1.0"] table
15/02/2006 11:42:23 org.republic.OoUtil removeattribute
INFO: Remove Attr:style-name
15/02/2006 11:42:23 org.republic.OoUtil removeattribute
INFO: Remove Attr:style-name
15/02/2006 11:42:23 org.republic.OoUtil removeattribute
INFO: Remove Attr:style-name
15/02/2006 11:42:23 org.republic.OoUtil removeattribute
INFO: Remove Attr:style-name
15/02/2006 11:42:23 org.republic.OoUtil removeattribute
INFO: Remove Attr:style-name
15/02/2006 11:42:23 org.republic.OoUtil removeattribute
INFO: Remove Attr:style-name
15/02/2006 11:42:23 org.republic.OoUtil removeattribute
INFO: Remove Attr:style-name
15/02/2006 11:42:23 org.republic.OoUtil removeattribute
INFO: Remove Attr:style-name
15/02/2006 11:42:23 org.republic.OoUtil insertCalcDate
INFO: TableNS:[Namespace: prefix "table" is mapped to URI "urn:oasis:names:tc:opendocument:xmlns:table:1.0"] table
15/02/2006 11:42:23 org.republic.OoUtil removeattribute
INFO: Remove Attr:style-name
15/02/2006 11:42:23 org.republic.OoUtil removeattribute
INFO: Remove Attr:style-name
15/02/2006 11:42:23 org.republic.OoUtil removeattribute
INFO: Remove Attr:style-name
15/02/2006 11:42:23 org.republic.OoUtil removeattribute
INFO: Remove Attr:style-name
15/02/2006 11:42:23 org.republic.OoUtil removeattribute
INFO: Remove Attr:style-name
15/02/2006 11:42:23 org.republic.OoUtil removeattribute
INFO: Remove Attr:style-name
15/02/2006 11:42:23 org.republic.OoUtil removeattribute
INFO: Remove Attr:style-name
15/02/2006 11:42:23 org.republic.OoUtil removeattribute
INFO: Remove Attr:style-name
15/02/2006 11:42:23 org.republic.OoUtil insertCalcDate
INFO: TableNS:[Namespace: prefix "table" is mapped to URI "urn:oasis:names:tc:opendocument:xmlns:table:1.0"] table
15/02/2006 11:42:23 org.republic.OoUtil removeattribute
INFO: Remove Attr:style-name
15/02/2006 11:42:23 org.republic.OoUtil removeattribute
INFO: Remove Attr:style-name
15/02/2006 11:42:23 org.republic.OoUtil removeattribute
INFO: Remove Attr:style-name
15/02/2006 11:42:23 org.republic.OoUtil removeattribute
INFO: Remove Attr:style-name
15/02/2006 11:42:23 org.republic.OoUtil removeattribute
INFO: Remove Attr:style-name
15/02/2006 11:42:23 org.republic.OoUtil removeattribute
INFO: Remove Attr:style-name
15/02/2006 11:42:23 org.republic.OoUtil removeattribute
INFO: Remove Attr:style-name
15/02/2006 11:42:23 org.republic.OoUtil removeattribute
INFO: Remove Attr:style-name
15/02/2006 11:42:23 org.republic.OoUtil insertCalcDate
INFO: TableNS:[Namespace: prefix "table" is mapped to URI "urn:oasis:names:tc:opendocument:xmlns:table:1.0"] table
15/02/2006 11:42:23 org.republic.OoUtil removeattribute
INFO: Remove Attr:style-name
15/02/2006 11:42:23 org.republic.OoUtil removeattribute
INFO: Remove Attr:style-name
15/02/2006 11:42:23 org.republic.OoUtil removeattribute
INFO: Remove Attr:style-name
15/02/2006 11:42:23 org.republic.OoUtil removeattribute
INFO: Remove Attr:style-name
15/02/2006 11:42:23 org.republic.OoUtil removeattribute
INFO: Remove Attr:style-name
15/02/2006 11:42:23 org.republic.OoUtil removeattribute
INFO: Remove Attr:style-name
15/02/2006 11:42:23 org.republic.OoUtil removeattribute
INFO: Remove Attr:style-name
15/02/2006 11:42:23 org.republic.OoUtil removeattribute
INFO: Remove Attr:style-name
15/02/2006 11:42:23 org.republic.OoUtil insertCalcDate
INFO: TableNS:[Namespace: prefix "table" is mapped to URI "urn:oasis:names:tc:opendocument:xmlns:table:1.0"] table
15/02/2006 11:42:23 org.republic.OoUtil removeattribute
INFO: Remove Attr:style-name
15/02/2006 11:42:23 org.republic.OoUtil removeattribute
INFO: Remove Attr:style-name
15/02/2006 11:42:23 org.republic.OoUtil removeattribute
INFO: Remove Attr:style-name
15/02/2006 11:42:23 org.republic.OoUtil removeattribute
INFO: Remove Attr:style-name
15/02/2006 11:42:23 org.republic.OoUtil removeattribute
INFO: Remove Attr:style-name
15/02/2006 11:42:23 org.republic.OoUtil removeattribute
INFO: Remove Attr:style-name
15/02/2006 11:42:23 org.republic.OoUtil removeattribute
INFO: Remove Attr:style-name
15/02/2006 11:42:23 org.republic.OoUtil removeattribute
INFO: Remove Attr:style-name
15/02/2006 11:42:23 org.republic.OoUtil insertCalcDate
INFO: TableNS:[Namespace: prefix "table" is mapped to URI "urn:oasis:names:tc:opendocument:xmlns:table:1.0"] table
15/02/2006 11:42:23 org.republic.OoUtil removeattribute
INFO: Remove Attr:style-name
15/02/2006 11:42:23 org.republic.OoUtil removeattribute
INFO: Remove Attr:style-name
15/02/2006 11:42:23 org.republic.OoUtil removeattribute
INFO: Remove Attr:style-name
15/02/2006 11:42:23 org.republic.OoUtil removeattribute
INFO: Remove Attr:style-name
15/02/2006 11:42:23 org.republic.OoUtil removeattribute
INFO: Remove Attr:style-name
15/02/2006 11:42:23 org.republic.OoUtil removeattribute
INFO: Remove Attr:style-name
15/02/2006 11:42:23 org.republic.OoUtil removeattribute
INFO: Remove Attr:style-name
15/02/2006 11:42:23 org.republic.OoUtil removeattribute
INFO: Remove Attr:style-name
15/02/2006 11:42:23 org.republic.OoUtil insertCalcDate
INFO: TableNS:[Namespace: prefix "table" is mapped to URI "urn:oasis:names:tc:opendocument:xmlns:table:1.0"] table
15/02/2006 11:42:23 org.republic.OoUtil removeattribute
INFO: Remove Attr:style-name
15/02/2006 11:42:23 org.republic.OoUtil removeattribute
INFO: Remove Attr:style-name
15/02/2006 11:42:23 org.republic.OoUtil removeattribute
INFO: Remove Attr:style-name
15/02/2006 11:42:23 org.republic.OoUtil removeattribute
INFO: Remove Attr:style-name
15/02/2006 11:42:23 org.republic.OoUtil removeattribute
INFO: Remove Attr:style-name
15/02/2006 11:42:23 org.republic.OoUtil removeattribute
INFO: Remove Attr:style-name
15/02/2006 11:42:23 org.republic.OoUtil removeattribute
INFO: Remove Attr:style-name
15/02/2006 11:42:23 org.republic.OoUtil removeattribute
INFO: Remove Attr:style-name
15/02/2006 11:42:23 org.republic.OoUtil insertCalcDate
INFO: TableNS:[Namespace: prefix "table" is mapped to URI "urn:oasis:names:tc:opendocument:xmlns:table:1.0"] table
15/02/2006 11:42:23 org.republic.OoUtil removeattribute
INFO: Remove Attr:style-name
15/02/2006 11:42:23 org.republic.OoUtil removeattribute
INFO: Remove Attr:style-name
15/02/2006 11:42:23 org.republic.OoUtil removeattribute
INFO: Remove Attr:style-name
15/02/2006 11:42:23 org.republic.OoUtil removeattribute
INFO: Remove Attr:style-name
15/02/2006 11:42:23 org.republic.OoUtil removeattribute
INFO: Remove Attr:style-name
15/02/2006 11:42:23 org.republic.OoUtil removeattribute
INFO: Remove Attr:style-name
15/02/2006 11:42:23 org.republic.OoUtil removeattribute
INFO: Remove Attr:style-name
15/02/2006 11:42:23 org.republic.OoUtil removeattribute
INFO: Remove Attr:style-name
15/02/2006 11:42:23 org.republic.OoUtil insertCalcDate
INFO: TableNS:[Namespace: prefix "table" is mapped to URI "urn:oasis:names:tc:opendocument:xmlns:table:1.0"] table
15/02/2006 11:42:23 org.republic.OoUtil removeattribute
INFO: Remove Attr:style-name
15/02/2006 11:42:23 org.republic.OoUtil removeattribute
INFO: Remove Attr:style-name
15/02/2006 11:42:23 org.republic.OoUtil removeattribute
INFO: Remove Attr:style-name
15/02/2006 11:42:23 org.republic.OoUtil removeattribute
INFO: Remove Attr:style-name
15/02/2006 11:42:23 org.republic.OoUtil removeattribute
INFO: Remove Attr:style-name
15/02/2006 11:42:23 org.republic.OoUtil removeattribute
INFO: Remove Attr:style-name
15/02/2006 11:42:23 org.republic.OoUtil removeattribute
INFO: Remove Attr:style-name
15/02/2006 11:42:23 org.republic.OoUtil removeattribute
INFO: Remove Attr:style-name
15/02/2006 11:42:23 org.republic.OoUtil insertCalcDate
INFO: TableNS:[Namespace: prefix "table" is mapped to URI "urn:oasis:names:tc:opendocument:xmlns:table:1.0"] table
15/02/2006 11:42:23 org.republic.OoUtil removeattribute
INFO: Remove Attr:style-name
15/02/2006 11:42:23 org.republic.OoUtil removeattribute
INFO: Remove Attr:style-name
15/02/2006 11:42:23 org.republic.OoUtil removeattribute
INFO: Remove Attr:style-name
15/02/2006 11:42:23 org.republic.OoUtil removeattribute
INFO: Remove Attr:style-name
15/02/2006 11:42:23 org.republic.OoUtil removeattribute
INFO: Remove Attr:style-name
15/02/2006 11:42:23 org.republic.OoUtil removeattribute
INFO: Remove Attr:style-name
15/02/2006 11:42:23 org.republic.OoUtil removeattribute
INFO: Remove Attr:style-name
15/02/2006 11:42:23 org.republic.OoUtil removeattribute
INFO: Remove Attr:style-name
15/02/2006 11:42:23 org.republic.OoUtil insertCalcDate
INFO: TableNS:[Namespace: prefix "table" is mapped to URI "urn:oasis:names:tc:opendocument:xmlns:table:1.0"] table
15/02/2006 11:42:23 org.republic.OoUtil removeattribute
INFO: Remove Attr:style-name
15/02/2006 11:42:23 org.republic.OoUtil removeattribute
INFO: Remove Attr:style-name
15/02/2006 11:42:23 org.republic.OoUtil removeattribute
INFO: Remove Attr:style-name
15/02/2006 11:42:23 org.republic.OoUtil removeattribute
INFO: Remove Attr:style-name
15/02/2006 11:42:23 org.republic.OoUtil removeattribute
INFO: Remove Attr:style-name
15/02/2006 11:42:23 org.republic.OoUtil removeattribute
INFO: Remove Attr:style-name
15/02/2006 11:42:23 org.republic.OoUtil removeattribute
INFO: Remove Attr:style-name
15/02/2006 11:42:23 org.republic.OoUtil removeattribute
INFO: Remove Attr:style-name
15/02/2006 11:42:23 org.republic.OoUtil insertCalcDate
INFO: TableNS:[Namespace: prefix "table" is mapped to URI "urn:oasis:names:tc:opendocument:xmlns:table:1.0"] table
15/02/2006 11:42:23 org.republic.OoUtil removeattribute
INFO: Remove Attr:style-name
15/02/2006 11:42:23 org.republic.OoUtil removeattribute
INFO: Remove Attr:style-name
15/02/2006 11:42:23 org.republic.OoUtil removeattribute
INFO: Remove Attr:style-name
15/02/2006 11:42:23 org.republic.OoUtil removeattribute
INFO: Remove Attr:style-name
15/02/2006 11:42:23 org.republic.OoUtil removeattribute
INFO: Remove Attr:style-name
15/02/2006 11:42:23 org.republic.OoUtil removeattribute
INFO: Remove Attr:style-name
15/02/2006 11:42:23 org.republic.OoUtil removeattribute
INFO: Remove Attr:style-name
15/02/2006 11:42:23 org.republic.OoUtil removeattribute
INFO: Remove Attr:style-name
15/02/2006 11:42:23 org.republic.OoUtil insertCalcDate
INFO: TableNS:[Namespace: prefix "table" is mapped to URI "urn:oasis:names:tc:opendocument:xmlns:table:1.0"] table
15/02/2006 11:42:23 org.republic.OoUtil removeattribute
INFO: Remove Attr:style-name
15/02/2006 11:42:23 org.republic.OoUtil removeattribute
INFO: Remove Attr:style-name
15/02/2006 11:42:23 org.republic.OoUtil removeattribute
INFO: Remove Attr:style-name
15/02/2006 11:42:23 org.republic.OoUtil removeattribute
INFO: Remove Attr:style-name
15/02/2006 11:42:23 org.republic.OoUtil removeattribute
INFO: Remove Attr:style-name
15/02/2006 11:42:23 org.republic.OoUtil removeattribute
INFO: Remove Attr:style-name
15/02/2006 11:42:23 org.republic.OoUtil removeattribute
INFO: Remove Attr:style-name
15/02/2006 11:42:23 org.republic.OoUtil removeattribute
INFO: Remove Attr:style-name
15/02/2006 11:42:23 org.republic.OoUtil insertCalcDate
INFO: TableNS:[Namespace: prefix "table" is mapped to URI "urn:oasis:names:tc:opendocument:xmlns:table:1.0"] table
15/02/2006 11:42:23 org.republic.OoUtil removeattribute
INFO: Remove Attr:style-name
15/02/2006 11:42:23 org.republic.OoUtil removeattribute
INFO: Remove Attr:style-name
15/02/2006 11:42:23 org.republic.OoUtil removeattribute
INFO: Remove Attr:style-name
15/02/2006 11:42:23 org.republic.OoUtil removeattribute
INFO: Remove Attr:style-name
15/02/2006 11:42:23 org.republic.OoUtil removeattribute
INFO: Remove Attr:style-name
15/02/2006 11:42:23 org.republic.OoUtil removeattribute
INFO: Remove Attr:style-name
15/02/2006 11:42:23 org.republic.OoUtil removeattribute
INFO: Remove Attr:style-name
15/02/2006 11:42:23 org.republic.OoUtil removeattribute
INFO: Remove Attr:style-name
15/02/2006 11:42:23 org.republic.OoUtil insertCalcDate
INFO: TableNS:[Namespace: prefix "table" is mapped to URI "urn:oasis:names:tc:opendocument:xmlns:table:1.0"] table
15/02/2006 11:42:23 org.republic.OoUtil removeattribute
INFO: Remove Attr:style-name
15/02/2006 11:42:23 org.republic.OoUtil removeattribute
INFO: Remove Attr:style-name
15/02/2006 11:42:23 org.republic.OoUtil removeattribute
INFO: Remove Attr:style-name
15/02/2006 11:42:23 org.republic.OoUtil removeattribute
INFO: Remove Attr:style-name
15/02/2006 11:42:23 org.republic.OoUtil removeattribute
INFO: Remove Attr:style-name
15/02/2006 11:42:23 org.republic.OoUtil removeattribute
INFO: Remove Attr:style-name
15/02/2006 11:42:23 org.republic.OoUtil removeattribute
INFO: Remove Attr:style-name
15/02/2006 11:42:23 org.republic.OoUtil removeattribute
INFO: Remove Attr:style-name
15/02/2006 11:42:23 org.republic.OoUtil insertCalcDate
INFO: TableNS:[Namespace: prefix "table" is mapped to URI "urn:oasis:names:tc:opendocument:xmlns:table:1.0"] table
15/02/2006 11:42:23 org.republic.OoUtil removeattribute
INFO: Remove Attr:style-name
15/02/2006 11:42:23 org.republic.OoUtil removeattribute
INFO: Remove Attr:style-name
15/02/2006 11:42:23 org.republic.OoUtil removeattribute
INFO: Remove Attr:style-name
15/02/2006 11:42:23 org.republic.OoUtil removeattribute
INFO: Remove Attr:style-name
15/02/2006 11:42:23 org.republic.OoUtil removeattribute
INFO: Remove Attr:style-name
15/02/2006 11:42:23 org.republic.OoUtil removeattribute
INFO: Remove Attr:style-name
15/02/2006 11:42:23 org.republic.OoUtil removeattribute
INFO: Remove Attr:style-name
15/02/2006 11:42:23 org.republic.OoUtil removeattribute
INFO: Remove Attr:style-name
15/02/2006 11:42:23 org.republic.OoUtil insertCalcDate
INFO: TableNS:[Namespace: prefix "table" is mapped to URI "urn:oasis:names:tc:opendocument:xmlns:table:1.0"] table
15/02/2006 11:42:23 org.republic.OoUtil removeattribute
INFO: Remove Attr:style-name
15/02/2006 11:42:23 org.republic.OoUtil removeattribute
INFO: Remove Attr:style-name
15/02/2006 11:42:23 org.republic.OoUtil removeattribute
INFO: Remove Attr:style-name
15/02/2006 11:42:23 org.republic.OoUtil removeattribute
INFO: Remove Attr:style-name
15/02/2006 11:42:23 org.republic.OoUtil removeattribute
INFO: Remove Attr:style-name
15/02/2006 11:42:23 org.republic.OoUtil removeattribute
INFO: Remove Attr:style-name
15/02/2006 11:42:23 org.republic.OoUtil removeattribute
INFO: Remove Attr:style-name
15/02/2006 11:42:23 org.republic.OoUtil removeattribute
INFO: Remove Attr:style-name
15/02/2006 11:42:23 org.republic.OoUtil insertCalcDate
INFO: TableNS:[Namespace: prefix "table" is mapped to URI "urn:oasis:names:tc:opendocument:xmlns:table:1.0"] table
15/02/2006 11:42:23 org.republic.OoUtil removeattribute
INFO: Remove Attr:style-name
15/02/2006 11:42:23 org.republic.OoUtil removeattribute
INFO: Remove Attr:style-name
15/02/2006 11:42:23 org.republic.OoUtil removeattribute
INFO: Remove Attr:style-name
15/02/2006 11:42:23 org.republic.OoUtil removeattribute
INFO: Remove Attr:style-name
15/02/2006 11:42:23 org.republic.OoUtil removeattribute
INFO: Remove Attr:style-name
15/02/2006 11:42:23 org.republic.OoUtil removeattribute
INFO: Remove Attr:style-name
15/02/2006 11:42:23 org.republic.OoUtil removeattribute
INFO: Remove Attr:style-name
15/02/2006 11:42:23 org.republic.OoUtil removeattribute
INFO: Remove Attr:style-name
15/02/2006 11:42:23 org.republic.OoUtil insertCalcDate
INFO: TableNS:[Namespace: prefix "table" is mapped to URI "urn:oasis:names:tc:opendocument:xmlns:table:1.0"] table
15/02/2006 11:42:23 org.republic.OoUtil removeattribute
INFO: Remove Attr:style-name
15/02/2006 11:42:23 org.republic.OoUtil removeattribute
INFO: Remove Attr:style-name
15/02/2006 11:42:23 org.republic.OoUtil removeattribute
INFO: Remove Attr:style-name
15/02/2006 11:42:23 org.republic.OoUtil removeattribute
INFO: Remove Attr:style-name
15/02/2006 11:42:23 org.republic.OoUtil removeattribute
INFO: Remove Attr:style-name
15/02/2006 11:42:23 org.republic.OoUtil removeattribute
INFO: Remove Attr:style-name
15/02/2006 11:42:23 org.republic.OoUtil removeattribute
INFO: Remove Attr:style-name
15/02/2006 11:42:23 org.republic.OoUtil removeattribute
INFO: Remove Attr:style-name
15/02/2006 11:42:23 org.republic.OoUtil insertCalcDate
INFO: TableNS:[Namespace: prefix "table" is mapped to URI "urn:oasis:names:tc:opendocument:xmlns:table:1.0"] table
15/02/2006 11:42:23 org.republic.OoUtil removeattribute
INFO: Remove Attr:style-name
15/02/2006 11:42:23 org.republic.OoUtil removeattribute
INFO: Remove Attr:style-name
15/02/2006 11:42:23 org.republic.OoUtil removeattribute
INFO: Remove Attr:style-name
15/02/2006 11:42:23 org.republic.OoUtil removeattribute
INFO: Remove Attr:style-name
15/02/2006 11:42:23 org.republic.OoUtil removeattribute
INFO: Remove Attr:style-name
15/02/2006 11:42:23 org.republic.OoUtil removeattribute
INFO: Remove Attr:style-name
15/02/2006 11:42:23 org.republic.OoUtil removeattribute
INFO: Remove Attr:style-name
15/02/2006 11:42:23 org.republic.OoUtil removeattribute
INFO: Remove Attr:style-name
15/02/2006 11:42:23 org.republic.OoUtil insertCalcDate
INFO: TableNS:[Namespace: prefix "table" is mapped to URI "urn:oasis:names:tc:opendocument:xmlns:table:1.0"] table
15/02/2006 11:42:23 org.republic.OoUtil removeattribute
INFO: Remove Attr:style-name
15/02/2006 11:42:23 org.republic.OoUtil removeattribute
INFO: Remove Attr:style-name
15/02/2006 11:42:23 org.republic.OoUtil removeattribute
INFO: Remove Attr:style-name
15/02/2006 11:42:23 org.republic.OoUtil removeattribute
INFO: Remove Attr:style-name
15/02/2006 11:42:23 org.republic.OoUtil removeattribute
INFO: Remove Attr:style-name
15/02/2006 11:42:23 org.republic.OoUtil removeattribute
INFO: Remove Attr:style-name
15/02/2006 11:42:23 org.republic.OoUtil removeattribute
INFO: Remove Attr:style-name
15/02/2006 11:42:23 org.republic.OoUtil removeattribute
INFO: Remove Attr:style-name
15/02/2006 11:42:23 org.republic.OoUtil insertCalcDate
INFO: TableNS:[Namespace: prefix "table" is mapped to URI "urn:oasis:names:tc:opendocument:xmlns:table:1.0"] table
15/02/2006 11:42:23 org.republic.OoUtil removeattribute
INFO: Remove Attr:style-name
15/02/2006 11:42:23 org.republic.OoUtil removeattribute
INFO: Remove Attr:style-name
15/02/2006 11:42:23 org.republic.OoUtil removeattribute
INFO: Remove Attr:style-name
15/02/2006 11:42:23 org.republic.OoUtil removeattribute
INFO: Remove Attr:style-name
15/02/2006 11:42:23 org.republic.OoUtil removeattribute
INFO: Remove Attr:style-name
15/02/2006 11:42:23 org.republic.OoUtil removeattribute
INFO: Remove Attr:style-name
15/02/2006 11:42:23 org.republic.OoUtil removeattribute
INFO: Remove Attr:style-name
15/02/2006 11:42:23 org.republic.OoUtil removeattribute
INFO: Remove Attr:style-name
15/02/2006 11:42:23 org.republic.OoUtil insertCalcDate
INFO: TableNS:[Namespace: prefix "table" is mapped to URI "urn:oasis:names:tc:opendocument:xmlns:table:1.0"] table
15/02/2006 11:42:23 org.republic.OoUtil removeattribute
INFO: Remove Attr:style-name
15/02/2006 11:42:23 org.republic.OoUtil removeattribute
INFO: Remove Attr:style-name
15/02/2006 11:42:23 org.republic.OoUtil removeattribute
INFO: Remove Attr:style-name
15/02/2006 11:42:23 org.republic.OoUtil removeattribute
INFO: Remove Attr:style-name
15/02/2006 11:42:23 org.republic.OoUtil removeattribute
INFO: Remove Attr:style-name
15/02/2006 11:42:23 org.republic.OoUtil removeattribute
INFO: Remove Attr:style-name
15/02/2006 11:42:23 org.republic.OoUtil removeattribute
INFO: Remove Attr:style-name
15/02/2006 11:42:23 org.republic.OoUtil removeattribute
INFO: Remove Attr:style-name
15/02/2006 11:42:23 org.republic.OoUtil insertCalcDate
INFO: TableNS:[Namespace: prefix "table" is mapped to URI "urn:oasis:names:tc:opendocument:xmlns:table:1.0"] table
15/02/2006 11:42:23 org.republic.OoUtil removeattribute
INFO: Remove Attr:style-name
15/02/2006 11:42:23 org.republic.OoUtil removeattribute
INFO: Remove Attr:style-name
15/02/2006 11:42:23 org.republic.OoUtil removeattribute
INFO: Remove Attr:style-name
15/02/2006 11:42:23 org.republic.OoUtil removeattribute
INFO: Remove Attr:style-name
15/02/2006 11:42:23 org.republic.OoUtil removeattribute
INFO: Remove Attr:style-name
15/02/2006 11:42:23 org.republic.OoUtil removeattribute
INFO: Remove Attr:style-name
15/02/2006 11:42:23 org.republic.OoUtil removeattribute
INFO: Remove Attr:style-name
15/02/2006 11:42:23 org.republic.OoUtil removeattribute
INFO: Remove Attr:style-name
15/02/2006 11:42:23 org.republic.OoUtil insertCalcDate
INFO: TableNS:[Namespace: prefix "table" is mapped to URI "urn:oasis:names:tc:opendocument:xmlns:table:1.0"] table
15/02/2006 11:42:23 org.republic.OoUtil removeattribute
INFO: Remove Attr:style-name
15/02/2006 11:42:23 org.republic.OoUtil removeattribute
INFO: Remove Attr:style-name
15/02/2006 11:42:23 org.republic.OoUtil removeattribute
INFO: Remove Attr:style-name
15/02/2006 11:42:23 org.republic.OoUtil removeattribute
INFO: Remove Attr:style-name
15/02/2006 11:42:23 org.republic.OoUtil removeattribute
INFO: Remove Attr:style-name
15/02/2006 11:42:23 org.republic.OoUtil removeattribute
INFO: Remove Attr:style-name
15/02/2006 11:42:23 org.republic.OoUtil removeattribute
INFO: Remove Attr:style-name
15/02/2006 11:42:23 org.republic.OoUtil removeattribute
INFO: Remove Attr:style-name
15/02/2006 11:42:23 org.republic.OoUtil insertCalcDate
INFO: TableNS:[Namespace: prefix "table" is mapped to URI "urn:oasis:names:tc:opendocument:xmlns:table:1.0"] table
15/02/2006 11:42:23 org.republic.OoUtil removeattribute
INFO: Remove Attr:style-name
15/02/2006 11:42:23 org.republic.OoUtil removeattribute
INFO: Remove Attr:style-name
15/02/2006 11:42:23 org.republic.OoUtil removeattribute
INFO: Remove Attr:style-name
15/02/2006 11:42:23 org.republic.OoUtil removeattribute
INFO: Remove Attr:style-name
15/02/2006 11:42:23 org.republic.OoUtil removeattribute
INFO: Remove Attr:style-name
15/02/2006 11:42:23 org.republic.OoUtil removeattribute
INFO: Remove Attr:style-name
15/02/2006 11:42:23 org.republic.OoUtil removeattribute
INFO: Remove Attr:style-name
15/02/2006 11:42:23 org.republic.OoUtil removeattribute
INFO: Remove Attr:style-name
15/02/2006 11:42:23 org.republic.OoUtil insertCalcDate
INFO: TableNS:[Namespace: prefix "table" is mapped to URI "urn:oasis:names:tc:opendocument:xmlns:table:1.0"] table
15/02/2006 11:42:23 org.republic.OoUtil removeattribute
INFO: Remove Attr:style-name
15/02/2006 11:42:23 org.republic.OoUtil removeattribute
INFO: Remove Attr:style-name
15/02/2006 11:42:23 org.republic.OoUtil removeattribute
INFO: Remove Attr:style-name
15/02/2006 11:42:23 org.republic.OoUtil removeattribute
INFO: Remove Attr:style-name
15/02/2006 11:42:23 org.republic.OoUtil removeattribute
INFO: Remove Attr:style-name
15/02/2006 11:42:23 org.republic.OoUtil removeattribute
INFO: Remove Attr:style-name
15/02/2006 11:42:23 org.republic.OoUtil removeattribute
INFO: Remove Attr:style-name
15/02/2006 11:42:23 org.republic.OoUtil removeattribute
INFO: Remove Attr:style-name
15/02/2006 11:42:23 org.republic.OoUtil insertCalcDate
INFO: TableNS:[Namespace: prefix "table" is mapped to URI "urn:oasis:names:tc:opendocument:xmlns:table:1.0"] table
15/02/2006 11:42:23 org.republic.OoUtil removeattribute
INFO: Remove Attr:style-name
15/02/2006 11:42:23 org.republic.OoUtil removeattribute
INFO: Remove Attr:style-name
15/02/2006 11:42:23 org.republic.OoUtil removeattribute
INFO: Remove Attr:style-name
15/02/2006 11:42:23 org.republic.OoUtil removeattribute
INFO: Remove Attr:style-name
15/02/2006 11:42:23 org.republic.OoUtil removeattribute
INFO: Remove Attr:style-name
15/02/2006 11:42:23 org.republic.OoUtil removeattribute
INFO: Remove Attr:style-name
15/02/2006 11:42:23 org.republic.OoUtil removeattribute
INFO: Remove Attr:style-name
15/02/2006 11:42:23 org.republic.OoUtil removeattribute
INFO: Remove Attr:style-name
15/02/2006 11:42:23 org.republic.OoUtil insertCalcDate
INFO: TableNS:[Namespace: prefix "table" is mapped to URI "urn:oasis:names:tc:opendocument:xmlns:table:1.0"] table
15/02/2006 11:42:23 org.republic.OoUtil removeattribute
INFO: Remove Attr:style-name
15/02/2006 11:42:23 org.republic.OoUtil removeattribute
INFO: Remove Attr:style-name
15/02/2006 11:42:23 org.republic.OoUtil removeattribute
INFO: Remove Attr:style-name
15/02/2006 11:42:23 org.republic.OoUtil removeattribute
INFO: Remove Attr:style-name
15/02/2006 11:42:23 org.republic.OoUtil removeattribute
INFO: Remove Attr:style-name
15/02/2006 11:42:23 org.republic.OoUtil removeattribute
INFO: Remove Attr:style-name
15/02/2006 11:42:23 org.republic.OoUtil removeattribute
INFO: Remove Attr:style-name
15/02/2006 11:42:23 org.republic.OoUtil removeattribute
INFO: Remove Attr:style-name
15/02/2006 11:42:23 org.republic.OoUtil insertCalcDate
INFO: TableNS:[Namespace: prefix "table" is mapped to URI "urn:oasis:names:tc:opendocument:xmlns:table:1.0"] table
15/02/2006 11:42:23 org.republic.OoUtil removeattribute
INFO: Remove Attr:style-name
15/02/2006 11:42:23 org.republic.OoUtil removeattribute
INFO: Remove Attr:style-name
15/02/2006 11:42:23 org.republic.OoUtil removeattribute
INFO: Remove Attr:style-name
15/02/2006 11:42:23 org.republic.OoUtil removeattribute
INFO: Remove Attr:style-name
15/02/2006 11:42:23 org.republic.OoUtil removeattribute
INFO: Remove Attr:style-name
15/02/2006 11:42:23 org.republic.OoUtil removeattribute
INFO: Remove Attr:style-name
15/02/2006 11:42:23 org.republic.OoUtil removeattribute
INFO: Remove Attr:style-name
15/02/2006 11:42:23 org.republic.OoUtil removeattribute
INFO: Remove Attr:style-name
15/02/2006 11:42:23 org.republic.OoUtil insertCalcDate
INFO: TableNS:[Namespace: prefix "table" is mapped to URI "urn:oasis:names:tc:opendocument:xmlns:table:1.0"] table
15/02/2006 11:42:23 org.republic.OoUtil removeattribute
INFO: Remove Attr:style-name
15/02/2006 11:42:23 org.republic.OoUtil removeattribute
INFO: Remove Attr:style-name
15/02/2006 11:42:23 org.republic.OoUtil removeattribute
INFO: Remove Attr:style-name
15/02/2006 11:42:23 org.republic.OoUtil removeattribute
INFO: Remove Attr:style-name
15/02/2006 11:42:23 org.republic.OoUtil removeattribute
INFO: Remove Attr:style-name
15/02/2006 11:42:23 org.republic.OoUtil removeattribute
INFO: Remove Attr:style-name
15/02/2006 11:42:23 org.republic.OoUtil removeattribute
INFO: Remove Attr:style-name
15/02/2006 11:42:23 org.republic.OoUtil removeattribute
INFO: Remove Attr:style-name
15/02/2006 11:42:23 org.republic.OoUtil insertCalcDate
INFO: TableNS:[Namespace: prefix "table" is mapped to URI "urn:oasis:names:tc:opendocument:xmlns:table:1.0"] table
15/02/2006 11:42:23 org.republic.OoUtil removeattribute
INFO: Remove Attr:style-name
15/02/2006 11:42:23 org.republic.OoUtil removeattribute
INFO: Remove Attr:style-name
15/02/2006 11:42:23 org.republic.OoUtil removeattribute
INFO: Remove Attr:style-name
15/02/2006 11:42:23 org.republic.OoUtil removeattribute
INFO: Remove Attr:style-name
15/02/2006 11:42:23 org.republic.OoUtil removeattribute
INFO: Remove Attr:style-name
15/02/2006 11:42:23 org.republic.OoUtil removeattribute
INFO: Remove Attr:style-name
15/02/2006 11:42:23 org.republic.OoUtil removeattribute
INFO: Remove Attr:style-name
15/02/2006 11:42:23 org.republic.OoUtil removeattribute
INFO: Remove Attr:style-name
15/02/2006 11:42:23 org.republic.OoUtil insertCalcDate
INFO: TableNS:[Namespace: prefix "table" is mapped to URI "urn:oasis:names:tc:opendocument:xmlns:table:1.0"] table
15/02/2006 11:42:23 org.republic.OoUtil removeattribute
INFO: Remove Attr:style-name
15/02/2006 11:42:23 org.republic.OoUtil removeattribute
INFO: Remove Attr:style-name
15/02/2006 11:42:23 org.republic.OoUtil removeattribute
INFO: Remove Attr:style-name
15/02/2006 11:42:23 org.republic.OoUtil removeattribute
INFO: Remove Attr:style-name
15/02/2006 11:42:23 org.republic.OoUtil removeattribute
INFO: Remove Attr:style-name
15/02/2006 11:42:23 org.republic.OoUtil removeattribute
INFO: Remove Attr:style-name
15/02/2006 11:42:23 org.republic.OoUtil removeattribute
INFO: Remove Attr:style-name
15/02/2006 11:42:23 org.republic.OoUtil removeattribute
INFO: Remove Attr:style-name
15/02/2006 11:42:23 org.republic.ParseFile executeParseFile
INFO: Finished updateCalcMultiRowContent2: 230869 for DB:Database
15/02/2006 11:42:23 org.republic.ParseFile executeParseFile
INFO: New Sheet:Criteria
15/02/2006 11:42:23 org.republic.ParseFile executeParseFile
INFO: Cols:1
15/02/2006 11:42:23 org.republic.ParseFile executeParseFile
INFO: Rows:23
15/02/2006 11:42:23 org.republic.ParseFile executeParseFile
INFO: 1.Column Value:Criteria, Sheet:Criteria
15/02/2006 11:42:23 org.republic.ParseFile executeParseFile
INFO: Output Data Rows:23
15/02/2006 11:42:23 org.republic.ParseFile executeParseFile
INFO: data is :                                                           End of Report
15/02/2006 11:42:23 org.republic.ParseFile executeParseFile
INFO: dataType is:string
15/02/2006 11:42:23 org.republic.ParseFile executeParseFile
INFO: Getting For:Data1
15/02/2006 11:42:23 org.republic.ParseFile executeParseFile
INFO: data is :
15/02/2006 11:42:23 org.republic.ParseFile executeParseFile
INFO: dataType is:string
15/02/2006 11:42:23 org.republic.ParseFile executeParseFile
INFO: Getting For:Data1
15/02/2006 11:42:23 org.republic.ParseFile executeParseFile
INFO: data is :Page:    3                                           TEST SYSTEM, CLONED:21/12/05                                     Time: 10:55:58
15/02/2006 11:42:23 org.republic.ParseFile executeParseFile
INFO: dataType is:string
15/02/2006 11:42:23 org.republic.ParseFile executeParseFile
INFO: Getting For:Data1
15/02/2006 11:42:23 org.republic.ParseFile executeParseFile
INFO: data is :
15/02/2006 11:42:23 org.republic.ParseFile executeParseFile
INFO: dataType is:string
15/02/2006 11:42:23 org.republic.ParseFile executeParseFile
INFO: Getting For:Data1
15/02/2006 11:42:23 org.republic.ParseFile executeParseFile
INFO: data is :
15/02/2006 11:42:23 org.republic.ParseFile executeParseFile
INFO: dataType is:string
15/02/2006 11:42:23 org.republic.ParseFile executeParseFile
INFO: Getting For:Data1
15/02/2006 11:42:23 org.republic.ParseFile executeParseFile
INFO: data is :
15/02/2006 11:42:23 org.republic.ParseFile executeParseFile
INFO: dataType is:string
15/02/2006 11:42:23 org.republic.ParseFile executeParseFile
INFO: Getting For:Data1
15/02/2006 11:42:23 org.republic.ParseFile executeParseFile
INFO: data is :
15/02/2006 11:42:23 org.republic.ParseFile executeParseFile
INFO: dataType is:string
15/02/2006 11:42:23 org.republic.ParseFile executeParseFile
INFO: Getting For:Data1
15/02/2006 11:42:23 org.republic.ParseFile executeParseFile
INFO: data is :Report Criteria:                        Report Submitted By:       gbaca2
15/02/2006 11:42:23 org.republic.ParseFile executeParseFile
INFO: dataType is:string
15/02/2006 11:42:23 org.republic.ParseFile executeParseFile
INFO: Getting For:Data1
15/02/2006 11:42:23 org.republic.ParseFile executeParseFile
INFO: data is :
15/02/2006 11:42:23 org.republic.ParseFile executeParseFile
INFO: dataType is:string
15/02/2006 11:42:23 org.republic.ParseFile executeParseFile
INFO: Getting For:Data1
15/02/2006 11:42:23 org.republic.ParseFile executeParseFile
INFO: data is :     ** Receipt Date: 01/06/05                  To:
15/02/2006 11:42:23 org.republic.ParseFile executeParseFile
INFO: dataType is:string
15/02/2006 11:42:23 org.republic.ParseFile executeParseFile
INFO: Getting For:Data1
15/02/2006 11:42:23 org.republic.ParseFile executeParseFile
INFO: data is :              Vendor:                           To:
15/02/2006 11:42:23 org.republic.ParseFile executeParseFile
INFO: dataType is:string
15/02/2006 11:42:23 org.republic.ParseFile executeParseFile
INFO: Getting For:Data1
15/02/2006 11:42:23 org.republic.ParseFile executeParseFile
INFO: data is :      Purchase Order: PO78354                   To: po80245
15/02/2006 11:42:23 org.republic.ParseFile executeParseFile
INFO: dataType is:string
15/02/2006 11:42:23 org.republic.ParseFile executeParseFile
INFO: Getting For:Data1
15/02/2006 11:42:23 org.republic.ParseFile executeParseFile
INFO: data is :                Site:                           To:
15/02/2006 11:42:23 org.republic.ParseFile executeParseFile
INFO: dataType is:string
15/02/2006 11:42:23 org.republic.ParseFile executeParseFile
INFO: Getting For:Data1
15/02/2006 11:42:23 org.republic.ParseFile executeParseFile
INFO: data is :         Item Number:                           To:
15/02/2006 11:42:23 org.republic.ParseFile executeParseFile
INFO: dataType is:string
15/02/2006 11:42:23 org.republic.ParseFile executeParseFile
INFO: Getting For:Data1
15/02/2006 11:42:23 org.republic.ParseFile executeParseFile
INFO: data is :             Project:                           To:
15/02/2006 11:42:23 org.republic.ParseFile executeParseFile
INFO: dataType is:string
15/02/2006 11:42:23 org.republic.ParseFile executeParseFile
INFO: Getting For:Data1
15/02/2006 11:42:23 org.republic.ParseFile executeParseFile
INFO: data is :  Non-Vouchered only: Yes (Yes/No)
15/02/2006 11:42:23 org.republic.ParseFile executeParseFile
INFO: dataType is:string
15/02/2006 11:42:23 org.republic.ParseFile executeParseFile
INFO: Getting For:Data1
15/02/2006 11:42:23 org.republic.ParseFile executeParseFile
INFO: data is :     Exclude Vintage: Yes
15/02/2006 11:42:23 org.republic.ParseFile executeParseFile
INFO: dataType is:string
15/02/2006 11:42:23 org.republic.ParseFile executeParseFile
INFO: Getting For:Data1
15/02/2006 11:42:23 org.republic.ParseFile executeParseFile
INFO: data is :
15/02/2006 11:42:23 org.republic.ParseFile executeParseFile
INFO: dataType is:string
15/02/2006 11:42:23 org.republic.ParseFile executeParseFile
INFO: Getting For:Data1
15/02/2006 11:42:23 org.republic.ParseFile executeParseFile
INFO: data is :(Report may run faster if selection criteria marked ** are used)
15/02/2006 11:42:23 org.republic.ParseFile executeParseFile
INFO: dataType is:string
15/02/2006 11:42:23 org.republic.ParseFile executeParseFile
INFO: Getting For:Data1
15/02/2006 11:42:23 org.republic.ParseFile executeParseFile
INFO: data is :
15/02/2006 11:42:23 org.republic.ParseFile executeParseFile
INFO: dataType is:string
15/02/2006 11:42:23 org.republic.ParseFile executeParseFile
INFO: Getting For:Data1
15/02/2006 11:42:23 org.republic.ParseFile executeParseFile
INFO: data is :                                                             Output: e_txt
15/02/2006 11:42:23 org.republic.ParseFile executeParseFile
INFO: dataType is:string
15/02/2006 11:42:23 org.republic.ParseFile executeParseFile
INFO: Getting For:Data1
15/02/2006 11:42:23 org.republic.ParseFile executeParseFile
INFO: data is :                                                           Batch ID:
15/02/2006 11:42:23 org.republic.ParseFile executeParseFile
INFO: dataType is:string
15/02/2006 11:42:23 org.republic.ParseFile executeParseFile
INFO: Getting For:Data1
15/02/2006 11:42:23 org.republic.ParseFile executeParseFile
INFO:  updateCalcMultiRowContent1 size of rows: 1
15/02/2006 11:42:23 org.republic.OoUtil updateCalcMultiRowContent
INFO: DS Definitions are: ,ColHdg1/string
15/02/2006 11:42:23 org.republic.OoUtil getTableElement
INFO: Matched!:Sheet2
15/02/2006 11:42:23 org.republic.OoUtil substitutionsAvailableCalc
INFO: Style:ColHdg1
15/02/2006 11:42:23 org.republic.OoUtil updateCalcMultiRowContent
INFO: element found so subs available:[Element: <table:table-cell [Namespace: urn:oasis:names:tc:opendocument:xmlns:table:1.0]/>]
15/02/2006 11:42:23 org.republic.OoUtil updateCalcMultiRowContent
INFO: Parent found , sheet is:[Element: <table:table-row [Namespace: urn:oasis:names:tc:opendocument:xmlns:table:1.0]/>]
15/02/2006 11:42:23 org.republic.OoUtil updateCalcMultiRowContent
INFO: ParentAttrs:[[Attribute: table:name="Sheet2"], [Attribute: table:style-name="ta1"], [Attribute: table:print="false"]]
15/02/2006 11:42:23 org.republic.ParseFile executeParseFile
INFO: Finished updateCalcMultiRowContent1: 230845 for DB:Criteria
15/02/2006 11:42:23 org.republic.OoUtil updateCalcMultiRowContent
INFO: DS Definitions are: ,Data1/string
15/02/2006 11:42:24 org.republic.OoUtil getTableElement
INFO: Matched!:Sheet2
15/02/2006 11:42:24 org.republic.OoUtil updateCalcMultiRowContent
INFO: Setting Table name to :Criteria
15/02/2006 11:42:24 org.republic.OoUtil substitutionsAvailableCalc
INFO: Style:Data1
15/02/2006 11:42:24 org.republic.OoUtil updateCalcMultiRowContent
INFO: element found so subs available:[Element: <table:table-cell [Namespace: urn:oasis:names:tc:opendocument:xmlns:table:1.0]/>]
15/02/2006 11:42:24 org.republic.OoUtil updateCalcMultiRowContent
INFO: Parent found , sheet is:[Element: <table:table-row [Namespace: urn:oasis:names:tc:opendocument:xmlns:table:1.0]/>]
15/02/2006 11:42:24 org.republic.OoUtil updateCalcMultiRowContent
INFO: ParentAttrs:[[Attribute: table:name="Criteria"], [Attribute: table:style-name="ta1"], [Attribute: table:print="false"]]
15/02/2006 11:42:24 org.republic.ParseFile executeParseFile
INFO: Finished updateCalcMultiRowContent2: 264032 for DB:Criteria
15/02/2006 11:42:24 org.republic.OoUtil makeOoFile
INFO: Created Output file:TestData/dbpollrp.p.2.ods
15/02/2006 11:42:24 org.republic.ParseFile executeParseFile
INFO: Make ooFile complete: TestData/dbpollrp.p.2.ods
